--- Number of Windows for Train = 9880
--- Number of Windows for Val = 3040
--- Number of Windows for Test = 2280
--- Curriculum = [10, 15, 20, 25, 35, 45]
--- fr_curve Outsteps = [10, 20, 30]

--- Training: prova1 [LSTM/FC/STEP_WISE]  ---

======================================================================
   PHASE 1/6: teacher_forcing
   Epochs: 6
   Learning Rate: 0.0004882846946804182
   Clipping Norm: 0.29877493725320664
   Horizon (train loss): 10
   Output timesteps (val_loss and fr_loss): 50
======================================================================

Epoch 1/20
309/309 ━━━━━━━━━━━━━━━━━━━━ 94s 288ms/step - mae: 0.2142 - loss: 0.2881 - val_loss: 0.0737
Epoch 2/20
309/309 ━━━━━━━━━━━━━━━━━━━━ 92s 299ms/step - mae: 0.1206 - loss: 0.0366 - val_loss: 0.0234 - val_fr_phase_loss_10: 0.1338
[Optuna] trial=14 epoch=2 val_fr_phase_loss_10=0.133794 | median=0.193257 (n=7, p25=0.154658, p75=0.260958) | margin=-0.0594629 (-30.77%)
Epoch 3/20
309/309 ━━━━━━━━━━━━━━━━━━━━ 89s 287ms/step - mae: 0.0907 - loss: 0.0145 - val_loss: 0.0132
Epoch 4/20
309/309 ━━━━━━━━━━━━━━━━━━━━ 92s 299ms/step - mae: 0.0761 - loss: 0.0090 - val_loss: 0.0093 - val_fr_phase_loss_10: 0.1396
[Optuna] trial=14 epoch=4 val_fr_phase_loss_10=0.139598 | median=0.191708 (n=7, p25=0.149378, p75=0.237151) | margin=-0.0521094 (-27.18%)
Epoch 5/20
309/309 ━━━━━━━━━━━━━━━━━━━━ 88s 285ms/step - mae: 0.0672 - loss: 0.0066 - val_loss: 0.0073
Epoch 6/20
309/309 ━━━━━━━━━━━━━━━━━━━━ 91s 295ms/step - mae: 0.0614 - loss: 0.0052 - val_loss: 0.0061 - val_fr_phase_loss_10: 0.1329 - val_fr_target_loss_50: 1.2276 - val_fr_curve_loss_10: 0.1373 - val_fr_curve_loss_20: 0.4270 - val_fr_curve_loss_30: 0.7326
[Optuna] trial=14 epoch=6 val_fr_phase_loss_10=0.132856 | median=0.178088 (n=7, p25=0.171066, p75=0.26999) | margin=-0.0452311 (-25.40%)

======================================================================
   PHASE 2/6: masked_modeling
   Mask Prob: 0.15
   Mask Scope: time
   Mask Mode: constant
   Mask Value: 0.2
   Noise Sigma: None
   Noise Replace: False
   Epochs: 4
   Learning Rate: 0.00039062775574433457
   Clipping Norm: 0.26889744352788597
   Horizon (train loss): 15
   Output timesteps (val_loss and fr_loss): 50
======================================================================

Epoch 7/20
309/309 ━━━━━━━━━━━━━━━━━━━━ 90s 291ms/step - mae: 0.1311 - loss: 0.0366 - val_loss: 0.0279
Epoch 8/20
309/309 ━━━━━━━━━━━━━━━━━━━━ 93s 302ms/step - mae: 0.1220 - loss: 0.0264 - val_loss: 0.0243 - val_fr_phase_loss_15: 0.1981
[Optuna] trial=14 epoch=8 val_fr_phase_loss_15=0.19809 | median=0.223232 (n=7, p25=0.205565, p75=0.252207) | margin=-0.0251428 (-11.26%)
Epoch 9/20
309/309 ━━━━━━━━━━━━━━━━━━━━ 90s 291ms/step - mae: 0.1164 - loss: 0.0226 - val_loss: 0.0222
Epoch 10/20
309/309 ━━━━━━━━━━━━━━━━━━━━ 94s 303ms/step - mae: 0.1128 - loss: 0.0195 - val_loss: 0.0209 - val_fr_phase_loss_15: 0.1581 - val_fr_target_loss_50: 0.8856 - val_fr_curve_loss_10: 0.0832 - val_fr_curve_loss_20: 0.2490 - val_fr_curve_loss_30: 0.4607
[Optuna] trial=14 epoch=10 val_fr_phase_loss_15=0.158091 | median=0.201296 (n=7, p25=0.173918, p75=0.221196) | margin=-0.0432051 (-21.46%)

======================================================================
   PHASE 3/6: masked_modeling
   Mask Prob: 0.2
   Mask Scope: time
   Mask Mode: noise
   Mask Value: None
   Noise Sigma: 0.1
   Noise Replace: False
   Epochs: 4
   Learning Rate: 0.0002929708168082509
   Clipping Norm: 0.23901994980256533
   Horizon (train loss): 20
   Output timesteps (val_loss and fr_loss): 50
======================================================================

Epoch 11/20
309/309 ━━━━━━━━━━━━━━━━━━━━ 90s 293ms/step - mae: 0.0592 - loss: 0.0077 - val_loss: 0.0057
Epoch 12/20
309/309 ━━━━━━━━━━━━━━━━━━━━ 94s 304ms/step - mae: 0.0526 - loss: 0.0045 - val_loss: 0.0045 - val_fr_phase_loss_20: 0.2581
[Optuna] trial=14 epoch=12 val_fr_phase_loss_20=0.25813 | median=0.267127 (n=7, p25=0.262651, p75=0.293028) | margin=-0.00899661 (-3.37%)
Epoch 13/20
309/309 ━━━━━━━━━━━━━━━━━━━━ 90s 292ms/step - mae: 0.0492 - loss: 0.0039 - val_loss: 0.0040
Epoch 14/20
309/309 ━━━━━━━━━━━━━━━━━━━━ 94s 304ms/step - mae: 0.0473 - loss: 0.0036 - val_loss: 0.0036 - val_fr_phase_loss_20: 0.2605 - val_fr_target_loss_50: 0.9684 - val_fr_curve_loss_10: 0.0732 - val_fr_curve_loss_20: 0.2650 - val_fr_curve_loss_30: 0.5154
[Optuna] trial=14 epoch=14 val_fr_phase_loss_20=0.2605 | median=0.310943 (n=7, p25=0.269799, p75=0.344506) | margin=-0.0504436 (-16.22%)

======================================================================
   PHASE 4/6: scheduled_sampling
   Tf Ratio Start: 1.0
   Tf Ratio End: 0.4
   Per Feature: True
   Stop Grad Pred: True
   Ratio Mode: sigmoid
   Mid Point: 0.6
   Sharpness: 10.0
   Power Value: 2.0
   Epochs: 2
   Learning Rate: 0.0003417992862762927
   Clipping Norm: 0.23901994980256533
   Horizon (train loss): 25
   Output timesteps (val_loss and fr_loss): 50
======================================================================

Epoch 15/20
309/309 ━━━━━━━━━━━━━━━━━━━━ 92s 298ms/step - mae: 0.0423 - loss: 0.0023 - val_loss: 0.0029
Epoch 16/20
309/309 ━━━━━━━━━━━━━━━━━━━━ 96s 310ms/step - mae: 0.0529 - loss: 0.0232 - val_loss: 0.0046 - val_fr_phase_loss_25: 0.4413 - val_fr_target_loss_50: 1.0385 - val_fr_curve_loss_10: 0.0895 - val_fr_curve_loss_20: 0.3167 - val_fr_curve_loss_30: 0.5895
[Optuna] trial=14 epoch=16 val_fr_phase_loss_25=0.441337 | median=0.458525 (n=7, p25=0.442797, p75=0.509755) | margin=-0.0171884 (-3.75%)

======================================================================
   PHASE 5/6: full_autoregressive
   Gradient Through Time: False
   Epochs: 2
   Learning Rate: 0.0002441423473402091
   Clipping Norm: 0.20914245607724463
   Horizon (train loss): 35
   Output timesteps (val_loss and fr_loss): 50
======================================================================

Epoch 17/20
309/309 ━━━━━━━━━━━━━━━━━━━━ 89s 287ms/step - mae: 0.1835 - loss: 0.3970 - val_loss: 0.0563
Epoch 18/20
309/309 ━━━━━━━━━━━━━━━━━━━━ 92s 298ms/step - mae: 0.2057 - loss: 0.2903 - val_loss: 0.0712 - val_fr_phase_loss_35: 0.3037 - val_fr_target_loss_50: 0.4063 - val_fr_curve_loss_10: 0.0725 - val_fr_curve_loss_20: 0.1657 - val_fr_curve_loss_30: 0.2609
[Optuna] trial=14 epoch=18 val_fr_phase_loss_35=0.303746 | median=0.310901 (n=7, p25=0.247995, p75=0.349643) | margin=-0.00715429 (-2.30%)

======================================================================
   PHASE 6/6: full_autoregressive
   Gradient Through Time: True
   Epochs: 2
   Learning Rate: 0.00014648540840412545
   Clipping Norm: 0.179264962351924
   Horizon (train loss): 45
   Output timesteps (val_loss and fr_loss): 50
======================================================================

Epoch 19/20
309/309 ━━━━━━━━━━━━━━━━━━━━ 88s 286ms/step - mae: 0.2043 - loss: 0.2951 - val_loss: 0.0699
Epoch 20/20
309/309 ━━━━━━━━━━━━━━━━━━━━ 92s 298ms/step - mae: 0.2044 - loss: 0.2719 - val_loss: 0.0700 - val_fr_phase_loss_45: 0.3296 - val_fr_target_loss_50: 0.3593 - val_fr_curve_loss_10: 0.0637 - val_fr_curve_loss_20: 0.1396 - val_fr_curve_loss_30: 0.2225
[Optuna] trial=14 epoch=20 val_fr_phase_loss_45=0.329607 | median=0.345108 (n=7, p25=0.294314, p75=0.385718) | margin=-0.015501 (-4.49%)
Final loss: 0.2719
Predicting all test samples in free_running mode...
  X shape: (2280, 200, 55)
  Y shape: (2280, 50, 55)
  Pred shape: (2280, 50, 55)

 step | target                | pred                  | abs_err
------|-----------------------|-----------------------|----------------------
   25 | [ 4.139746e-01  2.252291e+00  7.680922e-02 -1.082321e+00  1.330184e-01
 -2.749080e-01  6.398940e-01 -1.222357e+00  1.964076e+00  2.024013e-01
 -1.249584e+00  1.684962e-01  6.261574e-01  7.681609e-01 -1.833026e+00
  4.305243e-01 -6.649562e-01  3.213241e-02 -4.315943e-01 -9.406051e-01
 -3.335454e-01  8.885246e-01  1.287808e+00  7.899810e-01 -2.762157e-01
  1.005897e+00 -2.825402e-01 -5.396542e-01 -1.754732e-01  2.526159e-01
 -1.215466e+00 -7.651589e-01 -1.200358e-01  4.952903e-01 -4.308359e-01
 -7.325999e-01  1.170439e+00  1.235309e+00 -8.311886e-01 -7.979621e-01
 -9.821695e-01  2.076884e-01  3.238765e-01 -1.923588e-01 -4.145486e-01
 -3.828006e-01 -3.487313e-02  1.245124e-03  1.581712e-01  5.641804e-01
  2.155083e-01 -1.144052e-01 -1.354365e+00 -3.214316e-01 -1.550427e+00] | [ 0.822233  3.029279 -0.34566   0.261696  0.32038   0.168497  1.111842
 -1.002305  2.671232  0.428181 -2.009234  0.341276 -0.382958  0.634751
 -0.46744  -1.027196  0.700475  0.148993  0.075918 -1.37716   0.087287
  0.607886  0.904448  0.654546 -0.517883  1.153391 -0.886594 -0.335622
  0.10481   1.138328 -0.172249 -0.352221 -0.153     0.523486 -0.777339
 -0.431574  0.429683  1.321545  0.723405 -0.685063 -0.772065 -0.130422
  1.242594  0.469665  0.752551 -0.491481  0.005517 -0.013836  1.17282
  0.306173 -0.952167 -0.203593 -1.53206  -0.617845 -2.169397] | [0.408258 0.776989 0.422469 1.344017 0.187362 0.443405 0.471948 0.220052
 0.707155 0.22578  0.759651 0.17278  1.009115 0.13341  1.365586 1.457721
 1.365431 0.11686  0.507512 0.436555 0.420833 0.280639 0.38336  0.135435
 0.241667 0.147494 0.604054 0.204033 0.280283 0.885712 1.043217 0.412938
 0.032965 0.028196 0.346503 0.301026 0.740756 0.086236 1.554593 0.112899
 0.210104 0.33811  0.918718 0.662023 1.167099 0.10868  0.04039  0.015081
 1.014649 0.258007 1.167675 0.089188 0.177695 0.296414 0.61897 ]
   26 | [ 0.433902  2.276946  0.062718 -1.073421  0.149295 -0.261739  0.66411
 -1.190588  1.970693  0.211786 -1.280325  0.091743  0.630177  0.811665
 -1.905444  0.590891 -0.648677  0.010101 -0.341095 -0.950394 -0.271225
  0.842781  1.340023  0.789891 -0.296955  0.983707 -0.332591 -0.535192
 -0.171397  0.217021 -1.236176 -0.75049  -0.169815  0.501318 -0.449502
 -0.772153  1.203705  1.218394 -0.873595 -0.731515 -1.003057  0.192291
  0.338178 -0.172599 -0.562203 -0.409968  0.071482 -0.035004  0.178969
  0.522649  0.281281 -0.172402 -1.38113  -0.280718 -1.561255] | [ 0.833202  3.043818 -0.330675  0.3073    0.32453   0.17666   1.129358
 -0.986811  2.675209  0.432811 -2.027232  0.339409 -0.43974   0.697193
 -0.518646 -0.961468  0.709705  0.107901  0.160576 -1.38955   0.086479
  0.56291   0.939546  0.638432 -0.51986   1.176763 -0.896969 -0.346763
  0.133874  1.144724 -0.156636 -0.317293 -0.157082  0.538935 -0.81527
 -0.428599  0.430132  1.311441  0.7157   -0.637045 -0.75832  -0.140816
  1.247126  0.504387  0.663973 -0.510636  0.041317 -0.050306  1.213965
  0.275665 -0.915942 -0.250988 -1.544085 -0.57567  -2.177071] | [0.3993   0.766872 0.393393 1.380721 0.175235 0.438398 0.465248 0.203777
 0.704516 0.221025 0.746907 0.247666 1.069917 0.114472 1.386798 1.552359
 1.358382 0.0978   0.501671 0.439156 0.357704 0.279871 0.400477 0.151458
 0.222904 0.193056 0.564378 0.188429 0.305271 0.927703 1.07954  0.433197
 0.012733 0.037617 0.365768 0.343554 0.773573 0.093047 1.589295 0.09447
 0.244736 0.333107 0.908948 0.676986 1.226176 0.100668 0.030166 0.015302
 1.034996 0.246984 1.197223 0.078586 0.162955 0.294952 0.615816]
   27 | [ 0.45137   2.29779   0.046898 -1.065959  0.163722 -0.251176  0.686906
 -1.158318  1.973541  0.218812 -1.306769  0.020961  0.635355  0.846673
 -1.973424  0.752938 -0.63128  -0.009811 -0.250043 -0.95588  -0.208485
  0.794828  1.389242  0.786713 -0.314912  0.961981 -0.384025 -0.528408
 -0.166389  0.176889 -1.255981 -0.733755 -0.216556  0.503603 -0.465744
 -0.812322  1.237801  1.200935 -0.913572 -0.661274 -1.020813  0.176508
  0.350492 -0.15451  -0.707661 -0.434216  0.179125 -0.073381  0.197581
  0.481679  0.341621 -0.226467 -1.405437 -0.237464 -1.567991] | [ 0.840103  3.053593 -0.315279  0.350248  0.327954  0.184064  1.145847
 -0.972457  2.673187  0.435179 -2.039727  0.342025 -0.494063  0.755464
 -0.570163 -0.893336  0.714997  0.066124  0.244306 -1.397579  0.082718
  0.516065  0.973211  0.619574 -0.520032  1.198589 -0.90654  -0.357557
  0.162802  1.145852 -0.141126 -0.28304  -0.158213  0.550744 -0.851101
 -0.426655  0.430534  1.301179  0.70539  -0.585906 -0.742087 -0.151214
  1.247238  0.538647  0.574976 -0.5284    0.078046 -0.087163  1.251534
  0.245384 -0.882143 -0.296006 -1.552416 -0.530387 -2.178397] | [0.388733 0.755803 0.362177 1.416207 0.164232 0.43524  0.458941 0.185861
 0.699646 0.216367 0.732958 0.321064 1.129418 0.091209 1.403261 1.646274
 1.346277 0.075936 0.494349 0.441699 0.291204 0.278763 0.416031 0.16714
 0.20512  0.236608 0.522515 0.170851 0.329191 0.968963 1.114855 0.450715
 0.058343 0.047141 0.385356 0.385667 0.807267 0.100245 1.618962 0.075368
 0.278726 0.327722 0.896746 0.693157 1.282637 0.094184 0.101078 0.013782
 1.053953 0.236295 1.223764 0.069538 0.14698  0.292923 0.610405]
   28 | [ 0.466327  2.314783  0.029422 -1.059933  0.176249 -0.243234  0.708319
 -1.125542  1.97265   0.223477 -1.328843 -0.043589  0.641445  0.873025
 -2.036825  0.915869 -0.612772 -0.027353 -0.158771 -0.957077 -0.145636
  0.744967  1.435167  0.780424 -0.32991   0.940997 -0.436465 -0.519352
 -0.160183  0.132539 -1.274543 -0.714768 -0.260126  0.501926 -0.479514
 -0.852827  1.272629  1.183048 -0.950983 -0.587688 -1.035382  0.160153
  0.360566 -0.138091 -0.850494 -0.455552  0.287429 -0.113708  0.214089
  0.44125   0.396277 -0.27644  -1.427296 -0.191884 -1.570648] | [ 0.844063  3.058009 -0.300688  0.392476  0.329207  0.190441  1.160635
 -0.95955   2.666291  0.43462  -2.047654  0.346972 -0.545129  0.807833
 -0.621803 -0.8223    0.717516  0.023585  0.325393 -1.402971  0.075987
  0.466272  1.007036  0.596839 -0.517023  1.216948 -0.916938 -0.368537
  0.191493  1.139793 -0.123853 -0.249012 -0.158938  0.557727 -0.884323
 -0.424982  0.429508  1.289354  0.690184 -0.530949 -0.7251   -0.161681
  1.245056  0.573674  0.484    -0.54506   0.115602 -0.12523   1.285341
  0.215591 -0.851527 -0.338821 -1.555993 -0.483658 -2.174748] | [0.377735 0.743226 0.33011  1.452409 0.152958 0.433675 0.452316 0.165991
 0.69364  0.211143 0.718811 0.390561 1.186574 0.065192 1.415021 1.73817
 1.330288 0.050938 0.484164 0.445893 0.221623 0.278694 0.428131 0.183585
 0.187112 0.27595  0.480473 0.150815 0.351676 1.007254 1.15069  0.465756
 0.101189 0.055801 0.404809 0.427845 0.843121 0.106306 1.641167 0.056739
 0.310283 0.321835 0.88449  0.711765 1.334494 0.089508 0.171827 0.011522
 1.071252 0.225659 1.247804 0.062381 0.128697 0.291773 0.6041  ]
   29 | [ 0.478732  2.32789   0.010362 -1.055353  0.186818 -0.237931  0.728378
 -1.09227   1.968046  0.225786 -1.346491 -0.1017    0.648197  0.890628
 -2.095523  1.078877 -0.593175 -0.042284 -0.067607 -0.95402  -0.082985
  0.693516  1.47754   0.771024 -0.341791  0.921028 -0.489508 -0.508082
 -0.152506  0.084329 -1.291529 -0.693373 -0.30041   0.496102 -0.49077
 -0.893374  1.308082  1.164834 -0.985713 -0.511238 -1.046716  0.143051
  0.368166 -0.123325 -0.990295 -0.473989  0.395794 -0.155784  0.228586
  0.401343  0.445038 -0.322183 -1.446722 -0.144214 -1.56925 ] | [ 0.844875  3.057112 -0.286732  0.433544  0.328545  0.195841  1.173726
 -0.94789   2.654396  0.431365 -2.050858  0.354527 -0.592838  0.85469
 -0.673527 -0.748734  0.717051 -0.019497  0.404032 -1.405283  0.066139
  0.414154  1.04053   0.570686 -0.51142   1.232074 -0.927957 -0.379552
  0.219924  1.127085 -0.105328 -0.215621 -0.158826  0.560232 -0.914945
 -0.423711  0.427481  1.276425  0.670512 -0.472352 -0.707096 -0.172324
  1.2401    0.609029  0.391919 -0.560549  0.15375  -0.164018  1.315404
  0.186055 -0.823925 -0.379196 -1.555161 -0.435334 -2.165981] | [0.366143 0.729222 0.297094 1.488897 0.141727 0.433773 0.445348 0.144379
 0.68635  0.205579 0.704368 0.456227 1.241034 0.035939 1.421995 1.827612
 1.310225 0.022787 0.471638 0.451263 0.149124 0.279362 0.43701  0.200338
 0.169629 0.311046 0.438449 0.128529 0.372429 1.042755 1.186202 0.477752
 0.141583 0.06413  0.424176 0.469663 0.880601 0.111591 1.656226 0.038886
 0.33962  0.315375 0.871934 0.732354 1.382214 0.08656  0.242044 0.008234
 1.086818 0.215288 1.268963 0.057013 0.108439 0.29112  0.59673 ]
model built: True
num weights: 38
{'mae': [0.21421951055526733, 0.12058373540639877, 0.09067319333553314, 0.07607696205377579, 0.06723545491695404, 0.06139565631747246, 0.13107901811599731, 0.12201748043298721, 0.11643034219741821, 0.11277426034212112, 0.05923829972743988, 0.0526404082775116, 0.049232494086027145, 0.047263287007808685, 0.04232097417116165, 0.05288436636328697, 0.18346452713012695, 0.2057340145111084, 0.20425841212272644, 0.20435720682144165], 'loss': [0.28812918066978455, 0.03661411628127098, 0.014545231126248837, 0.008963456377387047, 0.006593800615519285, 0.005240719765424728, 0.03661011904478073, 0.026369424536824226, 0.022619595751166344, 0.019526170566678047, 0.007661988493055105, 0.004467757884413004, 0.003929103724658489, 0.003646601689979434, 0.0023096881341189146, 0.023207927122712135, 0.39704984426498413, 0.29028967022895813, 0.2951396405696869, 0.27188706398010254], 'val_loss': [0.07371871173381805, 0.02344176173210144, 0.013208147138357162, 0.009322354570031166, 0.007311076857149601, 0.006101223174482584, 0.027906665578484535, 0.02429720014333725, 0.02222241647541523, 0.020878246054053307, 0.005705432500690222, 0.00452617509290576, 0.003973157610744238, 0.0036463013384491205, 0.0029366181697696447, 0.004591070581227541, 0.05630497261881828, 0.07120029628276825, 0.06989146023988724, 0.06997805833816528], 'val_fr_phase_loss_10': [nan, 0.13379427790641785, nan, 0.1395983099937439, nan, 0.13285647332668304], 'val_fr_target_loss_50': [nan, nan, nan, nan, nan, 1.2276140451431274, nan, nan, nan, 0.8855912685394287, nan, nan, nan, 0.9684451222419739, nan, 1.0384879112243652, nan, 0.4062795639038086, nan, 0.3592844009399414], 'val_fr_curve_loss_10': [nan, nan, nan, nan, nan, 0.13725784420967102, nan, nan, nan, 0.0831737145781517, nan, nan, nan, 0.07316022366285324, nan, 0.08946964889764786, nan, 0.07253451645374298, nan, 0.06374251842498779], 'val_fr_curve_loss_20': [nan, nan, nan, nan, nan, 0.42695873975753784, nan, nan, nan, 0.24896280467510223, nan, nan, nan, 0.2650432288646698, nan, 0.316669762134552, nan, 0.16574503481388092, nan, 0.1395598202943802], 'val_fr_curve_loss_30': [nan, nan, nan, nan, nan, 0.7326214909553528, nan, nan, nan, 0.46073320508003235, nan, nan, nan, 0.5154238939285278, nan, 0.5894509553909302, nan, 0.2609410881996155, nan, 0.22247576713562012], 'val_fr_phase_loss_15': [nan, 0.19808967411518097, nan, 0.15809063613414764], 'val_fr_phase_loss_20': [nan, 0.2581300139427185, nan, 0.2604998052120209], 'val_fr_phase_loss_25': [nan, 0.4413369297981262], 'val_fr_phase_loss_35': [nan, 0.3037462830543518], 'val_fr_phase_loss_45': [nan, 0.3296069800853729]}
Saved artifacts to: runs/tuning/step_wise_lstm_lvl1/trial_0014
