--- Number of Windows for Train = 9880
--- Number of Windows for Val = 3040
--- Number of Windows for Test = 2280
--- Curriculum = [5, 5, 12, 12, 18, 18, 25, 25, 38, 38, 50, 50]
--- fr_curve Outsteps = [10, 20, 30, 50]

--- Training: lstm_fullseq_30ep [LSTM/FC/FULL_SEQ]  ---

======================================================================
   PHASE 1/12: teacher_forcing
   Epochs: 2
   Learning Rate: 0.0005447318328537187
   Clipping Norm: 0.3407418907119323
   Horizon (train loss): 5
   Output timesteps (val_loss and fr_loss): 50
======================================================================

Epoch 1/30
309/309 ━━━━━━━━━━━━━━━━━━━━ 18s 38ms/step - mae: 0.1607 - mse: 0.0414 - loss: 0.2050 - val_loss: 0.0414
Epoch 2/30
309/309 ━━━━━━━━━━━━━━━━━━━━ 15s 47ms/step - mae: 0.1123 - mse: 0.0204 - loss: 0.0248 - val_loss: 0.0204 - val_fr_phase_loss_5: 0.0416 - val_fr_target_loss_50: 1.2080 - val_fr_curve_loss_10: 0.1069 - val_fr_curve_loss_20: 0.3385 - val_fr_curve_loss_30: 0.6389 - val_fr_curve_loss_50: 1.1928
[Optuna] trial=26 epoch=2 val_fr_phase_loss_5=0.0415517 | median=0.0602028 (n=21, p25=0.0472117, p75=0.205347) | margin=-0.0186511 (-30.98%)

======================================================================
   PHASE 2/12: masked_modeling
   Mask Prob: 0.1
   Mask Scope: time
   Mask Mode: constant
   Mask Value: 0.2
   Noise Sigma: None
   Noise Replace: False
   Epochs: 3
   Learning Rate: 0.000435785466282975
   Clipping Norm: 0.3066677016407391
   Horizon (train loss): 5
   Output timesteps (val_loss and fr_loss): 50
======================================================================

Epoch 3/30
309/309 ━━━━━━━━━━━━━━━━━━━━ 10s 34ms/step - mae: 0.1130 - mse: 0.0206 - loss: 0.0249 - val_loss: 0.0206
Epoch 4/30
309/309 ━━━━━━━━━━━━━━━━━━━━ 14s 45ms/step - mae: 0.1037 - mse: 0.0175 - loss: 0.0182 - val_loss: 0.0175 - val_fr_phase_loss_5: 0.0300
[Optuna] trial=26 epoch=4 val_fr_phase_loss_5=0.0299592 | median=0.0358243 (n=21, p25=0.0321631, p75=0.0984518) | margin=-0.00586512 (-16.37%)
Epoch 5/30
309/309 ━━━━━━━━━━━━━━━━━━━━ 14s 46ms/step - mae: 0.0987 - mse: 0.0158 - loss: 0.0144 - val_loss: 0.0158 - val_fr_target_loss_50: 0.9148 - val_fr_curve_loss_10: 0.0743 - val_fr_curve_loss_20: 0.2535 - val_fr_curve_loss_30: 0.4831 - val_fr_curve_loss_50: 0.8991

======================================================================
   PHASE 3/12: teacher_forcing
   Epochs: 2
   Learning Rate: 0.0005447318328537187
   Clipping Norm: 0.3407418907119323
   Horizon (train loss): 12
   Output timesteps (val_loss and fr_loss): 50
======================================================================

Epoch 6/30
309/309 ━━━━━━━━━━━━━━━━━━━━ 11s 35ms/step - mae: 0.0932 - mse: 0.0142 - loss: 0.0198 - val_loss: 0.0142
Epoch 7/30
309/309 ━━━━━━━━━━━━━━━━━━━━ 14s 46ms/step - mae: 0.0727 - mse: 0.0085 - loss: 0.0084 - val_loss: 0.0085 - val_fr_phase_loss_12: 0.1167 - val_fr_target_loss_50: 1.0921 - val_fr_curve_loss_10: 0.0826 - val_fr_curve_loss_20: 0.2959 - val_fr_curve_loss_30: 0.5707 - val_fr_curve_loss_50: 1.0732
[Optuna] trial=26 epoch=7 val_fr_phase_loss_12=0.116724 | median=0.15443 (n=21, p25=0.108462, p75=0.1972) | margin=-0.0377067 (-24.42%)

======================================================================
   PHASE 4/12: masked_modeling
   Mask Prob: 0.15
   Mask Scope: time
   Mask Mode: constant
   Mask Value: 0.2
   Noise Sigma: None
   Noise Replace: False
   Epochs: 3
   Learning Rate: 0.0003813122829976031
   Clipping Norm: 0.28963060710514243
   Horizon (train loss): 12
   Output timesteps (val_loss and fr_loss): 50
======================================================================

Epoch 8/30
309/309 ━━━━━━━━━━━━━━━━━━━━ 10s 34ms/step - mae: 0.1135 - mse: 0.0215 - loss: 0.0233 - val_loss: 0.0215
Epoch 9/30
309/309 ━━━━━━━━━━━━━━━━━━━━ 14s 46ms/step - mae: 0.1095 - mse: 0.0199 - loss: 0.0173 - val_loss: 0.0199 - val_fr_phase_loss_12: 0.0920
[Optuna] trial=26 epoch=9 val_fr_phase_loss_12=0.0920333 | median=0.115365 (n=21, p25=0.102761, p75=0.149221) | margin=-0.0233313 (-20.22%)
Epoch 10/30
309/309 ━━━━━━━━━━━━━━━━━━━━ 14s 46ms/step - mae: 0.1030 - mse: 0.0177 - loss: 0.0149 - val_loss: 0.0177 - val_fr_target_loss_50: 0.8676 - val_fr_curve_loss_10: 0.0655 - val_fr_curve_loss_20: 0.2131 - val_fr_curve_loss_30: 0.4185 - val_fr_curve_loss_50: 0.8477

======================================================================
   PHASE 5/12: teacher_forcing
   Epochs: 2
   Learning Rate: 0.0005447318328537187
   Clipping Norm: 0.3407418907119323
   Horizon (train loss): 18
   Output timesteps (val_loss and fr_loss): 50
======================================================================

Epoch 11/30
309/309 ━━━━━━━━━━━━━━━━━━━━ 11s 35ms/step - mae: 0.0630 - mse: 0.0064 - loss: 0.0076 - val_loss: 0.0064
Epoch 12/30
309/309 ━━━━━━━━━━━━━━━━━━━━ 14s 46ms/step - mae: 0.0507 - mse: 0.0041 - loss: 0.0036 - val_loss: 0.0041 - val_fr_phase_loss_18: 0.2315 - val_fr_target_loss_50: 1.0511 - val_fr_curve_loss_10: 0.0693 - val_fr_curve_loss_20: 0.2829 - val_fr_curve_loss_30: 0.5583 - val_fr_curve_loss_50: 1.0344
[Optuna] trial=26 epoch=12 val_fr_phase_loss_18=0.231476 | median=0.249645 (n=21, p25=0.23056, p75=0.4576) | margin=-0.0181691 (-7.28%)

======================================================================
   PHASE 6/12: masked_modeling
   Mask Prob: 0.2
   Mask Scope: time
   Mask Mode: constant
   Mask Value: 0.2
   Noise Sigma: None
   Noise Replace: False
   Epochs: 3
   Learning Rate: 0.00032683909971223125
   Clipping Norm: 0.27259351256954584
   Horizon (train loss): 18
   Output timesteps (val_loss and fr_loss): 50
======================================================================

Epoch 13/30
309/309 ━━━━━━━━━━━━━━━━━━━━ 11s 34ms/step - mae: 0.1025 - mse: 0.0178 - loss: 0.0191 - val_loss: 0.0178
Epoch 14/30
309/309 ━━━━━━━━━━━━━━━━━━━━ 14s 46ms/step - mae: 0.0992 - mse: 0.0169 - loss: 0.0134 - val_loss: 0.0169 - val_fr_phase_loss_18: 0.1820
[Optuna] trial=26 epoch=14 val_fr_phase_loss_18=0.181951 | median=0.234097 (n=21, p25=0.202769, p75=0.347767) | margin=-0.0521466 (-22.28%)
Epoch 15/30
309/309 ━━━━━━━━━━━━━━━━━━━━ 14s 46ms/step - mae: 0.0941 - mse: 0.0154 - loss: 0.0114 - val_loss: 0.0154 - val_fr_target_loss_50: 0.8991 - val_fr_curve_loss_10: 0.0638 - val_fr_curve_loss_20: 0.2197 - val_fr_curve_loss_30: 0.4378 - val_fr_curve_loss_50: 0.8812

======================================================================
   PHASE 7/12: teacher_forcing
   Epochs: 2
   Learning Rate: 0.0005447318328537187
   Clipping Norm: 0.3407418907119323
   Horizon (train loss): 25
   Output timesteps (val_loss and fr_loss): 50
======================================================================

Epoch 16/30
309/309 ━━━━━━━━━━━━━━━━━━━━ 11s 34ms/step - mae: 0.0493 - mse: 0.0039 - loss: 0.0051 - val_loss: 0.0039
Epoch 17/30
309/309 ━━━━━━━━━━━━━━━━━━━━ 14s 46ms/step - mae: 0.0416 - mse: 0.0028 - loss: 0.0022 - val_loss: 0.0028 - val_fr_phase_loss_25: 0.4464 - val_fr_target_loss_50: 1.0882 - val_fr_curve_loss_10: 0.0716 - val_fr_curve_loss_20: 0.3066 - val_fr_curve_loss_30: 0.5954 - val_fr_curve_loss_50: 1.0595
[Optuna] trial=26 epoch=17 val_fr_phase_loss_25=0.446435 | median=0.425525 (n=21, p25=0.39957, p75=0.699347) | margin=+0.02091 (+4.91%)

======================================================================
   PHASE 8/12: masked_modeling
   Mask Prob: 0.2
   Mask Scope: time
   Mask Mode: noise
   Mask Value: None
   Noise Sigma: 0.1
   Noise Replace: False
   Epochs: 3
   Learning Rate: 0.00027236591642685936
   Clipping Norm: 0.25555641803394924
   Horizon (train loss): 25
   Output timesteps (val_loss and fr_loss): 50
======================================================================

Epoch 18/30
309/309 ━━━━━━━━━━━━━━━━━━━━ 11s 34ms/step - mae: 0.0381 - mse: 0.0024 - loss: 0.0027 - val_loss: 0.0024
Epoch 19/30
309/309 ━━━━━━━━━━━━━━━━━━━━ 14s 46ms/step - mae: 0.0378 - mse: 0.0023 - loss: 0.0025 - val_loss: 0.0023 - val_fr_phase_loss_25: 0.2682
[Optuna] trial=26 epoch=19 val_fr_phase_loss_25=0.268192 | median=0.313452 (n=21, p25=0.275101, p75=0.342474) | margin=-0.0452607 (-14.44%)
Epoch 20/30
309/309 ━━━━━━━━━━━━━━━━━━━━ 15s 47ms/step - mae: 0.0378 - mse: 0.0023 - loss: 0.0025 - val_loss: 0.0023 - val_fr_target_loss_50: 0.7784 - val_fr_curve_loss_10: 0.0415 - val_fr_curve_loss_20: 0.1768 - val_fr_curve_loss_30: 0.3785 - val_fr_curve_loss_50: 0.7710

======================================================================
   PHASE 9/12: teacher_forcing
   Epochs: 2
   Learning Rate: 0.0005447318328537187
   Clipping Norm: 0.3407418907119323
   Horizon (train loss): 38
   Output timesteps (val_loss and fr_loss): 50
======================================================================

Epoch 21/30
309/309 ━━━━━━━━━━━━━━━━━━━━ 11s 34ms/step - mae: 0.0376 - mse: 0.0023 - loss: 0.0020 - val_loss: 0.0023
Epoch 22/30
309/309 ━━━━━━━━━━━━━━━━━━━━ 14s 46ms/step - mae: 0.0337 - mse: 0.0019 - loss: 0.0015 - val_loss: 0.0019 - val_fr_phase_loss_38: 0.9175 - val_fr_target_loss_50: 1.1609 - val_fr_curve_loss_10: 0.0748 - val_fr_curve_loss_20: 0.3526 - val_fr_curve_loss_30: 0.6828 - val_fr_curve_loss_50: 1.1599
[Optuna] trial=26 epoch=22 val_fr_phase_loss_38=0.917538 | median=0.871916 (n=21, p25=0.797586, p75=1.14315) | margin=+0.0456226 (+5.23%)

======================================================================
   PHASE 10/12: masked_modeling
   Mask Prob: 0.25
   Mask Scope: time
   Mask Mode: noise
   Mask Value: None
   Noise Sigma: 0.1
   Noise Replace: False
   Epochs: 3
   Learning Rate: 0.0002178927331414875
   Clipping Norm: 0.2385193234983526
   Horizon (train loss): 38
   Output timesteps (val_loss and fr_loss): 50
======================================================================

Epoch 23/30
309/309 ━━━━━━━━━━━━━━━━━━━━ 11s 34ms/step - mae: 0.0328 - mse: 0.0018 - loss: 0.0025 - val_loss: 0.0018
Epoch 24/30
309/309 ━━━━━━━━━━━━━━━━━━━━ 14s 46ms/step - mae: 0.0329 - mse: 0.0018 - loss: 0.0023 - val_loss: 0.0018 - val_fr_phase_loss_38: 0.4711
[Optuna] trial=26 epoch=24 val_fr_phase_loss_38=0.471102 | median=0.557885 (n=21, p25=0.496755, p75=0.577561) | margin=-0.0867822 (-15.56%)
Epoch 25/30
309/309 ━━━━━━━━━━━━━━━━━━━━ 15s 47ms/step - mae: 0.0327 - mse: 0.0018 - loss: 0.0022 - val_loss: 0.0018 - val_fr_target_loss_50: 0.6943 - val_fr_curve_loss_10: 0.0324 - val_fr_curve_loss_20: 0.1406 - val_fr_curve_loss_30: 0.3159 - val_fr_curve_loss_50: 0.6867

======================================================================
   PHASE 11/12: teacher_forcing
   Epochs: 2
   Learning Rate: 0.0005447318328537187
   Clipping Norm: 0.3407418907119323
   Horizon (train loss): 50
   Output timesteps (val_loss and fr_loss): 50
======================================================================

Epoch 26/30
309/309 ━━━━━━━━━━━━━━━━━━━━ 10s 34ms/step - mae: 0.0338 - mse: 0.0019 - loss: 0.0019 - val_loss: 0.0019
Epoch 27/30
309/309 ━━━━━━━━━━━━━━━━━━━━ 14s 46ms/step - mae: 0.0291 - mse: 0.0014 - loss: 0.0011 - val_loss: 0.0014 - val_fr_phase_loss_50: 1.2993 - val_fr_target_loss_50: 1.3125 - val_fr_curve_loss_10: 0.0766 - val_fr_curve_loss_20: 0.3882 - val_fr_curve_loss_30: 0.7611 - val_fr_curve_loss_50: 1.2944
[Optuna] trial=26 epoch=27 val_fr_phase_loss_50=1.29927 | median=1.20441 (n=21, p25=1.03138, p75=1.51047) | margin=+0.0948625 (+7.88%)

======================================================================
   PHASE 12/12: masked_modeling
   Mask Prob: 0.25
   Mask Scope: time
   Mask Mode: noise
   Mask Value: None
   Noise Sigma: 0.1
   Noise Replace: True
   Epochs: 3
   Learning Rate: 0.00019610345982733874
   Clipping Norm: 0.221482228962756
   Horizon (train loss): 50
   Output timesteps (val_loss and fr_loss): 50
======================================================================

Epoch 28/30
309/309 ━━━━━━━━━━━━━━━━━━━━ 11s 34ms/step - mae: 0.1137 - mse: 0.0218 - loss: 0.0316 - val_loss: 0.0218
Epoch 29/30
309/309 ━━━━━━━━━━━━━━━━━━━━ 14s 46ms/step - mae: 0.1006 - mse: 0.0170 - loss: 0.0165 - val_loss: 0.0170 - val_fr_phase_loss_50: 0.7473
[Optuna] trial=26 epoch=29 val_fr_phase_loss_50=0.747272 | median=0.969846 (n=21, p25=0.822244, p75=1.19779) | margin=-0.222575 (-22.95%)
Epoch 30/30
309/309 ━━━━━━━━━━━━━━━━━━━━ 14s 46ms/step - mae: 0.0937 - mse: 0.0146 - loss: 0.0135 - val_loss: 0.0146 - val_fr_target_loss_50: 0.7253 - val_fr_curve_loss_10: 0.0462 - val_fr_curve_loss_20: 0.1602 - val_fr_curve_loss_30: 0.3349 - val_fr_curve_loss_50: 0.7232
Final loss: 0.0135
Predicting all test samples in free_running mode...
  X shape: (2280, 200, 55)
  Y shape: (2280, 50, 55)
  Pred shape: (2280, 50, 55)

 step | target                | pred                  | abs_err
------|-----------------------|-----------------------|----------------------
   25 | [ 4.139746e-01  2.252291e+00  7.680922e-02 -1.082321e+00  1.330184e-01
 -2.749080e-01  6.398940e-01 -1.222357e+00  1.964076e+00  2.024013e-01
 -1.249584e+00  1.684962e-01  6.261574e-01  7.681609e-01 -1.833026e+00
  4.305243e-01 -6.649562e-01  3.213241e-02 -4.315943e-01 -9.406051e-01
 -3.335454e-01  8.885246e-01  1.287808e+00  7.899810e-01 -2.762157e-01
  1.005897e+00 -2.825402e-01 -5.396542e-01 -1.754732e-01  2.526159e-01
 -1.215466e+00 -7.651589e-01 -1.200358e-01  4.952903e-01 -4.308359e-01
 -7.325999e-01  1.170439e+00  1.235309e+00 -8.311886e-01 -7.979621e-01
 -9.821695e-01  2.076884e-01  3.238765e-01 -1.923588e-01 -4.145486e-01
 -3.828006e-01 -3.487313e-02  1.245124e-03  1.581712e-01  5.641804e-01
  2.155083e-01 -1.144052e-01 -1.354365e+00 -3.214316e-01 -1.550427e+00] | [ 0.534901  2.121063 -0.208911 -1.308637 -0.137563 -0.566226  0.019152
 -1.242038  2.578953  0.061178 -1.188041  2.081959  0.533644 -0.92664
  1.090465 -0.312942  0.42213  -0.56469  -1.526643 -0.761803 -0.931555
  1.348256  0.948659  0.11441   0.388041  1.396009 -0.733341 -0.498692
 -0.610537  0.279798 -0.284253 -0.088191  0.417396  0.133678 -0.368148
  0.268311  0.54265   0.521677  0.196925 -0.417122 -0.387047  0.738852
  1.134158 -0.642253  2.783996  0.54644   0.805114  0.675646  0.193613
  0.959552 -2.277781  1.591431 -0.981488  0.322999 -1.303661] | [0.120926 0.131227 0.28572  0.226315 0.270581 0.291318 0.620742 0.019681
 0.614877 0.141224 0.061543 1.913463 0.092513 1.694801 2.923491 0.743466
 1.087086 0.596822 1.095049 0.178802 0.598009 0.459731 0.339149 0.675571
 0.664256 0.390112 0.4508   0.040962 0.435064 0.027182 0.931213 0.676968
 0.537432 0.361612 0.062688 1.000911 0.627789 0.713632 1.028113 0.38084
 0.595123 0.531164 0.810281 0.449894 3.198545 0.92924  0.839987 0.6744
 0.035442 0.395372 2.493289 1.705837 0.372877 0.64443  0.246766]
   26 | [ 0.433902  2.276946  0.062718 -1.073421  0.149295 -0.261739  0.66411
 -1.190588  1.970693  0.211786 -1.280325  0.091743  0.630177  0.811665
 -1.905444  0.590891 -0.648677  0.010101 -0.341095 -0.950394 -0.271225
  0.842781  1.340023  0.789891 -0.296955  0.983707 -0.332591 -0.535192
 -0.171397  0.217021 -1.236176 -0.75049  -0.169815  0.501318 -0.449502
 -0.772153  1.203705  1.218394 -0.873595 -0.731515 -1.003057  0.192291
  0.338178 -0.172599 -0.562203 -0.409968  0.071482 -0.035004  0.178969
  0.522649  0.281281 -0.172402 -1.38113  -0.280718 -1.561255] | [ 0.558916  2.142187 -0.210494 -1.299815 -0.121562 -0.540308  0.029044
 -1.225452  2.612578  0.074234 -1.228325  2.06996   0.500894 -0.926504
  1.111806 -0.223826  0.446088 -0.649479 -1.518793 -0.770156 -0.936422
  1.331267  0.961779  0.112549  0.366682  1.415131 -0.773557 -0.500387
 -0.638245  0.275096 -0.253336 -0.034407  0.405788  0.111895 -0.403181
  0.287127  0.510252  0.52152   0.187195 -0.383674 -0.423415  0.739042
  1.170485 -0.650522  2.746651  0.508859  0.850288  0.670572  0.183586
  0.924212 -2.292171  1.574352 -1.009789  0.34895  -1.342731] | [0.125013 0.134759 0.273212 0.226394 0.270857 0.278569 0.635066 0.034863
 0.641885 0.137552 0.052    1.978217 0.129283 1.738169 3.01725  0.814718
 1.094765 0.65958  1.177698 0.180238 0.665198 0.488486 0.378244 0.677342
 0.663637 0.431424 0.440966 0.034806 0.466848 0.058075 0.98284  0.716083
 0.575604 0.389423 0.046321 1.05928  0.693453 0.696874 1.06079  0.347841
 0.579641 0.546751 0.832307 0.477923 3.308854 0.918827 0.778806 0.705576
 0.004617 0.401564 2.573452 1.746754 0.37134  0.629668 0.218524]
   27 | [ 0.45137   2.29779   0.046898 -1.065959  0.163722 -0.251176  0.686906
 -1.158318  1.973541  0.218812 -1.306769  0.020961  0.635355  0.846673
 -1.973424  0.752938 -0.63128  -0.009811 -0.250043 -0.95588  -0.208485
  0.794828  1.389242  0.786713 -0.314912  0.961981 -0.384025 -0.528408
 -0.166389  0.176889 -1.255981 -0.733755 -0.216556  0.503603 -0.465744
 -0.812322  1.237801  1.200935 -0.913572 -0.661274 -1.020813  0.176508
  0.350492 -0.15451  -0.707661 -0.434216  0.179125 -0.073381  0.197581
  0.481679  0.341621 -0.226467 -1.405437 -0.237464 -1.567991] | [ 0.582493  2.161418 -0.211425 -1.291199 -0.105916 -0.514011  0.039509
 -1.208543  2.64401   0.085877 -1.266792  2.057881  0.467088 -0.928356
  1.132147 -0.133979  0.46695  -0.734504 -1.50997  -0.777238 -0.943769
  1.311146  0.973053  0.112017  0.344437  1.434343 -0.812631 -0.501836
 -0.668388  0.268508 -0.22213   0.018544  0.394201  0.09036  -0.437046
  0.30562   0.477308  0.521609  0.1764   -0.348984 -0.460731  0.740333
  1.20421  -0.659872  2.706846  0.470476  0.893798  0.663536  0.170309
  0.888254 -2.307441  1.555722 -1.036928  0.37428  -1.38066 ] | [0.131123 0.136371 0.258323 0.22524  0.269638 0.262835 0.647396 0.050225
 0.670469 0.132935 0.039977 2.03692  0.168267 1.775029 3.105571 0.886916
 1.09823  0.724692 1.259927 0.178642 0.735284 0.516318 0.416189 0.674696
 0.65935  0.472362 0.428606 0.026572 0.501999 0.091619 1.033851 0.752299
 0.610757 0.413243 0.028698 1.117942 0.760493 0.679326 1.089972 0.31229
 0.560082 0.563825 0.853718 0.505362 3.414507 0.904692 0.714674 0.736917
 0.027272 0.406575 2.649062 1.782189 0.368508 0.611744 0.187331]
   28 | [ 0.466327  2.314783  0.029422 -1.059933  0.176249 -0.243234  0.708319
 -1.125542  1.97265   0.223477 -1.328843 -0.043589  0.641445  0.873025
 -2.036825  0.915869 -0.612772 -0.027353 -0.158771 -0.957077 -0.145636
  0.744967  1.435167  0.780424 -0.32991   0.940997 -0.436465 -0.519352
 -0.160183  0.132539 -1.274543 -0.714768 -0.260126  0.501926 -0.479514
 -0.852827  1.272629  1.183048 -0.950983 -0.587688 -1.035382  0.160153
  0.360566 -0.138091 -0.850494 -0.455552  0.287429 -0.113708  0.214089
  0.44125   0.396277 -0.27644  -1.427296 -0.191884 -1.570648] | [ 0.605664  2.17864  -0.211762 -1.282746 -0.090571 -0.487326  0.05054
 -1.191243  2.673093  0.095815 -1.303213  2.045546  0.432285 -0.932057
  1.151346 -0.043479  0.484611 -0.819292 -1.500055 -0.783035 -0.953579
  1.287915  0.982534  0.112837  0.321451  1.453594 -0.850307 -0.503127
 -0.700947  0.260103 -0.190655  0.070498  0.382521  0.069244 -0.46969
  0.323598  0.443953  0.521742  0.164595 -0.312906 -0.498866  0.742747
  1.235086 -0.670073  2.664639  0.431371  0.935481  0.654447  0.153858
  0.85169  -2.323445  1.535477 -1.062702  0.398935 -1.417152] | [0.139337 0.136143 0.241184 0.222813 0.26682  0.244092 0.657779 0.065702
 0.700443 0.127662 0.02563  2.089135 0.20916  1.805082 3.188171 0.959348
 1.097384 0.791939 1.341284 0.174042 0.807943 0.542949 0.452633 0.667587
 0.651361 0.512597 0.413842 0.016225 0.540764 0.127564 1.083888 0.785266
 0.642647 0.432682 0.009824 1.176425 0.828677 0.661306 1.115577 0.274782
 0.536517 0.582594 0.87452  0.531982 3.515134 0.886923 0.648052 0.768156
 0.060231 0.41044  2.719722 1.811917 0.364594 0.590819 0.153496]
   29 | [ 0.478732  2.32789   0.010362 -1.055353  0.186818 -0.237931  0.728378
 -1.09227   1.968046  0.225786 -1.346491 -0.1017    0.648197  0.890628
 -2.095523  1.078877 -0.593175 -0.042284 -0.067607 -0.95402  -0.082985
  0.693516  1.47754   0.771024 -0.341791  0.921028 -0.489508 -0.508082
 -0.152506  0.084329 -1.291529 -0.693373 -0.30041   0.496102 -0.49077
 -0.893374  1.308082  1.164834 -0.985713 -0.511238 -1.046716  0.143051
  0.368166 -0.123325 -0.990295 -0.473989  0.395794 -0.155784  0.228586
  0.401343  0.445038 -0.322183 -1.446722 -0.144214 -1.56925 ] | [ 0.628452  2.193798 -0.211563 -1.274411 -0.075477 -0.46025   0.062133
 -1.173522  2.699711  0.103779 -1.33739   2.032795  0.396567 -0.937457
  1.169271  0.047568  0.499004 -0.903398 -1.48895  -0.787566 -0.965829
  1.261626  0.990283  0.115002  0.297872  1.472844 -0.886338 -0.504348
 -0.735884  0.249992 -0.158925  0.121324  0.370665  0.048706 -0.501101
  0.340886  0.410366  0.521768  0.151849 -0.275327 -0.537683  0.746289
  1.262922 -0.680924  2.620135  0.391613  0.975153  0.643243  0.134277
  0.814559 -2.34006   1.513604 -1.086921  0.422869 -1.451938] | [0.14972  0.134093 0.221925 0.219057 0.262295 0.222319 0.666245 0.081252
 0.731665 0.122006 0.009101 2.134495 0.25163  1.828086 3.264794 1.031309
 1.092179 0.861114 1.421343 0.166454 0.882844 0.56811  0.487257 0.656023
 0.639663 0.551816 0.39683  0.003733 0.583379 0.165662 1.132605 0.814697
 0.671074 0.447397 0.010332 1.23426  0.897716 0.643066 1.137562 0.235911
 0.509034 0.603238 0.894756 0.557599 3.61043  0.865602 0.579359 0.799027
 0.094308 0.413216 2.785099 1.835787 0.3598   0.567083 0.117312]
model built: True
num weights: 38
{'mae': [0.16065426170825958, 0.11231303215026855, 0.11297474801540375, 0.10366740077733994, 0.09873747825622559, 0.09322432428598404, 0.07272064685821533, 0.11353454738855362, 0.10954004526138306, 0.10304763913154602, 0.06300312280654907, 0.05070888251066208, 0.10249937325716019, 0.09917620569467545, 0.09406159818172455, 0.049295660108327866, 0.04163556918501854, 0.038142021745443344, 0.03776174411177635, 0.037769611924886703, 0.03760472685098648, 0.033679746091365814, 0.032803989946842194, 0.032891370356082916, 0.032748326659202576, 0.03377557918429375, 0.029135482385754585, 0.11371564120054245, 0.10064007341861725, 0.09371484816074371], 'mse': [0.04142679646611214, 0.020376086235046387, 0.020584367215633392, 0.017490044236183167, 0.01583275943994522, 0.014193272218108177, 0.008523081429302692, 0.021450741216540337, 0.019935367628932, 0.017686355859041214, 0.006387585774064064, 0.0041462150402367115, 0.01784692518413067, 0.0168700460344553, 0.015441495925188065, 0.003946006763726473, 0.0028278313111513853, 0.0023998201359063387, 0.0023497743532061577, 0.0023439519573003054, 0.002312036929652095, 0.001856208429671824, 0.0017792980652302504, 0.0017888161819428205, 0.0017706224462017417, 0.0018836460076272488, 0.0014068129239603877, 0.02182120829820633, 0.01695098541676998, 0.014641353860497475], 'loss': [0.2049926519393921, 0.024757564067840576, 0.02491973340511322, 0.018222171813249588, 0.014359542168676853, 0.019762683659791946, 0.008438466116786003, 0.023302478715777397, 0.017290186136960983, 0.01488291285932064, 0.007564598694443703, 0.003578753210604191, 0.019076960161328316, 0.013377973809838295, 0.01142910122871399, 0.005146700888872147, 0.0022360801231116056, 0.002668918576091528, 0.0025216478388756514, 0.0024500424042344093, 0.0020297057926654816, 0.0014718635939061642, 0.0025089026894420385, 0.002302330220118165, 0.002230837242677808, 0.0019044136861339211, 0.0011064246064051986, 0.03157668560743332, 0.01646924950182438, 0.013476519845426083], 'val_loss': [0.04142679646611214, 0.020376086235046387, 0.020584365352988243, 0.017490046098828316, 0.01583275943994522, 0.014193274080753326, 0.008523081429302692, 0.021450743079185486, 0.01993536576628685, 0.017686353996396065, 0.006387585774064064, 0.0041462150402367115, 0.01784692518413067, 0.016870042309165, 0.015441494062542915, 0.003946006763726473, 0.0028278313111513853, 0.0023998201359063387, 0.0023497743532061577, 0.0023439517244696617, 0.002312036696821451, 0.001856208429671824, 0.001779298298060894, 0.0017888161819428205, 0.0017706226790323853, 0.0018836460076272488, 0.0014068132732063532, 0.02182120829820633, 0.01695098541676998, 0.014641353860497475], 'val_fr_phase_loss_5': [nan, 0.04155169427394867, nan, 0.02995915710926056, nan], 'val_fr_target_loss_50': [nan, 1.207952857017517, nan, nan, 0.9148029685020447, nan, 1.0920606851577759, nan, nan, 0.8675750494003296, nan, 1.0511029958724976, nan, nan, 0.8991298079490662, nan, 1.0881750583648682, nan, nan, 0.7783629894256592, nan, 1.160871982574463, nan, nan, 0.6942638158798218, nan, 1.3124557733535767, nan, nan, 0.7253215909004211], 'val_fr_curve_loss_10': [nan, 0.10688033699989319, nan, nan, 0.07431944459676743, nan, 0.08264295756816864, nan, nan, 0.0654715821146965, nan, 0.06928981840610504, nan, nan, 0.06383822113275528, nan, 0.0715765655040741, nan, nan, 0.041510868817567825, nan, 0.07484132796525955, nan, nan, 0.03238562121987343, nan, 0.07662235200405121, nan, nan, 0.04623047634959221], 'val_fr_curve_loss_20': [nan, 0.33852294087409973, nan, nan, 0.25349727272987366, nan, 0.29594725370407104, nan, nan, 0.2130797952413559, nan, 0.28292882442474365, nan, nan, 0.2197340726852417, nan, 0.3066289722919464, nan, nan, 0.1767929047346115, nan, 0.35261303186416626, nan, nan, 0.14055413007736206, nan, 0.38822728395462036, nan, nan, 0.16022849082946777], 'val_fr_curve_loss_30': [nan, 0.6389352083206177, nan, nan, 0.4830990433692932, nan, 0.5707041025161743, nan, nan, 0.4184737503528595, nan, 0.5583487153053284, nan, nan, 0.43776753544807434, nan, 0.5954059958457947, nan, nan, 0.37845245003700256, nan, 0.6828372478485107, nan, nan, 0.31589049100875854, nan, 0.7610636949539185, nan, nan, 0.334941565990448], 'val_fr_curve_loss_50': [nan, 1.192768931388855, nan, nan, 0.8991031050682068, nan, 1.07319974899292, nan, nan, 0.847710371017456, nan, 1.0343992710113525, nan, nan, 0.8811799883842468, nan, 1.0595290660858154, nan, nan, 0.7710162401199341, nan, 1.1598609685897827, nan, nan, 0.6866605877876282, nan, 1.2944425344467163, nan, nan, 0.7232238054275513], 'val_fr_phase_loss_12': [nan, 0.11672359704971313, nan, 0.09203333407640457, nan], 'val_fr_phase_loss_18': [nan, 0.23147623240947723, nan, 0.18195083737373352, nan], 'val_fr_phase_loss_25': [nan, 0.4464346468448639, nan, 0.26819178462028503, nan], 'val_fr_phase_loss_38': [nan, 0.9175381064414978, nan, 0.4711022973060608, nan], 'val_fr_phase_loss_50': [nan, 1.299272894859314, nan, 0.7472715973854065, nan]}
Saved artifacts to: runs/tuning/full_seq_lstm_lvl1/trial_0026
