--- Number of Windows for Train = 9880
--- Number of Windows for Val = 3040
--- Number of Windows for Test = 2280
--- Curriculum = [10, 15, 20, 30, 40, 50]
--- fr_curve Outsteps = [1, 2, 3]

--- Training: prova1 [LSTM/FC/HYBRID]  ---

======================================================================
   PHASE 1/6: teacher_forcing
   Epochs: 6
   Learning Rate: 0.0003185279687617501
   Clipping Norm: 0.34622663667093345
   Horizon (train loss): 10
   Output timesteps (val_loss and fr_loss): 50
======================================================================

Epoch 1/30
309/309 ━━━━━━━━━━━━━━━━━━━━ 19s 46ms/step - mae: 0.1791 - loss: 0.2450 - val_loss: 0.0521
Epoch 2/30
309/309 ━━━━━━━━━━━━━━━━━━━━ 17s 56ms/step - mae: 0.1135 - loss: 0.0297 - val_loss: 0.0210 - val_fr_phase_loss_10: 0.0811
[Optuna] trial=19 epoch=2 val_fr_phase_loss_10=0.081074 | median=0.14259 (n=14, p25=0.10064, p75=0.202526) | margin=-0.0615164 (-43.14%)
Epoch 3/30
309/309 ━━━━━━━━━━━━━━━━━━━━ 13s 43ms/step - mae: 0.0856 - loss: 0.0137 - val_loss: 0.0119
Epoch 4/30
309/309 ━━━━━━━━━━━━━━━━━━━━ 18s 57ms/step - mae: 0.0683 - loss: 0.0081 - val_loss: 0.0076 - val_fr_phase_loss_10: 0.0675
[Optuna] trial=19 epoch=4 val_fr_phase_loss_10=0.0675174 | median=0.112122 (n=14, p25=0.0892784, p75=0.120224) | margin=-0.0446041 (-39.78%)
Epoch 5/30
309/309 ━━━━━━━━━━━━━━━━━━━━ 13s 42ms/step - mae: 0.0595 - loss: 0.0055 - val_loss: 0.0058
Epoch 6/30
309/309 ━━━━━━━━━━━━━━━━━━━━ 17s 55ms/step - mae: 0.0540 - loss: 0.0042 - val_loss: 0.0048 - val_fr_phase_loss_10: 0.0718 - val_fr_target_loss_50: 1.0815 - val_fr_curve_loss_1: 0.0053 - val_fr_curve_loss_2: 0.0076 - val_fr_curve_loss_3: 0.0112
[Optuna] trial=19 epoch=6 val_fr_phase_loss_10=0.0717518 | median=0.111683 (n=14, p25=0.0725795, p75=0.13558) | margin=-0.0399312 (-35.75%)

======================================================================
   PHASE 2/6: masked_modeling
   Mask Prob: 0.15
   Mask Scope: time
   Mask Mode: constant
   Mask Value: 0.2
   Noise Sigma: None
   Noise Replace: False
   Epochs: 6
   Learning Rate: 0.0002548223750094001
   Clipping Norm: 0.31160397300384013
   Horizon (train loss): 15
   Output timesteps (val_loss and fr_loss): 50
======================================================================

Epoch 7/30
309/309 ━━━━━━━━━━━━━━━━━━━━ 13s 43ms/step - mae: 0.1207 - loss: 0.0329 - val_loss: 0.0236
Epoch 8/30
309/309 ━━━━━━━━━━━━━━━━━━━━ 18s 57ms/step - mae: 0.1163 - loss: 0.0246 - val_loss: 0.0221 - val_fr_phase_loss_15: 0.1487
[Optuna] trial=19 epoch=8 val_fr_phase_loss_15=0.14872 | median=0.164072 (n=14, p25=0.151009, p75=0.223051) | margin=-0.0153527 (-9.36%)
Epoch 9/30
309/309 ━━━━━━━━━━━━━━━━━━━━ 13s 43ms/step - mae: 0.1114 - loss: 0.0214 - val_loss: 0.0204
Epoch 10/30
309/309 ━━━━━━━━━━━━━━━━━━━━ 17s 56ms/step - mae: 0.1090 - loss: 0.0188 - val_loss: 0.0197 - val_fr_phase_loss_15: 0.1244
[Optuna] trial=19 epoch=10 val_fr_phase_loss_15=0.124365 | median=0.137958 (n=14, p25=0.126819, p75=0.202184) | margin=-0.0135921 (-9.85%)
Epoch 11/30
309/309 ━━━━━━━━━━━━━━━━━━━━ 13s 43ms/step - mae: 0.1078 - loss: 0.0167 - val_loss: 0.0195
Epoch 12/30
309/309 ━━━━━━━━━━━━━━━━━━━━ 16s 53ms/step - mae: 0.0991 - loss: 0.0150 - val_loss: 0.0165 - val_fr_phase_loss_15: 0.1038 - val_fr_target_loss_50: 0.8089 - val_fr_curve_loss_1: 0.0099 - val_fr_curve_loss_2: 0.0108 - val_fr_curve_loss_3: 0.0129
[Optuna] trial=19 epoch=12 val_fr_phase_loss_15=0.10379 | median=0.134324 (n=14, p25=0.115398, p75=0.178371) | margin=-0.0305336 (-22.73%)

======================================================================
   PHASE 3/6: scheduled_sampling
   Tf Ratio Start: 1.0
   Tf Ratio End: 0.35
   Per Feature: True
   Stop Grad Pred: True
   Ratio Mode: sigmoid
   Mid Point: 0.6
   Sharpness: 10.0
   Power Value: 2.0
   Epochs: 8
   Learning Rate: 0.00022296957813322505
   Clipping Norm: 0.2942926411702934
   Horizon (train loss): 20
   Output timesteps (val_loss and fr_loss): 50
======================================================================

Epoch 13/30
309/309 ━━━━━━━━━━━━━━━━━━━━ 173s 560ms/step - mae: 0.0559 - loss: 0.0062 - val_loss: 0.0051
Epoch 14/30
309/309 ━━━━━━━━━━━━━━━━━━━━ 177s 572ms/step - mae: 0.0465 - loss: 0.0031 - val_loss: 0.0036 - val_fr_phase_loss_20: 0.1437
[Optuna] trial=19 epoch=14 val_fr_phase_loss_20=0.143715 | median=0.217633 (n=14, p25=0.147761, p75=0.236034) | margin=-0.0739177 (-33.96%)
Epoch 15/30
309/309 ━━━━━━━━━━━━━━━━━━━━ 173s 560ms/step - mae: 0.0413 - loss: 0.0024 - val_loss: 0.0028
Epoch 16/30
309/309 ━━━━━━━━━━━━━━━━━━━━ 176s 571ms/step - mae: 0.0390 - loss: 0.0023 - val_loss: 0.0025 - val_fr_phase_loss_20: 0.1692
[Optuna] trial=19 epoch=16 val_fr_phase_loss_20=0.16922 | median=0.233933 (n=14, p25=0.169331, p75=0.293232) | margin=-0.0647138 (-27.66%)
Epoch 17/30
309/309 ━━━━━━━━━━━━━━━━━━━━ 172s 556ms/step - mae: 0.0377 - loss: 0.0035 - val_loss: 0.0023
Epoch 18/30
309/309 ━━━━━━━━━━━━━━━━━━━━ 178s 575ms/step - mae: 0.0389 - loss: 0.0076 - val_loss: 0.0025 - val_fr_phase_loss_20: 0.1762
[Optuna] trial=19 epoch=18 val_fr_phase_loss_20=0.17622 | median=0.234413 (n=14, p25=0.187714, p75=0.26318) | margin=-0.0581927 (-24.82%)
Epoch 19/30
309/309 ━━━━━━━━━━━━━━━━━━━━ 174s 566ms/step - mae: 0.0402 - loss: 0.0120 - val_loss: 0.0027
Epoch 20/30
309/309 ━━━━━━━━━━━━━━━━━━━━ 178s 575ms/step - mae: 0.0379 - loss: 0.0132 - val_loss: 0.0024 - val_fr_phase_loss_20: 0.1483 - val_fr_target_loss_50: 0.7214 - val_fr_curve_loss_1: 0.0025 - val_fr_curve_loss_2: 0.0034 - val_fr_curve_loss_3: 0.0049
[Optuna] trial=19 epoch=20 val_fr_phase_loss_20=0.148274 | median=0.203956 (n=14, p25=0.157005, p75=0.215468) | margin=-0.0556818 (-27.30%)

======================================================================
   PHASE 4/6: masked_modeling
   Mask Prob: 0.2
   Mask Scope: time
   Mask Mode: noise
   Mask Value: None
   Noise Sigma: 0.1
   Noise Replace: False
   Epochs: 4
   Learning Rate: 0.00019111678125705007
   Clipping Norm: 0.27698130933674675
   Horizon (train loss): 30
   Output timesteps (val_loss and fr_loss): 50
======================================================================

Epoch 21/30
309/309 ━━━━━━━━━━━━━━━━━━━━ 13s 43ms/step - mae: 0.0303 - loss: 0.0020 - val_loss: 0.0015
Epoch 22/30
309/309 ━━━━━━━━━━━━━━━━━━━━ 18s 57ms/step - mae: 0.0296 - loss: 0.0019 - val_loss: 0.0015 - val_fr_phase_loss_30: 0.2633
[Optuna] trial=19 epoch=22 val_fr_phase_loss_30=0.26325 | median=0.267577 (n=14, p25=0.25439, p75=0.423568) | margin=-0.00432719 (-1.62%)
Epoch 23/30
309/309 ━━━━━━━━━━━━━━━━━━━━ 13s 43ms/step - mae: 0.0291 - loss: 0.0018 - val_loss: 0.0014
Epoch 24/30
309/309 ━━━━━━━━━━━━━━━━━━━━ 18s 58ms/step - mae: 0.0289 - loss: 0.0018 - val_loss: 0.0014 - val_fr_phase_loss_30: 0.2665 - val_fr_target_loss_50: 0.6599 - val_fr_curve_loss_1: 0.0018 - val_fr_curve_loss_2: 0.0024 - val_fr_curve_loss_3: 0.0034
[Optuna] trial=19 epoch=24 val_fr_phase_loss_30=0.266476 | median=0.275511 (n=14, p25=0.264478, p75=0.424408) | margin=-0.00903495 (-3.28%)

======================================================================
   PHASE 5/6: full_autoregressive
   Gradient Through Time: False
   Epochs: 4
   Learning Rate: 0.00015926398438087505
   Clipping Norm: 0.2596699775032001
   Horizon (train loss): 40
   Output timesteps (val_loss and fr_loss): 50
======================================================================

Epoch 25/30
309/309 ━━━━━━━━━━━━━━━━━━━━ 161s 522ms/step - mae: 0.1567 - loss: 0.3694 - val_loss: 0.0434
Epoch 26/30
309/309 ━━━━━━━━━━━━━━━━━━━━ 165s 536ms/step - mae: 0.1429 - loss: 0.2674 - val_loss: 0.0361 - val_fr_phase_loss_40: 0.2874
[Optuna] trial=19 epoch=26 val_fr_phase_loss_40=0.287422 | median=0.302463 (n=14, p25=0.219133, p75=0.437606) | margin=-0.0150409 (-4.97%)
Epoch 27/30
309/309 ━━━━━━━━━━━━━━━━━━━━ 158s 511ms/step - mae: 0.1424 - loss: 0.2345 - val_loss: 0.0357
Epoch 28/30
309/309 ━━━━━━━━━━━━━━━━━━━━ 166s 537ms/step - mae: 0.1435 - loss: 0.2166 - val_loss: 0.0364 - val_fr_phase_loss_40: 0.2600 - val_fr_target_loss_50: 0.3367 - val_fr_curve_loss_1: 0.0125 - val_fr_curve_loss_2: 0.0122 - val_fr_curve_loss_3: 0.0132
[Optuna] trial=19 epoch=28 val_fr_phase_loss_40=0.259966 | median=0.287675 (n=14, p25=0.175683, p75=0.380459) | margin=-0.0277083 (-9.63%)

======================================================================
   PHASE 6/6: full_autoregressive
   Gradient Through Time: True
   Epochs: 2
   Learning Rate: 9.555839062852503e-05
   Clipping Norm: 0.20773598200256008
   Horizon (train loss): 50
   Output timesteps (val_loss and fr_loss): 50
======================================================================

Epoch 29/30
309/309 ━━━━━━━━━━━━━━━━━━━━ 158s 515ms/step - mae: 0.1467 - loss: 0.2426 - val_loss: 0.0378
Epoch 30/30
309/309 ━━━━━━━━━━━━━━━━━━━━ 167s 542ms/step - mae: 0.1439 - loss: 0.2236 - val_loss: 0.0363 - val_fr_phase_loss_50: 0.2904 - val_fr_target_loss_50: 0.2984 - val_fr_curve_loss_1: 0.0236 - val_fr_curve_loss_2: 0.0214 - val_fr_curve_loss_3: 0.0212
[Optuna] trial=19 epoch=30 val_fr_phase_loss_50=0.290401 | median=0.334234 (n=14, p25=0.21157, p75=0.389248) | margin=-0.0438325 (-13.11%)
Final loss: 0.2236
Predicting all test samples in free_running mode...
  X shape: (2280, 200, 36)
  Y shape: (2280, 50, 36)
  Pred shape: (2280, 50, 36)

 step | target                | pred                  | abs_err
------|-----------------------|-----------------------|----------------------
   25 | [ 0.413975  2.252291  0.076809 -1.082321  0.133018 -0.274908  0.639894
 -1.222357 -1.249584  0.168496  0.626157  0.768161 -1.833026  0.430524
 -0.664956 -0.940605 -0.333545  0.888525  1.287808  0.789981 -0.276216
 -0.539654 -0.175473  0.252616 -1.215466 -0.765159 -0.430836 -0.7326
  1.170439  1.235309 -0.98217   0.207688  0.323877 -0.382801 -0.034873
  0.56418 ] | [ 0.24583   1.92748  -0.309076 -0.92834  -0.115699 -0.210131  0.784534
 -1.214928 -1.218226  0.632361  0.287964  0.398984 -0.497528 -0.83672
 -0.214341 -0.810782 -0.185183  0.725639  1.028541  0.806601  0.177904
 -0.209341 -0.511042  0.404135 -0.32515  -0.523521  0.136202 -0.190395
  0.803952  1.65926  -0.695513  0.686792  0.465769 -0.555271 -0.295706
  0.356707] | [0.168145 0.324811 0.385886 0.153981 0.248717 0.064777 0.14464  0.007429
 0.031358 0.463865 0.338194 0.369177 1.335498 1.267244 0.450615 0.129823
 0.148362 0.162885 0.259267 0.01662  0.45412  0.330313 0.335569 0.151519
 0.890316 0.241638 0.567038 0.542205 0.366487 0.423951 0.286656 0.479104
 0.141893 0.17247  0.260833 0.207474]
   26 | [ 0.433902  2.276946  0.062718 -1.073421  0.149295 -0.261739  0.66411
 -1.190588 -1.280325  0.091743  0.630177  0.811665 -1.905444  0.590891
 -0.648677 -0.950394 -0.271225  0.842781  1.340023  0.789891 -0.296955
 -0.535192 -0.171397  0.217021 -1.236176 -0.75049  -0.449502 -0.772153
  1.203705  1.218394 -1.003057  0.192291  0.338178 -0.409968  0.071482
  0.522649] | [ 0.272169  1.946548 -0.316647 -0.894675 -0.105428 -0.197798  0.807067
 -1.190448 -1.25223   0.605048  0.234628  0.442882 -0.527097 -0.780991
 -0.178624 -0.820939 -0.171508  0.695451  1.043136  0.784507  0.149693
 -0.217667 -0.479656  0.424568 -0.281518 -0.497676  0.107074 -0.187012
  0.821839  1.672873 -0.702749  0.673242  0.4705   -0.579098 -0.271428
  0.31547 ] | [1.617331e-01 3.303974e-01 3.793652e-01 1.787457e-01 2.547226e-01
 6.394076e-02 1.429568e-01 1.400709e-04 2.809525e-02 5.133049e-01
 3.955488e-01 3.687836e-01 1.378347e+00 1.371882e+00 4.700534e-01
 1.294556e-01 9.971631e-02 1.473296e-01 2.968873e-01 5.384088e-03
 4.466481e-01 3.175251e-01 3.082593e-01 2.075470e-01 9.546582e-01
 2.528135e-01 5.565762e-01 5.851418e-01 3.818660e-01 4.544792e-01
 3.003076e-01 4.809512e-01 1.323225e-01 1.691301e-01 3.429103e-01
 2.071793e-01]
   27 | [ 0.45137   2.29779   0.046898 -1.065959  0.163722 -0.251176  0.686906
 -1.158318 -1.306769  0.020961  0.635355  0.846673 -1.973424  0.752938
 -0.63128  -0.95588  -0.208485  0.794828  1.389242  0.786713 -0.314912
 -0.528408 -0.166389  0.176889 -1.255981 -0.733755 -0.465744 -0.812322
  1.237801  1.200935 -1.020813  0.176508  0.350492 -0.434216  0.179125
  0.481679] | [ 0.296794  1.961806 -0.323311 -0.861483 -0.096533 -0.187122  0.827766
 -1.166768 -1.281528  0.581188  0.181783  0.481611 -0.555602 -0.727027
 -0.145619 -0.82752  -0.160141  0.664069  1.054742  0.760643  0.122706
 -0.225899 -0.448554  0.4423   -0.237867 -0.471536  0.079672 -0.182671
  0.838896  1.684983 -0.707521  0.660138  0.47329  -0.599754 -0.24759
  0.276804] | [0.154575 0.335983 0.370209 0.204476 0.260255 0.064054 0.14086  0.00845
 0.025241 0.560227 0.453572 0.365061 1.417822 1.479965 0.485661 0.12836
 0.048344 0.130759 0.3345   0.026071 0.437618 0.30251  0.282165 0.265411
 1.018114 0.262219 0.545416 0.629651 0.398905 0.484048 0.313293 0.48363
 0.122797 0.165538 0.426715 0.204875]
   28 | [ 0.466327  2.314783  0.029422 -1.059933  0.176249 -0.243234  0.708319
 -1.125542 -1.328843 -0.043589  0.641445  0.873025 -2.036825  0.915869
 -0.612772 -0.957077 -0.145636  0.744967  1.435167  0.780424 -0.32991
 -0.519352 -0.160183  0.132539 -1.274543 -0.714768 -0.479514 -0.852827
  1.272629  1.183048 -1.035382  0.160153  0.360566 -0.455552  0.287429
  0.44125 ] | [ 0.319653  1.973255 -0.329033 -0.828899 -0.088971 -0.177994  0.84657
 -1.143935 -1.306175  0.560486  0.129588  0.515306 -0.583064 -0.67492
 -0.115319 -0.830559 -0.151095  0.631627  1.063547  0.735213  0.097058
 -0.234013 -0.417884  0.457332 -0.194562 -0.445119  0.054002 -0.177562
  0.854992  1.695479 -0.709938  0.647383  0.474164 -0.617369 -0.224096
  0.240714] | [0.146674 0.341528 0.358455 0.231034 0.26522  0.06524  0.138251 0.018394
 0.022668 0.604075 0.511856 0.35772  1.453761 1.59079  0.497453 0.126519
 0.005459 0.11334  0.37162  0.045211 0.426969 0.285339 0.257701 0.324793
 1.079981 0.269649 0.533515 0.675265 0.417637 0.512431 0.325445 0.487229
 0.113598 0.161817 0.511525 0.200535]
   29 | [ 0.478732  2.32789   0.010362 -1.055353  0.186818 -0.237931  0.728378
 -1.09227  -1.346491 -0.1017    0.648197  0.890628 -2.095523  1.078877
 -0.593175 -0.95402  -0.082985  0.693516  1.47754   0.771024 -0.341791
 -0.508082 -0.152506  0.084329 -1.291529 -0.693373 -0.49077  -0.893374
  1.308082  1.164834 -1.046716  0.143051  0.368166 -0.473989  0.395794
  0.401343] | [ 0.340534  1.981209 -0.334098 -0.797085 -0.082834 -0.170472  0.863677
 -1.121967 -1.32624   0.542977  0.078256  0.5441   -0.60933  -0.62467
 -0.087736 -0.830159 -0.144284  0.598245  1.06952   0.708449  0.072812
 -0.241879 -0.387668  0.469529 -0.151797 -0.418377  0.030123 -0.171945
  0.870167  1.704429 -0.709987  0.635059  0.473323 -0.632099 -0.200976
  0.20709 ] | [0.138198 0.346682 0.34446  0.258268 0.269652 0.067459 0.135299 0.029698
 0.020251 0.644677 0.569941 0.346528 1.486193 1.703547 0.505439 0.123861
 0.061299 0.095271 0.40802  0.062575 0.414603 0.266203 0.235162 0.3852
 1.139732 0.274996 0.520893 0.721429 0.437914 0.539596 0.336729 0.492008
 0.105157 0.15811  0.59677  0.194253]
model built: True
num weights: 38
{'mae': [0.17907537519931793, 0.11347921937704086, 0.08559001237154007, 0.06828825920820236, 0.05954396724700928, 0.05400221794843674, 0.1207452341914177, 0.11632702499628067, 0.11144709587097168, 0.10904370993375778, 0.10777689516544342, 0.09905228763818741, 0.0559026375412941, 0.04646439477801323, 0.04132188484072685, 0.03898101672530174, 0.037655241787433624, 0.03891713172197342, 0.04020284116268158, 0.03788053244352341, 0.030269108712673187, 0.029641181230545044, 0.029070833697915077, 0.028900228440761566, 0.15669015049934387, 0.14293965697288513, 0.14237746596336365, 0.14348310232162476, 0.14666104316711426, 0.14387147128582], 'loss': [0.24502064287662506, 0.029667986556887627, 0.013656728900969028, 0.008062765933573246, 0.005531379487365484, 0.00422067241743207, 0.03286150470376015, 0.0245872363448143, 0.02139878459274769, 0.018833741545677185, 0.016704974696040154, 0.01501741074025631, 0.006204604636877775, 0.003101289737969637, 0.0024037761613726616, 0.002329341135919094, 0.003512047231197357, 0.007592303212732077, 0.011982439085841179, 0.013244269415736198, 0.001988760894164443, 0.0018608808750286698, 0.001833181013353169, 0.0018187027890235186, 0.3693852126598358, 0.26743364334106445, 0.2345036417245865, 0.21661534905433655, 0.24262872338294983, 0.22364544868469238], 'val_loss': [0.0521492101252079, 0.020967703312635422, 0.011912954039871693, 0.00760252121835947, 0.005789448507130146, 0.004762844182550907, 0.023583874106407166, 0.022114094346761703, 0.02036518231034279, 0.01973317563533783, 0.01952480711042881, 0.016491299495100975, 0.005140719935297966, 0.0035528172738850117, 0.002814302686601877, 0.0024949463550001383, 0.0023319353349506855, 0.002492906292900443, 0.0026758068706840277, 0.0024097803980112076, 0.0015447078039869666, 0.001480518956668675, 0.0014210226945579052, 0.0014029869344085455, 0.043405864387750626, 0.03610468655824661, 0.03570934757590294, 0.0364050529897213, 0.03782164305448532, 0.03634311631321907], 'val_fr_phase_loss_10': [nan, 0.08107396215200424, nan, 0.06751744449138641, nan, 0.07175184786319733], 'val_fr_target_loss_50': [nan, nan, nan, nan, nan, 1.0814791917800903, nan, nan, nan, nan, nan, 0.8088517785072327, nan, nan, nan, nan, nan, nan, nan, 0.7213569283485413, nan, nan, nan, 0.6599438190460205, nan, nan, nan, 0.33666107058525085, nan, 0.2983943819999695], 'val_fr_curve_loss_1': [nan, nan, nan, nan, nan, 0.005327123682945967, nan, nan, nan, nan, nan, 0.009874783456325531, nan, nan, nan, nan, nan, nan, nan, 0.0024721352383494377, nan, nan, nan, 0.0018044741591438651, nan, nan, nan, 0.01247621513903141, nan, 0.023594358935952187], 'val_fr_curve_loss_2': [nan, nan, nan, nan, nan, 0.007640189025551081, nan, nan, nan, nan, nan, 0.010838673450052738, nan, nan, nan, nan, nan, nan, nan, 0.003394422587007284, nan, nan, nan, 0.0024183234199881554, nan, nan, nan, 0.012195631861686707, nan, 0.021419627591967583], 'val_fr_curve_loss_3': [nan, nan, nan, nan, nan, 0.0111854774877429, nan, nan, nan, nan, nan, 0.012909241020679474, nan, nan, nan, nan, nan, nan, nan, 0.004873322322964668, nan, nan, nan, 0.0034117542672902346, nan, nan, nan, 0.013152658008038998, nan, 0.02120860479772091], 'val_fr_phase_loss_15': [nan, 0.14871972799301147, nan, 0.12436547875404358, nan, 0.10379032045602798], 'val_fr_phase_loss_20': [nan, 0.143715038895607, nan, 0.16921964287757874, nan, 0.17622026801109314, nan, 0.14827431738376617], 'val_fr_phase_loss_30': [nan, 0.26325005292892456, nan, 0.2664761543273926], 'val_fr_phase_loss_40': [nan, 0.2874222993850708, nan, 0.25996649265289307], 'val_fr_phase_loss_50': [nan, 0.29040127992630005]}
Saved artifacts to: runs/tuning/study_lstm_lvl1/trial_0019
