--- Number of Windows for Train = 9880
--- Number of Windows for Val = 3040
--- Number of Windows for Test = 2280
--- Curriculum = [5, 5, 12, 12, 18, 18, 25, 25, 38, 38, 50, 50]
--- fr_curve Outsteps = [10, 20, 30, 50]

--- Training: lstm_fullseq_30ep [LSTM/FC/FULL_SEQ]  ---

======================================================================
   PHASE 1/12: teacher_forcing
   Epochs: 2
   Learning Rate: 0.0018796000500798608
   Clipping Norm: 0.39292526841382724
   Horizon (train loss): 5
   Output timesteps (val_loss and fr_loss): 50
======================================================================

Epoch 1/30
309/309 ━━━━━━━━━━━━━━━━━━━━ 16s 33ms/step - mae: 0.1437 - mse: 0.0331 - loss: 0.1578 - val_loss: 0.0331
Epoch 2/30
309/309 ━━━━━━━━━━━━━━━━━━━━ 13s 42ms/step - mae: 0.1074 - mse: 0.0185 - loss: 0.0207 - val_loss: 0.0185 - val_fr_phase_loss_5: 0.0640 - val_fr_target_loss_50: 1.3734 - val_fr_curve_loss_10: 0.1813 - val_fr_curve_loss_20: 0.5105 - val_fr_curve_loss_30: 0.8470 - val_fr_curve_loss_50: 1.3455
[Optuna] trial=10 epoch=2 val_fr_phase_loss_5=0.0640497 | median=0.278914 (n=9, p25=0.0836981, p75=0.490001) | margin=-0.214865 (-77.04%)

======================================================================
   PHASE 2/12: masked_modeling
   Mask Prob: 0.1
   Mask Scope: time
   Mask Mode: constant
   Mask Value: 0.2
   Noise Sigma: None
   Noise Replace: False
   Epochs: 3
   Learning Rate: 0.0015036800400638887
   Clipping Norm: 0.3536327415724445
   Horizon (train loss): 5
   Output timesteps (val_loss and fr_loss): 50
======================================================================

Epoch 3/30
309/309 ━━━━━━━━━━━━━━━━━━━━ 9s 29ms/step - mae: 0.1184 - mse: 0.0228 - loss: 0.0298 - val_loss: 0.0228
Epoch 4/30
309/309 ━━━━━━━━━━━━━━━━━━━━ 12s 40ms/step - mae: 0.1075 - mse: 0.0188 - loss: 0.0198 - val_loss: 0.0188 - val_fr_phase_loss_5: 0.0358
[Optuna] trial=10 epoch=4 val_fr_phase_loss_5=0.0358243 | median=0.139294 (n=9, p25=0.0409279, p75=0.308089) | margin=-0.10347 (-74.28%)
Epoch 5/30
309/309 ━━━━━━━━━━━━━━━━━━━━ 12s 40ms/step - mae: 0.1005 - mse: 0.0165 - loss: 0.0157 - val_loss: 0.0165 - val_fr_target_loss_50: 1.0372 - val_fr_curve_loss_10: 0.0885 - val_fr_curve_loss_20: 0.2850 - val_fr_curve_loss_30: 0.5431 - val_fr_curve_loss_50: 1.0326

======================================================================
   PHASE 3/12: teacher_forcing
   Epochs: 2
   Learning Rate: 0.0018796000500798608
   Clipping Norm: 0.39292526841382724
   Horizon (train loss): 12
   Output timesteps (val_loss and fr_loss): 50
======================================================================

Epoch 6/30
309/309 ━━━━━━━━━━━━━━━━━━━━ 9s 28ms/step - mae: 0.0837 - mse: 0.0114 - loss: 0.0185 - val_loss: 0.0114
Epoch 7/30
309/309 ━━━━━━━━━━━━━━━━━━━━ 12s 40ms/step - mae: 0.0638 - mse: 0.0066 - loss: 0.0063 - val_loss: 0.0066 - val_fr_phase_loss_12: 0.3632 - val_fr_target_loss_50: 1.7525 - val_fr_curve_loss_10: 0.2428 - val_fr_curve_loss_20: 0.7896 - val_fr_curve_loss_30: 1.1970 - val_fr_curve_loss_50: 1.7225
[Optuna] trial=10 epoch=7 val_fr_phase_loss_12=0.363218 | median=0.170614 (n=9, p25=0.15443, p75=0.268146) | margin=+0.192603 (+112.89%)

======================================================================
   PHASE 4/12: masked_modeling
   Mask Prob: 0.15
   Mask Scope: time
   Mask Mode: constant
   Mask Value: 0.2
   Noise Sigma: None
   Noise Replace: False
   Epochs: 3
   Learning Rate: 0.0013157200350559024
   Clipping Norm: 0.33398647815175314
   Horizon (train loss): 12
   Output timesteps (val_loss and fr_loss): 50
======================================================================

Epoch 8/30
309/309 ━━━━━━━━━━━━━━━━━━━━ 9s 29ms/step - mae: 0.0962 - mse: 0.0154 - loss: 0.0206 - val_loss: 0.0154
Epoch 9/30
309/309 ━━━━━━━━━━━━━━━━━━━━ 13s 40ms/step - mae: 0.0845 - mse: 0.0118 - loss: 0.0127 - val_loss: 0.0118 - val_fr_phase_loss_12: 0.1492
[Optuna] trial=10 epoch=9 val_fr_phase_loss_12=0.149221 | median=0.179754 (n=9, p25=0.128112, p75=0.250377) | margin=-0.0305329 (-16.99%)
Epoch 10/30
309/309 ━━━━━━━━━━━━━━━━━━━━ 13s 40ms/step - mae: 0.0756 - mse: 0.0095 - loss: 0.0098 - val_loss: 0.0095 - val_fr_target_loss_50: 1.2394 - val_fr_curve_loss_10: 0.1180 - val_fr_curve_loss_20: 0.4116 - val_fr_curve_loss_30: 0.7348 - val_fr_curve_loss_50: 1.2343

======================================================================
   PHASE 5/12: teacher_forcing
   Epochs: 2
   Learning Rate: 0.0018796000500798608
   Clipping Norm: 0.39292526841382724
   Horizon (train loss): 18
   Output timesteps (val_loss and fr_loss): 50
======================================================================

Epoch 11/30
309/309 ━━━━━━━━━━━━━━━━━━━━ 9s 29ms/step - mae: 0.0544 - mse: 0.0049 - loss: 0.0057 - val_loss: 0.0049
Epoch 12/30
309/309 ━━━━━━━━━━━━━━━━━━━━ 13s 40ms/step - mae: 0.0440 - mse: 0.0032 - loss: 0.0029 - val_loss: 0.0032 - val_fr_phase_loss_18: 0.7709 - val_fr_target_loss_50: 1.8074 - val_fr_curve_loss_10: 0.2469 - val_fr_curve_loss_20: 0.8992 - val_fr_curve_loss_30: 1.3264 - val_fr_curve_loss_50: 1.8037
[Optuna] trial=10 epoch=12 val_fr_phase_loss_18=0.770907 | median=0.306622 (n=9, p25=0.241964, p75=0.464775) | margin=+0.464285 (+151.42%)

======================================================================
   PHASE 6/12: masked_modeling
   Mask Prob: 0.2
   Mask Scope: time
   Mask Mode: constant
   Mask Value: 0.2
   Noise Sigma: None
   Noise Replace: False
   Epochs: 3
   Learning Rate: 0.0011277600300479164
   Clipping Norm: 0.31434021473106183
   Horizon (train loss): 18
   Output timesteps (val_loss and fr_loss): 50
======================================================================

Epoch 13/30
309/309 ━━━━━━━━━━━━━━━━━━━━ 9s 29ms/step - mae: 0.0640 - mse: 0.0069 - loss: 0.0105 - val_loss: 0.0069
Epoch 14/30
309/309 ━━━━━━━━━━━━━━━━━━━━ 12s 40ms/step - mae: 0.0586 - mse: 0.0058 - loss: 0.0065 - val_loss: 0.0058 - val_fr_phase_loss_18: 0.4220
[Optuna] trial=10 epoch=14 val_fr_phase_loss_18=0.422016 | median=0.347767 (n=9, p25=0.254186, p75=0.370721) | margin=+0.074249 (+21.35%)
Epoch 15/30
309/309 ━━━━━━━━━━━━━━━━━━━━ 13s 41ms/step - mae: 0.0546 - mse: 0.0050 - loss: 0.0055 - val_loss: 0.0050 - val_fr_target_loss_50: 1.5548 - val_fr_curve_loss_10: 0.1480 - val_fr_curve_loss_20: 0.6131 - val_fr_curve_loss_30: 1.0374 - val_fr_curve_loss_50: 1.5285

======================================================================
   PHASE 7/12: teacher_forcing
   Epochs: 2
   Learning Rate: 0.0018796000500798608
   Clipping Norm: 0.39292526841382724
   Horizon (train loss): 25
   Output timesteps (val_loss and fr_loss): 50
======================================================================

Epoch 16/30
309/309 ━━━━━━━━━━━━━━━━━━━━ 9s 29ms/step - mae: 0.0448 - mse: 0.0033 - loss: 0.0044 - val_loss: 0.0033
Epoch 17/30
309/309 ━━━━━━━━━━━━━━━━━━━━ 12s 40ms/step - mae: 0.0415 - mse: 0.0028 - loss: 0.0026 - val_loss: 0.0028 - val_fr_phase_loss_25: 1.3421 - val_fr_target_loss_50: 1.8931 - val_fr_curve_loss_10: 0.2996 - val_fr_curve_loss_20: 1.0872 - val_fr_curve_loss_30: 1.5075 - val_fr_curve_loss_50: 1.8811
[Optuna] trial=10 epoch=17 val_fr_phase_loss_25=1.34209 | median=0.552836 (n=9, p25=0.386318, p75=0.702531) | margin=+0.789251 (+142.76%)

======================================================================
   PHASE 8/12: masked_modeling
   Mask Prob: 0.2
   Mask Scope: time
   Mask Mode: noise
   Mask Value: None
   Noise Sigma: 0.1
   Noise Replace: False
   Epochs: 3
   Learning Rate: 0.0009398000250399304
   Clipping Norm: 0.29469395131037046
   Horizon (train loss): 25
   Output timesteps (val_loss and fr_loss): 50
======================================================================

Epoch 18/30
309/309 ━━━━━━━━━━━━━━━━━━━━ 9s 29ms/step - mae: 0.0382 - mse: 0.0024 - loss: 0.0033 - val_loss: 0.0024
Epoch 19/30
309/309 ━━━━━━━━━━━━━━━━━━━━ 12s 40ms/step - mae: 0.0384 - mse: 0.0024 - loss: 0.0029 - val_loss: 0.0024 - val_fr_phase_loss_25: 0.3669
[Optuna] trial=10 epoch=19 val_fr_phase_loss_25=0.366865 | median=0.342474 (n=9, p25=0.336031, p75=0.399318) | margin=+0.0243906 (+7.12%)
Epoch 20/30
309/309 ━━━━━━━━━━━━━━━━━━━━ 13s 41ms/step - mae: 0.0381 - mse: 0.0024 - loss: 0.0028 - val_loss: 0.0024 - val_fr_target_loss_50: 1.0859 - val_fr_curve_loss_10: 0.0542 - val_fr_curve_loss_20: 0.2573 - val_fr_curve_loss_30: 0.5531 - val_fr_curve_loss_50: 1.0696

======================================================================
   PHASE 9/12: teacher_forcing
   Epochs: 2
   Learning Rate: 0.0018796000500798608
   Clipping Norm: 0.39292526841382724
   Horizon (train loss): 38
   Output timesteps (val_loss and fr_loss): 50
======================================================================

Epoch 21/30
309/309 ━━━━━━━━━━━━━━━━━━━━ 9s 29ms/step - mae: 0.0439 - mse: 0.0032 - loss: 0.0042 - val_loss: 0.0032
Epoch 22/30
309/309 ━━━━━━━━━━━━━━━━━━━━ 12s 40ms/step - mae: 0.0369 - mse: 0.0023 - loss: 0.0019 - val_loss: 0.0023 - val_fr_phase_loss_38: 1.7150 - val_fr_target_loss_50: 1.8959 - val_fr_curve_loss_10: 0.2931 - val_fr_curve_loss_20: 1.0662 - val_fr_curve_loss_30: 1.4768 - val_fr_curve_loss_50: 1.8627
[Optuna] trial=10 epoch=22 val_fr_phase_loss_38=1.715 | median=0.797586 (n=9, p25=0.688537, p75=1.07656) | margin=+0.917413 (+115.02%)

======================================================================
   PHASE 10/12: masked_modeling
   Mask Prob: 0.25
   Mask Scope: time
   Mask Mode: noise
   Mask Value: None
   Noise Sigma: 0.1
   Noise Replace: False
   Epochs: 3
   Learning Rate: 0.0007518400200319443
   Clipping Norm: 0.27504768788967904
   Horizon (train loss): 38
   Output timesteps (val_loss and fr_loss): 50
======================================================================

Epoch 23/30
309/309 ━━━━━━━━━━━━━━━━━━━━ 9s 29ms/step - mae: 0.0331 - mse: 0.0018 - loss: 0.0032 - val_loss: 0.0018
Epoch 24/30
309/309 ━━━━━━━━━━━━━━━━━━━━ 13s 41ms/step - mae: 0.0322 - mse: 0.0017 - loss: 0.0025 - val_loss: 0.0017 - val_fr_phase_loss_38: 0.5776
[Optuna] trial=10 epoch=24 val_fr_phase_loss_38=0.577561 | median=0.592459 (n=9, p25=0.559141, p75=0.690956) | margin=-0.0148979 (-2.51%)
Epoch 25/30
309/309 ━━━━━━━━━━━━━━━━━━━━ 13s 41ms/step - mae: 0.0330 - mse: 0.0018 - loss: 0.0023 - val_loss: 0.0018 - val_fr_target_loss_50: 0.9531 - val_fr_curve_loss_10: 0.0396 - val_fr_curve_loss_20: 0.1915 - val_fr_curve_loss_30: 0.4440 - val_fr_curve_loss_50: 0.9501

======================================================================
   PHASE 11/12: teacher_forcing
   Epochs: 2
   Learning Rate: 0.0018796000500798608
   Clipping Norm: 0.39292526841382724
   Horizon (train loss): 50
   Output timesteps (val_loss and fr_loss): 50
======================================================================

Epoch 26/30
309/309 ━━━━━━━━━━━━━━━━━━━━ 9s 29ms/step - mae: 0.0391 - mse: 0.0025 - loss: 0.0040 - val_loss: 0.0025
Epoch 27/30
309/309 ━━━━━━━━━━━━━━━━━━━━ 13s 40ms/step - mae: 0.0319 - mse: 0.0017 - loss: 0.0014 - val_loss: 0.0017 - val_fr_phase_loss_50: 2.3374 - val_fr_target_loss_50: 2.3555 - val_fr_curve_loss_10: 0.3926 - val_fr_curve_loss_20: 1.5012 - val_fr_curve_loss_30: 1.9728 - val_fr_curve_loss_50: 2.3518
[Optuna] trial=10 epoch=27 val_fr_phase_loss_50=2.33744 | median=1.09654 (n=9, p25=0.943545, p75=1.38512) | margin=+1.2409 (+113.16%)

======================================================================
   PHASE 12/12: masked_modeling
   Mask Prob: 0.25
   Mask Scope: time
   Mask Mode: noise
   Mask Value: None
   Noise Sigma: 0.1
   Noise Replace: True
   Epochs: 3
   Learning Rate: 0.0006766560180287498
   Clipping Norm: 0.2554014244689877
   Horizon (train loss): 50
   Output timesteps (val_loss and fr_loss): 50
======================================================================

Epoch 28/30
309/309 ━━━━━━━━━━━━━━━━━━━━ 9s 29ms/step - mae: 0.0455 - mse: 0.0036 - loss: 0.0187 - val_loss: 0.0036
Epoch 29/30
309/309 ━━━━━━━━━━━━━━━━━━━━ 13s 40ms/step - mae: 0.0364 - mse: 0.0023 - loss: 0.0048 - val_loss: 0.0023 - val_fr_phase_loss_50: 1.1978
[Optuna] trial=10 epoch=29 val_fr_phase_loss_50=1.19779 | median=1.2928 (n=9, p25=1.11595, p75=1.62725) | margin=-0.0950069 (-7.35%)
Epoch 30/30
309/309 ━━━━━━━━━━━━━━━━━━━━ 13s 41ms/step - mae: 0.0334 - mse: 0.0019 - loss: 0.0036 - val_loss: 0.0019 - val_fr_target_loss_50: 1.2695 - val_fr_curve_loss_10: 0.0591 - val_fr_curve_loss_20: 0.3015 - val_fr_curve_loss_30: 0.6642 - val_fr_curve_loss_50: 1.2557
Final loss: 0.0036
Predicting all test samples in free_running mode...
  X shape: (2280, 200, 55)
  Y shape: (2280, 50, 55)
  Pred shape: (2280, 50, 55)

 step | target                | pred                  | abs_err
------|-----------------------|-----------------------|----------------------
   25 | [ 4.139746e-01  2.252291e+00  7.680922e-02 -1.082321e+00  1.330184e-01
 -2.749080e-01  6.398940e-01 -1.222357e+00  1.964076e+00  2.024013e-01
 -1.249584e+00  1.684962e-01  6.261574e-01  7.681609e-01 -1.833026e+00
  4.305243e-01 -6.649562e-01  3.213241e-02 -4.315943e-01 -9.406051e-01
 -3.335454e-01  8.885246e-01  1.287808e+00  7.899810e-01 -2.762157e-01
  1.005897e+00 -2.825402e-01 -5.396542e-01 -1.754732e-01  2.526159e-01
 -1.215466e+00 -7.651589e-01 -1.200358e-01  4.952903e-01 -4.308359e-01
 -7.325999e-01  1.170439e+00  1.235309e+00 -8.311886e-01 -7.979621e-01
 -9.821695e-01  2.076884e-01  3.238765e-01 -1.923588e-01 -4.145486e-01
 -3.828006e-01 -3.487313e-02  1.245124e-03  1.581712e-01  5.641804e-01
  2.155083e-01 -1.144052e-01 -1.354365e+00 -3.214316e-01 -1.550427e+00] | [ 1.461308  2.150459 -0.3642   -0.100325  0.89044   0.780425  1.130268
 -1.581274  2.538344 -0.074691 -1.672758  1.491508  0.48557  -0.57988
 -0.244551 -1.516607 -0.246307  0.507823 -2.123213 -0.943252 -0.600107
  0.827706  1.989969 -0.010476  1.78194   0.605274 -1.110154 -0.537889
 -0.023179  0.073286 -0.743349  0.188822  0.905608  0.227735 -1.037095
 -1.955105  1.234978  1.944849  1.878315  1.249732 -2.122326  0.333543
  0.148366  0.248478  1.433205 -1.122441 -2.637735  0.033997 -1.095595
 -0.156168 -0.752559  1.565375 -1.439652 -0.272743 -1.433268] | [1.047333e+00 1.018322e-01 4.410093e-01 9.819968e-01 7.574212e-01
 1.055333e+00 4.903740e-01 3.589171e-01 5.742674e-01 2.770925e-01
 4.231737e-01 1.323012e+00 1.405873e-01 1.348041e+00 1.588475e+00
 1.947131e+00 4.186494e-01 4.756902e-01 1.691618e+00 2.646863e-03
 2.665612e-01 6.081855e-02 7.021614e-01 8.004571e-01 2.058156e+00
 4.006231e-01 8.276137e-01 1.765370e-03 1.522941e-01 1.793301e-01
 4.721172e-01 9.539812e-01 1.025643e+00 2.675550e-01 6.062593e-01
 1.222505e+00 6.453919e-02 7.095402e-01 2.709504e+00 2.047694e+00
 1.140156e+00 1.258547e-01 1.755108e-01 4.408369e-01 1.847754e+00
 7.396408e-01 2.602862e+00 3.275216e-02 1.253766e+00 7.203482e-01
 9.680668e-01 1.679780e+00 8.528626e-02 4.868859e-02 1.171594e-01]
   26 | [ 0.433902  2.276946  0.062718 -1.073421  0.149295 -0.261739  0.66411
 -1.190588  1.970693  0.211786 -1.280325  0.091743  0.630177  0.811665
 -1.905444  0.590891 -0.648677  0.010101 -0.341095 -0.950394 -0.271225
  0.842781  1.340023  0.789891 -0.296955  0.983707 -0.332591 -0.535192
 -0.171397  0.217021 -1.236176 -0.75049  -0.169815  0.501318 -0.449502
 -0.772153  1.203705  1.218394 -0.873595 -0.731515 -1.003057  0.192291
  0.338178 -0.172599 -0.562203 -0.409968  0.071482 -0.035004  0.178969
  0.522649  0.281281 -0.172402 -1.38113  -0.280718 -1.561255] | [ 1.495157  2.158492 -0.399038 -0.072254  0.886651  0.857181  1.118903
 -1.57023   2.552882 -0.081737 -1.691638  1.396372  0.475694 -0.451039
 -0.189293 -1.445938 -0.278503  0.528808 -2.031638 -0.951436 -0.595301
  0.787796  2.137523 -0.010812  1.850574  0.527002 -1.133492 -0.506719
 -0.030312  0.092891 -0.766371  0.304628  0.858578  0.158052 -1.025814
 -1.971549  1.267581  1.963769  1.888903  1.399161 -2.146392  0.275112
  0.119333  0.291371  1.357004 -1.17906  -2.629272  0.027255 -1.124567
 -0.203253 -0.725095  1.596964 -1.461135 -0.30668  -1.423066] | [1.061255e+00 1.184537e-01 4.617560e-01 1.001168e+00 7.373559e-01
 1.118919e+00 4.547925e-01 3.796417e-01 5.821888e-01 2.935238e-01
 4.113123e-01 1.304629e+00 1.544830e-01 1.262704e+00 1.716151e+00
 2.036829e+00 3.701741e-01 5.187067e-01 1.690543e+00 1.041889e-03
 3.240768e-01 5.498427e-02 7.974993e-01 8.007025e-01 2.147530e+00
 4.567049e-01 8.009011e-01 2.847314e-02 1.410850e-01 1.241304e-01
 4.698050e-01 1.055118e+00 1.028393e+00 3.432654e-01 5.763116e-01
 1.199396e+00 6.387579e-02 7.453753e-01 2.762497e+00 2.130676e+00
 1.143335e+00 8.282073e-02 2.188453e-01 4.639703e-01 1.919207e+00
 7.690922e-01 2.700754e+00 6.225850e-02 1.303536e+00 7.259017e-01
 1.006376e+00 1.769366e+00 8.000541e-02 2.596128e-02 1.381888e-01]
   27 | [ 0.45137   2.29779   0.046898 -1.065959  0.163722 -0.251176  0.686906
 -1.158318  1.973541  0.218812 -1.306769  0.020961  0.635355  0.846673
 -1.973424  0.752938 -0.63128  -0.009811 -0.250043 -0.95588  -0.208485
  0.794828  1.389242  0.786713 -0.314912  0.961981 -0.384025 -0.528408
 -0.166389  0.176889 -1.255981 -0.733755 -0.216556  0.503603 -0.465744
 -0.812322  1.237801  1.200935 -0.913572 -0.661274 -1.020813  0.176508
  0.350492 -0.15451  -0.707661 -0.434216  0.179125 -0.073381  0.197581
  0.481679  0.341621 -0.226467 -1.405437 -0.237464 -1.567991] | [ 1.518971  2.162194 -0.436899 -0.046579  0.879999  0.935175  1.094156
 -1.55156   2.558895 -0.081485 -1.704147  1.304449  0.461839 -0.323154
 -0.130632 -1.37043  -0.302449  0.559656 -1.92899  -0.956943 -0.594315
  0.761481  2.275171 -0.007434  1.921636  0.4481   -1.164589 -0.478771
 -0.029978  0.111585 -0.785124  0.427077  0.809211  0.070855 -1.004666
 -1.984723  1.288777  1.975594  1.900499  1.539818 -2.154761  0.223153
  0.086331  0.324646  1.287336 -1.232572 -2.606704  0.017416 -1.147619
 -0.235933 -0.698306  1.631002 -1.479147 -0.342665 -1.416089] | [1.067601e+00 1.355953e-01 4.837968e-01 1.019380e+00 7.162771e-01
 1.186351e+00 4.072503e-01 3.932425e-01 5.853534e-01 3.002967e-01
 3.973776e-01 1.283489e+00 1.735160e-01 1.169827e+00 1.842793e+00
 2.123368e+00 3.288313e-01 5.694675e-01 1.678947e+00 1.063645e-03
 3.858293e-01 3.334749e-02 8.859288e-01 7.941473e-01 2.236549e+00
 5.138807e-01 7.805643e-01 4.963732e-02 1.364114e-01 6.530447e-02
 4.708571e-01 1.160831e+00 1.025767e+00 4.327482e-01 5.389218e-01
 1.172401e+00 5.097592e-02 7.746590e-01 2.814071e+00 2.201092e+00
 1.133948e+00 4.664522e-02 2.641616e-01 4.791565e-01 1.994997e+00
 7.983563e-01 2.785828e+00 9.079695e-02 1.345200e+00 7.176119e-01
 1.039928e+00 1.857470e+00 7.370996e-02 1.052008e-01 1.519029e-01]
   28 | [ 0.466327  2.314783  0.029422 -1.059933  0.176249 -0.243234  0.708319
 -1.125542  1.97265   0.223477 -1.328843 -0.043589  0.641445  0.873025
 -2.036825  0.915869 -0.612772 -0.027353 -0.158771 -0.957077 -0.145636
  0.744967  1.435167  0.780424 -0.32991   0.940997 -0.436465 -0.519352
 -0.160183  0.132539 -1.274543 -0.714768 -0.260126  0.501926 -0.479514
 -0.852827  1.272629  1.183048 -0.950983 -0.587688 -1.035382  0.160153
  0.360566 -0.138091 -0.850494 -0.455552  0.287429 -0.113708  0.214089
  0.44125   0.396277 -0.27644  -1.427296 -0.191884 -1.570648] | [ 1.532924e+00  2.163289e+00 -4.778698e-01 -2.521945e-02  8.652999e-01
  1.010445e+00  1.060706e+00 -1.532869e+00  2.561449e+00 -7.796761e-02
 -1.707906e+00  1.213998e+00  4.458740e-01 -1.959209e-01 -7.110651e-02
 -1.293506e+00 -3.222895e-01  6.022335e-01 -1.818161e+00 -9.573358e-01
 -5.956160e-01  7.448153e-01  2.406971e+00 -2.530095e-03  1.994101e+00
  3.671077e-01 -1.199668e+00 -4.491935e-01 -2.592747e-02  1.304274e-01
 -8.043989e-01  5.548816e-01  7.585973e-01 -2.950649e-02 -9.743459e-01
 -1.993197e+00  1.301216e+00  1.983601e+00  1.910077e+00  1.670511e+00
 -2.152184e+00  1.726651e-01  4.922043e-02  3.519640e-01  1.220482e+00
 -1.278202e+00 -2.572923e+00  7.021469e-03 -1.166991e+00 -2.571142e-01
 -6.762353e-01  1.666118e+00 -1.494616e+00 -3.806278e-01 -1.409720e+00] | [1.066596e+00 1.514938e-01 5.072922e-01 1.034714e+00 6.890509e-01
 1.253679e+00 3.523872e-01 4.073278e-01 5.887984e-01 3.014442e-01
 3.790625e-01 1.257588e+00 1.955709e-01 1.068946e+00 1.965718e+00
 2.209375e+00 2.904829e-01 6.295860e-01 1.659390e+00 2.584457e-04
 4.499800e-01 1.512766e-04 9.718032e-01 7.829543e-01 2.324012e+00
 5.738896e-01 7.632028e-01 7.015857e-02 1.342553e-01 2.111837e-03
 4.701442e-01 1.269649e+00 1.018724e+00 5.314323e-01 4.948323e-01
 1.140370e+00 2.858639e-02 8.005532e-01 2.861060e+00 2.258199e+00
 1.116802e+00 1.251183e-02 3.113456e-01 4.900554e-01 2.070976e+00
 8.226500e-01 2.860352e+00 1.207295e-01 1.381080e+00 6.983638e-01
 1.072512e+00 1.942558e+00 6.731975e-02 1.887437e-01 1.609275e-01]
   29 | [ 0.478732  2.32789   0.010362 -1.055353  0.186818 -0.237931  0.728378
 -1.09227   1.968046  0.225786 -1.346491 -0.1017    0.648197  0.890628
 -2.095523  1.078877 -0.593175 -0.042284 -0.067607 -0.95402  -0.082985
  0.693516  1.47754   0.771024 -0.341791  0.921028 -0.489508 -0.508082
 -0.152506  0.084329 -1.291529 -0.693373 -0.30041   0.496102 -0.49077
 -0.893374  1.308082  1.164834 -0.985713 -0.511238 -1.046716  0.143051
  0.368166 -0.123325 -0.990295 -0.473989  0.395794 -0.155784  0.228586
  0.401343  0.445038 -0.322183 -1.446722 -0.144214 -1.56925 ] | [ 1.536839  2.160672 -0.521201 -0.008732  0.841796  1.08106   1.020257
 -1.514866  2.561042 -0.07253  -1.702088  1.125034  0.428046 -0.069968
 -0.012408 -1.215909 -0.337855  0.656612 -1.700567 -0.951641 -0.598644
  0.736292  2.532653  0.002967  2.066681  0.28388  -1.237819 -0.416955
 -0.018948  0.149146 -0.824978  0.687938  0.706436 -0.141578 -0.935362
 -1.996219  1.305695  1.987218  1.91666   1.789714 -2.139353  0.122696
  0.008712  0.374357  1.155442 -1.314495 -2.528069 -0.003179 -1.182346
 -0.268176 -0.659798  1.701248 -1.507749 -0.420231 -1.403038] | [1.058107e+00 1.672184e-01 5.315626e-01 1.046621e+00 6.549780e-01
 1.318991e+00 2.918791e-01 4.225957e-01 5.929960e-01 2.983153e-01
 3.555976e-01 1.226734e+00 2.201506e-01 9.605962e-01 2.083115e+00
 2.294786e+00 2.553203e-01 6.988966e-01 1.632960e+00 2.379298e-03
 5.156589e-01 4.277545e-02 1.055113e+00 7.680568e-01 2.408472e+00
 6.371483e-01 7.483111e-01 9.112671e-02 1.335576e-01 6.481654e-02
 4.665517e-01 1.381311e+00 1.006845e+00 6.376801e-01 4.445924e-01
 1.102845e+00 2.387404e-03 8.223844e-01 2.902374e+00 2.300952e+00
 1.092636e+00 2.035545e-02 3.594540e-01 4.976826e-01 2.145737e+00
 8.405063e-01 2.923862e+00 1.526051e-01 1.410931e+00 6.695190e-01
 1.104836e+00 2.023430e+00 6.102765e-02 2.760162e-01 1.662124e-01]
model built: True
num weights: 38
{'mae': [0.1436995416879654, 0.10741938650608063, 0.11844703555107117, 0.1074819341301918, 0.10053018480539322, 0.08367611467838287, 0.06376107037067413, 0.09617821872234344, 0.08452233672142029, 0.07558558881282806, 0.05443897843360901, 0.043956637382507324, 0.06398049741983414, 0.058559849858284, 0.05457117781043053, 0.044816408306360245, 0.04150812327861786, 0.03820039704442024, 0.038383837789297104, 0.038061853498220444, 0.04393760859966278, 0.03692319616675377, 0.03309252858161926, 0.03215305134654045, 0.032980695366859436, 0.039068304002285004, 0.03190690279006958, 0.04547380283474922, 0.03644563630223274, 0.03341791778802872], 'mse': [0.033076390624046326, 0.01854049786925316, 0.02281920798122883, 0.018784284591674805, 0.016475513577461243, 0.01137561071664095, 0.006574338302016258, 0.015382463112473488, 0.011848879978060722, 0.009505502879619598, 0.004893845412880182, 0.003194290678948164, 0.006876503583043814, 0.005783467553555965, 0.005009832326322794, 0.003339128103107214, 0.0028278292156755924, 0.002403226215392351, 0.0024125827476382256, 0.002378410194069147, 0.003169045550748706, 0.002276279963552952, 0.001804367289878428, 0.0017047679284587502, 0.001797097735106945, 0.0025388875510543585, 0.0017273513367399573, 0.0035667698830366135, 0.0022695367224514484, 0.0018991100369021297], 'loss': [0.15780946612358093, 0.020744530484080315, 0.029819300398230553, 0.0197996087372303, 0.01565580815076828, 0.01846570521593094, 0.00627120491117239, 0.02056165039539337, 0.01265561394393444, 0.009764129295945168, 0.0056603471748530865, 0.0029304674826562405, 0.010490482673048973, 0.0065269614569842815, 0.00547407753765583, 0.004363135900348425, 0.0025871426332741976, 0.003341707168146968, 0.0028609754517674446, 0.0028027428779751062, 0.004192467778921127, 0.001947802840732038, 0.0032129210885614157, 0.002452271757647395, 0.002313433215022087, 0.003968751989305019, 0.0014253833796828985, 0.018706290051341057, 0.004760383628308773, 0.0036296567413955927], 'val_loss': [0.033076390624046326, 0.01854049786925316, 0.02281920798122883, 0.018784282729029655, 0.016475513577461243, 0.01137561071664095, 0.0065743387676775455, 0.015382464043796062, 0.011848879978060722, 0.009505502879619598, 0.004893845412880182, 0.003194290678948164, 0.006876503117382526, 0.005783467553555965, 0.005009832326322794, 0.003339128103107214, 0.0028278292156755924, 0.0024032259825617075, 0.0024125827476382256, 0.002378410194069147, 0.003169045550748706, 0.002276279963552952, 0.0018043676391243935, 0.0017047679284587502, 0.001797097735106945, 0.0025388875510543585, 0.0017273513367399573, 0.0035667705815285444, 0.0022695367224514484, 0.0018991100369021297], 'val_fr_phase_loss_5': [nan, 0.06404966861009598, nan, 0.03582427278161049, nan], 'val_fr_target_loss_50': [nan, 1.3734376430511475, nan, nan, 1.0371851921081543, nan, 1.7525267601013184, nan, nan, 1.2393977642059326, nan, 1.8074212074279785, nan, nan, 1.5548182725906372, nan, 1.8930962085723877, nan, nan, 1.0859370231628418, nan, 1.8959184885025024, nan, nan, 0.9530947804450989, nan, 2.3554892539978027, nan, nan, 1.2695415019989014], 'val_fr_curve_loss_10': [nan, 0.18127083778381348, nan, nan, 0.08849175274372101, nan, 0.24284231662750244, nan, nan, 0.11798500269651413, nan, 0.24691571295261383, nan, nan, 0.1479777842760086, nan, 0.2996140420436859, nan, nan, 0.05420652776956558, nan, 0.29311010241508484, nan, nan, 0.03964979201555252, nan, 0.39255741238594055, nan, nan, 0.05911305919289589], 'val_fr_curve_loss_20': [nan, 0.5105080604553223, nan, nan, 0.284983366727829, nan, 0.7896157503128052, nan, nan, 0.41156062483787537, nan, 0.8991604447364807, nan, nan, 0.613125741481781, nan, 1.087213158607483, nan, nan, 0.25731512904167175, nan, 1.0661503076553345, nan, nan, 0.19146108627319336, nan, 1.5011920928955078, nan, nan, 0.3015304505825043], 'val_fr_curve_loss_30': [nan, 0.8470419645309448, nan, nan, 0.5431312322616577, nan, 1.1970409154891968, nan, nan, 0.7348294258117676, nan, 1.3263798952102661, nan, nan, 1.0373777151107788, nan, 1.5075243711471558, nan, nan, 0.5531469583511353, nan, 1.4768223762512207, nan, nan, 0.44395655393600464, nan, 1.9727672338485718, nan, nan, 0.6641610264778137], 'val_fr_curve_loss_50': [nan, 1.3454837799072266, nan, nan, 1.0325621366500854, nan, 1.7225199937820435, nan, nan, 1.2342604398727417, nan, 1.8037011623382568, nan, nan, 1.5284889936447144, nan, 1.8810615539550781, nan, nan, 1.0695804357528687, nan, 1.8627125024795532, nan, nan, 0.9501417875289917, nan, 2.3517799377441406, nan, nan, 1.2557272911071777], 'val_fr_phase_loss_12': [nan, 0.3632177412509918, nan, 0.1492210477590561, nan], 'val_fr_phase_loss_18': [nan, 0.7709066867828369, nan, 0.42201581597328186, nan], 'val_fr_phase_loss_25': [nan, 1.3420872688293457, nan, 0.366864949464798, nan], 'val_fr_phase_loss_38': [nan, 1.7149986028671265, nan, 0.5775607228279114, nan], 'val_fr_phase_loss_50': [nan, 2.3374407291412354, nan, 1.1977921724319458, nan]}
Saved artifacts to: runs/tuning/full_seq_lstm_lvl1/trial_0010
