--- Number of Windows for Train = 9880
--- Number of Windows for Val = 3040
--- Number of Windows for Test = 2280
--- Curriculum = [10, 15, 20, 30, 40, 50]
--- fr_curve Outsteps = [1, 2, 3]

--- Training: prova1 [LSTM/FC/HYBRID]  ---

======================================================================
   PHASE 1/6: teacher_forcing
   Epochs: 6
   Learning Rate: 0.0002536487241928815
   Clipping Norm: 0.5669756705510426
   Horizon (train loss): 10
   Output timesteps (val_loss and fr_loss): 50
======================================================================

Epoch 1/30
309/309 ━━━━━━━━━━━━━━━━━━━━ 21s 46ms/step - mae: 0.1971 - loss: 0.2773 - val_loss: 0.0632
Epoch 2/30
309/309 ━━━━━━━━━━━━━━━━━━━━ 17s 56ms/step - mae: 0.1291 - loss: 0.0368 - val_loss: 0.0272 - val_fr_phase_loss_10: 0.0844
[Optuna] trial=16 epoch=2 val_fr_phase_loss_10=0.0843805 | median=0.149245 (n=12, p25=0.10947, p75=0.242301) | margin=-0.0648643 (-43.46%)
Epoch 3/30
309/309 ━━━━━━━━━━━━━━━━━━━━ 14s 45ms/step - mae: 0.0983 - loss: 0.0181 - val_loss: 0.0157
Epoch 4/30
309/309 ━━━━━━━━━━━━━━━━━━━━ 17s 56ms/step - mae: 0.0817 - loss: 0.0109 - val_loss: 0.0109 - val_fr_phase_loss_10: 0.0709
[Optuna] trial=16 epoch=4 val_fr_phase_loss_10=0.0708894 | median=0.113995 (n=12, p25=0.0949743, p75=0.138071) | margin=-0.0431052 (-37.81%)
Epoch 5/30
309/309 ━━━━━━━━━━━━━━━━━━━━ 13s 43ms/step - mae: 0.0687 - loss: 0.0074 - val_loss: 0.0077
Epoch 6/30
309/309 ━━━━━━━━━━━━━━━━━━━━ 17s 54ms/step - mae: 0.0599 - loss: 0.0055 - val_loss: 0.0059 - val_fr_phase_loss_10: 0.0641 - val_fr_target_loss_50: 1.1020 - val_fr_curve_loss_1: 0.0067 - val_fr_curve_loss_2: 0.0087 - val_fr_curve_loss_3: 0.0119
[Optuna] trial=16 epoch=6 val_fr_phase_loss_10=0.0641205 | median=0.111683 (n=12, p25=0.0890122, p75=0.135824) | margin=-0.0475626 (-42.59%)

======================================================================
   PHASE 2/6: masked_modeling
   Mask Prob: 0.15
   Mask Scope: time
   Mask Mode: constant
   Mask Value: 0.2
   Noise Sigma: None
   Noise Replace: False
   Epochs: 6
   Learning Rate: 0.00020291897935430518
   Clipping Norm: 0.5102781034959384
   Horizon (train loss): 15
   Output timesteps (val_loss and fr_loss): 50
======================================================================

Epoch 7/30
309/309 ━━━━━━━━━━━━━━━━━━━━ 13s 44ms/step - mae: 0.1204 - loss: 0.0325 - val_loss: 0.0234
Epoch 8/30
309/309 ━━━━━━━━━━━━━━━━━━━━ 17s 55ms/step - mae: 0.1176 - loss: 0.0254 - val_loss: 0.0225 - val_fr_phase_loss_15: 0.1486
[Optuna] trial=16 epoch=8 val_fr_phase_loss_15=0.148594 | median=0.16574 (n=12, p25=0.153489, p75=0.226175) | margin=-0.0171456 (-10.34%)
Epoch 9/30
309/309 ━━━━━━━━━━━━━━━━━━━━ 13s 43ms/step - mae: 0.1133 - loss: 0.0226 - val_loss: 0.0210
Epoch 10/30
309/309 ━━━━━━━━━━━━━━━━━━━━ 17s 56ms/step - mae: 0.1117 - loss: 0.0204 - val_loss: 0.0206 - val_fr_phase_loss_15: 0.1249
[Optuna] trial=16 epoch=10 val_fr_phase_loss_15=0.124889 | median=0.14183 (n=12, p25=0.128297, p75=0.202984) | margin=-0.0169406 (-11.94%)
Epoch 11/30
309/309 ━━━━━━━━━━━━━━━━━━━━ 17s 43ms/step - mae: 0.1108 - loss: 0.0183 - val_loss: 0.0205
Epoch 12/30
309/309 ━━━━━━━━━━━━━━━━━━━━ 17s 56ms/step - mae: 0.1029 - loss: 0.0166 - val_loss: 0.0177 - val_fr_phase_loss_15: 0.1042 - val_fr_target_loss_50: 0.7889 - val_fr_curve_loss_1: 0.0110 - val_fr_curve_loss_2: 0.0119 - val_fr_curve_loss_3: 0.0140
[Optuna] trial=16 epoch=12 val_fr_phase_loss_15=0.104174 | median=0.138083 (n=12, p25=0.117424, p75=0.183115) | margin=-0.0339082 (-24.56%)

======================================================================
   PHASE 3/6: scheduled_sampling
   Tf Ratio Start: 1.0
   Tf Ratio End: 0.35
   Per Feature: True
   Stop Grad Pred: True
   Ratio Mode: sigmoid
   Mid Point: 0.6
   Sharpness: 10.0
   Power Value: 2.0
   Epochs: 8
   Learning Rate: 0.00017755410693501704
   Clipping Norm: 0.48192931996838617
   Horizon (train loss): 20
   Output timesteps (val_loss and fr_loss): 50
======================================================================

Epoch 13/30
309/309 ━━━━━━━━━━━━━━━━━━━━ 176s 571ms/step - mae: 0.0628 - loss: 0.0072 - val_loss: 0.0065
Epoch 14/30
309/309 ━━━━━━━━━━━━━━━━━━━━ 178s 575ms/step - mae: 0.0526 - loss: 0.0040 - val_loss: 0.0045 - val_fr_phase_loss_20: 0.1371
[Optuna] trial=16 epoch=14 val_fr_phase_loss_20=0.137085 | median=0.217633 (n=12, p25=0.166256, p75=0.235753) | margin=-0.0805475 (-37.01%)
Epoch 15/30
309/309 ━━━━━━━━━━━━━━━━━━━━ 173s 561ms/step - mae: 0.0478 - loss: 0.0031 - val_loss: 0.0037
Epoch 16/30
309/309 ━━━━━━━━━━━━━━━━━━━━ 175s 566ms/step - mae: 0.0439 - loss: 0.0030 - val_loss: 0.0032 - val_fr_phase_loss_20: 0.1529
[Optuna] trial=16 epoch=16 val_fr_phase_loss_20=0.152887 | median=0.233933 (n=12, p25=0.194878, p75=0.290804) | margin=-0.081046 (-34.64%)
Epoch 17/30
309/309 ━━━━━━━━━━━━━━━━━━━━ 170s 550ms/step - mae: 0.0419 - loss: 0.0042 - val_loss: 0.0029
Epoch 18/30
309/309 ━━━━━━━━━━━━━━━━━━━━ 174s 562ms/step - mae: 0.0426 - loss: 0.0083 - val_loss: 0.0030 - val_fr_phase_loss_20: 0.1805
[Optuna] trial=16 epoch=18 val_fr_phase_loss_20=0.180509 | median=0.234413 (n=12, p25=0.18743, p75=0.257044) | margin=-0.0539041 (-23.00%)
Epoch 19/30
309/309 ━━━━━━━━━━━━━━━━━━━━ 171s 552ms/step - mae: 0.0415 - loss: 0.0124 - val_loss: 0.0028
Epoch 20/30
309/309 ━━━━━━━━━━━━━━━━━━━━ 175s 565ms/step - mae: 0.0390 - loss: 0.0136 - val_loss: 0.0025 - val_fr_phase_loss_20: 0.1498 - val_fr_target_loss_50: 0.7547 - val_fr_curve_loss_1: 0.0026 - val_fr_curve_loss_2: 0.0036 - val_fr_curve_loss_3: 0.0051
[Optuna] trial=16 epoch=20 val_fr_phase_loss_20=0.149844 | median=0.203956 (n=12, p25=0.163274, p75=0.217538) | margin=-0.0541118 (-26.53%)

======================================================================
   PHASE 4/6: masked_modeling
   Mask Prob: 0.2
   Mask Scope: time
   Mask Mode: noise
   Mask Value: None
   Noise Sigma: 0.1
   Noise Replace: False
   Epochs: 4
   Learning Rate: 0.0001521892345157289
   Clipping Norm: 0.45358053644083407
   Horizon (train loss): 30
   Output timesteps (val_loss and fr_loss): 50
======================================================================

Epoch 21/30
309/309 ━━━━━━━━━━━━━━━━━━━━ 13s 43ms/step - mae: 0.0330 - loss: 0.0021 - val_loss: 0.0018
Epoch 22/30
309/309 ━━━━━━━━━━━━━━━━━━━━ 18s 57ms/step - mae: 0.0322 - loss: 0.0020 - val_loss: 0.0017 - val_fr_phase_loss_30: 0.2759
[Optuna] trial=16 epoch=22 val_fr_phase_loss_30=0.275884 | median=0.267577 (n=12, p25=0.25391, p75=0.431693) | margin=+0.00830643 (+3.10%)
Epoch 23/30
309/309 ━━━━━━━━━━━━━━━━━━━━ 13s 42ms/step - mae: 0.0313 - loss: 0.0020 - val_loss: 0.0016
Epoch 24/30
309/309 ━━━━━━━━━━━━━━━━━━━━ 18s 57ms/step - mae: 0.0310 - loss: 0.0020 - val_loss: 0.0016 - val_fr_phase_loss_30: 0.2815 - val_fr_target_loss_50: 0.6813 - val_fr_curve_loss_1: 0.0020 - val_fr_curve_loss_2: 0.0028 - val_fr_curve_loss_3: 0.0039
[Optuna] trial=16 epoch=24 val_fr_phase_loss_30=0.281508 | median=0.276735 (n=12, p25=0.266242, p75=0.431357) | margin=+0.00477211 (+1.72%)

======================================================================
   PHASE 5/6: full_autoregressive
   Gradient Through Time: False
   Epochs: 4
   Learning Rate: 0.00012682436209644074
   Clipping Norm: 0.42523175291328197
   Horizon (train loss): 40
   Output timesteps (val_loss and fr_loss): 50
======================================================================

Epoch 25/30
309/309 ━━━━━━━━━━━━━━━━━━━━ 157s 508ms/step - mae: 0.1489 - loss: 0.3812 - val_loss: 0.0389
Epoch 26/30
309/309 ━━━━━━━━━━━━━━━━━━━━ 164s 532ms/step - mae: 0.1451 - loss: 0.2688 - val_loss: 0.0370 - val_fr_phase_loss_40: 0.2943
[Optuna] trial=16 epoch=26 val_fr_phase_loss_40=0.294343 | median=0.303671 (n=12, p25=0.22239, p75=0.45258) | margin=-0.00932769 (-3.07%)
Epoch 27/30
309/309 ━━━━━━━━━━━━━━━━━━━━ 158s 510ms/step - mae: 0.1363 - loss: 0.2394 - val_loss: 0.0328
Epoch 28/30
309/309 ━━━━━━━━━━━━━━━━━━━━ 162s 525ms/step - mae: 0.1331 - loss: 0.2237 - val_loss: 0.0314 - val_fr_phase_loss_40: 0.2643 - val_fr_target_loss_50: 0.3397 - val_fr_curve_loss_1: 0.0112 - val_fr_curve_loss_2: 0.0111 - val_fr_curve_loss_3: 0.0122
[Optuna] trial=16 epoch=28 val_fr_phase_loss_40=0.264305 | median=0.290067 (n=12, p25=0.176097, p75=0.381528) | margin=-0.0257625 (-8.88%)

======================================================================
   PHASE 6/6: full_autoregressive
   Gradient Through Time: True
   Epochs: 2
   Learning Rate: 7.609461725786444e-05
   Clipping Norm: 0.34018540233062555
   Horizon (train loss): 50
   Output timesteps (val_loss and fr_loss): 50
======================================================================

Epoch 29/30
309/309 ━━━━━━━━━━━━━━━━━━━━ 156s 506ms/step - mae: 0.1390 - loss: 0.2525 - val_loss: 0.0337
Epoch 30/30
309/309 ━━━━━━━━━━━━━━━━━━━━ 160s 522ms/step - mae: 0.1360 - loss: 0.2345 - val_loss: 0.0323 - val_fr_phase_loss_50: 0.3024 - val_fr_target_loss_50: 0.3086 - val_fr_curve_loss_1: 0.0223 - val_fr_curve_loss_2: 0.0208 - val_fr_curve_loss_3: 0.0211
[Optuna] trial=16 epoch=30 val_fr_phase_loss_50=0.302382 | median=0.336682 (n=12, p25=0.21193, p75=0.395229) | margin=-0.0343 (-10.19%)
Final loss: 0.2345
Predicting all test samples in free_running mode...
  X shape: (2280, 200, 36)
  Y shape: (2280, 50, 36)
  Pred shape: (2280, 50, 36)

 step | target                | pred                  | abs_err
------|-----------------------|-----------------------|----------------------
   25 | [ 0.413975  2.252291  0.076809 -1.082321  0.133018 -0.274908  0.639894
 -1.222357 -1.249584  0.168496  0.626157  0.768161 -1.833026  0.430524
 -0.664956 -0.940605 -0.333545  0.888525  1.287808  0.789981 -0.276216
 -0.539654 -0.175473  0.252616 -1.215466 -0.765159 -0.430836 -0.7326
  1.170439  1.235309 -0.98217   0.207688  0.323877 -0.382801 -0.034873
  0.56418 ] | [ 0.224033  1.948933 -0.404682 -0.881608 -0.139106 -0.446448  0.841363
 -1.354674 -1.280156  0.479338  0.061984  0.539909 -0.280358 -0.686408
  0.025645 -0.770644 -0.097773  0.853616  0.950341  0.614011  0.093338
 -0.192485 -0.19709   0.662658 -0.259254 -0.402432  0.046679 -0.133328
  0.876539  1.590332 -0.558951  0.651707  0.604404 -0.59801  -0.25377
  0.519122] | [0.189941 0.303358 0.481492 0.200713 0.272125 0.17154  0.201469 0.132317
 0.030572 0.310842 0.564173 0.228252 1.552667 1.116932 0.690602 0.169961
 0.235773 0.034909 0.337467 0.17597  0.369553 0.347169 0.021617 0.410042
 0.956212 0.362727 0.477515 0.599271 0.2939   0.355024 0.423219 0.444018
 0.280527 0.215209 0.218897 0.045058]
   26 | [ 0.433902  2.276946  0.062718 -1.073421  0.149295 -0.261739  0.66411
 -1.190588 -1.280325  0.091743  0.630177  0.811665 -1.905444  0.590891
 -0.648677 -0.950394 -0.271225  0.842781  1.340023  0.789891 -0.296955
 -0.535192 -0.171397  0.217021 -1.236176 -0.75049  -0.449502 -0.772153
  1.203705  1.218394 -1.003057  0.192291  0.338178 -0.409968  0.071482
  0.522649] | [ 0.247054  1.962437 -0.414202 -0.85234  -0.13486  -0.445667  0.85196
 -1.333755 -1.302839  0.463764  0.007771  0.585864 -0.318325 -0.637639
  0.071172 -0.77565  -0.084314  0.823482  0.965773  0.591701  0.066345
 -0.197893 -0.157523  0.676709 -0.207561 -0.368728  0.028273 -0.120817
  0.897407  1.611531 -0.55012   0.643083  0.608804 -0.60821  -0.221705
  0.494167] | [0.186848 0.314509 0.47692  0.221081 0.284155 0.183929 0.18785  0.143167
 0.022514 0.372021 0.622406 0.225801 1.587119 1.228531 0.719849 0.174744
 0.18691  0.019299 0.37425  0.19819  0.3633   0.337299 0.013874 0.459688
 1.028615 0.381762 0.477775 0.651336 0.306298 0.393137 0.452936 0.450792
 0.270626 0.198243 0.293187 0.028482]
   27 | [ 0.45137   2.29779   0.046898 -1.065959  0.163722 -0.251176  0.686906
 -1.158318 -1.306769  0.020961  0.635355  0.846673 -1.973424  0.752938
 -0.63128  -0.95588  -0.208485  0.794828  1.389242  0.786713 -0.314912
 -0.528408 -0.166389  0.176889 -1.255981 -0.733755 -0.465744 -0.812322
  1.237801  1.200935 -1.020813  0.176508  0.350492 -0.434216  0.179125
  0.481679] | [ 0.268327  1.971849 -0.423307 -0.823942 -0.13182  -0.446318  0.860981
 -1.313401 -1.320723  0.451856 -0.04562   0.625859 -0.355554 -0.590249
  0.113419 -0.776692 -0.073525  0.791985  0.978196  0.567774  0.040773
 -0.202919 -0.119018  0.687459 -0.156599 -0.334845  0.011767 -0.108194
  0.917582  1.630957 -0.539133  0.634279  0.610865 -0.615682 -0.189757
  0.470936] | [0.183043 0.32594  0.470205 0.242017 0.295543 0.195142 0.174075 0.155084
 0.013954 0.430895 0.680975 0.220814 1.61787  1.343187 0.744699 0.179188
 0.13496  0.002843 0.411046 0.218939 0.355686 0.32549  0.047371 0.510569
 1.099382 0.39891  0.477511 0.704128 0.320219 0.430022 0.48168  0.457771
 0.260373 0.181466 0.368881 0.010742]
   28 | [ 0.466327  2.314783  0.029422 -1.059933  0.176249 -0.243234  0.708319
 -1.125542 -1.328843 -0.043589  0.641445  0.873025 -2.036825  0.915869
 -0.612772 -0.957077 -0.145636  0.744967  1.435167  0.780424 -0.32991
 -0.519352 -0.160183  0.132539 -1.274543 -0.714768 -0.479514 -0.852827
  1.272629  1.183048 -1.035382  0.160153  0.360566 -0.455552  0.287429
  0.44125 ] | [ 0.287759  1.977302 -0.432111 -0.79647  -0.130038 -0.448384  0.868478
 -1.293701 -1.33401   0.443484 -0.097814  0.660418 -0.391945 -0.54435
  0.152382 -0.77394  -0.065316  0.759396  0.987825  0.542592  0.016782
 -0.207563 -0.081699  0.695072 -0.106592 -0.300921 -0.002906 -0.095575
  0.937046  1.648768 -0.526271  0.625353  0.610838 -0.620756 -0.157849
  0.449419] | [0.178568 0.337481 0.461533 0.263463 0.306287 0.20515  0.160159 0.168159
 0.005167 0.487073 0.739259 0.212607 1.64488  1.460219 0.765155 0.183138
 0.08032  0.014429 0.447343 0.237832 0.346693 0.311789 0.078484 0.562533
 1.167951 0.413847 0.476608 0.757253 0.335583 0.46572  0.509111 0.4652
 0.250272 0.165204 0.445278 0.00817 ]
   29 | [ 0.478732  2.32789   0.010362 -1.055353  0.186818 -0.237931  0.728378
 -1.09227  -1.346491 -0.1017    0.648197  0.890628 -2.095523  1.078877
 -0.593175 -0.95402  -0.082985  0.693516  1.47754   0.771024 -0.341791
 -0.508082 -0.152506  0.084329 -1.291529 -0.693373 -0.49077  -0.893374
  1.308082  1.164834 -1.046716  0.143051  0.368166 -0.473989  0.395794
  0.401343] | [ 0.305257  1.979096 -0.440622 -0.769924 -0.129429 -0.451756  0.874746
 -1.274636 -1.34294   0.438328 -0.148809  0.689502 -0.427304 -0.499942
  0.187856 -0.767579 -0.059667  0.725731  0.994529  0.516258 -0.005755
 -0.211898 -0.04571   0.699557 -0.057761 -0.267045 -0.015771 -0.083078
  0.955697  1.66484  -0.511759  0.616139  0.608724 -0.623684 -0.126192
  0.429441] | [0.173475 0.348794 0.450984 0.28543  0.316247 0.213824 0.146368 0.182366
 0.003551 0.540028 0.797005 0.201126 1.668219 1.57882  0.781031 0.186441
 0.023318 0.032215 0.483011 0.254766 0.336036 0.296184 0.106796 0.615228
 1.233768 0.426327 0.474999 0.810296 0.352385 0.500007 0.534958 0.473088
 0.240558 0.149695 0.521986 0.028098]
model built: True
num weights: 38
{'mae': [0.19711050391197205, 0.12912803888320923, 0.09829249233007431, 0.08171308040618896, 0.06874174624681473, 0.05989983305335045, 0.12035215646028519, 0.11755052208900452, 0.1133393868803978, 0.11170788109302521, 0.11077629774808884, 0.10287836194038391, 0.0627720057964325, 0.05256515368819237, 0.04775255545973778, 0.04385429620742798, 0.0419231541454792, 0.04257534444332123, 0.041494134813547134, 0.03901894763112068, 0.03296932578086853, 0.032168202102184296, 0.031261514872312546, 0.030990425497293472, 0.14892983436584473, 0.14508748054504395, 0.136323943734169, 0.13307593762874603, 0.13895195722579956, 0.1360350102186203], 'loss': [0.27730271220207214, 0.03678174316883087, 0.018058888614177704, 0.010938267223536968, 0.007448983378708363, 0.005510677583515644, 0.03252411261200905, 0.02535104565322399, 0.022628968581557274, 0.020412232726812363, 0.01830347627401352, 0.01663246937096119, 0.0072335596196353436, 0.004017474129796028, 0.0031396036501973867, 0.003021748038008809, 0.004193267785012722, 0.008328336291015148, 0.012390244752168655, 0.013606276363134384, 0.002136612543836236, 0.002017198596149683, 0.001983203459531069, 0.0019562672823667526, 0.3811643123626709, 0.2687937915325165, 0.23937135934829712, 0.22372540831565857, 0.25252482295036316, 0.23452259600162506], 'val_loss': [0.06322866678237915, 0.027197230607271194, 0.01574808359146118, 0.010869075544178486, 0.0076990881934762, 0.005860954988747835, 0.023422524333000183, 0.022540267556905746, 0.021028492599725723, 0.020592154935002327, 0.020477019250392914, 0.01772606000304222, 0.006466834805905819, 0.004545001313090324, 0.003736895276233554, 0.0031545241363346577, 0.0028831388335675, 0.0029658349230885506, 0.0028335852548480034, 0.0025441052857786417, 0.0018265704857185483, 0.0017368830740451813, 0.0016425719950348139, 0.0016123336972668767, 0.03892592340707779, 0.036977000534534454, 0.03283189609646797, 0.03136906027793884, 0.03374749794602394, 0.032276496291160583], 'val_fr_phase_loss_10': [nan, 0.08438046276569366, nan, 0.07088935375213623, nan, 0.06412048637866974], 'val_fr_target_loss_50': [nan, nan, nan, nan, nan, 1.1020240783691406, nan, nan, nan, nan, nan, 0.7889149188995361, nan, nan, nan, nan, nan, nan, nan, 0.7546886801719666, nan, nan, nan, 0.6812708377838135, nan, nan, nan, 0.3397142291069031, nan, 0.3086380958557129], 'val_fr_curve_loss_1': [nan, nan, nan, nan, nan, 0.006726181600242853, nan, nan, nan, nan, nan, 0.011008762754499912, nan, nan, nan, nan, nan, nan, nan, 0.002608846640214324, nan, nan, nan, 0.0020483906846493483, nan, nan, nan, 0.011183507740497589, nan, 0.022281965240836143], 'val_fr_curve_loss_2': [nan, nan, nan, nan, nan, 0.008720530197024345, nan, nan, nan, nan, nan, 0.011912130750715733, nan, nan, nan, nan, nan, nan, nan, 0.0035665584728121758, nan, nan, nan, 0.0027720786165446043, nan, nan, nan, 0.011108743958175182, nan, 0.020769240334630013], 'val_fr_curve_loss_3': [nan, nan, nan, nan, nan, 0.011926539242267609, nan, nan, nan, nan, nan, 0.013992100022733212, nan, nan, nan, nan, nan, nan, nan, 0.005073279142379761, nan, nan, nan, 0.003921134863048792, nan, nan, nan, 0.012229728512465954, nan, 0.02113470248878002], 'val_fr_phase_loss_15': [nan, 0.1485941857099533, nan, 0.12488937377929688, nan, 0.10417448729276657], 'val_fr_phase_loss_20': [nan, 0.13708530366420746, nan, 0.1528874784708023, nan, 0.18050891160964966, nan, 0.14984430372714996], 'val_fr_phase_loss_30': [nan, 0.27588367462158203, nan, 0.2815075218677521], 'val_fr_phase_loss_40': [nan, 0.2943428158760071, nan, 0.2643045485019684], 'val_fr_phase_loss_50': [nan, 0.3023822605609894]}
Saved artifacts to: runs/tuning/study_lstm_lvl1/trial_0016
