--- Number of Windows for Train = 9880
--- Number of Windows for Val = 3040
--- Number of Windows for Test = 2280
--- Curriculum = [10, 15, 20, 25, 35, 45]
--- fr_curve Outsteps = [10, 20, 30]

--- Training: prova1 [LSTM/FC/STEP_WISE]  ---

======================================================================
   PHASE 1/6: teacher_forcing
   Epochs: 6
   Learning Rate: 0.0007030236819598843
   Clipping Norm: 0.815716833988456
   Horizon (train loss): 10
   Output timesteps (val_loss and fr_loss): 50
======================================================================

Epoch 1/20
309/309 ━━━━━━━━━━━━━━━━━━━━ 94s 286ms/step - mae: 0.1680 - loss: 0.2303 - val_loss: 0.0453
Epoch 2/20
309/309 ━━━━━━━━━━━━━━━━━━━━ 92s 298ms/step - mae: 0.1004 - loss: 0.0233 - val_loss: 0.0162 - val_fr_phase_loss_10: 0.1467
[Optuna] trial=12 epoch=2 val_fr_phase_loss_10=0.146715 | median=0.256052 (n=5, p25=0.193257, p75=0.265864) | margin=-0.109336 (-42.70%)
Epoch 3/20
309/309 ━━━━━━━━━━━━━━━━━━━━ 88s 284ms/step - mae: 0.0811 - loss: 0.0108 - val_loss: 0.0106
Epoch 4/20
309/309 ━━━━━━━━━━━━━━━━━━━━ 92s 296ms/step - mae: 0.0700 - loss: 0.0073 - val_loss: 0.0079 - val_fr_phase_loss_10: 0.1519
[Optuna] trial=12 epoch=4 val_fr_phase_loss_10=0.151861 | median=0.219854 (n=5, p25=0.191708, p75=0.254447) | margin=-0.0679929 (-30.93%)
Epoch 5/20
309/309 ━━━━━━━━━━━━━━━━━━━━ 88s 284ms/step - mae: 0.0628 - loss: 0.0056 - val_loss: 0.0064
Epoch 6/20
309/309 ━━━━━━━━━━━━━━━━━━━━ 92s 296ms/step - mae: 0.0585 - loss: 0.0046 - val_loss: 0.0056 - val_fr_phase_loss_10: 0.1768 - val_fr_target_loss_50: 1.3844 - val_fr_curve_loss_10: 0.1821 - val_fr_curve_loss_20: 0.5419 - val_fr_curve_loss_30: 0.8807
[Optuna] trial=12 epoch=6 val_fr_phase_loss_10=0.176763 | median=0.259543 (n=5, p25=0.178088, p75=0.280436) | margin=-0.0827793 (-31.89%)

======================================================================
   PHASE 2/6: masked_modeling
   Mask Prob: 0.15
   Mask Scope: time
   Mask Mode: constant
   Mask Value: 0.2
   Noise Sigma: None
   Noise Replace: False
   Epochs: 4
   Learning Rate: 0.0005624189455679075
   Clipping Norm: 0.7341451505896104
   Horizon (train loss): 15
   Output timesteps (val_loss and fr_loss): 50
======================================================================

Epoch 7/20
309/309 ━━━━━━━━━━━━━━━━━━━━ 90s 292ms/step - mae: 0.1310 - loss: 0.0371 - val_loss: 0.0278
Epoch 8/20
309/309 ━━━━━━━━━━━━━━━━━━━━ 95s 306ms/step - mae: 0.1202 - loss: 0.0258 - val_loss: 0.0235 - val_fr_phase_loss_15: 0.2064
[Optuna] trial=12 epoch=8 val_fr_phase_loss_15=0.206395 | median=0.240817 (n=5, p25=0.223232, p75=0.263597) | margin=-0.0344214 (-14.29%)
Epoch 9/20
309/309 ━━━━━━━━━━━━━━━━━━━━ 92s 297ms/step - mae: 0.1157 - loss: 0.0215 - val_loss: 0.0219
Epoch 10/20
309/309 ━━━━━━━━━━━━━━━━━━━━ 96s 310ms/step - mae: 0.1077 - loss: 0.0179 - val_loss: 0.0191 - val_fr_phase_loss_15: 0.1757 - val_fr_target_loss_50: 0.9641 - val_fr_curve_loss_10: 0.0934 - val_fr_curve_loss_20: 0.2803 - val_fr_curve_loss_30: 0.5127
[Optuna] trial=12 epoch=10 val_fr_phase_loss_15=0.175745 | median=0.202729 (n=5, p25=0.201296, p75=0.239663) | margin=-0.0269837 (-13.31%)

======================================================================
   PHASE 3/6: masked_modeling
   Mask Prob: 0.2
   Mask Scope: time
   Mask Mode: noise
   Mask Value: None
   Noise Sigma: 0.1
   Noise Replace: False
   Epochs: 4
   Learning Rate: 0.00042181420917593055
   Clipping Norm: 0.6525734671907648
   Horizon (train loss): 20
   Output timesteps (val_loss and fr_loss): 50
======================================================================

Epoch 11/20
309/309 ━━━━━━━━━━━━━━━━━━━━ 93s 299ms/step - mae: 0.0565 - loss: 0.0072 - val_loss: 0.0052
Epoch 12/20
309/309 ━━━━━━━━━━━━━━━━━━━━ 94s 306ms/step - mae: 0.0483 - loss: 0.0041 - val_loss: 0.0038 - val_fr_phase_loss_20: 0.2627
[Optuna] trial=12 epoch=12 val_fr_phase_loss_20=0.262728 | median=0.27866 (n=5, p25=0.267127, p75=0.307397) | margin=-0.015932 (-5.72%)
Epoch 13/20
309/309 ━━━━━━━━━━━━━━━━━━━━ 91s 293ms/step - mae: 0.0456 - loss: 0.0036 - val_loss: 0.0034
Epoch 14/20
309/309 ━━━━━━━━━━━━━━━━━━━━ 95s 306ms/step - mae: 0.0439 - loss: 0.0034 - val_loss: 0.0032 - val_fr_phase_loss_20: 0.2721 - val_fr_target_loss_50: 0.9799 - val_fr_curve_loss_10: 0.0754 - val_fr_curve_loss_20: 0.2793 - val_fr_curve_loss_30: 0.5386
[Optuna] trial=12 epoch=14 val_fr_phase_loss_20=0.272091 | median=0.332575 (n=5, p25=0.310943, p75=0.356436) | margin=-0.0604839 (-18.19%)

======================================================================
   PHASE 4/6: scheduled_sampling
   Tf Ratio Start: 1.0
   Tf Ratio End: 0.4
   Per Feature: True
   Stop Grad Pred: True
   Ratio Mode: sigmoid
   Mid Point: 0.6
   Sharpness: 10.0
   Power Value: 2.0
   Epochs: 2
   Learning Rate: 0.000492116577371919
   Clipping Norm: 0.6525734671907648
   Horizon (train loss): 25
   Output timesteps (val_loss and fr_loss): 50
======================================================================

Epoch 15/20
309/309 ━━━━━━━━━━━━━━━━━━━━ 93s 302ms/step - mae: 0.0389 - loss: 0.0020 - val_loss: 0.0025
Epoch 16/20
309/309 ━━━━━━━━━━━━━━━━━━━━ 97s 313ms/step - mae: 0.0556 - loss: 0.0325 - val_loss: 0.0051 - val_fr_phase_loss_25: 0.4440 - val_fr_target_loss_50: 1.0336 - val_fr_curve_loss_10: 0.0915 - val_fr_curve_loss_20: 0.3176 - val_fr_curve_loss_30: 0.5879
[Optuna] trial=12 epoch=16 val_fr_phase_loss_25=0.443996 | median=0.468748 (n=5, p25=0.458525, p75=0.550762) | margin=-0.0247518 (-5.28%)

======================================================================
   PHASE 5/6: full_autoregressive
   Gradient Through Time: False
   Epochs: 2
   Learning Rate: 0.00035151184097994214
   Clipping Norm: 0.5710017837919191
   Horizon (train loss): 35
   Output timesteps (val_loss and fr_loss): 50
======================================================================

Epoch 17/20
309/309 ━━━━━━━━━━━━━━━━━━━━ 89s 289ms/step - mae: 0.2976 - loss: 0.3789 - val_loss: 0.1533
Epoch 18/20
309/309 ━━━━━━━━━━━━━━━━━━━━ 93s 301ms/step - mae: 0.2949 - loss: 0.2375 - val_loss: 0.1561 - val_fr_phase_loss_35: 0.2436 - val_fr_target_loss_50: 0.3438 - val_fr_curve_loss_10: 0.0567 - val_fr_curve_loss_20: 0.1244 - val_fr_curve_loss_30: 0.2038
[Optuna] trial=12 epoch=18 val_fr_phase_loss_35=0.243595 | median=0.331133 (n=5, p25=0.310901, p75=0.368153) | margin=-0.087538 (-26.44%)

======================================================================
   PHASE 6/6: full_autoregressive
   Gradient Through Time: True
   Epochs: 2
   Learning Rate: 0.00021090710458796527
   Clipping Norm: 0.48943010039307355
   Horizon (train loss): 45
   Output timesteps (val_loss and fr_loss): 50
======================================================================

Epoch 19/20
309/309 ━━━━━━━━━━━━━━━━━━━━ 88s 285ms/step - mae: 0.3128 - loss: 0.2613 - val_loss: 0.1745
Epoch 20/20
309/309 ━━━━━━━━━━━━━━━━━━━━ 92s 298ms/step - mae: 0.3068 - loss: 0.2388 - val_loss: 0.1680 - val_fr_phase_loss_45: 0.2859 - val_fr_target_loss_50: 0.3136 - val_fr_curve_loss_10: 0.0514 - val_fr_curve_loss_20: 0.1098 - val_fr_curve_loss_30: 0.1830
[Optuna] trial=12 epoch=20 val_fr_phase_loss_45=0.285872 | median=0.383659 (n=5, p25=0.345108, p75=0.387777) | margin=-0.097787 (-25.49%)
Final loss: 0.2388
Predicting all test samples in free_running mode...
  X shape: (2280, 200, 55)
  Y shape: (2280, 50, 55)
  Pred shape: (2280, 50, 55)

 step | target                | pred                  | abs_err
------|-----------------------|-----------------------|----------------------
   25 | [ 4.139746e-01  2.252291e+00  7.680922e-02 -1.082321e+00  1.330184e-01
 -2.749080e-01  6.398940e-01 -1.222357e+00  1.964076e+00  2.024013e-01
 -1.249584e+00  1.684962e-01  6.261574e-01  7.681609e-01 -1.833026e+00
  4.305243e-01 -6.649562e-01  3.213241e-02 -4.315943e-01 -9.406051e-01
 -3.335454e-01  8.885246e-01  1.287808e+00  7.899810e-01 -2.762157e-01
  1.005897e+00 -2.825402e-01 -5.396542e-01 -1.754732e-01  2.526159e-01
 -1.215466e+00 -7.651589e-01 -1.200358e-01  4.952903e-01 -4.308359e-01
 -7.325999e-01  1.170439e+00  1.235309e+00 -8.311886e-01 -7.979621e-01
 -9.821695e-01  2.076884e-01  3.238765e-01 -1.923588e-01 -4.145486e-01
 -3.828006e-01 -3.487313e-02  1.245124e-03  1.581712e-01  5.641804e-01
  2.155083e-01 -1.144052e-01 -1.354365e+00 -3.214316e-01 -1.550427e+00] | [ 0.654116  2.631732 -0.0972    0.106104  0.249557  0.021799  1.264088
 -0.971816  2.400709  0.441527 -1.614546  0.660169 -0.379971  0.244944
 -0.403405 -1.18212   0.207649  0.235139 -0.372693 -1.141996  0.006934
  0.601907  0.6951    0.524536  0.091526  1.208512 -0.609902 -0.683293
 -0.366902  0.368265 -0.061515 -0.776303 -0.094222  0.562583 -0.90397
 -0.545694  0.382033  1.258502  0.113107 -0.716154 -1.097208  0.137963
  0.919693 -0.009421  0.919748 -0.606485 -0.200188 -0.038064  0.716127
  0.505525 -1.222283 -0.187994 -1.639042 -0.798701 -1.858794] | [0.240141 0.379441 0.174009 1.188426 0.116539 0.296707 0.624194 0.250541
 0.436632 0.239126 0.364962 0.491673 1.006129 0.523217 1.429621 1.612644
 0.872605 0.203007 0.058901 0.201391 0.340479 0.286618 0.592708 0.265445
 0.367741 0.202615 0.327362 0.143639 0.191429 0.115649 1.153951 0.011144
 0.025814 0.067292 0.473134 0.186906 0.788406 0.023193 0.944295 0.081808
 0.115039 0.069725 0.595816 0.182938 1.334297 0.223684 0.165315 0.039309
 0.557955 0.058655 1.437791 0.073589 0.284677 0.47727  0.308367]
   26 | [ 0.433902  2.276946  0.062718 -1.073421  0.149295 -0.261739  0.66411
 -1.190588  1.970693  0.211786 -1.280325  0.091743  0.630177  0.811665
 -1.905444  0.590891 -0.648677  0.010101 -0.341095 -0.950394 -0.271225
  0.842781  1.340023  0.789891 -0.296955  0.983707 -0.332591 -0.535192
 -0.171397  0.217021 -1.236176 -0.75049  -0.169815  0.501318 -0.449502
 -0.772153  1.203705  1.218394 -0.873595 -0.731515 -1.003057  0.192291
  0.338178 -0.172599 -0.562203 -0.409968  0.071482 -0.035004  0.178969
  0.522649  0.281281 -0.172402 -1.38113  -0.280718 -1.561255] | [ 0.681084  2.665768 -0.107259  0.16703   0.2697    0.041571  1.283472
 -0.950572  2.426943  0.44515  -1.652808  0.627372 -0.438882  0.315216
 -0.466432 -1.131524  0.227353  0.200791 -0.272597 -1.164873  0.022398
  0.553993  0.734045  0.519363  0.077277  1.214642 -0.629458 -0.689441
 -0.354147  0.374947 -0.03983  -0.749266 -0.106319  0.584536 -0.94279
 -0.553542  0.383313  1.250658  0.09902  -0.67746  -1.101947  0.114242
  0.923905  0.030574  0.82128  -0.647665 -0.173274 -0.078222  0.789879
  0.459962 -1.165345 -0.228683 -1.658312 -0.7857   -1.882823] | [2.471817e-01 3.888221e-01 1.699767e-01 1.240451e+00 1.204049e-01
 3.033101e-01 6.193616e-01 2.400166e-01 4.562500e-01 2.333639e-01
 3.724825e-01 5.356292e-01 1.069059e+00 4.964488e-01 1.439012e+00
 1.722415e+00 8.760300e-01 1.906899e-01 6.849781e-02 2.144784e-01
 2.936223e-01 2.887880e-01 6.059787e-01 2.705282e-01 3.742324e-01
 2.309347e-01 2.968670e-01 1.542491e-01 1.827504e-01 1.579256e-01
 1.196346e+00 1.223922e-03 6.349640e-02 8.321828e-02 4.932882e-01
 2.186117e-01 8.203918e-01 3.226376e-02 9.726144e-01 5.405533e-02
 9.889078e-02 7.804924e-02 5.857273e-01 2.031731e-01 1.383483e+00
 2.376971e-01 2.447565e-01 4.321818e-02 6.109101e-01 6.268701e-02
 1.446626e+00 5.628142e-02 2.771822e-01 5.049812e-01 3.215683e-01]
   27 | [ 0.45137   2.29779   0.046898 -1.065959  0.163722 -0.251176  0.686906
 -1.158318  1.973541  0.218812 -1.306769  0.020961  0.635355  0.846673
 -1.973424  0.752938 -0.63128  -0.009811 -0.250043 -0.95588  -0.208485
  0.794828  1.389242  0.786713 -0.314912  0.961981 -0.384025 -0.528408
 -0.166389  0.176889 -1.255981 -0.733755 -0.216556  0.503603 -0.465744
 -0.812322  1.237801  1.200935 -0.913572 -0.661274 -1.020813  0.176508
  0.350492 -0.15451  -0.707661 -0.434216  0.179125 -0.073381  0.197581
  0.481679  0.341621 -0.226467 -1.405437 -0.237464 -1.567991] | [ 0.705182  2.697921 -0.117729  0.225525  0.288793  0.058765  1.301009
 -0.929293  2.452044  0.44865  -1.687676  0.597862 -0.495769  0.38429
 -0.531065 -1.076341  0.243358  0.163912 -0.170857 -1.184649  0.034572
  0.504748  0.775148  0.5119    0.063184  1.223668 -0.649412 -0.694661
 -0.340406  0.380236 -0.018908 -0.722906 -0.116063  0.605165 -0.980475
 -0.560531  0.383601  1.242423  0.084839 -0.635006 -1.104347  0.091161
  0.927225  0.071604  0.721578 -0.685917 -0.14432  -0.11804   0.861779
  0.415885 -1.110747 -0.268297 -1.675131 -0.770473 -1.904778] | [0.253812 0.400131 0.164627 1.291484 0.125071 0.309942 0.614103 0.229025
 0.478503 0.229838 0.380907 0.576901 1.131124 0.462383 1.44236  1.829278
 0.874638 0.173723 0.079186 0.228769 0.243057 0.29008  0.614094 0.274814
 0.378096 0.261687 0.265387 0.166253 0.174017 0.203346 1.237073 0.010849
 0.100493 0.101562 0.514731 0.251791 0.8542   0.041488 0.998411 0.026268
 0.083534 0.085348 0.576732 0.226114 1.429239 0.251701 0.323444 0.044659
 0.664198 0.065794 1.452368 0.04183  0.269695 0.533009 0.336786]
   28 | [ 0.466327  2.314783  0.029422 -1.059933  0.176249 -0.243234  0.708319
 -1.125542  1.97265   0.223477 -1.328843 -0.043589  0.641445  0.873025
 -2.036825  0.915869 -0.612772 -0.027353 -0.158771 -0.957077 -0.145636
  0.744967  1.435167  0.780424 -0.32991   0.940997 -0.436465 -0.519352
 -0.160183  0.132539 -1.274543 -0.714768 -0.260126  0.501926 -0.479514
 -0.852827  1.272629  1.183048 -0.950983 -0.587688 -1.035382  0.160153
  0.360566 -0.138091 -0.850494 -0.455552  0.287429 -0.113708  0.214089
  0.44125   0.396277 -0.27644  -1.427296 -0.191884 -1.570648] | [ 7.261841e-01  2.727807e+00 -1.286531e-01  2.815050e-01  3.067518e-01
  7.349461e-02  1.316682e+00 -9.079682e-01  2.475550e+00  4.519202e-01
 -1.718824e+00  5.718890e-01 -5.504823e-01  4.518908e-01 -5.971510e-01
 -1.016312e+00  2.553467e-01  1.246382e-01 -6.785242e-02 -1.201099e+00
  4.321978e-02  4.541189e-01  8.179830e-01  5.020275e-01  4.915474e-02
  1.235458e+00 -6.697758e-01 -6.990669e-01 -3.252789e-01  3.839397e-01
  1.349219e-03 -6.973531e-01 -1.235009e-01  6.239312e-01 -1.016766e+00
 -5.665288e-01  3.830884e-01  1.233927e+00  7.035340e-02 -5.885234e-01
 -1.104431e+00  6.881817e-02  9.296106e-01  1.137212e-01  6.208687e-01
 -7.212269e-01 -1.134062e-01 -1.575098e-01  9.314781e-01  3.732812e-01
 -1.058871e+00 -3.070045e-01 -1.689376e+00 -7.529550e-01 -1.924438e+00] | [2.598568e-01 4.130237e-01 1.580754e-01 1.341438e+00 1.305028e-01
 3.167285e-01 6.083628e-01 2.175734e-01 5.028998e-01 2.284436e-01
 3.899814e-01 6.154782e-01 1.191927e+00 4.211347e-01 1.439674e+00
 1.932182e+00 8.681191e-01 1.519907e-01 9.091897e-02 2.440216e-01
 1.888558e-01 2.908477e-01 6.171843e-01 2.783968e-01 3.790652e-01
 2.944611e-01 2.333109e-01 1.797149e-01 1.650962e-01 2.514005e-01
 1.275892e+00 1.741457e-02 1.366254e-01 1.220054e-01 5.372528e-01
 2.862985e-01 8.895409e-01 5.087924e-02 1.021336e+00 8.351207e-04
 6.904864e-02 9.133509e-02 5.690446e-01 2.518125e-01 1.471363e+00
 2.656747e-01 4.008352e-01 4.380178e-02 7.173886e-01 6.796840e-02
 1.455148e+00 3.056440e-02 2.620796e-01 5.610710e-01 3.537903e-01]
   29 | [ 0.478732  2.32789   0.010362 -1.055353  0.186818 -0.237931  0.728378
 -1.09227   1.968046  0.225786 -1.346491 -0.1017    0.648197  0.890628
 -2.095523  1.078877 -0.593175 -0.042284 -0.067607 -0.95402  -0.082985
  0.693516  1.47754   0.771024 -0.341791  0.921028 -0.489508 -0.508082
 -0.152506  0.084329 -1.291529 -0.693373 -0.30041   0.496102 -0.49077
 -0.893374  1.308082  1.164834 -0.985713 -0.511238 -1.046716  0.143051
  0.368166 -0.123325 -0.990295 -0.473989  0.395794 -0.155784  0.228586
  0.401343  0.445038 -0.322183 -1.446722 -0.144214 -1.56925 ] | [ 0.743868  2.754948 -0.140068  0.334862  0.323451  0.085872  1.330503
 -0.886648  2.496925  0.454807 -1.74587   0.549698 -0.602811  0.517698
 -0.664497 -0.951272  0.263056  0.083205  0.035955 -1.213971  0.048137
  0.402086  0.862007  0.489681  0.035149  1.24977  -0.690494 -0.702764
 -0.308394  0.38583   0.021003 -0.672738 -0.128676  0.640279 -1.051363
 -0.571421  0.382004  1.225278  0.055312 -0.537826 -1.102204  0.047317
  0.930953  0.156914  0.519468 -0.753565 -0.080685 -0.196603  0.998589
  0.332122 -1.01013  -0.344972 -1.700845 -0.733067 -1.941508] | [0.265136 0.427058 0.15043  1.390215 0.136633 0.323803 0.602126 0.205621
 0.52888  0.229021 0.399379 0.651398 1.251007 0.37293  1.431026 2.03015
 0.856231 0.125489 0.103562 0.259951 0.131122 0.29143  0.615534 0.281343
 0.37694  0.328742 0.200986 0.194682 0.155888 0.301501 1.312533 0.020635
 0.171734 0.144177 0.560594 0.321953 0.926078 0.060445 1.041025 0.026588
 0.055487 0.095734 0.562787 0.280239 1.509763 0.279575 0.476479 0.040819
 0.770004 0.069221 1.455168 0.022789 0.254124 0.588852 0.372258]
model built: True
num weights: 38
{'mae': [0.1680220365524292, 0.1004120409488678, 0.08112604171037674, 0.06996578723192215, 0.06275220215320587, 0.05848177894949913, 0.13101203739643097, 0.12024751305580139, 0.11567549407482147, 0.10772639513015747, 0.05646625906229019, 0.048345163464546204, 0.04561382159590721, 0.043948691338300705, 0.038871824741363525, 0.055628515779972076, 0.29758110642433167, 0.29486215114593506, 0.31277480721473694, 0.30677804350852966], 'loss': [0.2302965521812439, 0.023293359205126762, 0.010807427577674389, 0.007307501044124365, 0.0056059109047055244, 0.004589609336107969, 0.03714035078883171, 0.02575891837477684, 0.02146034874022007, 0.017892837524414062, 0.007176987826824188, 0.004056636244058609, 0.0035845404490828514, 0.0034033171832561493, 0.0019836490973830223, 0.03248438984155655, 0.3789116442203522, 0.23752108216285706, 0.26125481724739075, 0.23880328238010406], 'val_loss': [0.0453123077750206, 0.016180474311113358, 0.010594614781439304, 0.007893419824540615, 0.006391288712620735, 0.005569422151893377, 0.027805350720882416, 0.02354748547077179, 0.021903255954384804, 0.019106559455394745, 0.005196199752390385, 0.0038350510876625776, 0.0034066152293235064, 0.0031639852095395327, 0.0024992739781737328, 0.005087336525321007, 0.15327613055706024, 0.15608520805835724, 0.17452917993068695, 0.16799139976501465], 'val_fr_phase_loss_10': [nan, 0.14671526849269867, nan, 0.15186141431331635, nan, 0.1767634004354477], 'val_fr_target_loss_50': [nan, nan, nan, nan, nan, 1.3844102621078491, nan, nan, nan, 0.9641448855400085, nan, nan, nan, 0.9799143075942993, nan, 1.0336216688156128, nan, 0.34377384185791016, nan, 0.3136162757873535], 'val_fr_curve_loss_10': [nan, nan, nan, nan, nan, 0.1821340024471283, nan, nan, nan, 0.09339500218629837, nan, nan, nan, 0.07538635283708572, nan, 0.09151414781808853, nan, 0.056735239923000336, nan, 0.051380377262830734], 'val_fr_curve_loss_20': [nan, nan, nan, nan, nan, 0.5418906211853027, nan, nan, nan, 0.2803097069263458, nan, nan, nan, 0.2792719900608063, nan, 0.3175508975982666, nan, 0.12440138310194016, nan, 0.10983774065971375], 'val_fr_curve_loss_30': [nan, nan, nan, nan, nan, 0.8806944489479065, nan, nan, nan, 0.5126588940620422, nan, nan, nan, 0.5386447906494141, nan, 0.5879338979721069, nan, 0.2037893682718277, nan, 0.18304066359996796], 'val_fr_phase_loss_15': [nan, 0.2063951939344406, nan, 0.17574535310268402], 'val_fr_phase_loss_20': [nan, 0.2627275586128235, nan, 0.2720912992954254], 'val_fr_phase_loss_25': [nan, 0.4439961910247803], 'val_fr_phase_loss_35': [nan, 0.24359479546546936], 'val_fr_phase_loss_45': [nan, 0.2858718931674957]}
Saved artifacts to: runs/tuning/step_wise_lstm_lvl1/trial_0012
