--- Number of Windows for Train = 9880
--- Number of Windows for Val = 3040
--- Number of Windows for Test = 2280
--- Curriculum = [10, 15, 20, 30, 40, 50]
--- fr_curve Outsteps = [1, 2, 3]

--- Training: prova1 [LSTM/FC/HYBRID]  ---

======================================================================
   PHASE 1/6: teacher_forcing
   Epochs: 6
   Learning Rate: 0.0004636057439438941
   Clipping Norm: 0.1518747922672247
   Horizon (train loss): 10
   Output timesteps (val_loss and fr_loss): 50
======================================================================

Epoch 1/30
309/309 ━━━━━━━━━━━━━━━━━━━━ 21s 48ms/step - mae: 0.4191 - loss: 0.5013 - val_loss: 0.2790
Epoch 2/30
309/309 ━━━━━━━━━━━━━━━━━━━━ 20s 63ms/step - mae: 0.2473 - loss: 0.1587 - val_loss: 0.1001 - val_fr_phase_loss_10: 0.1999
[Optuna] trial=2 epoch=2 val_fr_phase_loss_10=0.199884 | median=0.600686 (n=2, p25=0.479834, p75=0.721538) | margin=-0.400802 (-66.72%)
Epoch 3/30
309/309 ━━━━━━━━━━━━━━━━━━━━ 14s 44ms/step - mae: 0.1474 - loss: 0.0546 - val_loss: 0.0355
Epoch 4/30
309/309 ━━━━━━━━━━━━━━━━━━━━ 20s 66ms/step - mae: 0.1092 - loss: 0.0229 - val_loss: 0.0196 - val_fr_phase_loss_10: 0.1173
[Optuna] trial=2 epoch=4 val_fr_phase_loss_10=0.117293 | median=0.472011 (n=2, p25=0.330406, p75=0.613615) | margin=-0.354718 (-75.15%)
Epoch 5/30
309/309 ━━━━━━━━━━━━━━━━━━━━ 14s 45ms/step - mae: 0.0904 - loss: 0.0139 - val_loss: 0.0134
Epoch 6/30
309/309 ━━━━━━━━━━━━━━━━━━━━ 20s 64ms/step - mae: 0.0788 - loss: 0.0099 - val_loss: 0.0102 - val_fr_phase_loss_10: 0.1100 - val_fr_target_loss_50: 1.0951 - val_fr_curve_loss_1: 0.0128 - val_fr_curve_loss_2: 0.0176 - val_fr_curve_loss_3: 0.0243
[Optuna] trial=2 epoch=6 val_fr_phase_loss_10=0.109966 | median=0.401693 (n=2, p25=0.26706, p75=0.536327) | margin=-0.291727 (-72.62%)

======================================================================
   PHASE 2/6: masked_modeling
   Mask Prob: 0.15
   Mask Scope: time
   Mask Mode: constant
   Mask Value: 0.2
   Noise Sigma: None
   Noise Replace: False
   Epochs: 6
   Learning Rate: 0.0003708845951551153
   Clipping Norm: 0.13668731304050222
   Horizon (train loss): 15
   Output timesteps (val_loss and fr_loss): 50
======================================================================

Epoch 7/30
309/309 ━━━━━━━━━━━━━━━━━━━━ 14s 45ms/step - mae: 0.1316 - loss: 0.0431 - val_loss: 0.0277
Epoch 8/30
309/309 ━━━━━━━━━━━━━━━━━━━━ 20s 64ms/step - mae: 0.1278 - loss: 0.0326 - val_loss: 0.0263 - val_fr_phase_loss_15: 0.2260
[Optuna] trial=2 epoch=8 val_fr_phase_loss_15=0.225985 | median=0.431398 (n=2, p25=0.322824, p75=0.539971) | margin=-0.205413 (-47.62%)
Epoch 9/30
309/309 ━━━━━━━━━━━━━━━━━━━━ 14s 45ms/step - mae: 0.1241 - loss: 0.0299 - val_loss: 0.0248
Epoch 10/30
309/309 ━━━━━━━━━━━━━━━━━━━━ 20s 65ms/step - mae: 0.1229 - loss: 0.0280 - val_loss: 0.0245 - val_fr_phase_loss_15: 0.2015
[Optuna] trial=2 epoch=10 val_fr_phase_loss_15=0.201494 | median=0.396551 (n=2, p25=0.300622, p75=0.492479) | margin=-0.195057 (-49.19%)
Epoch 11/30
309/309 ━━━━━━━━━━━━━━━━━━━━ 14s 45ms/step - mae: 0.1223 - loss: 0.0262 - val_loss: 0.0243
Epoch 12/30
309/309 ━━━━━━━━━━━━━━━━━━━━ 20s 66ms/step - mae: 0.1162 - loss: 0.0247 - val_loss: 0.0221 - val_fr_phase_loss_15: 0.1776 - val_fr_target_loss_50: 1.1000 - val_fr_curve_loss_1: 0.0144 - val_fr_curve_loss_2: 0.0171 - val_fr_curve_loss_3: 0.0217
[Optuna] trial=2 epoch=12 val_fr_phase_loss_15=0.177614 | median=0.368432 (n=2, p25=0.28251, p75=0.454354) | margin=-0.190818 (-51.79%)

======================================================================
   PHASE 3/6: scheduled_sampling
   Tf Ratio Start: 1.0
   Tf Ratio End: 0.35
   Per Feature: True
   Stop Grad Pred: True
   Ratio Mode: sigmoid
   Mid Point: 0.6
   Sharpness: 10.0
   Power Value: 2.0
   Epochs: 8
   Learning Rate: 0.00032452402076072585
   Clipping Norm: 0.12909357342714098
   Horizon (train loss): 20
   Output timesteps (val_loss and fr_loss): 50
======================================================================

Epoch 13/30
309/309 ━━━━━━━━━━━━━━━━━━━━ 179s 581ms/step - mae: 0.0758 - loss: 0.0107 - val_loss: 0.0094
Epoch 14/30
309/309 ━━━━━━━━━━━━━━━━━━━━ 178s 575ms/step - mae: 0.0665 - loss: 0.0069 - val_loss: 0.0072 - val_fr_phase_loss_20: 0.2186
[Optuna] trial=2 epoch=14 val_fr_phase_loss_20=0.21864 | median=0.390447 (n=2, p25=0.305542, p75=0.475352) | margin=-0.171807 (-44.00%)
Epoch 15/30
309/309 ━━━━━━━━━━━━━━━━━━━━ 173s 559ms/step - mae: 0.0596 - loss: 0.0056 - val_loss: 0.0058
Epoch 16/30
309/309 ━━━━━━━━━━━━━━━━━━━━ 177s 572ms/step - mae: 0.0551 - loss: 0.0054 - val_loss: 0.0050 - val_fr_phase_loss_20: 0.2302
[Optuna] trial=2 epoch=16 val_fr_phase_loss_20=0.23019 | median=0.376103 (n=2, p25=0.297382, p75=0.454824) | margin=-0.145913 (-38.80%)
Epoch 17/30
309/309 ━━━━━━━━━━━━━━━━━━━━ 175s 565ms/step - mae: 0.0522 - loss: 0.0073 - val_loss: 0.0045
Epoch 18/30
309/309 ━━━━━━━━━━━━━━━━━━━━ 178s 576ms/step - mae: 0.0501 - loss: 0.0125 - val_loss: 0.0041 - val_fr_phase_loss_20: 0.2337
[Optuna] trial=2 epoch=18 val_fr_phase_loss_20=0.233696 | median=0.354118 (n=2, p25=0.281724, p75=0.426511) | margin=-0.120422 (-34.01%)
Epoch 19/30
309/309 ━━━━━━━━━━━━━━━━━━━━ 173s 559ms/step - mae: 0.0490 - loss: 0.0178 - val_loss: 0.0039
Epoch 20/30
309/309 ━━━━━━━━━━━━━━━━━━━━ 179s 580ms/step - mae: 0.0481 - loss: 0.0197 - val_loss: 0.0038 - val_fr_phase_loss_20: 0.2219 - val_fr_target_loss_50: 0.9353 - val_fr_curve_loss_1: 0.0047 - val_fr_curve_loss_2: 0.0072 - val_fr_curve_loss_3: 0.0107
[Optuna] trial=2 epoch=20 val_fr_phase_loss_20=0.221921 | median=0.336144 (n=2, p25=0.26815, p75=0.404139) | margin=-0.114223 (-33.98%)

======================================================================
   PHASE 4/6: masked_modeling
   Mask Prob: 0.2
   Mask Scope: time
   Mask Mode: noise
   Mask Value: None
   Noise Sigma: 0.1
   Noise Replace: False
   Epochs: 4
   Learning Rate: 0.0002781634463663364
   Clipping Norm: 0.12149983381377977
   Horizon (train loss): 30
   Output timesteps (val_loss and fr_loss): 50
======================================================================

Epoch 21/30
309/309 ━━━━━━━━━━━━━━━━━━━━ 13s 43ms/step - mae: 0.0436 - loss: 0.0036 - val_loss: 0.0031
Epoch 22/30
309/309 ━━━━━━━━━━━━━━━━━━━━ 18s 59ms/step - mae: 0.0423 - loss: 0.0035 - val_loss: 0.0029 - val_fr_phase_loss_30: 0.4375
[Optuna] trial=2 epoch=22 val_fr_phase_loss_30=0.4375 | median=0.504445 (n=2, p25=0.454722, p75=0.554168) | margin=-0.0669451 (-13.27%)
Epoch 23/30
309/309 ━━━━━━━━━━━━━━━━━━━━ 13s 43ms/step - mae: 0.0407 - loss: 0.0034 - val_loss: 0.0027
Epoch 24/30
309/309 ━━━━━━━━━━━━━━━━━━━━ 18s 60ms/step - mae: 0.0400 - loss: 0.0033 - val_loss: 0.0026 - val_fr_phase_loss_30: 0.4404 - val_fr_target_loss_50: 0.9479 - val_fr_curve_loss_1: 0.0039 - val_fr_curve_loss_2: 0.0062 - val_fr_curve_loss_3: 0.0093
[Optuna] trial=2 epoch=24 val_fr_phase_loss_30=0.440388 | median=0.505728 (n=2, p25=0.45916, p75=0.552296) | margin=-0.0653402 (-12.92%)

======================================================================
   PHASE 5/6: full_autoregressive
   Gradient Through Time: False
   Epochs: 4
   Learning Rate: 0.00023180287197194704
   Clipping Norm: 0.11390609420041853
   Horizon (train loss): 40
   Output timesteps (val_loss and fr_loss): 50
======================================================================

Epoch 25/30
309/309 ━━━━━━━━━━━━━━━━━━━━ 161s 520ms/step - mae: 0.1431 - loss: 0.5094 - val_loss: 0.0334
Epoch 26/30
309/309 ━━━━━━━━━━━━━━━━━━━━ 165s 535ms/step - mae: 0.1349 - loss: 0.4571 - val_loss: 0.0301 - val_fr_phase_loss_40: 0.4559
[Optuna] trial=2 epoch=26 val_fr_phase_loss_40=0.455933 | median=0.488469 (n=2, p25=0.442252, p75=0.534687) | margin=-0.0325367 (-6.66%)
Epoch 27/30
309/309 ━━━━━━━━━━━━━━━━━━━━ 160s 517ms/step - mae: 0.1210 - loss: 0.4031 - val_loss: 0.0244
Epoch 28/30
309/309 ━━━━━━━━━━━━━━━━━━━━ 164s 531ms/step - mae: 0.1192 - loss: 0.3669 - val_loss: 0.0238 - val_fr_phase_loss_40: 0.3791 - val_fr_target_loss_50: 0.4687 - val_fr_curve_loss_1: 0.0140 - val_fr_curve_loss_2: 0.0160 - val_fr_curve_loss_3: 0.0200
[Optuna] trial=2 epoch=28 val_fr_phase_loss_40=0.379114 | median=0.474608 (n=2, p25=0.427758, p75=0.521458) | margin=-0.0954937 (-20.12%)

======================================================================
   PHASE 6/6: full_autoregressive
   Gradient Through Time: True
   Epochs: 2
   Learning Rate: 0.0001390817231831682
   Clipping Norm: 0.09112487536033481
   Horizon (train loss): 50
   Output timesteps (val_loss and fr_loss): 50
======================================================================

Epoch 29/30
309/309 ━━━━━━━━━━━━━━━━━━━━ 161s 520ms/step - mae: 0.1124 - loss: 0.3733 - val_loss: 0.0210
Epoch 30/30
309/309 ━━━━━━━━━━━━━━━━━━━━ 164s 530ms/step - mae: 0.1100 - loss: 0.3547 - val_loss: 0.0201 - val_fr_phase_loss_50: 0.3874 - val_fr_target_loss_50: 0.3992 - val_fr_curve_loss_1: 0.0286 - val_fr_curve_loss_2: 0.0279 - val_fr_curve_loss_3: 0.0301
[Optuna] trial=2 epoch=30 val_fr_phase_loss_50=0.387375 | median=0.503687 (n=2, p25=0.457494, p75=0.54988) | margin=-0.116312 (-23.09%)
Final loss: 0.3547
Predicting all test samples in free_running mode...
  X shape: (2280, 200, 36)
  Y shape: (2280, 50, 36)
  Pred shape: (2280, 50, 36)

 step | target                | pred                  | abs_err
------|-----------------------|-----------------------|----------------------
   25 | [ 0.413975  2.252291  0.076809 -1.082321  0.133018 -0.274908  0.639894
 -1.222357 -1.249584  0.168496  0.626157  0.768161 -1.833026  0.430524
 -0.664956 -0.940605 -0.333545  0.888525  1.287808  0.789981 -0.276216
 -0.539654 -0.175473  0.252616 -1.215466 -0.765159 -0.430836 -0.7326
  1.170439  1.235309 -0.98217   0.207688  0.323877 -0.382801 -0.034873
  0.56418 ] | [ 0.351124  1.987442 -0.186631 -0.437853 -0.090393 -0.365285  0.962318
 -0.730515 -1.047794  0.437896  0.023546  0.516866  0.083215 -0.615995
  0.223277 -0.629832 -0.232992  0.673814  0.756043  0.264504 -0.30292
 -0.542744 -0.123706  0.459436 -0.28688  -0.119762 -0.303024 -0.205089
  1.047489  0.834669 -0.793951  0.530294  1.114879 -0.104331  0.209465
  0.304273] | [0.06285  0.264849 0.26344  0.644469 0.223411 0.090377 0.322424 0.491842
 0.20179  0.2694   0.602611 0.251295 1.916241 1.046519 0.888233 0.310773
 0.100554 0.214711 0.531765 0.525477 0.026704 0.00309  0.051767 0.20682
 0.928586 0.645397 0.127812 0.527511 0.12295  0.400639 0.188219 0.322606
 0.791002 0.27847  0.244338 0.259908]
   26 | [ 0.433902  2.276946  0.062718 -1.073421  0.149295 -0.261739  0.66411
 -1.190588 -1.280325  0.091743  0.630177  0.811665 -1.905444  0.590891
 -0.648677 -0.950394 -0.271225  0.842781  1.340023  0.789891 -0.296955
 -0.535192 -0.171397  0.217021 -1.236176 -0.75049  -0.449502 -0.772153
  1.203705  1.218394 -1.003057  0.192291  0.338178 -0.409968  0.071482
  0.522649] | [ 0.368677  2.007482 -0.180546 -0.391229 -0.081144 -0.358393  1.000009
 -0.710427 -1.080028  0.429372 -0.0341    0.53034   0.039985 -0.595404
  0.240293 -0.648423 -0.245434  0.614403  0.746558  0.252203 -0.307372
 -0.577848 -0.105174  0.449699 -0.268736 -0.084211 -0.334548 -0.208229
  1.047924  0.837319 -0.808927  0.518409  1.103015 -0.127402  0.228689
  0.2627  ] | [0.065225 0.269464 0.243264 0.682192 0.230439 0.096655 0.335899 0.480162
 0.200297 0.337628 0.664277 0.281325 1.945429 1.186296 0.88897  0.301971
 0.025791 0.228378 0.593466 0.537688 0.010416 0.042656 0.066223 0.232678
 0.96744  0.666279 0.114954 0.563924 0.155781 0.381075 0.19413  0.326118
 0.764838 0.282566 0.157207 0.259949]
   27 | [ 0.45137   2.29779   0.046898 -1.065959  0.163722 -0.251176  0.686906
 -1.158318 -1.306769  0.020961  0.635355  0.846673 -1.973424  0.752938
 -0.63128  -0.95588  -0.208485  0.794828  1.389242  0.786713 -0.314912
 -0.528408 -0.166389  0.176889 -1.255981 -0.733755 -0.465744 -0.812322
  1.237801  1.200935 -1.020813  0.176508  0.350492 -0.434216  0.179125
  0.481679] | [ 0.384517  2.025411 -0.175693 -0.345283 -0.072214 -0.352481  1.036349
 -0.691948 -1.10954   0.42282  -0.091268  0.540704 -0.00433  -0.574297
  0.255365 -0.664727 -0.259941  0.553319  0.736427  0.2394   -0.30979
 -0.611467 -0.086947  0.438393 -0.25119  -0.050125 -0.364759 -0.211109
  1.048561  0.840803 -0.823168  0.507838  1.087896 -0.14888   0.247146
  0.222921] | [0.066853 0.272379 0.222591 0.720676 0.235936 0.101305 0.349444 0.466369
 0.197229 0.401859 0.726623 0.305969 1.969094 1.327235 0.886645 0.291153
 0.051456 0.241509 0.652815 0.547313 0.005122 0.083059 0.079442 0.261503
 1.004791 0.68363  0.100985 0.601213 0.18924  0.360132 0.197645 0.33133
 0.737404 0.285336 0.068021 0.258758]
   28 | [ 0.466327  2.314783  0.029422 -1.059933  0.176249 -0.243234  0.708319
 -1.125542 -1.328843 -0.043589  0.641445  0.873025 -2.036825  0.915869
 -0.612772 -0.957077 -0.145636  0.744967  1.435167  0.780424 -0.32991
 -0.519352 -0.160183  0.132539 -1.274543 -0.714768 -0.479514 -0.852827
  1.272629  1.183048 -1.035382  0.160153  0.360566 -0.455552  0.287429
  0.44125 ] | [ 0.398861  2.041267 -0.17183  -0.299967 -0.063642 -0.34753   1.071429
 -0.675135 -1.136088  0.418043 -0.147762  0.547724 -0.049233 -0.552304
  0.268806 -0.678661 -0.276479  0.490886  0.725713  0.22569  -0.310528
 -0.643765 -0.069356  0.425841 -0.234058 -0.017281 -0.393929 -0.213512
  1.048886  0.844527 -0.836307  0.498614  1.070195 -0.168849  0.264683
  0.184842] | [0.067466 0.273516 0.201252 0.759966 0.239891 0.104296 0.36311  0.450406
 0.192755 0.461633 0.789207 0.325301 1.987592 1.468174 0.881578 0.278417
 0.130843 0.254081 0.709454 0.554734 0.019382 0.124413 0.090827 0.293302
 1.040485 0.697486 0.085584 0.639315 0.223743 0.338521 0.199076 0.338461
 0.709629 0.286703 0.022746 0.256408]
   29 | [ 0.478732  2.32789   0.010362 -1.055353  0.186818 -0.237931  0.728378
 -1.09227  -1.346491 -0.1017    0.648197  0.890628 -2.095523  1.078877
 -0.593175 -0.95402  -0.082985  0.693516  1.47754   0.771024 -0.341791
 -0.508082 -0.152506  0.084329 -1.291529 -0.693373 -0.49077  -0.893374
  1.308082  1.164834 -1.046716  0.143051  0.368166 -0.473989  0.395794
  0.401343] | [ 0.411528  2.054619 -0.169149 -0.255891 -0.055583 -0.343527  1.105053
 -0.65965  -1.159558  0.414552 -0.203443  0.552119 -0.095012 -0.529792
  0.280282 -0.690375 -0.294952  0.42737   0.714424  0.211274 -0.309498
 -0.674519 -0.051957  0.412168 -0.217478  0.014184 -0.421691 -0.215639
  1.048975  0.84861  -0.848288  0.490338  1.050059 -0.187063  0.281428
  0.148372] | [0.067203 0.273271 0.179511 0.799463 0.242401 0.105596 0.376675 0.43262
 0.186933 0.516252 0.851639 0.33851  2.000511 1.60867  0.873456 0.263645
 0.211967 0.266146 0.763116 0.55975  0.032293 0.166438 0.100549 0.327838
 1.074051 0.707557 0.069078 0.677735 0.259107 0.316224 0.198429 0.347287
 0.681892 0.286926 0.114366 0.252971]
model built: True
num weights: 38
{'mae': [0.4190882742404938, 0.2473420798778534, 0.14738933742046356, 0.10921932756900787, 0.090366892516613, 0.07882445305585861, 0.13157249987125397, 0.1278277486562729, 0.12405956536531448, 0.12288419157266617, 0.12234378606081009, 0.1161942258477211, 0.0757668986916542, 0.06649688631296158, 0.05960224196314812, 0.05514995753765106, 0.052171364426612854, 0.05011774227023125, 0.04898306727409363, 0.048105914145708084, 0.043594591319561005, 0.04226464405655861, 0.04073261097073555, 0.03998278081417084, 0.14305010437965393, 0.13486619293689728, 0.12103582918643951, 0.11916793882846832, 0.11242147535085678, 0.10998430848121643], 'loss': [0.5012915134429932, 0.1587018519639969, 0.05457497760653496, 0.022917365655303, 0.013926654122769833, 0.009918920695781708, 0.043061282485723495, 0.03260799124836922, 0.029862811788916588, 0.027953071519732475, 0.026205316185951233, 0.024738168343901634, 0.010719230398535728, 0.006949150934815407, 0.005615247879177332, 0.005428580567240715, 0.0072696455754339695, 0.012509978376328945, 0.017767522484064102, 0.01972316764295101, 0.0036247274838387966, 0.003478371538221836, 0.003369089914485812, 0.0032681277953088284, 0.5094279646873474, 0.4571418762207031, 0.40310293436050415, 0.3669053912162781, 0.3732728958129883, 0.35474318265914917], 'val_loss': [0.27896401286125183, 0.10008689761161804, 0.03550412878394127, 0.01958438754081726, 0.013427715748548508, 0.010226009413599968, 0.027697976678609848, 0.026277532801032066, 0.024838043376803398, 0.02450568787753582, 0.024301519617438316, 0.022075792774558067, 0.009407809935510159, 0.007235481403768063, 0.005815406795591116, 0.004982486832886934, 0.004462883807718754, 0.004134154878556728, 0.003949812613427639, 0.0038263858295977116, 0.0031332308426499367, 0.0029419814236462116, 0.0027401703409850597, 0.0026342011988162994, 0.03342569246888161, 0.03012116812169552, 0.024381913244724274, 0.023827163502573967, 0.020974941551685333, 0.02010813169181347], 'val_fr_phase_loss_10': [nan, 0.19988442957401276, nan, 0.11729303002357483, nan, 0.10996605455875397], 'val_fr_target_loss_50': [nan, nan, nan, nan, nan, 1.0951180458068848, nan, nan, nan, nan, nan, 1.1000133752822876, nan, nan, nan, nan, nan, nan, nan, 0.935303270816803, nan, nan, nan, 0.9479123950004578, nan, nan, nan, 0.46869850158691406, nan, 0.3992023169994354], 'val_fr_curve_loss_1': [nan, nan, nan, nan, nan, 0.012764223851263523, nan, nan, nan, nan, nan, 0.0143589423969388, nan, nan, nan, nan, nan, nan, nan, 0.004679740872234106, nan, nan, nan, 0.003938244190067053, nan, nan, nan, 0.013981722295284271, nan, 0.028619226068258286], 'val_fr_curve_loss_2': [nan, nan, nan, nan, nan, 0.01763603836297989, nan, nan, nan, nan, nan, 0.01714009791612625, nan, nan, nan, nan, nan, nan, nan, 0.007201754953712225, nan, nan, nan, 0.006198312155902386, nan, nan, nan, 0.015989620238542557, nan, 0.02789539471268654], 'val_fr_curve_loss_3': [nan, nan, nan, nan, nan, 0.02425536699593067, nan, nan, nan, nan, nan, 0.021675623953342438, nan, nan, nan, nan, nan, nan, nan, 0.0107038589194417, nan, nan, nan, 0.00930115394294262, nan, nan, nan, 0.020019683986902237, nan, 0.030062761157751083], 'val_fr_phase_loss_15': [nan, 0.22598502039909363, nan, 0.20149360597133636, nan, 0.17761407792568207], 'val_fr_phase_loss_20': [nan, 0.21863953769207, nan, 0.23018969595432281, nan, 0.23369552195072174, nan, 0.22192123532295227], 'val_fr_phase_loss_30': [nan, 0.43749964237213135, nan, 0.4403880834579468], 'val_fr_phase_loss_40': [nan, 0.4559326171875, nan, 0.3791143298149109], 'val_fr_phase_loss_50': [nan, 0.3873752951622009]}
Saved artifacts to: runs/tuning/study_lstm_lvl1/trial_0002
