--- Number of Windows for Train = 9880
--- Number of Windows for Val = 3040
--- Number of Windows for Test = 2280
--- Curriculum = [5, 5, 12, 12, 18, 18, 25, 25, 38, 38, 50, 50]
--- fr_curve Outsteps = [10, 20, 30, 50]

--- Training: lstm_fullseq_30ep [LSTM/FC/FULL_SEQ]  ---

======================================================================
   PHASE 1/12: teacher_forcing
   Epochs: 2
   Learning Rate: 0.0009493269500878824
   Clipping Norm: 0.736063813394258
   Horizon (train loss): 5
   Output timesteps (val_loss and fr_loss): 50
======================================================================

Epoch 1/30
309/309 ━━━━━━━━━━━━━━━━━━━━ 17s 34ms/step - mae: 0.1521 - mse: 0.0372 - loss: 0.1978 - val_loss: 0.0372
Epoch 2/30
309/309 ━━━━━━━━━━━━━━━━━━━━ 13s 43ms/step - mae: 0.1103 - mse: 0.0196 - loss: 0.0226 - val_loss: 0.0196 - val_fr_phase_loss_5: 0.0493 - val_fr_target_loss_50: 1.2096 - val_fr_curve_loss_10: 0.1302 - val_fr_curve_loss_20: 0.3845 - val_fr_curve_loss_30: 0.6827 - val_fr_curve_loss_50: 1.1898
[Optuna] trial=13 epoch=2 val_fr_phase_loss_5=0.0493212 | median=0.144522 (n=12, p25=0.0686384, p75=0.333909) | margin=-0.0952011 (-65.87%)

======================================================================
   PHASE 2/12: masked_modeling
   Mask Prob: 0.1
   Mask Scope: time
   Mask Mode: constant
   Mask Value: 0.2
   Noise Sigma: None
   Noise Replace: False
   Epochs: 3
   Learning Rate: 0.000759461560070306
   Clipping Norm: 0.6624574320548322
   Horizon (train loss): 5
   Output timesteps (val_loss and fr_loss): 50
======================================================================

Epoch 3/30
309/309 ━━━━━━━━━━━━━━━━━━━━ 9s 29ms/step - mae: 0.1147 - mse: 0.0214 - loss: 0.0274 - val_loss: 0.0214
Epoch 4/30
309/309 ━━━━━━━━━━━━━━━━━━━━ 13s 41ms/step - mae: 0.1063 - mse: 0.0184 - loss: 0.0197 - val_loss: 0.0184 - val_fr_phase_loss_5: 0.0325
[Optuna] trial=13 epoch=4 val_fr_phase_loss_5=0.0325092 | median=0.0696899 (n=12, p25=0.0355435, p75=0.183457) | margin=-0.0371807 (-53.35%)
Epoch 5/30
309/309 ━━━━━━━━━━━━━━━━━━━━ 13s 42ms/step - mae: 0.1002 - mse: 0.0165 - loss: 0.0161 - val_loss: 0.0165 - val_fr_target_loss_50: 1.0469 - val_fr_curve_loss_10: 0.0790 - val_fr_curve_loss_20: 0.2711 - val_fr_curve_loss_30: 0.5307 - val_fr_curve_loss_50: 1.0325

======================================================================
   PHASE 3/12: teacher_forcing
   Epochs: 2
   Learning Rate: 0.0009493269500878824
   Clipping Norm: 0.736063813394258
   Horizon (train loss): 12
   Output timesteps (val_loss and fr_loss): 50
======================================================================

Epoch 6/30
309/309 ━━━━━━━━━━━━━━━━━━━━ 9s 29ms/step - mae: 0.0902 - mse: 0.0132 - loss: 0.0202 - val_loss: 0.0132
Epoch 7/30
309/309 ━━━━━━━━━━━━━━━━━━━━ 13s 41ms/step - mae: 0.0691 - mse: 0.0077 - loss: 0.0078 - val_loss: 0.0077 - val_fr_phase_loss_12: 0.1902 - val_fr_target_loss_50: 1.3942 - val_fr_curve_loss_10: 0.1374 - val_fr_curve_loss_20: 0.4802 - val_fr_curve_loss_30: 0.8435 - val_fr_curve_loss_50: 1.3715
[Optuna] trial=13 epoch=7 val_fr_phase_loss_12=0.190204 | median=0.183907 (n=12, p25=0.154406, p75=0.291914) | margin=+0.00629705 (+3.42%)

======================================================================
   PHASE 4/12: masked_modeling
   Mask Prob: 0.15
   Mask Scope: time
   Mask Mode: constant
   Mask Value: 0.2
   Noise Sigma: None
   Noise Replace: False
   Epochs: 3
   Learning Rate: 0.0006645288650615176
   Clipping Norm: 0.6256542413851193
   Horizon (train loss): 12
   Output timesteps (val_loss and fr_loss): 50
======================================================================

Epoch 8/30
309/309 ━━━━━━━━━━━━━━━━━━━━ 9s 29ms/step - mae: 0.1134 - mse: 0.0215 - loss: 0.0251 - val_loss: 0.0215
Epoch 9/30
309/309 ━━━━━━━━━━━━━━━━━━━━ 13s 41ms/step - mae: 0.1105 - mse: 0.0203 - loss: 0.0177 - val_loss: 0.0203 - val_fr_phase_loss_12: 0.1145
[Optuna] trial=13 epoch=9 val_fr_phase_loss_12=0.114525 | median=0.141082 (n=12, p25=0.127677, p75=0.198147) | margin=-0.0265574 (-18.82%)
Epoch 10/30
309/309 ━━━━━━━━━━━━━━━━━━━━ 13s 41ms/step - mae: 0.0980 - mse: 0.0162 - loss: 0.0148 - val_loss: 0.0162 - val_fr_target_loss_50: 1.0079 - val_fr_curve_loss_10: 0.0800 - val_fr_curve_loss_20: 0.2665 - val_fr_curve_loss_30: 0.5113 - val_fr_curve_loss_50: 0.9839

======================================================================
   PHASE 5/12: teacher_forcing
   Epochs: 2
   Learning Rate: 0.0009493269500878824
   Clipping Norm: 0.736063813394258
   Horizon (train loss): 18
   Output timesteps (val_loss and fr_loss): 50
======================================================================

Epoch 11/30
309/309 ━━━━━━━━━━━━━━━━━━━━ 9s 29ms/step - mae: 0.0591 - mse: 0.0057 - loss: 0.0066 - val_loss: 0.0057
Epoch 12/30
309/309 ━━━━━━━━━━━━━━━━━━━━ 13s 41ms/step - mae: 0.0508 - mse: 0.0042 - loss: 0.0034 - val_loss: 0.0042 - val_fr_phase_loss_18: 0.4576 - val_fr_target_loss_50: 1.4258 - val_fr_curve_loss_10: 0.1514 - val_fr_curve_loss_20: 0.5563 - val_fr_curve_loss_30: 0.9267 - val_fr_curve_loss_50: 1.4093
[Optuna] trial=13 epoch=12 val_fr_phase_loss_18=0.4576 | median=0.351686 (n=12, p25=0.247725, p75=0.52733) | margin=+0.105914 (+30.12%)

======================================================================
   PHASE 6/12: masked_modeling
   Mask Prob: 0.2
   Mask Scope: time
   Mask Mode: constant
   Mask Value: 0.2
   Noise Sigma: None
   Noise Replace: False
   Epochs: 3
   Learning Rate: 0.0005695961700527294
   Clipping Norm: 0.5888510507154064
   Horizon (train loss): 18
   Output timesteps (val_loss and fr_loss): 50
======================================================================

Epoch 13/30
309/309 ━━━━━━━━━━━━━━━━━━━━ 9s 29ms/step - mae: 0.0932 - mse: 0.0147 - loss: 0.0170 - val_loss: 0.0147
Epoch 14/30
309/309 ━━━━━━━━━━━━━━━━━━━━ 13s 41ms/step - mae: 0.0851 - mse: 0.0126 - loss: 0.0114 - val_loss: 0.0126 - val_fr_phase_loss_18: 0.2265
[Optuna] trial=13 epoch=14 val_fr_phase_loss_18=0.226521 | median=0.323492 (n=12, p25=0.238734, p75=0.383545) | margin=-0.0969711 (-29.98%)
Epoch 15/30
309/309 ━━━━━━━━━━━━━━━━━━━━ 13s 41ms/step - mae: 0.0797 - mse: 0.0111 - loss: 0.0095 - val_loss: 0.0111 - val_fr_target_loss_50: 1.1119 - val_fr_curve_loss_10: 0.0869 - val_fr_curve_loss_20: 0.3073 - val_fr_curve_loss_30: 0.5878 - val_fr_curve_loss_50: 1.0957

======================================================================
   PHASE 7/12: teacher_forcing
   Epochs: 2
   Learning Rate: 0.0009493269500878824
   Clipping Norm: 0.736063813394258
   Horizon (train loss): 25
   Output timesteps (val_loss and fr_loss): 50
======================================================================

Epoch 16/30
309/309 ━━━━━━━━━━━━━━━━━━━━ 9s 29ms/step - mae: 0.0462 - mse: 0.0035 - loss: 0.0042 - val_loss: 0.0035
Epoch 17/30
309/309 ━━━━━━━━━━━━━━━━━━━━ 13s 41ms/step - mae: 0.0391 - mse: 0.0025 - loss: 0.0021 - val_loss: 0.0025 - val_fr_phase_loss_25: 0.6908 - val_fr_target_loss_50: 1.3953 - val_fr_curve_loss_10: 0.1313 - val_fr_curve_loss_20: 0.5104 - val_fr_curve_loss_30: 0.8782 - val_fr_curve_loss_50: 1.3790
[Optuna] trial=13 epoch=17 val_fr_phase_loss_25=0.690807 | median=0.626091 (n=12, p25=0.396257, p75=0.734527) | margin=+0.0647157 (+10.34%)

======================================================================
   PHASE 8/12: masked_modeling
   Mask Prob: 0.2
   Mask Scope: time
   Mask Mode: noise
   Mask Value: None
   Noise Sigma: 0.1
   Noise Replace: False
   Epochs: 3
   Learning Rate: 0.0004746634750439412
   Clipping Norm: 0.5520478600456935
   Horizon (train loss): 25
   Output timesteps (val_loss and fr_loss): 50
======================================================================

Epoch 18/30
309/309 ━━━━━━━━━━━━━━━━━━━━ 9s 29ms/step - mae: 0.0383 - mse: 0.0024 - loss: 0.0030 - val_loss: 0.0024
Epoch 19/30
309/309 ━━━━━━━━━━━━━━━━━━━━ 13s 41ms/step - mae: 0.0379 - mse: 0.0024 - loss: 0.0027 - val_loss: 0.0024 - val_fr_phase_loss_25: 0.3135
[Optuna] trial=13 epoch=19 val_fr_phase_loss_25=0.313452 | median=0.341594 (n=12, p25=0.330645, p75=0.374978) | margin=-0.0281412 (-8.24%)
Epoch 20/30
309/309 ━━━━━━━━━━━━━━━━━━━━ 13s 41ms/step - mae: 0.0372 - mse: 0.0023 - loss: 0.0027 - val_loss: 0.0023 - val_fr_target_loss_50: 0.8500 - val_fr_curve_loss_10: 0.0476 - val_fr_curve_loss_20: 0.2029 - val_fr_curve_loss_30: 0.4280 - val_fr_curve_loss_50: 0.8457

======================================================================
   PHASE 9/12: teacher_forcing
   Epochs: 2
   Learning Rate: 0.0009493269500878824
   Clipping Norm: 0.736063813394258
   Horizon (train loss): 38
   Output timesteps (val_loss and fr_loss): 50
======================================================================

Epoch 21/30
309/309 ━━━━━━━━━━━━━━━━━━━━ 9s 30ms/step - mae: 0.0378 - mse: 0.0023 - loss: 0.0025 - val_loss: 0.0023
Epoch 22/30
309/309 ━━━━━━━━━━━━━━━━━━━━ 13s 41ms/step - mae: 0.0324 - mse: 0.0017 - loss: 0.0017 - val_loss: 0.0017 - val_fr_phase_loss_38: 1.1826 - val_fr_target_loss_50: 1.4420 - val_fr_curve_loss_10: 0.1307 - val_fr_curve_loss_20: 0.5493 - val_fr_curve_loss_30: 0.9358 - val_fr_curve_loss_50: 1.4122
[Optuna] trial=13 epoch=22 val_fr_phase_loss_38=1.1826 | median=0.95391 (n=12, p25=0.688544, p75=1.24022) | margin=+0.228689 (+23.97%)

======================================================================
   PHASE 10/12: masked_modeling
   Mask Prob: 0.25
   Mask Scope: time
   Mask Mode: noise
   Mask Value: None
   Noise Sigma: 0.1
   Noise Replace: False
   Epochs: 3
   Learning Rate: 0.000379730780035153
   Clipping Norm: 0.5152446693759806
   Horizon (train loss): 38
   Output timesteps (val_loss and fr_loss): 50
======================================================================

Epoch 23/30
309/309 ━━━━━━━━━━━━━━━━━━━━ 9s 29ms/step - mae: 0.0334 - mse: 0.0018 - loss: 0.0028 - val_loss: 0.0018
Epoch 24/30
309/309 ━━━━━━━━━━━━━━━━━━━━ 13s 41ms/step - mae: 0.0329 - mse: 0.0018 - loss: 0.0024 - val_loss: 0.0018 - val_fr_phase_loss_38: 0.5105
[Optuna] trial=13 epoch=24 val_fr_phase_loss_38=0.510458 | median=0.574094 (n=12, p25=0.558827, p75=0.619602) | margin=-0.063636 (-11.08%)
Epoch 25/30
309/309 ━━━━━━━━━━━━━━━━━━━━ 13s 41ms/step - mae: 0.0324 - mse: 0.0017 - loss: 0.0024 - val_loss: 0.0017 - val_fr_target_loss_50: 0.7342 - val_fr_curve_loss_10: 0.0347 - val_fr_curve_loss_20: 0.1506 - val_fr_curve_loss_30: 0.3382 - val_fr_curve_loss_50: 0.7306

======================================================================
   PHASE 11/12: teacher_forcing
   Epochs: 2
   Learning Rate: 0.0009493269500878824
   Clipping Norm: 0.736063813394258
   Horizon (train loss): 50
   Output timesteps (val_loss and fr_loss): 50
======================================================================

Epoch 26/30
309/309 ━━━━━━━━━━━━━━━━━━━━ 10s 31ms/step - mae: 0.0326 - mse: 0.0018 - loss: 0.0023 - val_loss: 0.0018
Epoch 27/30
309/309 ━━━━━━━━━━━━━━━━━━━━ 13s 41ms/step - mae: 0.0283 - mse: 0.0013 - loss: 0.0012 - val_loss: 0.0013 - val_fr_phase_loss_50: 1.6912 - val_fr_target_loss_50: 1.7009 - val_fr_curve_loss_10: 0.1431 - val_fr_curve_loss_20: 0.6703 - val_fr_curve_loss_30: 1.1366 - val_fr_curve_loss_50: 1.6551
[Optuna] trial=13 epoch=27 val_fr_phase_loss_50=1.69122 | median=1.19213 (n=12, p25=0.947597, p75=1.61264) | margin=+0.499092 (+41.87%)

======================================================================
   PHASE 12/12: masked_modeling
   Mask Prob: 0.25
   Mask Scope: time
   Mask Mode: noise
   Mask Value: None
   Noise Sigma: 0.1
   Noise Replace: True
   Epochs: 3
   Learning Rate: 0.00034175770203163767
   Clipping Norm: 0.4784414787062677
   Horizon (train loss): 50
   Output timesteps (val_loss and fr_loss): 50
======================================================================

Epoch 28/30
309/309 ━━━━━━━━━━━━━━━━━━━━ 9s 29ms/step - mae: 0.0911 - mse: 0.0144 - loss: 0.0291 - val_loss: 0.0144
Epoch 29/30
309/309 ━━━━━━━━━━━━━━━━━━━━ 13s 41ms/step - mae: 0.0745 - mse: 0.0095 - loss: 0.0114 - val_loss: 0.0095 - val_fr_phase_loss_50: 0.8565
[Optuna] trial=13 epoch=29 val_fr_phase_loss_50=0.856543 | median=1.18163 (n=12, p25=1.10282, p75=1.51526) | margin=-0.32509 (-27.51%)
Epoch 30/30
309/309 ━━━━━━━━━━━━━━━━━━━━ 13s 41ms/step - mae: 0.0646 - mse: 0.0071 - loss: 0.0085 - val_loss: 0.0071 - val_fr_target_loss_50: 0.8801 - val_fr_curve_loss_10: 0.0467 - val_fr_curve_loss_20: 0.1846 - val_fr_curve_loss_30: 0.3988 - val_fr_curve_loss_50: 0.8638
Final loss: 0.0085
Predicting all test samples in free_running mode...
  X shape: (2280, 200, 55)
  Y shape: (2280, 50, 55)
  Pred shape: (2280, 50, 55)

 step | target                | pred                  | abs_err
------|-----------------------|-----------------------|----------------------
   25 | [ 4.139746e-01  2.252291e+00  7.680922e-02 -1.082321e+00  1.330184e-01
 -2.749080e-01  6.398940e-01 -1.222357e+00  1.964076e+00  2.024013e-01
 -1.249584e+00  1.684962e-01  6.261574e-01  7.681609e-01 -1.833026e+00
  4.305243e-01 -6.649562e-01  3.213241e-02 -4.315943e-01 -9.406051e-01
 -3.335454e-01  8.885246e-01  1.287808e+00  7.899810e-01 -2.762157e-01
  1.005897e+00 -2.825402e-01 -5.396542e-01 -1.754732e-01  2.526159e-01
 -1.215466e+00 -7.651589e-01 -1.200358e-01  4.952903e-01 -4.308359e-01
 -7.325999e-01  1.170439e+00  1.235309e+00 -8.311886e-01 -7.979621e-01
 -9.821695e-01  2.076884e-01  3.238765e-01 -1.923588e-01 -4.145486e-01
 -3.828006e-01 -3.487313e-02  1.245124e-03  1.581712e-01  5.641804e-01
  2.155083e-01 -1.144052e-01 -1.354365e+00 -3.214316e-01 -1.550427e+00] | [ 0.337041  1.629861 -0.04095  -1.179106  0.238338  0.490237  0.87731
 -1.933389  2.002511  0.78872  -0.853559  2.142287  0.884792 -0.449756
  0.040301 -1.832151 -0.72994  -0.729314 -2.184185 -1.388308  0.602764
  1.560117 -0.231402  0.620747 -0.759519  0.323087  0.112718 -0.17769
  0.132682  0.146624  0.230992 -1.538395  0.980646 -0.020271  0.181979
 -1.384403  1.973881  3.172312 -0.339071  2.023863 -1.26396  -0.873547
 -0.075632 -0.251082  1.534157 -1.034001 -2.286596  0.393132  0.276103
  0.354991 -1.588123  1.673851 -0.641492 -1.087255 -1.853818] | [0.076934 0.62243  0.117759 0.096785 0.105319 0.765145 0.237416 0.711032
 0.038435 0.586319 0.396025 1.973791 0.258635 1.217916 1.873327 2.262676
 0.064984 0.761447 1.752591 0.447703 0.936309 0.671592 1.51921  0.169234
 0.483303 0.68281  0.395258 0.361964 0.308155 0.105992 1.446458 0.773236
 1.100682 0.515561 0.612815 0.651804 0.803442 1.937004 0.492118 2.821825
 0.28179  1.081236 0.399508 0.058724 1.948706 0.6512   2.251722 0.391887
 0.117932 0.20919  1.803631 1.788256 0.712874 0.765824 0.30339 ]
   26 | [ 0.433902  2.276946  0.062718 -1.073421  0.149295 -0.261739  0.66411
 -1.190588  1.970693  0.211786 -1.280325  0.091743  0.630177  0.811665
 -1.905444  0.590891 -0.648677  0.010101 -0.341095 -0.950394 -0.271225
  0.842781  1.340023  0.789891 -0.296955  0.983707 -0.332591 -0.535192
 -0.171397  0.217021 -1.236176 -0.75049  -0.169815  0.501318 -0.449502
 -0.772153  1.203705  1.218394 -0.873595 -0.731515 -1.003057  0.192291
  0.338178 -0.172599 -0.562203 -0.409968  0.071482 -0.035004  0.178969
  0.522649  0.281281 -0.172402 -1.38113  -0.280718 -1.561255] | [ 0.36133   1.609932 -0.035092 -1.163079  0.262005  0.547621  0.879242
 -1.911344  1.975893  0.784628 -0.877346  2.05111   0.865305 -0.392427
  0.007511 -1.801989 -0.689485 -0.819114 -2.129951 -1.405156  0.631043
  1.547489 -0.21151   0.657373 -0.809105  0.311929  0.107809 -0.190958
  0.144171  0.20349   0.285415 -1.493756  0.956058  0.007592  0.164198
 -1.403152  2.068999  3.194161 -0.341343  2.104777 -1.29692  -0.889954
 -0.109764 -0.214171  1.494935 -1.085127 -2.266717  0.393191  0.291114
  0.352031 -1.541427  1.646413 -0.628404 -1.095439 -1.847872] | [0.072573 0.667014 0.09781  0.089658 0.11271  0.80936  0.215132 0.720756
 0.0052   0.572842 0.402979 1.959366 0.235128 1.204092 1.912955 2.39288
 0.040808 0.829215 1.788857 0.454762 0.902267 0.704709 1.551533 0.132518
 0.512149 0.671778 0.440399 0.344234 0.315568 0.013532 1.521592 0.743266
 1.125873 0.493725 0.6137   0.630999 0.865294 1.975767 0.532252 2.836292
 0.293864 1.082245 0.447942 0.041572 2.057138 0.67516  2.3382   0.428195
 0.112145 0.170618 1.822708 1.818815 0.752725 0.814721 0.286617]
   27 | [ 0.45137   2.29779   0.046898 -1.065959  0.163722 -0.251176  0.686906
 -1.158318  1.973541  0.218812 -1.306769  0.020961  0.635355  0.846673
 -1.973424  0.752938 -0.63128  -0.009811 -0.250043 -0.95588  -0.208485
  0.794828  1.389242  0.786713 -0.314912  0.961981 -0.384025 -0.528408
 -0.166389  0.176889 -1.255981 -0.733755 -0.216556  0.503603 -0.465744
 -0.812322  1.237801  1.200935 -0.913572 -0.661274 -1.020813  0.176508
  0.350492 -0.15451  -0.707661 -0.434216  0.179125 -0.073381  0.197581
  0.481679  0.341621 -0.226467 -1.405437 -0.237464 -1.567991] | [ 0.383608  1.586676 -0.029247 -1.147198  0.283231  0.599784  0.877389
 -1.890488  1.946783  0.778742 -0.898756  1.964394  0.84505  -0.340507
 -0.027593 -1.773921 -0.648446 -0.904109 -2.07847  -1.418053  0.657762
  1.532361 -0.188619  0.696332 -0.85868   0.30262   0.10545  -0.202437
  0.154702  0.259972  0.338973 -1.445002  0.935191  0.036791  0.14973
 -1.41641   2.163666  3.211549 -0.34493   2.179003 -1.326638 -0.905324
 -0.147591 -0.17748   1.455604 -1.132076 -2.243239  0.394862  0.304292
  0.353314 -1.497615  1.617904 -0.61052  -1.105462 -1.837075] | [0.067761 0.711114 0.076145 0.081239 0.119509 0.85096  0.190483 0.73217
 0.026758 0.55993  0.408013 1.943433 0.209695 1.187179 1.945832 2.526859
 0.017166 0.894297 1.828426 0.462174 0.866247 0.737533 1.577861 0.090382
 0.543768 0.659361 0.489475 0.325971 0.321092 0.083082 1.594955 0.711247
 1.151748 0.466812 0.615474 0.604088 0.925865 2.010614 0.568642 2.840277
 0.305825 1.081832 0.498084 0.02297  2.163265 0.69786  2.422363 0.468243
 0.106711 0.128364 1.839236 1.844371 0.794917 0.867998 0.269083]
   28 | [ 0.466327  2.314783  0.029422 -1.059933  0.176249 -0.243234  0.708319
 -1.125542  1.97265   0.223477 -1.328843 -0.043589  0.641445  0.873025
 -2.036825  0.915869 -0.612772 -0.027353 -0.158771 -0.957077 -0.145636
  0.744967  1.435167  0.780424 -0.32991   0.940997 -0.436465 -0.519352
 -0.160183  0.132539 -1.274543 -0.714768 -0.260126  0.501926 -0.479514
 -0.852827  1.272629  1.183048 -0.950983 -0.587688 -1.035382  0.160153
  0.360566 -0.138091 -0.850494 -0.455552  0.287429 -0.113708  0.214089
  0.44125   0.396277 -0.27644  -1.427296 -0.191884 -1.570648] | [ 0.40394   1.560268 -0.023502 -1.131096  0.301819  0.646993  0.872278
 -1.870798  1.915372  0.771243 -0.917911  1.882395  0.824416 -0.293959
 -0.064869 -1.747641 -0.606752 -0.983773 -2.029955 -1.42728   0.683142
  1.515316 -0.162997  0.737429 -0.90804   0.294826  0.105652 -0.212103
  0.164465  0.316198  0.391568 -1.392497  0.918199  0.067179  0.138512
 -1.42419   2.257086  3.224679 -0.349894  2.246753 -1.353053 -0.919797
 -0.188492 -0.141281  1.41592  -1.175054 -2.216474  0.39817   0.315654
  0.358422 -1.456851  1.588325 -0.588073 -1.117633 -1.821617] | [0.062387 0.754515 0.052925 0.071163 0.12557  0.890226 0.163959 0.745256
 0.057279 0.547766 0.410932 1.925984 0.182971 1.166985 1.971955 2.66351
 0.00602  0.95642  1.871184 0.470203 0.828778 0.770349 1.598164 0.042995
 0.57813  0.646171 0.542117 0.307249 0.324647 0.183659 1.666111 0.677729
 1.178325 0.434747 0.618026 0.571363 0.984457 2.041631 0.601088 2.834441
 0.317671 1.07995  0.549058 0.00319  2.266414 0.719502 2.503903 0.511878
 0.101565 0.082828 1.853128 1.864765 0.839223 0.925749 0.250969]
   29 | [ 0.478732  2.32789   0.010362 -1.055353  0.186818 -0.237931  0.728378
 -1.09227   1.968046  0.225786 -1.346491 -0.1017    0.648197  0.890628
 -2.095523  1.078877 -0.593175 -0.042284 -0.067607 -0.95402  -0.082985
  0.693516  1.47754   0.771024 -0.341791  0.921028 -0.489508 -0.508082
 -0.152506  0.084329 -1.291529 -0.693373 -0.30041   0.496102 -0.49077
 -0.893374  1.308082  1.164834 -0.985713 -0.511238 -1.046716  0.143051
  0.368166 -0.123325 -0.990295 -0.473989  0.395794 -0.155784  0.228586
  0.401343  0.445038 -0.322183 -1.446722 -0.144214 -1.56925 ] | [ 0.42241   1.530966 -0.017951 -1.114522  0.317679  0.689531  0.864433
 -1.85224   1.881929  0.762278 -0.935024  1.805276  0.803663 -0.25266
 -0.104136 -1.722909 -0.564325 -1.057739 -1.98458  -1.433158  0.707395
  1.496882 -0.134898  0.780459 -0.956975  0.288278  0.108352 -0.219965
  0.173552  0.372277  0.443093 -1.336623  0.905148  0.098585  0.13044
 -1.426662  2.348547  3.233837 -0.356247  2.3083   -1.376141 -0.933437
 -0.231864 -0.105803  1.375738 -1.214293 -2.186689  0.403105  0.32525
  0.366913 -1.419243  1.557709 -0.5614   -1.132179 -1.801765] | [0.056321 0.796925 0.028313 0.059169 0.130861 0.927462 0.136055 0.75997
 0.086117 0.536492 0.411466 1.906976 0.155466 1.143288 1.991387 2.801786
 0.028849 1.015454 1.916973 0.479138 0.79038  0.803366 1.612439 0.009435
 0.615184 0.63275  0.597859 0.288117 0.326057 0.287948 1.734623 0.643251
 1.205558 0.397517 0.62121  0.533289 1.040465 2.069003 0.629467 2.819537
 0.329425 1.076488 0.60003  0.017522 2.366033 0.740304 2.582483 0.558888
 0.096664 0.03443  1.864281 1.879892 0.885321 0.987965 0.232515]
model built: True
num weights: 38
{'mae': [0.1520816832780838, 0.11028341203927994, 0.1147434413433075, 0.10626105219125748, 0.1001635193824768, 0.09022030979394913, 0.06906690448522568, 0.11340736597776413, 0.11047784239053726, 0.09799835830926895, 0.05909668281674385, 0.05079217627644539, 0.09322739392518997, 0.08509829640388489, 0.0797334834933281, 0.046214859932661057, 0.039066363126039505, 0.03829894959926605, 0.03786460682749748, 0.03724955767393112, 0.037766121327877045, 0.03242635354399681, 0.03335006535053253, 0.03286311775445938, 0.032398536801338196, 0.03257468715310097, 0.028279021382331848, 0.09105192124843597, 0.07452148199081421, 0.06457715481519699], 'mse': [0.03720608726143837, 0.019574636593461037, 0.02139921858906746, 0.01841432973742485, 0.016465220600366592, 0.013213235884904861, 0.0077476161532104015, 0.021489273756742477, 0.0203182864934206, 0.016191568225622177, 0.005666268058121204, 0.004186614416539669, 0.014735125005245209, 0.012609882280230522, 0.011064188554883003, 0.003503174288198352, 0.0025105599779635668, 0.002413253765553236, 0.002359309233725071, 0.0022784951142966747, 0.0023320310283452272, 0.0017380764475092292, 0.0018336649518460035, 0.0017809787532314658, 0.0017328162211924791, 0.001762646483257413, 0.00131973996758461, 0.014429940842092037, 0.009536457248032093, 0.007146796211600304], 'loss': [0.197843536734581, 0.02255052514374256, 0.027352632954716682, 0.019677329808473587, 0.01612793281674385, 0.020195219665765762, 0.007780257146805525, 0.025068799033761024, 0.017699403688311577, 0.014776083640754223, 0.006609344854950905, 0.0033782871905714273, 0.016984259709715843, 0.011424602940678596, 0.00952219683676958, 0.004161646123975515, 0.0021124498452991247, 0.0030055129900574684, 0.002726426348090172, 0.0026606761384755373, 0.002487817546352744, 0.0016517468029633164, 0.0028114994056522846, 0.0024394122883677483, 0.00235286564566195, 0.0023383209481835365, 0.0012028422206640244, 0.029059166088700294, 0.011422263458371162, 0.008537118323147297], 'val_loss': [0.03720609471201897, 0.019574636593461037, 0.02139921858906746, 0.01841432973742485, 0.016465220600366592, 0.013213235884904861, 0.0077476161532104015, 0.021489275619387627, 0.0203182864934206, 0.016191568225622177, 0.005666268058121204, 0.004186615347862244, 0.014735125005245209, 0.012609882280230522, 0.011064189486205578, 0.003503174288198352, 0.0025105599779635668, 0.002413253765553236, 0.0023593094665557146, 0.0022784951142966747, 0.0023320310283452272, 0.0017380764475092292, 0.0018336649518460035, 0.0017809787532314658, 0.0017328162211924791, 0.001762646483257413, 0.00131973996758461, 0.014429940842092037, 0.009536457248032093, 0.007146796211600304], 'val_fr_phase_loss_5': [nan, 0.049321241676807404, nan, 0.032509200274944305, nan], 'val_fr_target_loss_50': [nan, 1.2096140384674072, nan, nan, 1.0469067096710205, nan, 1.3941506147384644, nan, nan, 1.0078743696212769, nan, 1.4257549047470093, nan, nan, 1.1118990182876587, nan, 1.3952839374542236, nan, nan, 0.8499516844749451, nan, 1.4419982433319092, nan, nan, 0.7342218160629272, nan, 1.700878620147705, nan, nan, 0.8800870180130005], 'val_fr_curve_loss_10': [nan, 0.13015121221542358, nan, nan, 0.07902847230434418, nan, 0.1373956948518753, nan, nan, 0.08001862466335297, nan, 0.15142947435379028, nan, nan, 0.086937315762043, nan, 0.13127651810646057, nan, nan, 0.04760207235813141, nan, 0.13066112995147705, nan, nan, 0.03466518223285675, nan, 0.14310558140277863, nan, nan, 0.04674859344959259], 'val_fr_curve_loss_20': [nan, 0.3845386803150177, nan, nan, 0.2710705101490021, nan, 0.480177640914917, nan, nan, 0.26652291417121887, nan, 0.5563002824783325, nan, nan, 0.3073097765445709, nan, 0.5103732347488403, nan, nan, 0.202873095870018, nan, 0.5492503643035889, nan, nan, 0.1506248414516449, nan, 0.6703187227249146, nan, nan, 0.1845712810754776], 'val_fr_curve_loss_30': [nan, 0.6826534867286682, nan, nan, 0.5306943655014038, nan, 0.8434699773788452, nan, nan, 0.5113152861595154, nan, 0.926659107208252, nan, nan, 0.5877986550331116, nan, 0.8782401084899902, nan, nan, 0.42801880836486816, nan, 0.9358422160148621, nan, nan, 0.3381892144680023, nan, 1.136638879776001, nan, nan, 0.39879846572875977], 'val_fr_curve_loss_50': [nan, 1.189786434173584, nan, nan, 1.0324835777282715, nan, 1.3715219497680664, nan, nan, 0.9838986396789551, nan, 1.4092832803726196, nan, nan, 1.0957047939300537, nan, 1.3789745569229126, nan, nan, 0.8457491397857666, nan, 1.412239909172058, nan, nan, 0.7305610179901123, nan, 1.6551462411880493, nan, nan, 0.8637892603874207], 'val_fr_phase_loss_12': [nan, 0.19020405411720276, nan, 0.11452502757310867, nan], 'val_fr_phase_loss_18': [nan, 0.45760029554367065, nan, 0.226521298289299, nan], 'val_fr_phase_loss_25': [nan, 0.6908072233200073, nan, 0.31345248222351074, nan], 'val_fr_phase_loss_38': [nan, 1.1825989484786987, nan, 0.5104581713676453, nan], 'val_fr_phase_loss_50': [nan, 1.691218614578247, nan, 0.8565433621406555, nan]}
Saved artifacts to: runs/tuning/full_seq_lstm_lvl1/trial_0013
