--- Number of Windows for Train = 9880
--- Number of Windows for Val = 3040
--- Number of Windows for Test = 2280
--- Curriculum = [10, 15, 20, 30, 40, 50]
--- fr_curve Outsteps = [1, 2, 3]

--- Training: prova1 [LSTM/FC/HYBRID]  ---

======================================================================
   PHASE 1/6: teacher_forcing
   Epochs: 6
   Learning Rate: 5.924723079964408e-05
   Clipping Norm: 0.2801444283492551
   Horizon (train loss): 10
   Output timesteps (val_loss and fr_loss): 50
======================================================================

Epoch 1/30
309/309 ━━━━━━━━━━━━━━━━━━━━ 20s 45ms/step - mae: 0.3928 - loss: 0.5430 - val_loss: 0.2452
Epoch 2/30
309/309 ━━━━━━━━━━━━━━━━━━━━ 18s 58ms/step - mae: 0.2433 - loss: 0.1446 - val_loss: 0.0961 - val_fr_phase_loss_10: 0.1531
[Optuna] trial=11 epoch=2 val_fr_phase_loss_10=0.153081 | median=0.203407 (n=7, p25=0.172646, p75=0.587385) | margin=-0.0503256 (-24.74%)
Epoch 3/30
309/309 ━━━━━━━━━━━━━━━━━━━━ 13s 41ms/step - mae: 0.1868 - loss: 0.0679 - val_loss: 0.0568
Epoch 4/30
309/309 ━━━━━━━━━━━━━━━━━━━━ 18s 59ms/step - mae: 0.1548 - loss: 0.0424 - val_loss: 0.0389 - val_fr_phase_loss_10: 0.0864
[Optuna] trial=11 epoch=4 val_fr_phase_loss_10=0.0864305 | median=0.121161 (n=7, p25=0.117354, p75=0.452276) | margin=-0.0347303 (-28.66%)
Epoch 5/30
309/309 ━━━━━━━━━━━━━━━━━━━━ 13s 41ms/step - mae: 0.1326 - loss: 0.0294 - val_loss: 0.0286
Epoch 6/30
309/309 ━━━━━━━━━━━━━━━━━━━━ 19s 61ms/step - mae: 0.1162 - loss: 0.0216 - val_loss: 0.0220 - val_fr_phase_loss_10: 0.0622 - val_fr_target_loss_50: 0.8969 - val_fr_curve_loss_1: 0.0295 - val_fr_curve_loss_2: 0.0276 - val_fr_curve_loss_3: 0.0285
[Optuna] trial=11 epoch=6 val_fr_phase_loss_10=0.0621791 | median=0.132426 (n=7, p25=0.110259, p75=0.402238) | margin=-0.0702471 (-53.05%)

======================================================================
   PHASE 2/6: masked_modeling
   Mask Prob: 0.15
   Mask Scope: time
   Mask Mode: constant
   Mask Value: 0.2
   Noise Sigma: None
   Noise Replace: False
   Epochs: 6
   Learning Rate: 4.739778463971527e-05
   Clipping Norm: 0.25212998551432964
   Horizon (train loss): 15
   Output timesteps (val_loss and fr_loss): 50
======================================================================

Epoch 7/30
309/309 ━━━━━━━━━━━━━━━━━━━━ 13s 43ms/step - mae: 0.1396 - loss: 0.0340 - val_loss: 0.0318
Epoch 8/30
309/309 ━━━━━━━━━━━━━━━━━━━━ 19s 61ms/step - mae: 0.1349 - loss: 0.0300 - val_loss: 0.0297 - val_fr_phase_loss_15: 0.1392
[Optuna] trial=11 epoch=8 val_fr_phase_loss_15=0.139194 | median=0.225985 (n=7, p25=0.191553, p75=0.437645) | margin=-0.0867909 (-38.41%)
Epoch 9/30
309/309 ━━━━━━━━━━━━━━━━━━━━ 13s 43ms/step - mae: 0.1307 - loss: 0.0279 - val_loss: 0.0279
Epoch 10/30
309/309 ━━━━━━━━━━━━━━━━━━━━ 18s 59ms/step - mae: 0.1283 - loss: 0.0261 - val_loss: 0.0270 - val_fr_phase_loss_15: 0.1290
[Optuna] trial=11 epoch=10 val_fr_phase_loss_15=0.129036 | median=0.202414 (n=7, p25=0.174812, p75=0.396551) | margin=-0.0733783 (-36.25%)
Epoch 11/30
309/309 ━━━━━━━━━━━━━━━━━━━━ 13s 43ms/step - mae: 0.1276 - loss: 0.0245 - val_loss: 0.0267
Epoch 12/30
309/309 ━━━━━━━━━━━━━━━━━━━━ 19s 61ms/step - mae: 0.1220 - loss: 0.0233 - val_loss: 0.0245 - val_fr_phase_loss_15: 0.1184 - val_fr_target_loss_50: 0.8469 - val_fr_curve_loss_1: 0.0177 - val_fr_curve_loss_2: 0.0179 - val_fr_curve_loss_3: 0.0200
[Optuna] trial=11 epoch=12 val_fr_phase_loss_15=0.118436 | median=0.178624 (n=7, p25=0.161555, p75=0.368432) | margin=-0.0601871 (-33.69%)

======================================================================
   PHASE 3/6: scheduled_sampling
   Tf Ratio Start: 1.0
   Tf Ratio End: 0.35
   Per Feature: True
   Stop Grad Pred: True
   Ratio Mode: sigmoid
   Mid Point: 0.6
   Sharpness: 10.0
   Power Value: 2.0
   Epochs: 8
   Learning Rate: 4.1473061559750855e-05
   Clipping Norm: 0.23812276409686686
   Horizon (train loss): 20
   Output timesteps (val_loss and fr_loss): 50
======================================================================

Epoch 13/30
309/309 ━━━━━━━━━━━━━━━━━━━━ 171s 552ms/step - mae: 0.0997 - loss: 0.0150 - val_loss: 0.0163
Epoch 14/30
309/309 ━━━━━━━━━━━━━━━━━━━━ 177s 573ms/step - mae: 0.0916 - loss: 0.0117 - val_loss: 0.0138 - val_fr_phase_loss_20: 0.1257
[Optuna] trial=11 epoch=14 val_fr_phase_loss_20=0.125665 | median=0.220636 (n=7, p25=0.217633, p75=0.407638) | margin=-0.094971 (-43.04%)
Epoch 15/30
309/309 ━━━━━━━━━━━━━━━━━━━━ 171s 554ms/step - mae: 0.0848 - loss: 0.0101 - val_loss: 0.0118
Epoch 16/30
309/309 ━━━━━━━━━━━━━━━━━━━━ 176s 569ms/step - mae: 0.0790 - loss: 0.0097 - val_loss: 0.0102 - val_fr_phase_loss_20: 0.1235
[Optuna] trial=11 epoch=16 val_fr_phase_loss_20=0.123527 | median=0.23019 (n=7, p25=0.22127, p75=0.421784) | margin=-0.106662 (-46.34%)
Epoch 17/30
309/309 ━━━━━━━━━━━━━━━━━━━━ 171s 552ms/step - mae: 0.0742 - loss: 0.0116 - val_loss: 0.0090
Epoch 18/30
309/309 ━━━━━━━━━━━━━━━━━━━━ 175s 568ms/step - mae: 0.0705 - loss: 0.0167 - val_loss: 0.0082 - val_fr_phase_loss_20: 0.1217
[Optuna] trial=11 epoch=18 val_fr_phase_loss_20=0.121729 | median=0.233696 (n=7, p25=0.21848, p75=0.388208) | margin=-0.111967 (-47.91%)
Epoch 19/30
309/309 ━━━━━━━━━━━━━━━━━━━━ 171s 553ms/step - mae: 0.0677 - loss: 0.0205 - val_loss: 0.0076
Epoch 20/30
309/309 ━━━━━━━━━━━━━━━━━━━━ 176s 570ms/step - mae: 0.0648 - loss: 0.0213 - val_loss: 0.0069 - val_fr_phase_loss_20: 0.1176 - val_fr_target_loss_50: 0.5955 - val_fr_curve_loss_1: 0.0082 - val_fr_curve_loss_2: 0.0085 - val_fr_curve_loss_3: 0.0096
[Optuna] trial=11 epoch=20 val_fr_phase_loss_20=0.117636 | median=0.216077 (n=7, p25=0.206899, p75=0.347027) | margin=-0.0984408 (-45.56%)

======================================================================
   PHASE 4/6: masked_modeling
   Mask Prob: 0.2
   Mask Scope: time
   Mask Mode: noise
   Mask Value: None
   Noise Sigma: 0.1
   Noise Replace: False
   Epochs: 4
   Learning Rate: 3.554833847978645e-05
   Clipping Norm: 0.22411554267940412
   Horizon (train loss): 30
   Output timesteps (val_loss and fr_loss): 50
======================================================================

Epoch 21/30
309/309 ━━━━━━━━━━━━━━━━━━━━ 13s 43ms/step - mae: 0.0615 - loss: 0.0052 - val_loss: 0.0062
Epoch 22/30
309/309 ━━━━━━━━━━━━━━━━━━━━ 18s 60ms/step - mae: 0.0587 - loss: 0.0046 - val_loss: 0.0057 - val_fr_phase_loss_30: 0.2621
[Optuna] trial=11 epoch=22 val_fr_phase_loss_30=0.262091 | median=0.429757 (n=7, p25=0.334111, p75=0.520695) | margin=-0.167666 (-39.01%)
Epoch 23/30
309/309 ━━━━━━━━━━━━━━━━━━━━ 13s 43ms/step - mae: 0.0560 - loss: 0.0043 - val_loss: 0.0052
Epoch 24/30
309/309 ━━━━━━━━━━━━━━━━━━━━ 19s 61ms/step - mae: 0.0536 - loss: 0.0040 - val_loss: 0.0047 - val_fr_phase_loss_30: 0.2686 - val_fr_target_loss_50: 0.6221 - val_fr_curve_loss_1: 0.0064 - val_fr_curve_loss_2: 0.0068 - val_fr_curve_loss_3: 0.0080
[Optuna] trial=11 epoch=24 val_fr_phase_loss_30=0.268596 | median=0.428347 (n=7, p25=0.341053, p75=0.519626) | margin=-0.159751 (-37.29%)

======================================================================
   PHASE 5/6: full_autoregressive
   Gradient Through Time: False
   Epochs: 4
   Learning Rate: 2.962361539982204e-05
   Clipping Norm: 0.21010832126194134
   Horizon (train loss): 40
   Output timesteps (val_loss and fr_loss): 50
======================================================================

Epoch 25/30
309/309 ━━━━━━━━━━━━━━━━━━━━ 158s 512ms/step - mae: 0.0739 - loss: 0.2848 - val_loss: 0.0091
Epoch 26/30
309/309 ━━━━━━━━━━━━━━━━━━━━ 164s 530ms/step - mae: 0.0753 - loss: 0.2572 - val_loss: 0.0094 - val_fr_phase_loss_40: 0.3045
[Optuna] trial=11 epoch=26 val_fr_phase_loss_40=0.304472 | median=0.451463 (n=7, p25=0.349452, p75=0.518418) | margin=-0.146991 (-32.56%)
Epoch 27/30
309/309 ━━━━━━━━━━━━━━━━━━━━ 159s 516ms/step - mae: 0.0770 - loss: 0.2476 - val_loss: 0.0099
Epoch 28/30
309/309 ━━━━━━━━━━━━━━━━━━━━ 164s 530ms/step - mae: 0.0783 - loss: 0.2411 - val_loss: 0.0102 - val_fr_phase_loss_40: 0.2919 - val_fr_target_loss_50: 0.3749 - val_fr_curve_loss_1: 0.0090 - val_fr_curve_loss_2: 0.0093 - val_fr_curve_loss_3: 0.0106
[Optuna] trial=11 epoch=28 val_fr_phase_loss_40=0.291854 | median=0.380907 (n=7, p25=0.333697, p75=0.47585) | margin=-0.0890529 (-23.38%)

======================================================================
   PHASE 6/6: full_autoregressive
   Gradient Through Time: True
   Epochs: 2
   Learning Rate: 1.7774169239893224e-05
   Clipping Norm: 0.16808665700955308
   Horizon (train loss): 50
   Output timesteps (val_loss and fr_loss): 50
======================================================================

Epoch 29/30
309/309 ━━━━━━━━━━━━━━━━━━━━ 158s 512ms/step - mae: 0.0794 - loss: 0.2786 - val_loss: 0.0105
Epoch 30/30
309/309 ━━━━━━━━━━━━━━━━━━━━ 164s 531ms/step - mae: 0.0791 - loss: 0.2662 - val_loss: 0.0104 - val_fr_phase_loss_50: 0.3389 - val_fr_target_loss_50: 0.3459 - val_fr_curve_loss_1: 0.0125 - val_fr_curve_loss_2: 0.0131 - val_fr_curve_loss_3: 0.0150
[Optuna] trial=11 epoch=30 val_fr_phase_loss_50=0.338925 | median=0.389872 (n=7, p25=0.360908, p75=0.503687) | margin=-0.0509475 (-13.07%)
Final loss: 0.2662
Predicting all test samples in free_running mode...
  X shape: (2280, 200, 36)
  Y shape: (2280, 50, 36)
  Pred shape: (2280, 50, 36)

 step | target                | pred                  | abs_err
------|-----------------------|-----------------------|----------------------
   25 | [ 0.413975  2.252291  0.076809 -1.082321  0.133018 -0.274908  0.639894
 -1.222357 -1.249584  0.168496  0.626157  0.768161 -1.833026  0.430524
 -0.664956 -0.940605 -0.333545  0.888525  1.287808  0.789981 -0.276216
 -0.539654 -0.175473  0.252616 -1.215466 -0.765159 -0.430836 -0.7326
  1.170439  1.235309 -0.98217   0.207688  0.323877 -0.382801 -0.034873
  0.56418 ] | [ 0.599278  2.268914 -0.184768 -0.613197  0.163362 -0.339084  1.037437
 -0.660109 -1.537338  0.374654 -0.177462  0.553834 -0.490272 -1.206569
  0.253328 -0.803134 -0.551808  0.473959  0.980452  0.329115 -0.905066
 -0.194322 -0.266118  0.475358 -0.132726 -0.549058 -0.500108 -0.17439
  1.62096   1.110464 -0.812137  0.28993   0.554219 -0.248933 -0.859707
  0.245874] | [0.185303 0.016623 0.261577 0.469124 0.030344 0.064176 0.397543 0.562248
 0.287755 0.206158 0.80362  0.214327 1.342754 1.637093 0.918284 0.137471
 0.218262 0.414565 0.307355 0.460866 0.628851 0.345332 0.090645 0.222742
 1.08274  0.2161   0.069272 0.55821  0.450521 0.124845 0.170032 0.082242
 0.230342 0.133867 0.824834 0.318307]
   26 | [ 0.433902  2.276946  0.062718 -1.073421  0.149295 -0.261739  0.66411
 -1.190588 -1.280325  0.091743  0.630177  0.811665 -1.905444  0.590891
 -0.648677 -0.950394 -0.271225  0.842781  1.340023  0.789891 -0.296955
 -0.535192 -0.171397  0.217021 -1.236176 -0.75049  -0.449502 -0.772153
  1.203705  1.218394 -1.003057  0.192291  0.338178 -0.409968  0.071482
  0.522649] | [ 0.609852  2.289994 -0.176108 -0.571861  0.176614 -0.33082   1.067946
 -0.633743 -1.561296  0.33442  -0.227548  0.584358 -0.540414 -1.18538
  0.283001 -0.8202   -0.541825  0.433338  0.992255  0.32294  -0.906547
 -0.22068  -0.249821  0.494349 -0.107407 -0.515875 -0.533634 -0.18459
  1.62754   1.102465 -0.827531  0.281814  0.562973 -0.279728 -0.83458
  0.205743] | [0.17595  0.013048 0.238826 0.50156  0.027319 0.069081 0.403835 0.556846
 0.280971 0.242677 0.857725 0.227307 1.365031 1.776272 0.931678 0.130194
 0.270601 0.409443 0.347769 0.466951 0.609591 0.314512 0.078424 0.277327
 1.128769 0.234614 0.084132 0.587563 0.423836 0.115929 0.175526 0.089523
 0.224795 0.13024  0.906063 0.316905]
   27 | [ 0.45137   2.29779   0.046898 -1.065959  0.163722 -0.251176  0.686906
 -1.158318 -1.306769  0.020961  0.635355  0.846673 -1.973424  0.752938
 -0.63128  -0.95588  -0.208485  0.794828  1.389242  0.786713 -0.314912
 -0.528408 -0.166389  0.176889 -1.255981 -0.733755 -0.465744 -0.812322
  1.237801  1.200935 -1.020813  0.176508  0.350492 -0.434216  0.179125
  0.481679] | [ 0.617377  2.306604 -0.168667 -0.531824  0.188099 -0.323846  1.097247
 -0.609624 -1.579789  0.299494 -0.277157  0.610704 -0.590254 -1.163975
  0.309182 -0.832843 -0.532935  0.391515  1.002301  0.315582 -0.905017
 -0.245461 -0.234147  0.509095 -0.083572 -0.483579 -0.564489 -0.194246
  1.630756  1.09333  -0.840332  0.274137  0.567579 -0.308224 -0.808461
  0.167839] | [0.166008 0.008815 0.215566 0.534135 0.024377 0.07267  0.410341 0.548693
 0.273019 0.278533 0.912512 0.235968 1.38317  1.916913 0.940462 0.123036
 0.324449 0.403313 0.386941 0.471131 0.590105 0.282948 0.067758 0.332206
 1.172409 0.250175 0.098745 0.618076 0.392955 0.107604 0.180481 0.097629
 0.217087 0.125992 0.987585 0.313839]
   28 | [ 0.466327  2.314783  0.029422 -1.059933  0.176249 -0.243234  0.708319
 -1.125542 -1.328843 -0.043589  0.641445  0.873025 -2.036825  0.915869
 -0.612772 -0.957077 -0.145636  0.744967  1.435167  0.780424 -0.32991
 -0.519352 -0.160183  0.132539 -1.274543 -0.714768 -0.479514 -0.852827
  1.272629  1.183048 -1.035382  0.160153  0.360566 -0.455552  0.287429
  0.44125 ] | [ 0.621602  2.318732 -0.162477 -0.493333  0.198168 -0.318429  1.125237
 -0.587496 -1.592788  0.269659 -0.326183  0.632681 -0.639871 -1.142679
  0.332048 -0.841085 -0.525074  0.348487  1.010213  0.307177 -0.900612
 -0.268476 -0.219429  0.519638 -0.061264 -0.451645 -0.592872 -0.203411
  1.630453  1.083201 -0.850398  0.266653  0.568002 -0.334452 -0.781965
  0.132444] | [0.155274 0.003949 0.191899 0.5666   0.021919 0.075195 0.416918 0.538046
 0.263945 0.313248 0.967628 0.240344 1.396953 2.058548 0.94482  0.115992
 0.379438 0.39648  0.424954 0.473247 0.570701 0.250877 0.059246 0.387099
 1.213279 0.263122 0.113359 0.649417 0.357823 0.099847 0.184984 0.1065
 0.207436 0.1211   1.069394 0.308806]
   29 | [ 0.478732  2.32789   0.010362 -1.055353  0.186818 -0.237931  0.728378
 -1.09227  -1.346491 -0.1017    0.648197  0.890628 -2.095523  1.078877
 -0.593175 -0.95402  -0.082985  0.693516  1.47754   0.771024 -0.341791
 -0.508082 -0.152506  0.084329 -1.291529 -0.693373 -0.49077  -0.893374
  1.308082  1.164834 -1.046716  0.143051  0.368166 -0.473989  0.395794
  0.401343] | [ 0.622376  2.326503 -0.15729  -0.456619  0.206647 -0.314536  1.151877
 -0.567247 -1.600302  0.244854 -0.374699  0.650613 -0.688897 -1.121268
  0.351278 -0.84493  -0.518754  0.304294  1.01609   0.297702 -0.893608
 -0.289709 -0.205829  0.525768 -0.040585 -0.42032  -0.618615 -0.212031
  1.62698   1.072009 -0.857735  0.259291  0.564395 -0.358321 -0.754923
  0.09952 ] | [1.436448e-01 1.387835e-03 1.676520e-01 5.987341e-01 1.982908e-02
 7.660459e-02 4.234986e-01 5.250224e-01 2.538116e-01 3.465538e-01
 1.022896e+00 2.400157e-01 1.406626e+00 2.200145e+00 9.444524e-01
 1.090901e-01 4.357686e-01 3.892216e-01 4.614500e-01 4.733221e-01
 5.518166e-01 2.183727e-01 5.332291e-02 4.414385e-01 1.250944e+00
 2.730523e-01 1.278458e-01 6.813424e-01 3.188984e-01 9.282446e-02
 1.889811e-01 1.162404e-01 1.962288e-01 1.156676e-01 1.150717e+00
 3.018226e-01]
model built: True
num weights: 38
{'mae': [0.39276033639907837, 0.24334456026554108, 0.18680648505687714, 0.15477077662944794, 0.13256080448627472, 0.11621520668268204, 0.13964156806468964, 0.1349208801984787, 0.13073408603668213, 0.12825672328472137, 0.12763652205467224, 0.12195191532373428, 0.09968919306993484, 0.09158314019441605, 0.08478101342916489, 0.07900543510913849, 0.07415231317281723, 0.07053481787443161, 0.06770393252372742, 0.0648188591003418, 0.06154826283454895, 0.05865582078695297, 0.05603458359837532, 0.05362836271524429, 0.07393644005060196, 0.07528583705425262, 0.0769595354795456, 0.0783216580748558, 0.0794074684381485, 0.07913234084844589], 'loss': [0.5430344343185425, 0.14462123811244965, 0.06793401390314102, 0.042380884289741516, 0.029405303299427032, 0.02161846123635769, 0.0339512974023819, 0.02997680753469467, 0.027878982946276665, 0.026125218719244003, 0.024544542655348778, 0.023346753790974617, 0.014995304867625237, 0.01172065269201994, 0.010110015980899334, 0.009668029844760895, 0.011602528393268585, 0.016692448407411575, 0.020524902269244194, 0.021259509027004242, 0.005168179050087929, 0.004648170433938503, 0.004280505236238241, 0.003970179241150618, 0.2848164737224579, 0.2571554183959961, 0.2476356029510498, 0.24106010794639587, 0.2785736918449402, 0.2661571204662323], 'val_loss': [0.24519145488739014, 0.09611494094133377, 0.05675338953733444, 0.03892567381262779, 0.028596531599760056, 0.02202514372766018, 0.031780801713466644, 0.029664428904652596, 0.02790793403983116, 0.02697218768298626, 0.02671121619641781, 0.024467965587973595, 0.016335424035787582, 0.013767135329544544, 0.011794826947152615, 0.010244731791317463, 0.009025859646499157, 0.008183314464986324, 0.00755065493285656, 0.006931887939572334, 0.006223768461495638, 0.00565851666033268, 0.005170118995010853, 0.004742596764117479, 0.009104011580348015, 0.009439525194466114, 0.009866720996797085, 0.010221803560853004, 0.010472483932971954, 0.010396459139883518], 'val_fr_phase_loss_10': [nan, 0.15308107435703278, nan, 0.08643049746751785, nan, 0.0621790885925293], 'val_fr_target_loss_50': [nan, nan, nan, nan, nan, 0.8969426155090332, nan, nan, nan, nan, nan, 0.8469200730323792, nan, nan, nan, nan, nan, nan, nan, 0.595480740070343, nan, nan, nan, 0.6221425533294678, nan, nan, nan, 0.37490779161453247, nan, 0.34589120745658875], 'val_fr_curve_loss_1': [nan, nan, nan, nan, nan, 0.029525741934776306, nan, nan, nan, nan, nan, 0.01766282692551613, nan, nan, nan, nan, nan, nan, nan, 0.008200633339583874, nan, nan, nan, 0.006402280181646347, nan, nan, nan, 0.00901427585631609, nan, 0.012496561743319035], 'val_fr_curve_loss_2': [nan, nan, nan, nan, nan, 0.027576066553592682, nan, nan, nan, nan, nan, 0.017912134528160095, nan, nan, nan, nan, nan, nan, nan, 0.00845266878604889, nan, nan, nan, 0.006802154239267111, nan, nan, nan, 0.009304645471274853, nan, 0.013084124773740768], 'val_fr_curve_loss_3': [nan, nan, nan, nan, nan, 0.02851593680679798, nan, nan, nan, nan, nan, 0.019958479329943657, nan, nan, nan, nan, nan, nan, nan, 0.009640410542488098, nan, nan, nan, 0.00800359807908535, nan, nan, nan, 0.010606671683490276, nan, 0.015046462416648865], 'val_fr_phase_loss_15': [nan, 0.13919411599636078, nan, 0.129036083817482, nan, 0.11843644827604294], 'val_fr_phase_loss_20': [nan, 0.1256653070449829, nan, 0.12352730333805084, nan, 0.12172871828079224, nan, 0.11763610690832138], 'val_fr_phase_loss_30': [nan, 0.26209089159965515, nan, 0.2685961425304413], 'val_fr_phase_loss_40': [nan, 0.3044716715812683, nan, 0.2918544113636017], 'val_fr_phase_loss_50': [nan, 0.3389245569705963]}
Saved artifacts to: runs/tuning/study_lstm_lvl1/trial_0011
