--- Number of Windows for Train = 9880
--- Number of Windows for Val = 3040
--- Number of Windows for Test = 2280
--- Curriculum = [5, 5, 12, 12, 18, 18, 25, 25, 38, 38, 50, 50]
--- fr_curve Outsteps = [10, 20, 30, 50]

--- Training: lstm_fullseq_30ep [LSTM/FC/FULL_SEQ]  ---

======================================================================
   PHASE 1/12: teacher_forcing
   Epochs: 2
   Learning Rate: 0.0003192045481650781
   Clipping Norm: 0.10675917906657333
   Horizon (train loss): 5
   Output timesteps (val_loss and fr_loss): 50
======================================================================

Epoch 1/30
309/309 ━━━━━━━━━━━━━━━━━━━━ 16s 33ms/step - mae: 0.2788 - mse: 0.1242 - loss: 0.3732 - val_loss: 0.1242
Epoch 2/30
309/309 ━━━━━━━━━━━━━━━━━━━━ 13s 42ms/step - mae: 0.1603 - mse: 0.0413 - loss: 0.0643 - val_loss: 0.0413 - val_fr_phase_loss_5: 0.0602 - val_fr_target_loss_50: 1.0665 - val_fr_curve_loss_10: 0.1333 - val_fr_curve_loss_20: 0.3732 - val_fr_curve_loss_30: 0.6370 - val_fr_curve_loss_50: 1.0495
[Optuna] trial=14 epoch=2 val_fr_phase_loss_5=0.0602028 | median=0.0836981 (n=13, p25=0.0640497, p75=0.281878) | margin=-0.0234953 (-28.07%)

======================================================================
   PHASE 2/12: masked_modeling
   Mask Prob: 0.1
   Mask Scope: time
   Mask Mode: constant
   Mask Value: 0.2
   Noise Sigma: None
   Noise Replace: False
   Epochs: 3
   Learning Rate: 0.0002553636385320625
   Clipping Norm: 0.096083261159916
   Horizon (train loss): 5
   Output timesteps (val_loss and fr_loss): 50
======================================================================

Epoch 3/30
309/309 ━━━━━━━━━━━━━━━━━━━━ 9s 29ms/step - mae: 0.1368 - mse: 0.0301 - loss: 0.0349 - val_loss: 0.0301
Epoch 4/30
309/309 ━━━━━━━━━━━━━━━━━━━━ 13s 41ms/step - mae: 0.1226 - mse: 0.0243 - loss: 0.0257 - val_loss: 0.0243 - val_fr_phase_loss_5: 0.0375
[Optuna] trial=14 epoch=4 val_fr_phase_loss_5=0.0374655 | median=0.0409279 (n=13, p25=0.0347013, p75=0.141913) | margin=-0.00346248 (-8.46%)
Epoch 5/30
309/309 ━━━━━━━━━━━━━━━━━━━━ 13s 41ms/step - mae: 0.1113 - mse: 0.0202 - loss: 0.0208 - val_loss: 0.0202 - val_fr_target_loss_50: 1.0195 - val_fr_curve_loss_10: 0.0834 - val_fr_curve_loss_20: 0.2852 - val_fr_curve_loss_30: 0.5459 - val_fr_curve_loss_50: 0.9892

======================================================================
   PHASE 3/12: teacher_forcing
   Epochs: 2
   Learning Rate: 0.0003192045481650781
   Clipping Norm: 0.10675917906657333
   Horizon (train loss): 12
   Output timesteps (val_loss and fr_loss): 50
======================================================================

Epoch 6/30
309/309 ━━━━━━━━━━━━━━━━━━━━ 9s 29ms/step - mae: 0.1203 - mse: 0.0236 - loss: 0.0265 - val_loss: 0.0236
Epoch 7/30
309/309 ━━━━━━━━━━━━━━━━━━━━ 13s 41ms/step - mae: 0.0947 - mse: 0.0146 - loss: 0.0149 - val_loss: 0.0146 - val_fr_phase_loss_12: 0.1032 - val_fr_target_loss_50: 0.9236 - val_fr_curve_loss_10: 0.0779 - val_fr_curve_loss_20: 0.2461 - val_fr_curve_loss_30: 0.4716 - val_fr_curve_loss_50: 0.9146
[Optuna] trial=14 epoch=7 val_fr_phase_loss_12=0.103189 | median=0.190204 (n=13, p25=0.15443, p75=0.268146) | margin=-0.0870148 (-45.75%)

======================================================================
   PHASE 4/12: masked_modeling
   Mask Prob: 0.15
   Mask Scope: time
   Mask Mode: constant
   Mask Value: 0.2
   Noise Sigma: None
   Noise Replace: False
   Epochs: 3
   Learning Rate: 0.00022344318371555466
   Clipping Norm: 0.09074530220658733
   Horizon (train loss): 12
   Output timesteps (val_loss and fr_loss): 50
======================================================================

Epoch 8/30
309/309 ━━━━━━━━━━━━━━━━━━━━ 9s 29ms/step - mae: 0.1240 - mse: 0.0252 - loss: 0.0287 - val_loss: 0.0252
Epoch 9/30
309/309 ━━━━━━━━━━━━━━━━━━━━ 13s 41ms/step - mae: 0.1227 - mse: 0.0247 - loss: 0.0240 - val_loss: 0.0247 - val_fr_phase_loss_12: 0.1123
[Optuna] trial=14 epoch=9 val_fr_phase_loss_12=0.112273 | median=0.132944 (n=13, p25=0.126373, p75=0.180737) | margin=-0.0206704 (-15.55%)
Epoch 10/30
309/309 ━━━━━━━━━━━━━━━━━━━━ 13s 41ms/step - mae: 0.1184 - mse: 0.0232 - loss: 0.0216 - val_loss: 0.0232 - val_fr_target_loss_50: 0.9353 - val_fr_curve_loss_10: 0.0750 - val_fr_curve_loss_20: 0.2389 - val_fr_curve_loss_30: 0.4637 - val_fr_curve_loss_50: 0.9326

======================================================================
   PHASE 5/12: teacher_forcing
   Epochs: 2
   Learning Rate: 0.0003192045481650781
   Clipping Norm: 0.10675917906657333
   Horizon (train loss): 18
   Output timesteps (val_loss and fr_loss): 50
======================================================================

Epoch 11/30
309/309 ━━━━━━━━━━━━━━━━━━━━ 9s 29ms/step - mae: 0.0831 - mse: 0.0112 - loss: 0.0123 - val_loss: 0.0112
Epoch 12/30
309/309 ━━━━━━━━━━━━━━━━━━━━ 13s 41ms/step - mae: 0.0695 - mse: 0.0078 - loss: 0.0072 - val_loss: 0.0078 - val_fr_phase_loss_18: 0.2007 - val_fr_target_loss_50: 0.9280 - val_fr_curve_loss_10: 0.0714 - val_fr_curve_loss_20: 0.2428 - val_fr_curve_loss_30: 0.4700 - val_fr_curve_loss_50: 0.9115
[Optuna] trial=14 epoch=12 val_fr_phase_loss_18=0.200729 | median=0.396751 (n=13, p25=0.249645, p75=0.473856) | margin=-0.196022 (-49.41%)

======================================================================
   PHASE 6/12: masked_modeling
   Mask Prob: 0.2
   Mask Scope: time
   Mask Mode: constant
   Mask Value: 0.2
   Noise Sigma: None
   Noise Replace: False
   Epochs: 3
   Learning Rate: 0.00019152272889904687
   Clipping Norm: 0.08540734325325866
   Horizon (train loss): 18
   Output timesteps (val_loss and fr_loss): 50
======================================================================

Epoch 13/30
309/309 ━━━━━━━━━━━━━━━━━━━━ 9s 29ms/step - mae: 0.1239 - mse: 0.0256 - loss: 0.0285 - val_loss: 0.0256
Epoch 14/30
309/309 ━━━━━━━━━━━━━━━━━━━━ 13s 41ms/step - mae: 0.1244 - mse: 0.0265 - loss: 0.0217 - val_loss: 0.0265 - val_fr_phase_loss_18: 0.2066
[Optuna] trial=14 epoch=14 val_fr_phase_loss_18=0.206567 | median=0.299218 (n=13, p25=0.234639, p75=0.370721) | margin=-0.0926511 (-30.96%)
Epoch 15/30
309/309 ━━━━━━━━━━━━━━━━━━━━ 13s 41ms/step - mae: 0.1184 - mse: 0.0239 - loss: 0.0194 - val_loss: 0.0239 - val_fr_target_loss_50: 0.8915 - val_fr_curve_loss_10: 0.0717 - val_fr_curve_loss_20: 0.2297 - val_fr_curve_loss_30: 0.4440 - val_fr_curve_loss_50: 0.8876

======================================================================
   PHASE 7/12: teacher_forcing
   Epochs: 2
   Learning Rate: 0.0003192045481650781
   Clipping Norm: 0.10675917906657333
   Horizon (train loss): 25
   Output timesteps (val_loss and fr_loss): 50
======================================================================

Epoch 16/30
309/309 ━━━━━━━━━━━━━━━━━━━━ 9s 29ms/step - mae: 0.0687 - mse: 0.0076 - loss: 0.0084 - val_loss: 0.0076
Epoch 17/30
309/309 ━━━━━━━━━━━━━━━━━━━━ 13s 41ms/step - mae: 0.0587 - mse: 0.0056 - loss: 0.0048 - val_loss: 0.0056 - val_fr_phase_loss_25: 0.3791 - val_fr_target_loss_50: 0.9876 - val_fr_curve_loss_10: 0.0727 - val_fr_curve_loss_20: 0.2629 - val_fr_curve_loss_30: 0.5124 - val_fr_curve_loss_50: 0.9666
[Optuna] trial=14 epoch=17 val_fr_phase_loss_25=0.379148 | median=0.690807 (n=13, p25=0.39957, p75=0.721632) | margin=-0.311659 (-45.12%)

======================================================================
   PHASE 8/12: masked_modeling
   Mask Prob: 0.2
   Mask Scope: time
   Mask Mode: noise
   Mask Value: None
   Noise Sigma: 0.1
   Noise Replace: False
   Epochs: 3
   Learning Rate: 0.00015960227408253906
   Clipping Norm: 0.08006938429992999
   Horizon (train loss): 25
   Output timesteps (val_loss and fr_loss): 50
======================================================================

Epoch 18/30
309/309 ━━━━━━━━━━━━━━━━━━━━ 9s 29ms/step - mae: 0.0521 - mse: 0.0044 - loss: 0.0042 - val_loss: 0.0044
Epoch 19/30
309/309 ━━━━━━━━━━━━━━━━━━━━ 13s 41ms/step - mae: 0.0496 - mse: 0.0040 - loss: 0.0038 - val_loss: 0.0040 - val_fr_phase_loss_25: 0.3095
[Optuna] trial=14 epoch=19 val_fr_phase_loss_25=0.309452 | median=0.340713 (n=13, p25=0.314487, p75=0.366865) | margin=-0.0312616 (-9.18%)
Epoch 20/30
309/309 ━━━━━━━━━━━━━━━━━━━━ 14s 45ms/step - mae: 0.0475 - mse: 0.0037 - loss: 0.0035 - val_loss: 0.0037 - val_fr_target_loss_50: 0.8179 - val_fr_curve_loss_10: 0.0575 - val_fr_curve_loss_20: 0.2101 - val_fr_curve_loss_30: 0.4184 - val_fr_curve_loss_50: 0.8176

======================================================================
   PHASE 9/12: teacher_forcing
   Epochs: 2
   Learning Rate: 0.0003192045481650781
   Clipping Norm: 0.10675917906657333
   Horizon (train loss): 38
   Output timesteps (val_loss and fr_loss): 50
======================================================================

Epoch 21/30
309/309 ━━━━━━━━━━━━━━━━━━━━ 9s 29ms/step - mae: 0.0462 - mse: 0.0035 - loss: 0.0026 - val_loss: 0.0035
Epoch 22/30
309/309 ━━━━━━━━━━━━━━━━━━━━ 13s 41ms/step - mae: 0.0430 - mse: 0.0030 - loss: 0.0022 - val_loss: 0.0030 - val_fr_phase_loss_38: 0.8123 - val_fr_target_loss_50: 1.0892 - val_fr_curve_loss_10: 0.0807 - val_fr_curve_loss_20: 0.3122 - val_fr_curve_loss_30: 0.6021 - val_fr_curve_loss_50: 1.0800
[Optuna] trial=14 epoch=22 val_fr_phase_loss_38=0.812258 | median=1.07079 (n=13, p25=0.688546, p75=1.21427) | margin=-0.258529 (-24.14%)

======================================================================
   PHASE 10/12: masked_modeling
   Mask Prob: 0.25
   Mask Scope: time
   Mask Mode: noise
   Mask Value: None
   Noise Sigma: 0.1
   Noise Replace: False
   Epochs: 3
   Learning Rate: 0.00012768181926603125
   Clipping Norm: 0.07473142534660132
   Horizon (train loss): 38
   Output timesteps (val_loss and fr_loss): 50
======================================================================

Epoch 23/30
309/309 ━━━━━━━━━━━━━━━━━━━━ 9s 29ms/step - mae: 0.0377 - mse: 0.0023 - loss: 0.0030 - val_loss: 0.0023
Epoch 24/30
309/309 ━━━━━━━━━━━━━━━━━━━━ 13s 41ms/step - mae: 0.0374 - mse: 0.0023 - loss: 0.0029 - val_loss: 0.0023 - val_fr_phase_loss_38: 0.5621
[Optuna] trial=14 epoch=24 val_fr_phase_loss_38=0.562093 | median=0.570628 (n=13, p25=0.557885, p75=0.595817) | margin=-0.00853491 (-1.50%)
Epoch 25/30
309/309 ━━━━━━━━━━━━━━━━━━━━ 13s 41ms/step - mae: 0.0368 - mse: 0.0022 - loss: 0.0028 - val_loss: 0.0022 - val_fr_target_loss_50: 0.7865 - val_fr_curve_loss_10: 0.0481 - val_fr_curve_loss_20: 0.1871 - val_fr_curve_loss_30: 0.3886 - val_fr_curve_loss_50: 0.7855

======================================================================
   PHASE 11/12: teacher_forcing
   Epochs: 2
   Learning Rate: 0.0003192045481650781
   Clipping Norm: 0.10675917906657333
   Horizon (train loss): 50
   Output timesteps (val_loss and fr_loss): 50
======================================================================

Epoch 26/30
309/309 ━━━━━━━━━━━━━━━━━━━━ 9s 29ms/step - mae: 0.0383 - mse: 0.0024 - loss: 0.0018 - val_loss: 0.0024
Epoch 27/30
309/309 ━━━━━━━━━━━━━━━━━━━━ 13s 41ms/step - mae: 0.0340 - mse: 0.0019 - loss: 0.0015 - val_loss: 0.0019 - val_fr_phase_loss_50: 1.0314 - val_fr_target_loss_50: 1.0457 - val_fr_curve_loss_10: 0.0694 - val_fr_curve_loss_20: 0.2886 - val_fr_curve_loss_30: 0.5739 - val_fr_curve_loss_50: 1.0375
[Optuna] trial=14 epoch=27 val_fr_phase_loss_50=1.03138 | median=1.2797 (n=13, p25=0.948948, p75=1.6562) | margin=-0.248312 (-19.40%)

======================================================================
   PHASE 12/12: masked_modeling
   Mask Prob: 0.25
   Mask Scope: time
   Mask Mode: noise
   Mask Value: None
   Noise Sigma: 0.1
   Noise Replace: True
   Epochs: 3
   Learning Rate: 0.00011491363733942812
   Clipping Norm: 0.06939346639327267
   Horizon (train loss): 50
   Output timesteps (val_loss and fr_loss): 50
======================================================================

Epoch 28/30
309/309 ━━━━━━━━━━━━━━━━━━━━ 9s 29ms/step - mae: 0.1603 - mse: 0.0425 - loss: 0.0503 - val_loss: 0.0425
Epoch 29/30
309/309 ━━━━━━━━━━━━━━━━━━━━ 13s 41ms/step - mae: 0.1475 - mse: 0.0360 - loss: 0.0308 - val_loss: 0.0360 - val_fr_phase_loss_50: 0.9617
[Optuna] trial=14 epoch=29 val_fr_phase_loss_50=0.961682 | median=1.16547 (n=13, p25=1.06346, p75=1.47794) | margin=-0.203792 (-17.49%)
Epoch 30/30
309/309 ━━━━━━━━━━━━━━━━━━━━ 13s 41ms/step - mae: 0.1403 - mse: 0.0328 - loss: 0.0265 - val_loss: 0.0328 - val_fr_target_loss_50: 0.8839 - val_fr_curve_loss_10: 0.0688 - val_fr_curve_loss_20: 0.2150 - val_fr_curve_loss_30: 0.4245 - val_fr_curve_loss_50: 0.8787
Final loss: 0.0265
Predicting all test samples in free_running mode...
  X shape: (2280, 200, 55)
  Y shape: (2280, 50, 55)
  Pred shape: (2280, 50, 55)

 step | target                | pred                  | abs_err
------|-----------------------|-----------------------|----------------------
   25 | [ 4.139746e-01  2.252291e+00  7.680922e-02 -1.082321e+00  1.330184e-01
 -2.749080e-01  6.398940e-01 -1.222357e+00  1.964076e+00  2.024013e-01
 -1.249584e+00  1.684962e-01  6.261574e-01  7.681609e-01 -1.833026e+00
  4.305243e-01 -6.649562e-01  3.213241e-02 -4.315943e-01 -9.406051e-01
 -3.335454e-01  8.885246e-01  1.287808e+00  7.899810e-01 -2.762157e-01
  1.005897e+00 -2.825402e-01 -5.396542e-01 -1.754732e-01  2.526159e-01
 -1.215466e+00 -7.651589e-01 -1.200358e-01  4.952903e-01 -4.308359e-01
 -7.325999e-01  1.170439e+00  1.235309e+00 -8.311886e-01 -7.979621e-01
 -9.821695e-01  2.076884e-01  3.238765e-01 -1.923588e-01 -4.145486e-01
 -3.828006e-01 -3.487313e-02  1.245124e-03  1.581712e-01  5.641804e-01
  2.155083e-01 -1.144052e-01 -1.354365e+00 -3.214316e-01 -1.550427e+00] | [-0.10843   2.496406 -0.801331 -0.111647  0.364638 -0.772284  1.277136
 -2.248711  2.341902 -0.016427 -0.873324  2.552245  0.589131 -1.65946
  0.752628 -3.032184 -0.945939 -0.301795 -1.240999 -1.495167 -1.382115
  1.26744   1.473719  0.988361 -0.179594  0.679136 -0.898781 -0.192486
  0.258109  1.34513  -1.007687 -0.11916   1.004556 -1.261747 -0.084562
 -1.43273   0.546688  1.721512  1.272375 -0.155171 -0.872628  0.266084
  0.644966  0.767439  2.008829 -0.132287 -0.981676 -0.598725  1.23584
  0.886111 -2.532814  2.218987 -0.809789 -1.14307  -1.371915] | [0.522405 0.244115 0.87814  0.970674 0.23162  0.497376 0.637242 1.026354
 0.377825 0.218828 0.37626  2.383749 0.037026 2.427621 2.585654 3.462709
 0.280983 0.333928 0.809404 0.554562 1.04857  0.378915 0.185911 0.19838
 0.096622 0.326761 0.616241 0.347168 0.433582 1.092514 0.207779 0.645999
 1.124592 1.757037 0.346274 0.70013  0.623751 0.486203 2.103564 0.642791
 0.109541 0.058395 0.32109  0.959798 2.423378 0.250513 0.946803 0.59997
 1.077669 0.321931 2.748322 2.333392 0.544576 0.821638 0.178512]
   26 | [ 0.433902  2.276946  0.062718 -1.073421  0.149295 -0.261739  0.66411
 -1.190588  1.970693  0.211786 -1.280325  0.091743  0.630177  0.811665
 -1.905444  0.590891 -0.648677  0.010101 -0.341095 -0.950394 -0.271225
  0.842781  1.340023  0.789891 -0.296955  0.983707 -0.332591 -0.535192
 -0.171397  0.217021 -1.236176 -0.75049  -0.169815  0.501318 -0.449502
 -0.772153  1.203705  1.218394 -0.873595 -0.731515 -1.003057  0.192291
  0.338178 -0.172599 -0.562203 -0.409968  0.071482 -0.035004  0.178969
  0.522649  0.281281 -0.172402 -1.38113  -0.280718 -1.561255] | [-0.143476  2.497777 -0.795047 -0.068992  0.389031 -0.750748  1.320438
 -2.240796  2.346511 -0.015764 -0.875679  2.546661  0.567748 -1.641257
  0.76967  -3.019462 -0.951669 -0.371029 -1.213586 -1.537573 -1.421592
  1.281449  1.540355  1.004553 -0.21396   0.685848 -0.895264 -0.211379
  0.286682  1.416805 -0.999222 -0.060425  1.010952 -1.276835 -0.099563
 -1.459632  0.538493  1.757695  1.273191 -0.146856 -0.8757    0.252015
  0.673879  0.811778  1.968861 -0.160071 -0.980697 -0.624668  1.293542
  0.880364 -2.485044  2.213086 -0.785679 -1.155859 -1.339352] | [0.577378 0.220831 0.857765 1.004429 0.239736 0.48901  0.656328 1.050207
 0.375818 0.22755  0.404646 2.454917 0.062429 2.452922 2.675114 3.610353
 0.302992 0.381131 0.872491 0.587178 1.150367 0.438669 0.200332 0.214662
 0.082995 0.297859 0.562673 0.323813 0.458079 1.199784 0.236954 0.690065
 1.180768 1.778153 0.349939 0.687478 0.665212 0.539301 2.146786 0.584659
 0.127357 0.059724 0.335701 0.984377 2.531064 0.249897 1.05218  0.589664
 1.114572 0.357715 2.766325 2.385488 0.595451 0.875141 0.221903]
   27 | [ 0.45137   2.29779   0.046898 -1.065959  0.163722 -0.251176  0.686906
 -1.158318  1.973541  0.218812 -1.306769  0.020961  0.635355  0.846673
 -1.973424  0.752938 -0.63128  -0.009811 -0.250043 -0.95588  -0.208485
  0.794828  1.389242  0.786713 -0.314912  0.961981 -0.384025 -0.528408
 -0.166389  0.176889 -1.255981 -0.733755 -0.216556  0.503603 -0.465744
 -0.812322  1.237801  1.200935 -0.913572 -0.661274 -1.020813  0.176508
  0.350492 -0.15451  -0.707661 -0.434216  0.179125 -0.073381  0.197581
  0.481679  0.341621 -0.226467 -1.405437 -0.237464 -1.567991] | [-0.180023  2.495534 -0.787658 -0.029375  0.41147  -0.72945   1.360515
 -2.23305   2.346711 -0.016162 -0.875975  2.543239  0.544895 -1.624939
  0.78801  -3.00306  -0.954047 -0.440384 -1.185899 -1.57616  -1.46112
  1.294079  1.607764  1.020165 -0.248596  0.693686 -0.888847 -0.229086
  0.314058  1.486452 -0.990373 -0.004103  1.020974 -1.289    -0.113631
 -1.484204  0.533768  1.794075  1.271864 -0.13857  -0.877171  0.23829
  0.700028  0.853015  1.929643 -0.186287 -0.977357 -0.647006  1.348166
  0.877551 -2.43639   2.205576 -0.757275 -1.167699 -1.303214] | [0.631393 0.197744 0.834556 1.036584 0.247747 0.478274 0.67361  1.074732
 0.373169 0.234974 0.430794 2.522278 0.09046  2.471612 2.761434 3.755998
 0.322767 0.430573 0.935856 0.62028  1.252634 0.499251 0.218522 0.233452
 0.066316 0.268295 0.504823 0.299322 0.480447 1.309563 0.265608 0.729652
 1.23753  1.792603 0.352113 0.671882 0.704033 0.593141 2.185436 0.522703
 0.143643 0.061782 0.349536 1.007525 2.637304 0.247929 1.156482 0.573625
 1.150585 0.395872 2.778011 2.432043 0.648162 0.930235 0.264778]
   28 | [ 0.466327  2.314783  0.029422 -1.059933  0.176249 -0.243234  0.708319
 -1.125542  1.97265   0.223477 -1.328843 -0.043589  0.641445  0.873025
 -2.036825  0.915869 -0.612772 -0.027353 -0.158771 -0.957077 -0.145636
  0.744967  1.435167  0.780424 -0.32991   0.940997 -0.436465 -0.519352
 -0.160183  0.132539 -1.274543 -0.714768 -0.260126  0.501926 -0.479514
 -0.852827  1.272629  1.183048 -0.950983 -0.587688 -1.035382  0.160153
  0.360566 -0.138091 -0.850494 -0.455552  0.287429 -0.113708  0.214089
  0.44125   0.396277 -0.27644  -1.427296 -0.191884 -1.570648] | [-0.217923  2.489986 -0.779384  0.007305  0.431946 -0.708328  1.397673
 -2.225471  2.342711 -0.017539 -0.874282  2.542048  0.520573 -1.610594
  0.807627 -2.983275 -0.953176 -0.509741 -1.157886 -1.61093  -1.500357
  1.305377  1.675783  1.035352 -0.283559  0.70259  -0.879598 -0.245638
  0.340505  1.554102 -0.981085  0.049528  1.034325 -1.298398 -0.126807
 -1.506239  0.532523  1.830608  1.268733 -0.130135 -0.877256  0.224894
  0.723428  0.891172  1.891233 -0.211044 -0.971819 -0.665925  1.399979
  0.877572 -2.387228  2.196502 -0.724849 -1.178692 -1.263819] | [0.68425  0.175203 0.808806 1.067238 0.255697 0.465094 0.689354 1.099929
 0.370061 0.241015 0.454561 2.585637 0.120872 2.483619 2.844451 3.899144
 0.340404 0.482388 0.999115 0.653853 1.354721 0.560411 0.240615 0.254928
 0.046351 0.238407 0.443133 0.273715 0.500688 1.421563 0.293458 0.764295
 1.294451 1.800324 0.352706 0.653412 0.740106 0.64756  2.219716 0.457553
 0.158126 0.064741 0.362862 1.029263 2.741727 0.244508 1.259248 0.552217
 1.185889 0.436323 2.783504 2.472942 0.702447 0.986808 0.306829]
   29 | [ 0.478732  2.32789   0.010362 -1.055353  0.186818 -0.237931  0.728378
 -1.09227   1.968046  0.225786 -1.346491 -0.1017    0.648197  0.890628
 -2.095523  1.078877 -0.593175 -0.042284 -0.067607 -0.95402  -0.082985
  0.693516  1.47754   0.771024 -0.341791  0.921028 -0.489508 -0.508082
 -0.152506  0.084329 -1.291529 -0.693373 -0.30041   0.496102 -0.49077
 -0.893374  1.308082  1.164834 -0.985713 -0.511238 -1.046716  0.143051
  0.368166 -0.123325 -0.990295 -0.473989  0.395794 -0.155784  0.228586
  0.401343  0.445038 -0.322183 -1.446722 -0.144214 -1.56925 ] | [-0.257037  2.481407 -0.770425  0.041183  0.450447 -0.687319  1.432189
 -2.218027  2.33473  -0.019808 -0.87067   2.543086  0.494788 -1.598278
  0.828471 -2.960379 -0.949165 -0.578985 -1.129506 -1.641896 -1.538981
  1.315381  1.74425   1.05025  -0.318906  0.712483 -0.86757  -0.261077
  0.366263  1.619805 -0.971311  0.100235  1.050673 -1.305165 -0.139145
 -1.525533  0.534709  1.867232  1.264103 -0.121394 -0.876153  0.211835
  0.744158  0.926271  1.853647 -0.23444  -0.964282 -0.681648  1.449222
  0.880306 -2.337861  2.185879 -0.688679 -1.188933 -1.221483] | [0.735769 0.153517 0.780787 1.096537 0.263629 0.449387 0.703811 1.125757
 0.366684 0.245594 0.475821 2.644786 0.153408 2.488906 2.923994 4.039256
 0.35599  0.536701 1.061899 0.687876 1.455996 0.621865 0.26671  0.279226
 0.022885 0.208544 0.378063 0.247004 0.518769 1.535475 0.320218 0.793608
 1.351083 1.801268 0.351625 0.632159 0.773373 0.702399 2.249816 0.389844
 0.170563 0.068784 0.375992 1.049596 2.843942 0.239549 1.360076 0.525864
 1.220636 0.478963 2.782899 2.508062 0.758043 1.044719 0.347767]
model built: True
num weights: 38
{'mae': [0.2788151204586029, 0.16025878489017487, 0.13678191602230072, 0.12264255434274673, 0.11126653105020523, 0.12026209384202957, 0.09470728039741516, 0.12397883832454681, 0.12270241975784302, 0.11841161549091339, 0.08306729048490524, 0.06946510821580887, 0.12388037890195847, 0.12444137036800385, 0.11835216730833054, 0.06867288798093796, 0.058693788945674896, 0.052089378237724304, 0.049599651247262955, 0.04754189774394035, 0.04623991250991821, 0.04301748424768448, 0.03766836225986481, 0.03735160827636719, 0.03677681088447571, 0.03830907866358757, 0.03397403657436371, 0.16026392579078674, 0.14749625325202942, 0.14033934473991394], 'mse': [0.1241980567574501, 0.041282858699560165, 0.030077962204813957, 0.024283913895487785, 0.020187903195619583, 0.023582257330417633, 0.014559335075318813, 0.02522698976099491, 0.02470116689801216, 0.023175464943051338, 0.011173628270626068, 0.00780633557587862, 0.025618083775043488, 0.02645907737314701, 0.02388939820230007, 0.007640800438821316, 0.0056026652455329895, 0.004410317167639732, 0.0040055993013083935, 0.003681315341964364, 0.0034947595559060574, 0.003003176301717758, 0.002340243197977543, 0.00230079866014421, 0.0022297832183539867, 0.002394894603639841, 0.0019051210256293416, 0.04252852499485016, 0.03603748604655266, 0.0327584333717823], 'loss': [0.3731996417045593, 0.06428763270378113, 0.034899141639471054, 0.0256918016821146, 0.020786644890904427, 0.026483887806534767, 0.014852260239422321, 0.028651295229792595, 0.023974819108843803, 0.021625783294439316, 0.012287686578929424, 0.007241290528327227, 0.028452206403017044, 0.021709617227315903, 0.01939970999956131, 0.008360120467841625, 0.004802328068763018, 0.004153618589043617, 0.0037905911449342966, 0.0035323475021868944, 0.0026463724207133055, 0.002228507772088051, 0.0030471193604171276, 0.0029079997912049294, 0.0028086910024285316, 0.0018014736706390977, 0.0015126363141462207, 0.05031929910182953, 0.030820710584521294, 0.026538904756307602], 'val_loss': [0.1241980567574501, 0.041282858699560165, 0.030077962204813957, 0.024283913895487785, 0.020187903195619583, 0.023582257330417633, 0.014559336937963963, 0.02522698976099491, 0.02470116689801216, 0.02317546308040619, 0.011173630133271217, 0.00780633557587862, 0.025618083775043488, 0.02645907737314701, 0.02388939820230007, 0.007640800438821316, 0.005602666176855564, 0.004410317167639732, 0.0040055993013083935, 0.0036813155747950077, 0.0034947600215673447, 0.003003175836056471, 0.002340243197977543, 0.00230079866014421, 0.0022297834511846304, 0.0023948941379785538, 0.0019051210256293416, 0.04252852499485016, 0.03603748604655266, 0.0327584333717823], 'val_fr_phase_loss_5': [nan, 0.060202810913324356, nan, 0.03746546059846878, nan], 'val_fr_target_loss_50': [nan, 1.0664880275726318, nan, nan, 1.0195112228393555, nan, 0.9236351847648621, nan, nan, 0.9352576732635498, nan, 0.9279965162277222, nan, nan, 0.8914528489112854, nan, 0.9876362085342407, nan, nan, 0.817903995513916, nan, 1.0892329216003418, nan, nan, 0.7865285873413086, nan, 1.0457345247268677, nan, nan, 0.883894145488739], 'val_fr_curve_loss_10': [nan, 0.13328661024570465, nan, nan, 0.08344744890928268, nan, 0.07785136252641678, nan, nan, 0.0749712660908699, nan, 0.07142960280179977, nan, nan, 0.07169019430875778, nan, 0.07267652451992035, nan, nan, 0.05754975602030754, nan, 0.08068467676639557, nan, nan, 0.04814948886632919, nan, 0.06944895535707474, nan, nan, 0.06882843375205994], 'val_fr_curve_loss_20': [nan, 0.37315690517425537, nan, nan, 0.2851814329624176, nan, 0.2461099475622177, nan, nan, 0.23894575238227844, nan, 0.24282509088516235, nan, nan, 0.229680135846138, nan, 0.26289433240890503, nan, nan, 0.21012307703495026, nan, 0.3122294247150421, nan, nan, 0.18710048496723175, nan, 0.2885791063308716, nan, nan, 0.2149759829044342], 'val_fr_curve_loss_30': [nan, 0.636968731880188, nan, nan, 0.5459443926811218, nan, 0.4715910255908966, nan, nan, 0.46372655034065247, nan, 0.4700082838535309, nan, nan, 0.4440268576145172, nan, 0.5124273896217346, nan, nan, 0.41840052604675293, nan, 0.6020719408988953, nan, nan, 0.3886381983757019, nan, 0.573876142501831, nan, nan, 0.4244537353515625], 'val_fr_curve_loss_50': [nan, 1.0495274066925049, nan, nan, 0.9891772270202637, nan, 0.9145538806915283, nan, nan, 0.932604968547821, nan, 0.9115242958068848, nan, nan, 0.8876458406448364, nan, 0.9666422605514526, nan, nan, 0.8176229596138, nan, 1.0799843072891235, nan, nan, 0.7854810953140259, nan, 1.0375157594680786, nan, nan, 0.8787106871604919], 'val_fr_phase_loss_12': [nan, 0.10318923741579056, nan, 0.11227341741323471, nan], 'val_fr_phase_loss_18': [nan, 0.20072877407073975, nan, 0.20656690001487732, nan], 'val_fr_phase_loss_25': [nan, 0.379148006439209, nan, 0.30945152044296265, nan], 'val_fr_phase_loss_38': [nan, 0.8122578263282776, nan, 0.5620927214622498, nan], 'val_fr_phase_loss_50': [nan, 1.0313838720321655, nan, 0.961681604385376, nan]}
Saved artifacts to: runs/tuning/full_seq_lstm_lvl1/trial_0014
