--- Number of Windows for Train = 9880
--- Number of Windows for Val = 3040
--- Number of Windows for Test = 2280
--- Curriculum = [5, 5, 12, 12, 18, 18, 25, 25, 38, 38, 50, 50]
--- fr_curve Outsteps = [10, 20, 30, 50]

--- Training: lstm_fullseq_30ep [LSTM/FC/FULL_SEQ]  ---

======================================================================
   PHASE 1/12: teacher_forcing
   Epochs: 2
   Learning Rate: 0.0008425441225308268
   Clipping Norm: 1.1270284683015843
   Horizon (train loss): 5
   Output timesteps (val_loss and fr_loss): 50
======================================================================

Epoch 1/30
309/309 ━━━━━━━━━━━━━━━━━━━━ 16s 33ms/step - mae: 0.1559 - mse: 0.0392 - loss: 0.2087 - val_loss: 0.0392
Epoch 2/30
309/309 ━━━━━━━━━━━━━━━━━━━━ 13s 42ms/step - mae: 0.1116 - mse: 0.0201 - loss: 0.0237 - val_loss: 0.0201 - val_fr_phase_loss_5: 0.0472 - val_fr_target_loss_50: 1.2139 - val_fr_curve_loss_10: 0.1229 - val_fr_curve_loss_20: 0.3712 - val_fr_curve_loss_30: 0.6707 - val_fr_curve_loss_50: 1.1914
[Optuna] trial=15 epoch=2 val_fr_phase_loss_5=0.0472117 | median=0.0795916 (n=14, p25=0.0611645, p75=0.281137) | margin=-0.0323799 (-40.68%)

======================================================================
   PHASE 2/12: masked_modeling
   Mask Prob: 0.1
   Mask Scope: time
   Mask Mode: constant
   Mask Value: 0.2
   Noise Sigma: None
   Noise Replace: False
   Epochs: 3
   Learning Rate: 0.0006740352980246615
   Clipping Norm: 1.014325621471426
   Horizon (train loss): 5
   Output timesteps (val_loss and fr_loss): 50
======================================================================

Epoch 3/30
309/309 ━━━━━━━━━━━━━━━━━━━━ 9s 29ms/step - mae: 0.1153 - mse: 0.0216 - loss: 0.0272 - val_loss: 0.0216
Epoch 4/30
309/309 ━━━━━━━━━━━━━━━━━━━━ 13s 41ms/step - mae: 0.1063 - mse: 0.0184 - loss: 0.0198 - val_loss: 0.0184 - val_fr_phase_loss_5: 0.0322
[Optuna] trial=15 epoch=4 val_fr_phase_loss_5=0.0321631 | median=0.0398662 (n=14, p25=0.034982, p75=0.141258) | margin=-0.0077031 (-19.32%)
Epoch 5/30
309/309 ━━━━━━━━━━━━━━━━━━━━ 13s 41ms/step - mae: 0.1000 - mse: 0.0164 - loss: 0.0161 - val_loss: 0.0164 - val_fr_target_loss_50: 1.0357 - val_fr_curve_loss_10: 0.0778 - val_fr_curve_loss_20: 0.2684 - val_fr_curve_loss_30: 0.5251 - val_fr_curve_loss_50: 1.0179

======================================================================
   PHASE 3/12: teacher_forcing
   Epochs: 2
   Learning Rate: 0.0008425441225308268
   Clipping Norm: 1.1270284683015843
   Horizon (train loss): 12
   Output timesteps (val_loss and fr_loss): 50
======================================================================

Epoch 6/30
309/309 ━━━━━━━━━━━━━━━━━━━━ 9s 29ms/step - mae: 0.0916 - mse: 0.0136 - loss: 0.0205 - val_loss: 0.0136
Epoch 7/30
309/309 ━━━━━━━━━━━━━━━━━━━━ 13s 41ms/step - mae: 0.0701 - mse: 0.0080 - loss: 0.0083 - val_loss: 0.0080 - val_fr_phase_loss_12: 0.1591 - val_fr_target_loss_50: 1.2325 - val_fr_curve_loss_10: 0.1157 - val_fr_curve_loss_20: 0.3964 - val_fr_curve_loss_30: 0.7127 - val_fr_curve_loss_50: 1.2110
[Optuna] trial=15 epoch=7 val_fr_phase_loss_12=0.159098 | median=0.180409 (n=14, p25=0.154357, p75=0.250715) | margin=-0.0213107 (-11.81%)

======================================================================
   PHASE 4/12: masked_modeling
   Mask Prob: 0.15
   Mask Scope: time
   Mask Mode: constant
   Mask Value: 0.2
   Noise Sigma: None
   Noise Replace: False
   Epochs: 3
   Learning Rate: 0.0005897808857715787
   Clipping Norm: 0.9579741980563466
   Horizon (train loss): 12
   Output timesteps (val_loss and fr_loss): 50
======================================================================

Epoch 8/30
309/309 ━━━━━━━━━━━━━━━━━━━━ 9s 29ms/step - mae: 0.1148 - mse: 0.0220 - loss: 0.0255 - val_loss: 0.0220
Epoch 9/30
309/309 ━━━━━━━━━━━━━━━━━━━━ 14s 44ms/step - mae: 0.1125 - mse: 0.0211 - loss: 0.0184 - val_loss: 0.0211 - val_fr_phase_loss_12: 0.1079
[Optuna] trial=15 epoch=9 val_fr_phase_loss_12=0.107908 | median=0.130816 (n=14, p25=0.118117, p75=0.180492) | margin=-0.0229079 (-17.51%)
Epoch 10/30
309/309 ━━━━━━━━━━━━━━━━━━━━ 13s 41ms/step - mae: 0.1012 - mse: 0.0172 - loss: 0.0156 - val_loss: 0.0172 - val_fr_target_loss_50: 1.0058 - val_fr_curve_loss_10: 0.0775 - val_fr_curve_loss_20: 0.2586 - val_fr_curve_loss_30: 0.5014 - val_fr_curve_loss_50: 0.9837

======================================================================
   PHASE 5/12: teacher_forcing
   Epochs: 2
   Learning Rate: 0.0008425441225308268
   Clipping Norm: 1.1270284683015843
   Horizon (train loss): 18
   Output timesteps (val_loss and fr_loss): 50
======================================================================

Epoch 11/30
309/309 ━━━━━━━━━━━━━━━━━━━━ 9s 29ms/step - mae: 0.0609 - mse: 0.0060 - loss: 0.0071 - val_loss: 0.0060
Epoch 12/30
309/309 ━━━━━━━━━━━━━━━━━━━━ 13s 41ms/step - mae: 0.0530 - mse: 0.0046 - loss: 0.0036 - val_loss: 0.0046 - val_fr_phase_loss_18: 0.4180 - val_fr_target_loss_50: 1.4157 - val_fr_curve_loss_10: 0.1349 - val_fr_curve_loss_20: 0.5116 - val_fr_curve_loss_30: 0.8845 - val_fr_curve_loss_50: 1.3873
[Optuna] trial=15 epoch=12 val_fr_phase_loss_18=0.417992 | median=0.351686 (n=14, p25=0.243884, p75=0.471586) | margin=+0.0663058 (+18.85%)

======================================================================
   PHASE 6/12: masked_modeling
   Mask Prob: 0.2
   Mask Scope: time
   Mask Mode: constant
   Mask Value: 0.2
   Noise Sigma: None
   Noise Replace: False
   Epochs: 3
   Learning Rate: 0.0005055264735184961
   Clipping Norm: 0.9016227746412675
   Horizon (train loss): 18
   Output timesteps (val_loss and fr_loss): 50
======================================================================

Epoch 13/30
309/309 ━━━━━━━━━━━━━━━━━━━━ 9s 29ms/step - mae: 0.0976 - mse: 0.0162 - loss: 0.0182 - val_loss: 0.0162
Epoch 14/30
309/309 ━━━━━━━━━━━━━━━━━━━━ 13s 43ms/step - mae: 0.0910 - mse: 0.0144 - loss: 0.0125 - val_loss: 0.0144 - val_fr_phase_loss_18: 0.2155
[Optuna] trial=15 epoch=14 val_fr_phase_loss_18=0.215491 | median=0.276702 (n=14, p25=0.234233, p75=0.365366) | margin=-0.0612109 (-22.12%)
Epoch 15/30
309/309 ━━━━━━━━━━━━━━━━━━━━ 13s 41ms/step - mae: 0.0850 - mse: 0.0125 - loss: 0.0105 - val_loss: 0.0125 - val_fr_target_loss_50: 1.0403 - val_fr_curve_loss_10: 0.0812 - val_fr_curve_loss_20: 0.2833 - val_fr_curve_loss_30: 0.5453 - val_fr_curve_loss_50: 1.0342

======================================================================
   PHASE 7/12: teacher_forcing
   Epochs: 2
   Learning Rate: 0.0008425441225308268
   Clipping Norm: 1.1270284683015843
   Horizon (train loss): 25
   Output timesteps (val_loss and fr_loss): 50
======================================================================

Epoch 16/30
309/309 ━━━━━━━━━━━━━━━━━━━━ 9s 30ms/step - mae: 0.0475 - mse: 0.0037 - loss: 0.0044 - val_loss: 0.0037
Epoch 17/30
309/309 ━━━━━━━━━━━━━━━━━━━━ 13s 41ms/step - mae: 0.0415 - mse: 0.0028 - loss: 0.0022 - val_loss: 0.0028 - val_fr_phase_loss_25: 0.6477 - val_fr_target_loss_50: 1.3213 - val_fr_curve_loss_10: 0.1255 - val_fr_curve_loss_20: 0.4785 - val_fr_curve_loss_30: 0.8236 - val_fr_curve_loss_50: 1.2984
[Optuna] trial=15 epoch=17 val_fr_phase_loss_25=0.647684 | median=0.621822 (n=14, p25=0.389631, p75=0.716857) | margin=+0.0258622 (+4.16%)

======================================================================
   PHASE 8/12: masked_modeling
   Mask Prob: 0.2
   Mask Scope: time
   Mask Mode: noise
   Mask Value: None
   Noise Sigma: 0.1
   Noise Replace: False
   Epochs: 3
   Learning Rate: 0.0004212720612654134
   Clipping Norm: 0.8452713512261882
   Horizon (train loss): 25
   Output timesteps (val_loss and fr_loss): 50
======================================================================

Epoch 18/30
309/309 ━━━━━━━━━━━━━━━━━━━━ 9s 29ms/step - mae: 0.0389 - mse: 0.0025 - loss: 0.0030 - val_loss: 0.0025
Epoch 19/30
309/309 ━━━━━━━━━━━━━━━━━━━━ 13s 41ms/step - mae: 0.0385 - mse: 0.0024 - loss: 0.0028 - val_loss: 0.0024 - val_fr_phase_loss_25: 0.3107
[Optuna] trial=15 epoch=19 val_fr_phase_loss_25=0.310663 | median=0.340341 (n=14, p25=0.313711, p75=0.362815) | margin=-0.0296781 (-8.72%)
Epoch 20/30
309/309 ━━━━━━━━━━━━━━━━━━━━ 13s 41ms/step - mae: 0.0380 - mse: 0.0024 - loss: 0.0027 - val_loss: 0.0024 - val_fr_target_loss_50: 0.8463 - val_fr_curve_loss_10: 0.0487 - val_fr_curve_loss_20: 0.2039 - val_fr_curve_loss_30: 0.4271 - val_fr_curve_loss_50: 0.8443

======================================================================
   PHASE 9/12: teacher_forcing
   Epochs: 2
   Learning Rate: 0.0008425441225308268
   Clipping Norm: 1.1270284683015843
   Horizon (train loss): 38
   Output timesteps (val_loss and fr_loss): 50
======================================================================

Epoch 21/30
309/309 ━━━━━━━━━━━━━━━━━━━━ 9s 29ms/step - mae: 0.0378 - mse: 0.0024 - loss: 0.0024 - val_loss: 0.0024
Epoch 22/30
309/309 ━━━━━━━━━━━━━━━━━━━━ 13s 41ms/step - mae: 0.0334 - mse: 0.0018 - loss: 0.0017 - val_loss: 0.0018 - val_fr_phase_loss_38: 1.1431 - val_fr_target_loss_50: 1.3999 - val_fr_curve_loss_10: 0.1200 - val_fr_curve_loss_20: 0.5022 - val_fr_curve_loss_30: 0.8839 - val_fr_curve_loss_50: 1.3846
[Optuna] trial=15 epoch=22 val_fr_phase_loss_38=1.14315 | median=0.95391 (n=14, p25=0.715806, p75=1.20635) | margin=+0.189238 (+19.84%)

======================================================================
   PHASE 10/12: masked_modeling
   Mask Prob: 0.25
   Mask Scope: time
   Mask Mode: noise
   Mask Value: None
   Noise Sigma: 0.1
   Noise Replace: False
   Epochs: 3
   Learning Rate: 0.00033701764901233075
   Clipping Norm: 0.788919927811109
   Horizon (train loss): 38
   Output timesteps (val_loss and fr_loss): 50
======================================================================

Epoch 23/30
309/309 ━━━━━━━━━━━━━━━━━━━━ 9s 29ms/step - mae: 0.0336 - mse: 0.0019 - loss: 0.0028 - val_loss: 0.0019
Epoch 24/30
309/309 ━━━━━━━━━━━━━━━━━━━━ 13s 41ms/step - mae: 0.0333 - mse: 0.0018 - loss: 0.0025 - val_loss: 0.0018 - val_fr_phase_loss_38: 0.5014
[Optuna] trial=15 epoch=24 val_fr_phase_loss_38=0.501429 | median=0.570297 (n=14, p25=0.558199, p75=0.594977) | margin=-0.0688683 (-12.08%)
Epoch 25/30
309/309 ━━━━━━━━━━━━━━━━━━━━ 13s 41ms/step - mae: 0.0331 - mse: 0.0018 - loss: 0.0024 - val_loss: 0.0018 - val_fr_target_loss_50: 0.7279 - val_fr_curve_loss_10: 0.0355 - val_fr_curve_loss_20: 0.1526 - val_fr_curve_loss_30: 0.3392 - val_fr_curve_loss_50: 0.7241

======================================================================
   PHASE 11/12: teacher_forcing
   Epochs: 2
   Learning Rate: 0.0008425441225308268
   Clipping Norm: 1.1270284683015843
   Horizon (train loss): 50
   Output timesteps (val_loss and fr_loss): 50
======================================================================

Epoch 26/30
309/309 ━━━━━━━━━━━━━━━━━━━━ 9s 30ms/step - mae: 0.0317 - mse: 0.0017 - loss: 0.0023 - val_loss: 0.0017
Epoch 27/30
309/309 ━━━━━━━━━━━━━━━━━━━━ 13s 41ms/step - mae: 0.0273 - mse: 0.0012 - loss: 0.0012 - val_loss: 0.0012 - val_fr_phase_loss_50: 1.5105 - val_fr_target_loss_50: 1.5397 - val_fr_curve_loss_10: 0.1175 - val_fr_curve_loss_20: 0.5676 - val_fr_curve_loss_30: 0.9965 - val_fr_curve_loss_50: 1.4990
[Optuna] trial=15 epoch=27 val_fr_phase_loss_50=1.51047 | median=1.19213 (n=14, p25=0.969557, p75=1.64168) | margin=+0.318345 (+26.70%)

======================================================================
   PHASE 12/12: masked_modeling
   Mask Prob: 0.25
   Mask Scope: time
   Mask Mode: noise
   Mask Value: None
   Noise Sigma: 0.1
   Noise Replace: True
   Epochs: 3
   Learning Rate: 0.00030331588411109766
   Clipping Norm: 0.7325685043960298
   Horizon (train loss): 50
   Output timesteps (val_loss and fr_loss): 50
======================================================================

Epoch 28/30
309/309 ━━━━━━━━━━━━━━━━━━━━ 9s 29ms/step - mae: 0.1007 - mse: 0.0175 - loss: 0.0308 - val_loss: 0.0175
Epoch 29/30
309/309 ━━━━━━━━━━━━━━━━━━━━ 13s 41ms/step - mae: 0.0850 - mse: 0.0123 - loss: 0.0135 - val_loss: 0.0123 - val_fr_phase_loss_50: 0.8222
[Optuna] trial=15 epoch=29 val_fr_phase_loss_50=0.822244 | median=1.14977 (n=14, p25=0.987125, p75=1.43165) | margin=-0.327523 (-28.49%)
Epoch 30/30
309/309 ━━━━━━━━━━━━━━━━━━━━ 13s 43ms/step - mae: 0.0747 - mse: 0.0095 - loss: 0.0103 - val_loss: 0.0095 - val_fr_target_loss_50: 0.8229 - val_fr_curve_loss_10: 0.0448 - val_fr_curve_loss_20: 0.1714 - val_fr_curve_loss_30: 0.3690 - val_fr_curve_loss_50: 0.8098
Final loss: 0.0103
Predicting all test samples in free_running mode...
  X shape: (2280, 200, 55)
  Y shape: (2280, 50, 55)
  Pred shape: (2280, 50, 55)

 step | target                | pred                  | abs_err
------|-----------------------|-----------------------|----------------------
   25 | [ 4.139746e-01  2.252291e+00  7.680922e-02 -1.082321e+00  1.330184e-01
 -2.749080e-01  6.398940e-01 -1.222357e+00  1.964076e+00  2.024013e-01
 -1.249584e+00  1.684962e-01  6.261574e-01  7.681609e-01 -1.833026e+00
  4.305243e-01 -6.649562e-01  3.213241e-02 -4.315943e-01 -9.406051e-01
 -3.335454e-01  8.885246e-01  1.287808e+00  7.899810e-01 -2.762157e-01
  1.005897e+00 -2.825402e-01 -5.396542e-01 -1.754732e-01  2.526159e-01
 -1.215466e+00 -7.651589e-01 -1.200358e-01  4.952903e-01 -4.308359e-01
 -7.325999e-01  1.170439e+00  1.235309e+00 -8.311886e-01 -7.979621e-01
 -9.821695e-01  2.076884e-01  3.238765e-01 -1.923588e-01 -4.145486e-01
 -3.828006e-01 -3.487313e-02  1.245124e-03  1.581712e-01  5.641804e-01
  2.155083e-01 -1.144052e-01 -1.354365e+00 -3.214316e-01 -1.550427e+00] | [-0.027418  1.682382 -0.061518 -1.035257 -0.21827   0.284035  1.174064
 -2.176665  1.958839  1.002965 -0.692597  2.259594  0.815776 -0.279609
  0.2047   -2.303907 -0.315936 -0.925022 -2.29146  -1.453309 -0.089284
  1.588239  0.203435  0.608421 -0.702216  0.621923  0.455632 -0.169202
 -0.130973 -0.24356  -0.064469 -1.300663  1.043778 -0.114446  0.761772
 -1.364001  1.776339  2.42529  -0.70509   1.594545 -0.914206 -0.519109
 -0.340859  0.086349  1.848068 -0.839916 -2.255803  0.619128  0.612999
  0.162292 -1.250663  1.821047 -0.415007 -0.235875 -1.816994] | [0.441392 0.569909 0.138328 0.047065 0.351288 0.558943 0.53417  0.954308
 0.005237 0.800564 0.556987 2.091098 0.189618 1.04777  2.037726 2.734431
 0.34902  0.957155 1.859866 0.512704 0.244262 0.699715 1.084373 0.18156
 0.426    0.383974 0.738172 0.370452 0.0445   0.496176 1.150997 0.535504
 1.163814 0.609736 1.192608 0.631402 0.6059   1.189982 0.126099 2.392507
 0.067964 0.726797 0.664735 0.278707 2.262617 0.457116 2.22093  0.617883
 0.454828 0.401888 1.466172 1.935453 0.939358 0.085557 0.266567]
   26 | [ 0.433902  2.276946  0.062718 -1.073421  0.149295 -0.261739  0.66411
 -1.190588  1.970693  0.211786 -1.280325  0.091743  0.630177  0.811665
 -1.905444  0.590891 -0.648677  0.010101 -0.341095 -0.950394 -0.271225
  0.842781  1.340023  0.789891 -0.296955  0.983707 -0.332591 -0.535192
 -0.171397  0.217021 -1.236176 -0.75049  -0.169815  0.501318 -0.449502
 -0.772153  1.203705  1.218394 -0.873595 -0.731515 -1.003057  0.192291
  0.338178 -0.172599 -0.562203 -0.409968  0.071482 -0.035004  0.178969
  0.522649  0.281281 -0.172402 -1.38113  -0.280718 -1.561255] | [ 0.008698  1.68646  -0.054987 -0.994895 -0.199801  0.353732  1.205365
 -2.15367   1.964686  1.027245 -0.731707  2.194802  0.796646 -0.237387
  0.165584 -2.264681 -0.272521 -1.02755  -2.25167  -1.483365 -0.098638
  1.564175  0.225747  0.620199 -0.765998  0.618065  0.478229 -0.191366
 -0.138253 -0.168119 -0.00372  -1.243792  1.032598 -0.066662  0.735365
 -1.3715    1.855561  2.437965 -0.708316  1.667884 -0.936612 -0.531909
 -0.346842  0.111449  1.809095 -0.905963 -2.261293  0.607614  0.619632
  0.130656 -1.209202  1.799015 -0.428969 -0.23399  -1.842736] | [0.425205 0.590486 0.117705 0.078526 0.349095 0.61547  0.541255 0.963081
 0.006006 0.815459 0.548618 2.103059 0.166469 1.049052 2.071028 2.855572
 0.376156 1.037651 1.910575 0.53297  0.172586 0.721394 1.114277 0.169692
 0.469043 0.365642 0.81082  0.343826 0.033144 0.38514  1.232456 0.493303
 1.202413 0.56798  1.184867 0.599346 0.651856 1.219571 0.165279 2.399398
 0.066444 0.7242   0.68502  0.284048 2.371298 0.495996 2.332775 0.642618
 0.440663 0.391993 1.490483 1.971416 0.952161 0.046729 0.281481]
   27 | [ 0.45137   2.29779   0.046898 -1.065959  0.163722 -0.251176  0.686906
 -1.158318  1.973541  0.218812 -1.306769  0.020961  0.635355  0.846673
 -1.973424  0.752938 -0.63128  -0.009811 -0.250043 -0.95588  -0.208485
  0.794828  1.389242  0.786713 -0.314912  0.961981 -0.384025 -0.528408
 -0.166389  0.176889 -1.255981 -0.733755 -0.216556  0.503603 -0.465744
 -0.812322  1.237801  1.200935 -0.913572 -0.661274 -1.020813  0.176508
  0.350492 -0.15451  -0.707661 -0.434216  0.179125 -0.073381  0.197581
  0.481679  0.341621 -0.226467 -1.405437 -0.237464 -1.567991] | [ 0.044407  1.688004 -0.048641 -0.953495 -0.182803  0.41937   1.233745
 -2.130947  1.966593  1.048939 -0.769587  2.131804  0.775472 -0.196731
  0.123958 -2.22595  -0.228062 -1.127247 -2.211054 -1.510423 -0.110474
  1.534807  0.248287  0.6365   -0.830956  0.616251  0.499303 -0.212429
 -0.146166 -0.09088   0.05542  -1.184172  1.025731 -0.017387  0.70805
 -1.376973  1.934387  2.447207 -0.711806  1.736028 -0.957851 -0.542929
 -0.355234  0.136008  1.77007  -0.968401 -2.261904  0.594735  0.624928
  0.104227 -1.169507  1.775022 -0.438782 -0.23484  -1.86475 ] | [4.069625e-01 6.097857e-01 9.553941e-02 1.124640e-01 3.465248e-01
 6.705465e-01 5.468396e-01 9.726292e-01 6.948471e-03 8.301269e-01
 5.371823e-01 2.110843e+00 1.401169e-01 1.043404e+00 2.097382e+00
 2.978888e+00 4.032183e-01 1.117436e+00 1.961011e+00 5.545433e-01
 9.801137e-02 7.399793e-01 1.140955e+00 1.502129e-01 5.160443e-01
 3.457296e-01 8.833279e-01 3.159794e-01 2.022360e-02 2.677696e-01
 1.311401e+00 4.504172e-01 1.242287e+00 5.209896e-01 1.173795e+00
 5.646513e-01 6.965858e-01 1.246272e+00 2.017660e-01 2.397302e+00
 6.296241e-02 7.194371e-01 7.057269e-01 2.905180e-01 2.477731e+00
 5.341846e-01 2.441029e+00 6.681159e-01 4.273471e-01 3.774516e-01
 1.511128e+00 2.001490e+00 9.666545e-01 2.624243e-03 2.967588e-01]
   28 | [ 0.466327  2.314783  0.029422 -1.059933  0.176249 -0.243234  0.708319
 -1.125542  1.97265   0.223477 -1.328843 -0.043589  0.641445  0.873025
 -2.036825  0.915869 -0.612772 -0.027353 -0.158771 -0.957077 -0.145636
  0.744967  1.435167  0.780424 -0.32991   0.940997 -0.436465 -0.519352
 -0.160183  0.132539 -1.274543 -0.714768 -0.260126  0.501926 -0.479514
 -0.852827  1.272629  1.183048 -0.950983 -0.587688 -1.035382  0.160153
  0.360566 -0.138091 -0.850494 -0.455552  0.287429 -0.113708  0.214089
  0.44125   0.396277 -0.27644  -1.427296 -0.191884 -1.570648] | [ 0.077571  1.683916 -0.041075 -0.912862 -0.16432   0.479897  1.256947
 -2.105431  1.963495  1.068484 -0.805196  2.069     0.753435 -0.157623
  0.079152 -2.188463 -0.180747 -1.222761 -2.171856 -1.535075 -0.124634
  1.503183  0.274174  0.656531 -0.897823  0.616417  0.517424 -0.230042
 -0.152572 -0.015932  0.113666 -1.124483  1.020683  0.030733  0.681701
 -1.379218  2.00818   2.450276 -0.715882  1.798474 -0.977359 -0.549982
 -0.36887   0.159716  1.72794  -1.027801 -2.259166  0.583254  0.627075
  0.08287  -1.13238   1.747085 -0.444037 -0.240121 -1.88012 ] | [0.388757 0.630867 0.070497 0.147071 0.340569 0.72313  0.548628 0.97989
 0.009155 0.845008 0.523647 2.11259  0.111991 1.030649 2.115976 3.104332
 0.432025 1.195408 2.013084 0.577998 0.021002 0.758216 1.160993 0.123893
 0.567913 0.32458  0.953889 0.28931  0.007611 0.148471 1.388209 0.409716
 1.280809 0.471193 1.161214 0.526391 0.735551 1.267228 0.235101 2.386162
 0.058024 0.710135 0.729436 0.297807 2.578434 0.572248 2.546595 0.696962
 0.412985 0.358379 1.528657 2.023525 0.983259 0.048237 0.309472]
   29 | [ 0.478732  2.32789   0.010362 -1.055353  0.186818 -0.237931  0.728378
 -1.09227   1.968046  0.225786 -1.346491 -0.1017    0.648197  0.890628
 -2.095523  1.078877 -0.593175 -0.042284 -0.067607 -0.95402  -0.082985
  0.693516  1.47754   0.771024 -0.341791  0.921028 -0.489508 -0.508082
 -0.152506  0.084329 -1.291529 -0.693373 -0.30041   0.496102 -0.49077
 -0.893374  1.308082  1.164834 -0.985713 -0.511238 -1.046716  0.143051
  0.368166 -0.123325 -0.990295 -0.473989  0.395794 -0.155784  0.228586
  0.401343  0.445038 -0.322183 -1.446722 -0.144214 -1.56925 ] | [ 0.110442  1.676869 -0.032879 -0.872088 -0.146158  0.535786  1.276425
 -2.079218  1.956461  1.085618 -0.838782  2.008705  0.729009 -0.119708
  0.032261 -2.151039 -0.132592 -1.314718 -2.13415  -1.556712 -0.140207
  1.467432  0.301471  0.680664 -0.964647  0.61791   0.535114 -0.246439
 -0.158176  0.058313  0.169888 -1.063034  1.018129  0.079015  0.655914
 -1.37844   2.079328  2.450598 -0.720248  1.8561   -0.995179 -0.555106
 -0.386659  0.183051  1.685256 -1.083106 -2.252973  0.572143  0.626735
  0.065354 -1.096667  1.717855 -0.445701 -0.248909 -1.891212] | [0.368289 0.651022 0.043241 0.183266 0.332976 0.773717 0.548048 0.986948
 0.011585 0.859833 0.507709 2.110405 0.080812 1.010336 2.127784 3.229916
 0.460582 1.272433 2.066543 0.602691 0.057222 0.773915 1.176069 0.09036
 0.622856 0.303118 1.024622 0.261643 0.005671 0.026016 1.461418 0.369662
 1.318538 0.417087 1.146683 0.485066 0.771246 1.285764 0.265466 2.367338
 0.051538 0.698157 0.754826 0.306376 2.675551 0.609117 2.648767 0.727926
 0.39815  0.335989 1.541705 2.040038 1.00102  0.104695 0.321961]
model built: True
num weights: 38
{'mae': [0.15591707825660706, 0.11158350855112076, 0.11528316140174866, 0.10629567503929138, 0.10002840310335159, 0.09159614890813828, 0.07010550051927567, 0.11483248323202133, 0.11247152835130692, 0.10115290433168411, 0.06088052690029144, 0.053029242902994156, 0.09764135628938675, 0.09097330272197723, 0.08500486612319946, 0.04754810780286789, 0.04146445170044899, 0.038912076503038406, 0.03853843733668327, 0.037990495562553406, 0.03784765303134918, 0.033401358872652054, 0.03357229381799698, 0.03334152698516846, 0.03308982029557228, 0.03169857710599899, 0.027291832491755486, 0.10067093372344971, 0.08496599644422531, 0.07472062110900879], 'mse': [0.03916892036795616, 0.0201067253947258, 0.021554535254836082, 0.018448537215590477, 0.016392890363931656, 0.013613647781312466, 0.007975748740136623, 0.022036511451005936, 0.02106560580432415, 0.01720874197781086, 0.006004586815834045, 0.004570529796183109, 0.01617356203496456, 0.014430420473217964, 0.012543227523565292, 0.0037203438114374876, 0.0028260014951229095, 0.002489023841917515, 0.0024433343205600977, 0.002368919551372528, 0.002352586481720209, 0.0018397512612864375, 0.0018563924822956324, 0.0018289037980139256, 0.001804293948225677, 0.0016619607340544462, 0.00124790845438838, 0.017469700425863266, 0.012333059683442116, 0.009503946639597416], 'loss': [0.20869895815849304, 0.023674186319112778, 0.02721477299928665, 0.019790342077612877, 0.016133364289999008, 0.020466823130846024, 0.008252008818089962, 0.02551412023603916, 0.01836157776415348, 0.015574587509036064, 0.007114093285053968, 0.003570325905457139, 0.01815056800842285, 0.012498985044658184, 0.010482746176421642, 0.004358111415058374, 0.0022359807044267654, 0.0030213601421564817, 0.0027731582522392273, 0.0026979916729032993, 0.0023786302190274, 0.0016618188237771392, 0.002827152144163847, 0.0024749257136136293, 0.002385391853749752, 0.002294418402016163, 0.0011950577609241009, 0.030825521796941757, 0.013539833016693592, 0.010343066416680813], 'val_loss': [0.03916892036795616, 0.0201067253947258, 0.02155453711748123, 0.018448537215590477, 0.016392890363931656, 0.013613647781312466, 0.007975747808814049, 0.022036511451005936, 0.02106560580432415, 0.01720874197781086, 0.006004586815834045, 0.004570529796183109, 0.01617356203496456, 0.014430420473217964, 0.012543227523565292, 0.0037203440442681313, 0.0028260014951229095, 0.002489023841917515, 0.0024433343205600977, 0.0023689197842031717, 0.002352586481720209, 0.0018397512612864375, 0.0018563924822956324, 0.0018289039144292474, 0.001804293948225677, 0.0016619607340544462, 0.00124790845438838, 0.017469700425863266, 0.012333059683442116, 0.009503946639597416], 'val_fr_phase_loss_5': [nan, 0.04721170663833618, nan, 0.03216312825679779, nan], 'val_fr_target_loss_50': [nan, 1.2139052152633667, nan, nan, 1.0356556177139282, nan, 1.2325081825256348, nan, nan, 1.0058224201202393, nan, 1.4156970977783203, nan, nan, 1.0403015613555908, nan, 1.3213168382644653, nan, nan, 0.8463426828384399, nan, 1.3999079465866089, nan, nan, 0.727860152721405, nan, 1.5397436618804932, nan, nan, 0.822926938533783], 'val_fr_curve_loss_10': [nan, 0.1228867694735527, nan, nan, 0.07784737646579742, nan, 0.1156800389289856, nan, nan, 0.07745019346475601, nan, 0.13494011759757996, nan, nan, 0.08121951669454575, nan, 0.12553372979164124, nan, nan, 0.04867643117904663, nan, 0.11995315551757812, nan, nan, 0.035538800060749054, nan, 0.11751020699739456, nan, nan, 0.04483691602945328], 'val_fr_curve_loss_20': [nan, 0.37115004658699036, nan, nan, 0.2683596909046173, nan, 0.3963559865951538, nan, nan, 0.25860700011253357, nan, 0.5115718841552734, nan, nan, 0.2833269238471985, nan, 0.47852692008018494, nan, nan, 0.20394650101661682, nan, 0.5021878480911255, nan, nan, 0.15259113907814026, nan, 0.5675945281982422, nan, nan, 0.17140556871891022], 'val_fr_curve_loss_30': [nan, 0.6707077026367188, nan, nan, 0.5251227021217346, nan, 0.7126546502113342, nan, nan, 0.5014134645462036, nan, 0.884538471698761, nan, nan, 0.5453046560287476, nan, 0.8235760927200317, nan, nan, 0.42712390422821045, nan, 0.8839088678359985, nan, nan, 0.3391711413860321, nan, 0.9964573979377747, nan, nan, 0.36902230978012085], 'val_fr_curve_loss_50': [nan, 1.1913903951644897, nan, nan, 1.0178834199905396, nan, 1.2109763622283936, nan, nan, 0.9836931824684143, nan, 1.3873085975646973, nan, nan, 1.034159779548645, nan, 1.2984145879745483, nan, nan, 0.844295084476471, nan, 1.384617805480957, nan, nan, 0.7240538001060486, nan, 1.498966932296753, nan, nan, 0.8098258972167969], 'val_fr_phase_loss_12': [nan, 0.15909849107265472, nan, 0.10790806263685226, nan], 'val_fr_phase_loss_18': [nan, 0.41799184679985046, nan, 0.21549122035503387, nan], 'val_fr_phase_loss_25': [nan, 0.64768385887146, nan, 0.31066328287124634, nan], 'val_fr_phase_loss_38': [nan, 1.1431480646133423, nan, 0.5014289021492004, nan], 'val_fr_phase_loss_50': [nan, 1.5104719400405884, nan, 0.8222438097000122, nan]}
Saved artifacts to: runs/tuning/full_seq_lstm_lvl1/trial_0015
