--- Number of Windows for Train = 9880
--- Number of Windows for Val = 3040
--- Number of Windows for Test = 2280
--- Curriculum = [5, 5, 12, 12, 18, 18, 25, 25, 38, 38, 50, 50]
--- fr_curve Outsteps = [10, 20, 30, 50]

--- Training: lstm_fullseq_30ep [LSTM/FC/FULL_SEQ]  ---

======================================================================
   PHASE 1/12: teacher_forcing
   Epochs: 2
   Learning Rate: 0.000873264067331039
   Clipping Norm: 0.1040263412882208
   Horizon (train loss): 5
   Output timesteps (val_loss and fr_loss): 50
======================================================================

Epoch 1/30
309/309 ━━━━━━━━━━━━━━━━━━━━ 17s 33ms/step - mae: 0.1649 - mse: 0.0435 - loss: 0.2181 - val_loss: 0.0435
Epoch 2/30
309/309 ━━━━━━━━━━━━━━━━━━━━ 13s 43ms/step - mae: 0.1152 - mse: 0.0213 - loss: 0.0262 - val_loss: 0.0213 - val_fr_phase_loss_5: 0.0514 - val_fr_target_loss_50: 1.2012 - val_fr_curve_loss_10: 0.1338 - val_fr_curve_loss_20: 0.3876 - val_fr_curve_loss_30: 0.6827 - val_fr_curve_loss_50: 1.1830
[Optuna] trial=12 epoch=2 val_fr_phase_loss_5=0.0514068 | median=0.205347 (n=11, p25=0.0728265, p75=0.38594) | margin=-0.15394 (-74.97%)

======================================================================
   PHASE 2/12: masked_modeling
   Mask Prob: 0.1
   Mask Scope: time
   Mask Mode: constant
   Mask Value: 0.2
   Noise Sigma: None
   Noise Replace: False
   Epochs: 3
   Learning Rate: 0.0006986112538648312
   Clipping Norm: 0.09362370715939873
   Horizon (train loss): 5
   Output timesteps (val_loss and fr_loss): 50
======================================================================

Epoch 3/30
309/309 ━━━━━━━━━━━━━━━━━━━━ 9s 29ms/step - mae: 0.1165 - mse: 0.0220 - loss: 0.0283 - val_loss: 0.0220
Epoch 4/30
309/309 ━━━━━━━━━━━━━━━━━━━━ 12s 40ms/step - mae: 0.1087 - mse: 0.0192 - loss: 0.0204 - val_loss: 0.0192 - val_fr_phase_loss_5: 0.0340
[Optuna] trial=12 epoch=4 val_fr_phase_loss_5=0.0340225 | median=0.0984518 (n=11, p25=0.0373144, p75=0.225001) | margin=-0.0644293 (-65.44%)
Epoch 5/30
309/309 ━━━━━━━━━━━━━━━━━━━━ 13s 41ms/step - mae: 0.1025 - mse: 0.0172 - loss: 0.0167 - val_loss: 0.0172 - val_fr_target_loss_50: 1.0440 - val_fr_curve_loss_10: 0.0820 - val_fr_curve_loss_20: 0.2737 - val_fr_curve_loss_30: 0.5315 - val_fr_curve_loss_50: 1.0294

======================================================================
   PHASE 3/12: teacher_forcing
   Epochs: 2
   Learning Rate: 0.000873264067331039
   Clipping Norm: 0.1040263412882208
   Horizon (train loss): 12
   Output timesteps (val_loss and fr_loss): 50
======================================================================

Epoch 6/30
309/309 ━━━━━━━━━━━━━━━━━━━━ 9s 29ms/step - mae: 0.0930 - mse: 0.0141 - loss: 0.0198 - val_loss: 0.0141
Epoch 7/30
309/309 ━━━━━━━━━━━━━━━━━━━━ 13s 41ms/step - mae: 0.0717 - mse: 0.0083 - loss: 0.0088 - val_loss: 0.0083 - val_fr_phase_loss_12: 0.1984 - val_fr_target_loss_50: 1.4434 - val_fr_curve_loss_10: 0.1426 - val_fr_curve_loss_20: 0.4875 - val_fr_curve_loss_30: 0.8572 - val_fr_curve_loss_50: 1.4171
[Optuna] trial=12 epoch=7 val_fr_phase_loss_12=0.198421 | median=0.170614 (n=11, p25=0.154382, p75=0.315682) | margin=+0.0278066 (+16.30%)

======================================================================
   PHASE 4/12: masked_modeling
   Mask Prob: 0.15
   Mask Scope: time
   Mask Mode: constant
   Mask Value: 0.2
   Noise Sigma: None
   Noise Replace: False
   Epochs: 3
   Learning Rate: 0.0006112848471317272
   Clipping Norm: 0.08842239009498767
   Horizon (train loss): 12
   Output timesteps (val_loss and fr_loss): 50
======================================================================

Epoch 8/30
309/309 ━━━━━━━━━━━━━━━━━━━━ 9s 29ms/step - mae: 0.1127 - mse: 0.0211 - loss: 0.0251 - val_loss: 0.0211
Epoch 9/30
309/309 ━━━━━━━━━━━━━━━━━━━━ 13s 41ms/step - mae: 0.1082 - mse: 0.0195 - loss: 0.0176 - val_loss: 0.0195 - val_fr_phase_loss_12: 0.1116
[Optuna] trial=12 epoch=9 val_fr_phase_loss_12=0.111623 | median=0.149221 (n=11, p25=0.1284, p75=0.215557) | margin=-0.0375976 (-25.20%)
Epoch 10/30
309/309 ━━━━━━━━━━━━━━━━━━━━ 13s 41ms/step - mae: 0.0958 - mse: 0.0155 - loss: 0.0147 - val_loss: 0.0155 - val_fr_target_loss_50: 1.0235 - val_fr_curve_loss_10: 0.0813 - val_fr_curve_loss_20: 0.2717 - val_fr_curve_loss_30: 0.5209 - val_fr_curve_loss_50: 1.0000

======================================================================
   PHASE 5/12: teacher_forcing
   Epochs: 2
   Learning Rate: 0.000873264067331039
   Clipping Norm: 0.1040263412882208
   Horizon (train loss): 18
   Output timesteps (val_loss and fr_loss): 50
======================================================================

Epoch 11/30
309/309 ━━━━━━━━━━━━━━━━━━━━ 9s 29ms/step - mae: 0.0588 - mse: 0.0056 - loss: 0.0067 - val_loss: 0.0056
Epoch 12/30
309/309 ━━━━━━━━━━━━━━━━━━━━ 13s 41ms/step - mae: 0.0506 - mse: 0.0042 - loss: 0.0039 - val_loss: 0.0042 - val_fr_phase_loss_18: 0.4739 - val_fr_target_loss_50: 1.4757 - val_fr_curve_loss_10: 0.1567 - val_fr_curve_loss_20: 0.5700 - val_fr_curve_loss_30: 0.9491 - val_fr_curve_loss_50: 1.4546
[Optuna] trial=12 epoch=12 val_fr_phase_loss_18=0.473856 | median=0.306622 (n=11, p25=0.245805, p75=0.576263) | margin=+0.167235 (+54.54%)

======================================================================
   PHASE 6/12: masked_modeling
   Mask Prob: 0.2
   Mask Scope: time
   Mask Mode: constant
   Mask Value: 0.2
   Noise Sigma: None
   Noise Replace: False
   Epochs: 3
   Learning Rate: 0.0005239584403986233
   Clipping Norm: 0.08322107303057664
   Horizon (train loss): 18
   Output timesteps (val_loss and fr_loss): 50
======================================================================

Epoch 13/30
309/309 ━━━━━━━━━━━━━━━━━━━━ 9s 29ms/step - mae: 0.0899 - mse: 0.0138 - loss: 0.0166 - val_loss: 0.0138
Epoch 14/30
309/309 ━━━━━━━━━━━━━━━━━━━━ 13s 41ms/step - mae: 0.0821 - mse: 0.0118 - loss: 0.0110 - val_loss: 0.0118 - val_fr_phase_loss_18: 0.2341
[Optuna] trial=12 epoch=14 val_fr_phase_loss_18=0.234097 | median=0.347767 (n=11, p25=0.247142, p75=0.396369) | margin=-0.113669 (-32.69%)
Epoch 15/30
309/309 ━━━━━━━━━━━━━━━━━━━━ 13s 41ms/step - mae: 0.0759 - mse: 0.0100 - loss: 0.0092 - val_loss: 0.0100 - val_fr_target_loss_50: 1.1169 - val_fr_curve_loss_10: 0.0901 - val_fr_curve_loss_20: 0.3201 - val_fr_curve_loss_30: 0.6093 - val_fr_curve_loss_50: 1.1166

======================================================================
   PHASE 7/12: teacher_forcing
   Epochs: 2
   Learning Rate: 0.000873264067331039
   Clipping Norm: 0.1040263412882208
   Horizon (train loss): 25
   Output timesteps (val_loss and fr_loss): 50
======================================================================

Epoch 16/30
309/309 ━━━━━━━━━━━━━━━━━━━━ 9s 29ms/step - mae: 0.0458 - mse: 0.0034 - loss: 0.0040 - val_loss: 0.0034
Epoch 17/30
309/309 ━━━━━━━━━━━━━━━━━━━━ 13s 41ms/step - mae: 0.0396 - mse: 0.0026 - loss: 0.0024 - val_loss: 0.0026 - val_fr_phase_loss_25: 0.7732 - val_fr_target_loss_50: 1.4564 - val_fr_curve_loss_10: 0.1532 - val_fr_curve_loss_20: 0.5760 - val_fr_curve_loss_30: 0.9543 - val_fr_curve_loss_50: 1.4319
[Optuna] trial=12 epoch=17 val_fr_phase_loss_25=0.773212 | median=0.552836 (n=11, p25=0.392944, p75=0.712081) | margin=+0.220376 (+39.86%)

======================================================================
   PHASE 8/12: masked_modeling
   Mask Prob: 0.2
   Mask Scope: time
   Mask Mode: noise
   Mask Value: None
   Noise Sigma: 0.1
   Noise Replace: False
   Epochs: 3
   Learning Rate: 0.0004366320336655195
   Clipping Norm: 0.0780197559661656
   Horizon (train loss): 25
   Output timesteps (val_loss and fr_loss): 50
======================================================================

Epoch 18/30
309/309 ━━━━━━━━━━━━━━━━━━━━ 9s 29ms/step - mae: 0.0395 - mse: 0.0026 - loss: 0.0032 - val_loss: 0.0026
Epoch 19/30
309/309 ━━━━━━━━━━━━━━━━━━━━ 13s 41ms/step - mae: 0.0381 - mse: 0.0024 - loss: 0.0028 - val_loss: 0.0024 - val_fr_phase_loss_25: 0.3115
[Optuna] trial=12 epoch=19 val_fr_phase_loss_25=0.311484 | median=0.342474 (n=11, p25=0.338, p75=0.383092) | margin=-0.0309904 (-9.05%)
Epoch 20/30
309/309 ━━━━━━━━━━━━━━━━━━━━ 13s 41ms/step - mae: 0.0373 - mse: 0.0023 - loss: 0.0027 - val_loss: 0.0023 - val_fr_target_loss_50: 0.8530 - val_fr_curve_loss_10: 0.0466 - val_fr_curve_loss_20: 0.2008 - val_fr_curve_loss_30: 0.4261 - val_fr_curve_loss_50: 0.8462

======================================================================
   PHASE 9/12: teacher_forcing
   Epochs: 2
   Learning Rate: 0.000873264067331039
   Clipping Norm: 0.1040263412882208
   Horizon (train loss): 38
   Output timesteps (val_loss and fr_loss): 50
======================================================================

Epoch 21/30
309/309 ━━━━━━━━━━━━━━━━━━━━ 9s 29ms/step - mae: 0.0364 - mse: 0.0022 - loss: 0.0022 - val_loss: 0.0022
Epoch 22/30
309/309 ━━━━━━━━━━━━━━━━━━━━ 13s 41ms/step - mae: 0.0333 - mse: 0.0018 - loss: 0.0016 - val_loss: 0.0018 - val_fr_phase_loss_38: 1.3372 - val_fr_target_loss_50: 1.5969 - val_fr_curve_loss_10: 0.1599 - val_fr_curve_loss_20: 0.6633 - val_fr_curve_loss_30: 1.0975 - val_fr_curve_loss_50: 1.5763
[Optuna] trial=12 epoch=22 val_fr_phase_loss_38=1.3372 | median=0.837034 (n=11, p25=0.688541, p75=1.14541) | margin=+0.50017 (+59.75%)

======================================================================
   PHASE 10/12: masked_modeling
   Mask Prob: 0.25
   Mask Scope: time
   Mask Mode: noise
   Mask Value: None
   Noise Sigma: 0.1
   Noise Replace: False
   Epochs: 3
   Learning Rate: 0.0003493056269324156
   Clipping Norm: 0.07281843890175456
   Horizon (train loss): 38
   Output timesteps (val_loss and fr_loss): 50
======================================================================

Epoch 23/30
309/309 ━━━━━━━━━━━━━━━━━━━━ 9s 29ms/step - mae: 0.0330 - mse: 0.0018 - loss: 0.0028 - val_loss: 0.0018
Epoch 24/30
309/309 ━━━━━━━━━━━━━━━━━━━━ 13s 41ms/step - mae: 0.0325 - mse: 0.0017 - loss: 0.0024 - val_loss: 0.0017 - val_fr_phase_loss_38: 0.4968
[Optuna] trial=12 epoch=24 val_fr_phase_loss_38=0.496755 | median=0.577561 (n=11, p25=0.564554, p75=0.643387) | margin=-0.0808054 (-13.99%)
Epoch 25/30
309/309 ━━━━━━━━━━━━━━━━━━━━ 13s 41ms/step - mae: 0.0319 - mse: 0.0017 - loss: 0.0023 - val_loss: 0.0017 - val_fr_target_loss_50: 0.7016 - val_fr_curve_loss_10: 0.0320 - val_fr_curve_loss_20: 0.1406 - val_fr_curve_loss_30: 0.3185 - val_fr_curve_loss_50: 0.6982

======================================================================
   PHASE 11/12: teacher_forcing
   Epochs: 2
   Learning Rate: 0.000873264067331039
   Clipping Norm: 0.1040263412882208
   Horizon (train loss): 50
   Output timesteps (val_loss and fr_loss): 50
======================================================================

Epoch 26/30
309/309 ━━━━━━━━━━━━━━━━━━━━ 9s 29ms/step - mae: 0.0314 - mse: 0.0016 - loss: 0.0018 - val_loss: 0.0016
Epoch 27/30
309/309 ━━━━━━━━━━━━━━━━━━━━ 13s 41ms/step - mae: 0.0279 - mse: 0.0013 - loss: 0.0011 - val_loss: 0.0013 - val_fr_phase_loss_50: 1.7513 - val_fr_target_loss_50: 1.7622 - val_fr_curve_loss_10: 0.1696 - val_fr_curve_loss_20: 0.7625 - val_fr_curve_loss_30: 1.2166 - val_fr_curve_loss_50: 1.7156
[Optuna] trial=12 epoch=27 val_fr_phase_loss_50=1.7513 | median=1.10456 (n=11, p25=0.946246, p75=1.49162) | margin=+0.646743 (+58.55%)

======================================================================
   PHASE 12/12: masked_modeling
   Mask Prob: 0.25
   Mask Scope: time
   Mask Mode: noise
   Mask Value: None
   Noise Sigma: 0.1
   Noise Replace: True
   Epochs: 3
   Learning Rate: 0.000314375064239174
   Clipping Norm: 0.06761712183734353
   Horizon (train loss): 50
   Output timesteps (val_loss and fr_loss): 50
======================================================================

Epoch 28/30
309/309 ━━━━━━━━━━━━━━━━━━━━ 9s 29ms/step - mae: 0.0846 - mse: 0.0125 - loss: 0.0311 - val_loss: 0.0125
Epoch 29/30
309/309 ━━━━━━━━━━━━━━━━━━━━ 13s 41ms/step - mae: 0.0671 - mse: 0.0078 - loss: 0.0101 - val_loss: 0.0078 - val_fr_phase_loss_50: 0.8590
[Optuna] trial=12 epoch=29 val_fr_phase_loss_50=0.858999 | median=1.19779 (n=11, p25=1.125, p75=1.55259) | margin=-0.338793 (-28.28%)
Epoch 30/30
309/309 ━━━━━━━━━━━━━━━━━━━━ 13s 41ms/step - mae: 0.0578 - mse: 0.0057 - loss: 0.0073 - val_loss: 0.0057 - val_fr_target_loss_50: 0.8830 - val_fr_curve_loss_10: 0.0433 - val_fr_curve_loss_20: 0.1783 - val_fr_curve_loss_30: 0.3937 - val_fr_curve_loss_50: 0.8650
Final loss: 0.0073
Predicting all test samples in free_running mode...
  X shape: (2280, 200, 55)
  Y shape: (2280, 50, 55)
  Pred shape: (2280, 50, 55)

 step | target                | pred                  | abs_err
------|-----------------------|-----------------------|----------------------
   25 | [ 4.139746e-01  2.252291e+00  7.680922e-02 -1.082321e+00  1.330184e-01
 -2.749080e-01  6.398940e-01 -1.222357e+00  1.964076e+00  2.024013e-01
 -1.249584e+00  1.684962e-01  6.261574e-01  7.681609e-01 -1.833026e+00
  4.305243e-01 -6.649562e-01  3.213241e-02 -4.315943e-01 -9.406051e-01
 -3.335454e-01  8.885246e-01  1.287808e+00  7.899810e-01 -2.762157e-01
  1.005897e+00 -2.825402e-01 -5.396542e-01 -1.754732e-01  2.526159e-01
 -1.215466e+00 -7.651589e-01 -1.200358e-01  4.952903e-01 -4.308359e-01
 -7.325999e-01  1.170439e+00  1.235309e+00 -8.311886e-01 -7.979621e-01
 -9.821695e-01  2.076884e-01  3.238765e-01 -1.923588e-01 -4.145486e-01
 -3.828006e-01 -3.487313e-02  1.245124e-03  1.581712e-01  5.641804e-01
  2.155083e-01 -1.144052e-01 -1.354365e+00 -3.214316e-01 -1.550427e+00] | [-1.131034e-01  1.810433e+00 -2.038108e-01 -1.249506e+00 -2.569999e-01
 -7.854347e-02  1.094860e+00 -1.797500e+00  2.134664e+00  3.085566e-01
 -6.918015e-01  2.023745e+00  9.636961e-01  2.150733e-02  2.142874e-01
 -1.998075e+00 -4.860425e-01 -4.042321e-01 -1.773872e+00 -1.177523e+00
  3.465878e-01  1.844220e+00  1.130951e-01  3.277225e-01  9.852488e-02
  6.799328e-01 -2.111739e-01 -1.023421e-01 -7.031449e-03 -9.897226e-03
  6.694459e-01 -1.477083e+00  9.848244e-01  3.683528e-01  7.146853e-01
 -9.842840e-01  1.921889e+00  3.439181e+00 -9.399364e-02  1.822716e+00
 -8.231584e-01 -8.500168e-01 -4.365824e-01 -3.391165e-03  9.876084e-01
 -5.270174e-01 -2.498117e+00  4.710182e-03  5.083618e-01  2.461404e-02
 -1.421327e+00  1.437931e+00 -7.637611e-01 -1.001010e+00 -1.485177e+00] | [0.527078 0.441858 0.28062  0.167185 0.390018 0.196365 0.454966 0.575143
 0.170588 0.106155 0.557782 1.855249 0.337539 0.746654 2.047313 2.428599
 0.178914 0.436364 1.342278 0.236918 0.680133 0.955695 1.174713 0.462258
 0.374741 0.325964 0.071366 0.437312 0.168442 0.262513 1.884912 0.711925
 1.10486  0.126937 1.145521 0.251684 0.75145  2.203873 0.737195 2.620678
 0.159011 1.057705 0.760459 0.188968 1.402157 0.144217 2.463244 0.003465
 0.350191 0.539566 1.636835 1.552336 0.590604 0.679578 0.06525 ]
   26 | [ 0.433902  2.276946  0.062718 -1.073421  0.149295 -0.261739  0.66411
 -1.190588  1.970693  0.211786 -1.280325  0.091743  0.630177  0.811665
 -1.905444  0.590891 -0.648677  0.010101 -0.341095 -0.950394 -0.271225
  0.842781  1.340023  0.789891 -0.296955  0.983707 -0.332591 -0.535192
 -0.171397  0.217021 -1.236176 -0.75049  -0.169815  0.501318 -0.449502
 -0.772153  1.203705  1.218394 -0.873595 -0.731515 -1.003057  0.192291
  0.338178 -0.172599 -0.562203 -0.409968  0.071482 -0.035004  0.178969
  0.522649  0.281281 -0.172402 -1.38113  -0.280718 -1.561255] | [-1.017967e-01  1.802667e+00 -1.993923e-01 -1.223749e+00 -2.417879e-01
 -2.850621e-02  1.106775e+00 -1.767256e+00  2.126274e+00  3.080578e-01
 -7.206471e-01  1.954267e+00  9.483709e-01  8.537097e-02  2.101882e-01
 -1.953551e+00 -4.281316e-01 -4.782796e-01 -1.718644e+00 -1.196925e+00
  3.718491e-01  1.840262e+00  1.183560e-01  3.398789e-01  6.900585e-02
  6.534840e-01 -1.997605e-01 -1.211170e-01 -3.463245e-02  5.796013e-02
  7.480643e-01 -1.445348e+00  9.591691e-01  4.253963e-01  6.904061e-01
 -9.762225e-01  1.974450e+00  3.458523e+00 -9.517232e-02  1.922044e+00
 -8.362481e-01 -8.607668e-01 -4.189398e-01  3.559176e-02  9.374396e-01
 -5.525523e-01 -2.473678e+00 -3.529920e-02  5.389265e-01  3.409952e-03
 -1.363199e+00  1.424145e+00 -7.657031e-01 -9.895168e-01 -1.476146e+00] | [5.356991e-01 4.742786e-01 2.621105e-01 1.503282e-01 3.910826e-01
 2.332324e-01 4.426651e-01 5.766673e-01 1.555812e-01 9.627147e-02
 5.596782e-01 1.862524e+00 3.181939e-01 7.262942e-01 2.115632e+00
 2.544442e+00 2.205459e-01 4.883808e-01 1.377549e+00 2.465302e-01
 6.430737e-01 9.974810e-01 1.221667e+00 4.500120e-01 3.659613e-01
 3.302228e-01 1.328304e-01 4.140753e-01 1.367645e-01 1.590612e-01
 1.984241e+00 6.948580e-01 1.128984e+00 7.592148e-02 1.139908e+00
 2.040692e-01 7.707454e-01 2.240129e+00 7.784224e-01 2.653558e+00
 1.668084e-01 1.053058e+00 7.571176e-01 2.081906e-01 1.499642e+00
 1.425848e-01 2.545160e+00 2.952032e-04 3.599574e-01 5.192389e-01
 1.644480e+00 1.596546e+00 6.154266e-01 7.087983e-01 8.510923e-02]
   27 | [ 0.45137   2.29779   0.046898 -1.065959  0.163722 -0.251176  0.686906
 -1.158318  1.973541  0.218812 -1.306769  0.020961  0.635355  0.846673
 -1.973424  0.752938 -0.63128  -0.009811 -0.250043 -0.95588  -0.208485
  0.794828  1.389242  0.786713 -0.314912  0.961981 -0.384025 -0.528408
 -0.166389  0.176889 -1.255981 -0.733755 -0.216556  0.503603 -0.465744
 -0.812322  1.237801  1.200935 -0.913572 -0.661274 -1.020813  0.176508
  0.350492 -0.15451  -0.707661 -0.434216  0.179125 -0.073381  0.197581
  0.481679  0.341621 -0.226467 -1.405437 -0.237464 -1.567991] | [-0.089473  1.791003 -0.193617 -1.198066 -0.224535  0.017977  1.114928
 -1.736868  2.114989  0.307317 -0.748542  1.890823  0.928593  0.147663
  0.206649 -1.910612 -0.369571 -0.548971 -1.663213 -1.212119  0.395628
  1.831514  0.126902  0.355383  0.040206  0.628292 -0.186685 -0.137001
 -0.065046  0.126089  0.82412  -1.408954  0.93515   0.482173  0.668897
 -0.965519  2.023777  3.471613 -0.09602   2.014004 -0.84737  -0.868823
 -0.405172  0.075208  0.889862 -0.575588 -2.444396 -0.07377   0.567551
 -0.012993 -1.306578  1.409645 -0.763457 -0.977613 -1.462282] | [5.408423e-01 5.067862e-01 2.405151e-01 1.321070e-01 3.882573e-01
 2.691529e-01 4.280220e-01 5.785503e-01 1.414480e-01 8.850573e-02
 5.582269e-01 1.869862e+00 2.932380e-01 6.990096e-01 2.180073e+00
 2.663550e+00 2.617086e-01 5.391597e-01 1.413169e+00 2.562388e-01
 6.041138e-01 1.036686e+00 1.262340e+00 4.313300e-01 3.551187e-01
 3.336887e-01 1.973400e-01 3.914076e-01 1.013432e-01 5.080006e-02
 2.080101e+00 6.751993e-01 1.151706e+00 2.143019e-02 1.134641e+00
 1.531973e-01 7.859761e-01 2.270678e+00 8.175520e-01 2.675278e+00
 1.734429e-01 1.045331e+00 7.556646e-01 2.297183e-01 1.597523e+00
 1.413722e-01 2.623520e+00 3.890321e-04 3.699696e-01 4.946715e-01
 1.648199e+00 1.636112e+00 6.419794e-01 7.401492e-01 1.057093e-01]
   28 | [ 0.466327  2.314783  0.029422 -1.059933  0.176249 -0.243234  0.708319
 -1.125542  1.97265   0.223477 -1.328843 -0.043589  0.641445  0.873025
 -2.036825  0.915869 -0.612772 -0.027353 -0.158771 -0.957077 -0.145636
  0.744967  1.435167  0.780424 -0.32991   0.940997 -0.436465 -0.519352
 -0.160183  0.132539 -1.274543 -0.714768 -0.260126  0.501926 -0.479514
 -0.852827  1.272629  1.183048 -0.950983 -0.587688 -1.035382  0.160153
  0.360566 -0.138091 -0.850494 -0.455552  0.287429 -0.113708  0.214089
  0.44125   0.396277 -0.27644  -1.427296 -0.191884 -1.570648] | [-0.076909  1.776179 -0.187264 -1.173119 -0.206704  0.061332  1.120235
 -1.70761   2.102605  0.306338 -0.775542  1.833717  0.9054    0.208064
  0.202074 -1.870257 -0.31151  -0.615049 -1.607493 -1.2239    0.417987
  1.819289  0.138221  0.374699  0.012047  0.605086 -0.171685 -0.150276
 -0.098743  0.194162  0.897722 -1.369159  0.91444   0.538051  0.650562
 -0.952803  2.070966  3.47932  -0.097537  2.098815 -0.857127 -0.874864
 -0.394645  0.114783  0.844692 -0.597251 -2.412071 -0.111084  0.595021
 -0.024554 -1.252736  1.393904 -0.75707  -0.965511 -1.444747] | [5.432363e-01 5.386039e-01 2.166868e-01 1.131864e-01 3.829528e-01
 3.045661e-01 4.119158e-01 5.820684e-01 1.299549e-01 8.286151e-02
 5.533010e-01 1.877306e+00 2.639548e-01 6.649616e-01 2.238899e+00
 2.786127e+00 3.012626e-01 5.876968e-01 1.448721e+00 2.668229e-01
 5.636231e-01 1.074323e+00 1.296947e+00 4.057249e-01 3.419572e-01
 3.359112e-01 2.647801e-01 3.690766e-01 6.143957e-02 6.162311e-02
 2.172265e+00 6.543910e-01 1.174567e+00 3.612477e-02 1.130075e+00
 9.997541e-02 7.983365e-01 2.296272e+00 8.534455e-01 2.686503e+00
 1.782556e-01 1.035017e+00 7.552105e-01 2.528743e-01 1.695186e+00
 1.416984e-01 2.699500e+00 2.623677e-03 3.809312e-01 4.658036e-01
 1.649013e+00 1.670345e+00 6.702263e-01 7.736265e-01 1.259012e-01]
   29 | [ 0.478732  2.32789   0.010362 -1.055353  0.186818 -0.237931  0.728378
 -1.09227   1.968046  0.225786 -1.346491 -0.1017    0.648197  0.890628
 -2.095523  1.078877 -0.593175 -0.042284 -0.067607 -0.95402  -0.082985
  0.693516  1.47754   0.771024 -0.341791  0.921028 -0.489508 -0.508082
 -0.152506  0.084329 -1.291529 -0.693373 -0.30041   0.496102 -0.49077
 -0.893374  1.308082  1.164834 -0.985713 -0.511238 -1.046716  0.143051
  0.368166 -0.123325 -0.990295 -0.473989  0.395794 -0.155784  0.228586
  0.401343  0.445038 -0.322183 -1.446722 -0.144214 -1.56925 ] | [-0.064274  1.758699 -0.18152  -1.149608 -0.189429  0.101211  1.122681
 -1.680597  2.08966   0.305492 -0.801622  1.783087  0.879273  0.265858
  0.196104 -1.831884 -0.254066 -0.676702 -1.553104 -1.232201  0.438688
  1.804785  0.150776  0.39609  -0.014763  0.584005 -0.155385 -0.161224
 -0.134507  0.261093  0.96869  -1.325891  0.896648  0.592897  0.63456
 -0.93863   2.116778  3.483845 -0.10023   2.17712  -0.866253 -0.878602
 -0.388231  0.152943  0.80128  -0.617771 -2.377574 -0.146965  0.620227
 -0.031427 -1.201255  1.377881 -0.74712  -0.954184 -1.424983] | [0.543006 0.569191 0.191882 0.094254 0.376247 0.339142 0.394303 0.588328
 0.121615 0.079706 0.544868 1.884787 0.231076 0.624771 2.291626 2.910761
 0.339109 0.634418 1.485497 0.278181 0.521673 1.111269 1.326764 0.374934
 0.327028 0.337023 0.334123 0.346858 0.017999 0.176764 2.260219 0.632518
 1.197058 0.096795 1.125329 0.045256 0.808696 2.319011 0.885483 2.688358
 0.180464 1.021653 0.756397 0.276268 1.791575 0.143781 2.773368 0.008818
 0.391642 0.43277  1.646293 1.700064 0.699602 0.809969 0.144268]
model built: True
num weights: 38
{'mae': [0.16492851078510284, 0.11520297080278397, 0.11646498739719391, 0.10871285200119019, 0.10250955075025558, 0.09300322085618973, 0.07174478471279144, 0.11271917074918747, 0.1081574559211731, 0.09583523124456406, 0.058777350932359695, 0.05055338144302368, 0.0898929312825203, 0.08205968141555786, 0.07590190321207047, 0.04584888741374016, 0.03964700177311897, 0.03945627436041832, 0.0381394699215889, 0.03731512278318405, 0.03636087849736214, 0.03325332701206207, 0.03298181667923927, 0.03248617425560951, 0.03185098618268967, 0.03139820694923401, 0.027903614565730095, 0.08456677943468094, 0.06712301075458527, 0.05779065936803818], 'mse': [0.04352021962404251, 0.021338526159524918, 0.022016581147909164, 0.019234465435147285, 0.01719273254275322, 0.014058250002563, 0.008284006267786026, 0.021132953464984894, 0.01945599541068077, 0.015478267334401608, 0.005603570491075516, 0.004153318703174591, 0.013797730207443237, 0.011803572066128254, 0.010022232308983803, 0.0034356163814663887, 0.002565990202128887, 0.002553555415943265, 0.002387197455391288, 0.0022849608212709427, 0.0021615007426589727, 0.0018332586623728275, 0.0017882591346278787, 0.0017372414004057646, 0.0016724454471841455, 0.0016308061312884092, 0.0012921454617753625, 0.012481363490223885, 0.0077905007638037205, 0.005741030443459749], 'loss': [0.2181432545185089, 0.026223808526992798, 0.028273357078433037, 0.020420348271727562, 0.016667190939188004, 0.01982879266142845, 0.008822006173431873, 0.025073282420635223, 0.01762416586279869, 0.014732769690454006, 0.006742393132299185, 0.0038580952677875757, 0.016583111137151718, 0.011045919731259346, 0.009175505489110947, 0.003953761421144009, 0.0023805368691682816, 0.0031538442708551884, 0.0028060826007276773, 0.0027075461111962795, 0.0021831870544701815, 0.001598524278961122, 0.0027622724883258343, 0.0023727095685899258, 0.0022758599370718002, 0.0018123459303751588, 0.0011197634739801288, 0.03112158365547657, 0.010055999271571636, 0.0072827716358006], 'val_loss': [0.04352021962404251, 0.02133852243423462, 0.022016581147909164, 0.019234465435147285, 0.01719273254275322, 0.014058250002563, 0.008284005336463451, 0.021132955327630043, 0.01945599541068077, 0.015478265471756458, 0.005603570491075516, 0.004153318703174591, 0.013797730207443237, 0.011803572066128254, 0.010022232308983803, 0.003435616148635745, 0.002565990202128887, 0.0025535556487739086, 0.002387197455391288, 0.002284960588440299, 0.0021615007426589727, 0.0018332586623728275, 0.0017882591346278787, 0.0017372414004057646, 0.0016724454471841455, 0.0016308060148730874, 0.0012921454617753625, 0.012481363490223885, 0.007790500298142433, 0.005741030443459749], 'val_fr_phase_loss_5': [nan, 0.05140678957104683, nan, 0.0340225026011467, nan], 'val_fr_target_loss_50': [nan, 1.2012273073196411, nan, nan, 1.0439916849136353, nan, 1.4433801174163818, nan, nan, 1.0235366821289062, nan, 1.475691795349121, nan, nan, 1.1168711185455322, nan, 1.4564378261566162, nan, nan, 0.8530210256576538, nan, 1.5968959331512451, nan, nan, 0.7016310691833496, nan, 1.7621920108795166, nan, nan, 0.8830264806747437], 'val_fr_curve_loss_10': [nan, 0.13383299112319946, nan, nan, 0.0819711834192276, nan, 0.14261072874069214, nan, nan, 0.08132273703813553, nan, 0.1567128449678421, nan, nan, 0.09005855768918991, nan, 0.15320244431495667, nan, nan, 0.04660911485552788, nan, 0.1598680168390274, nan, nan, 0.0320473313331604, nan, 0.16962726414203644, nan, nan, 0.04330018535256386], 'val_fr_curve_loss_20': [nan, 0.38763415813446045, nan, nan, 0.2736565172672272, nan, 0.48746851086616516, nan, nan, 0.2717455327510834, nan, 0.5700406432151794, nan, nan, 0.32013601064682007, nan, 0.5760189890861511, nan, nan, 0.20083975791931152, nan, 0.6632639765739441, nan, nan, 0.14056900143623352, nan, 0.762457013130188, nan, nan, 0.17832167446613312], 'val_fr_curve_loss_30': [nan, 0.682663083076477, nan, nan, 0.5315075516700745, nan, 0.8571911454200745, nan, nan, 0.5208868980407715, nan, 0.9490761160850525, nan, nan, 0.6093435287475586, nan, 0.954254150390625, nan, nan, 0.4261073172092438, nan, 1.097516417503357, nan, nan, 0.31851691007614136, nan, 1.2166469097137451, nan, nan, 0.3937053382396698], 'val_fr_curve_loss_50': [nan, 1.182959794998169, nan, nan, 1.029442310333252, nan, 1.4171407222747803, nan, nan, 0.9999587535858154, nan, 1.4545598030090332, nan, nan, 1.1165831089019775, nan, 1.4318568706512451, nan, nan, 0.8462456464767456, nan, 1.576267123222351, nan, nan, 0.6981517672538757, nan, 1.7155777215957642, nan, nan, 0.8650070428848267], 'val_fr_phase_loss_12': [nan, 0.19842104613780975, nan, 0.11162345111370087, nan], 'val_fr_phase_loss_18': [nan, 0.47385647892951965, nan, 0.23409748077392578, nan], 'val_fr_phase_loss_25': [nan, 0.7732117176055908, nan, 0.3114839792251587, nan], 'val_fr_phase_loss_38': [nan, 1.3372032642364502, nan, 0.49675533175468445, nan], 'val_fr_phase_loss_50': [nan, 1.7513008117675781, nan, 0.8589992523193359, nan]}
Saved artifacts to: runs/tuning/full_seq_lstm_lvl1/trial_0012
