--- Number of Windows for Train = 9880
--- Number of Windows for Val = 3040
--- Number of Windows for Test = 2280
--- Curriculum = [10, 15, 20, 30, 40, 50]
--- fr_curve Outsteps = [1, 2, 3]

--- Training: prova1 [LSTM/FC/HYBRID]  ---

======================================================================
   PHASE 1/6: teacher_forcing
   Epochs: 6
   Learning Rate: 0.0007622540972310491
   Clipping Norm: 0.7935905669007637
   Horizon (train loss): 10
   Output timesteps (val_loss and fr_loss): 50
======================================================================

Epoch 1/30
309/309 ━━━━━━━━━━━━━━━━━━━━ 22s 47ms/step - mae: 0.1249 - loss: 0.1478 - val_loss: 0.0253
Epoch 2/30
309/309 ━━━━━━━━━━━━━━━━━━━━ 18s 57ms/step - mae: 0.0776 - loss: 0.0140 - val_loss: 0.0097 - val_fr_phase_loss_10: 0.0954
[Optuna] trial=21 epoch=2 val_fr_phase_loss_10=0.095359 | median=0.126122 (n=16, p25=0.0966764, p75=0.200765) | margin=-0.030763 (-24.39%)
Epoch 3/30
309/309 ━━━━━━━━━━━━━━━━━━━━ 13s 43ms/step - mae: 0.0618 - loss: 0.0065 - val_loss: 0.0062
Epoch 4/30
309/309 ━━━━━━━━━━━━━━━━━━━━ 17s 56ms/step - mae: 0.0525 - loss: 0.0043 - val_loss: 0.0045 - val_fr_phase_loss_10: 0.1048
[Optuna] trial=21 epoch=4 val_fr_phase_loss_10=0.104786 | median=0.106598 (n=16, p25=0.0820417, p75=0.118352) | margin=-0.00181177 (-1.70%)
Epoch 5/30
309/309 ━━━━━━━━━━━━━━━━━━━━ 13s 43ms/step - mae: 0.0472 - loss: 0.0032 - val_loss: 0.0036
Epoch 6/30
309/309 ━━━━━━━━━━━━━━━━━━━━ 17s 56ms/step - mae: 0.0432 - loss: 0.0026 - val_loss: 0.0030 - val_fr_phase_loss_10: 0.1168 - val_fr_target_loss_50: 1.1129 - val_fr_curve_loss_1: 0.0037 - val_fr_curve_loss_2: 0.0070 - val_fr_curve_loss_3: 0.0123
[Optuna] trial=21 epoch=6 val_fr_phase_loss_10=0.116785 | median=0.110259 (n=16, p25=0.069844, p75=0.133477) | margin=+0.00652634 (+5.92%)

======================================================================
   PHASE 2/6: masked_modeling
   Mask Prob: 0.15
   Mask Scope: time
   Mask Mode: constant
   Mask Value: 0.2
   Noise Sigma: None
   Noise Replace: False
   Epochs: 6
   Learning Rate: 0.0006098032777848393
   Clipping Norm: 0.7142315102106873
   Horizon (train loss): 15
   Output timesteps (val_loss and fr_loss): 50
======================================================================

Epoch 7/30
309/309 ━━━━━━━━━━━━━━━━━━━━ 13s 43ms/step - mae: 0.1227 - loss: 0.0337 - val_loss: 0.0242
Epoch 8/30
309/309 ━━━━━━━━━━━━━━━━━━━━ 17s 55ms/step - mae: 0.1122 - loss: 0.0226 - val_loss: 0.0205 - val_fr_phase_loss_15: 0.1599
[Optuna] trial=21 epoch=8 val_fr_phase_loss_15=0.159878 | median=0.161004 (n=16, p25=0.148688, p75=0.217184) | margin=-0.00112578 (-0.70%)
Epoch 9/30
309/309 ━━━━━━━━━━━━━━━━━━━━ 14s 44ms/step - mae: 0.0999 - loss: 0.0177 - val_loss: 0.0165
Epoch 10/30
309/309 ━━━━━━━━━━━━━━━━━━━━ 17s 56ms/step - mae: 0.0930 - loss: 0.0142 - val_loss: 0.0145 - val_fr_phase_loss_15: 0.1311
[Optuna] trial=21 epoch=10 val_fr_phase_loss_15=0.131062 | median=0.132353 (n=16, p25=0.125711, p75=0.201724) | margin=-0.00129165 (-0.98%)
Epoch 11/30
309/309 ━━━━━━━━━━━━━━━━━━━━ 13s 43ms/step - mae: 0.0864 - loss: 0.0119 - val_loss: 0.0127
Epoch 12/30
309/309 ━━━━━━━━━━━━━━━━━━━━ 17s 55ms/step - mae: 0.0803 - loss: 0.0101 - val_loss: 0.0111 - val_fr_phase_loss_15: 0.1228 - val_fr_target_loss_50: 0.8948 - val_fr_curve_loss_1: 0.0076 - val_fr_curve_loss_2: 0.0094 - val_fr_curve_loss_3: 0.0123
[Optuna] trial=21 epoch=12 val_fr_phase_loss_15=0.122815 | median=0.12502 (n=16, p25=0.112121, p75=0.177866) | margin=-0.00220435 (-1.76%)

======================================================================
   PHASE 3/6: scheduled_sampling
   Tf Ratio Start: 1.0
   Tf Ratio End: 0.35
   Per Feature: True
   Stop Grad Pred: True
   Ratio Mode: sigmoid
   Mid Point: 0.6
   Sharpness: 10.0
   Power Value: 2.0
   Epochs: 8
   Learning Rate: 0.0005335778680617344
   Clipping Norm: 0.6745519818656491
   Horizon (train loss): 20
   Output timesteps (val_loss and fr_loss): 50
======================================================================

Epoch 13/30
309/309 ━━━━━━━━━━━━━━━━━━━━ 170s 551ms/step - mae: 0.0445 - loss: 0.0039 - val_loss: 0.0033
Epoch 14/30
309/309 ━━━━━━━━━━━━━━━━━━━━ 177s 573ms/step - mae: 0.0357 - loss: 0.0018 - val_loss: 0.0021 - val_fr_phase_loss_20: 0.2126
[Optuna] trial=21 epoch=14 val_fr_phase_loss_20=0.212625 | median=0.210523 (n=16, p25=0.142058, p75=0.231565) | margin=+0.00210264 (+1.00%)
Epoch 15/30
309/309 ━━━━━━━━━━━━━━━━━━━━ 170s 549ms/step - mae: 0.0319 - loss: 0.0013 - val_loss: 0.0017
Epoch 16/30
309/309 ━━━━━━━━━━━━━━━━━━━━ 175s 567ms/step - mae: 0.0298 - loss: 0.0014 - val_loss: 0.0015 - val_fr_phase_loss_20: 0.2663
[Optuna] trial=21 epoch=16 val_fr_phase_loss_20=0.266281 | median=0.227034 (n=16, p25=0.165137, p75=0.287342) | margin=+0.039247 (+17.29%)
Epoch 17/30
309/309 ━━━━━━━━━━━━━━━━━━━━ 171s 555ms/step - mae: 0.0347 - loss: 0.0030 - val_loss: 0.0020
Epoch 18/30
309/309 ━━━━━━━━━━━━━━━━━━━━ 175s 567ms/step - mae: 0.0415 - loss: 0.0114 - val_loss: 0.0028 - val_fr_phase_loss_20: 0.2360
[Optuna] trial=21 epoch=18 val_fr_phase_loss_20=0.236036 | median=0.230662 (n=16, p25=0.179437, p75=0.254541) | margin=+0.00537348 (+2.33%)
Epoch 19/30
309/309 ━━━━━━━━━━━━━━━━━━━━ 172s 556ms/step - mae: 0.0496 - loss: 0.0184 - val_loss: 0.0041
Epoch 20/30
309/309 ━━━━━━━━━━━━━━━━━━━━ 174s 564ms/step - mae: 0.0455 - loss: 0.0184 - val_loss: 0.0034 - val_fr_phase_loss_20: 0.2024 - val_fr_target_loss_50: 0.8972 - val_fr_curve_loss_1: 0.0036 - val_fr_curve_loss_2: 0.0048 - val_fr_curve_loss_3: 0.0069
[Optuna] trial=21 epoch=20 val_fr_phase_loss_20=0.202399 | median=0.19904 (n=16, p25=0.149452, p75=0.214252) | margin=+0.00335977 (+1.69%)

======================================================================
   PHASE 4/6: masked_modeling
   Mask Prob: 0.2
   Mask Scope: time
   Mask Mode: noise
   Mask Value: None
   Noise Sigma: 0.1
   Noise Replace: False
   Epochs: 4
   Learning Rate: 0.0004573524583386295
   Clipping Norm: 0.634872453520611
   Horizon (train loss): 30
   Output timesteps (val_loss and fr_loss): 50
======================================================================

Epoch 21/30
309/309 ━━━━━━━━━━━━━━━━━━━━ 14s 44ms/step - mae: 0.0278 - loss: 0.0020 - val_loss: 0.0013
Epoch 22/30
309/309 ━━━━━━━━━━━━━━━━━━━━ 17s 55ms/step - mae: 0.0269 - loss: 0.0017 - val_loss: 0.0012 - val_fr_phase_loss_30: 0.2507
[Optuna] trial=21 epoch=22 val_fr_phase_loss_30=0.250708 | median=0.263237 (n=16, p25=0.254495, p75=0.411188) | margin=-0.0125284 (-4.76%)
Epoch 23/30
309/309 ━━━━━━━━━━━━━━━━━━━━ 13s 43ms/step - mae: 0.0265 - loss: 0.0017 - val_loss: 0.0012
Epoch 24/30
309/309 ━━━━━━━━━━━━━━━━━━━━ 17s 55ms/step - mae: 0.0263 - loss: 0.0016 - val_loss: 0.0012 - val_fr_phase_loss_30: 0.2605 - val_fr_target_loss_50: 0.6553 - val_fr_curve_loss_1: 0.0017 - val_fr_curve_loss_2: 0.0022 - val_fr_curve_loss_3: 0.0031
[Optuna] trial=21 epoch=24 val_fr_phase_loss_30=0.26045 | median=0.269055 (n=16, p25=0.263465, p75=0.416531) | margin=-0.00860502 (-3.20%)

======================================================================
   PHASE 5/6: full_autoregressive
   Gradient Through Time: False
   Epochs: 4
   Learning Rate: 0.00038112704861552457
   Clipping Norm: 0.5951929251755728
   Horizon (train loss): 40
   Output timesteps (val_loss and fr_loss): 50
======================================================================

Epoch 25/30
309/309 ━━━━━━━━━━━━━━━━━━━━ 158s 513ms/step - mae: 0.3264 - loss: 0.3715 - val_loss: 0.1932
Epoch 26/30
309/309 ━━━━━━━━━━━━━━━━━━━━ 164s 531ms/step - mae: 0.2906 - loss: 0.2096 - val_loss: 0.1607 - val_fr_phase_loss_40: 0.2128
[Optuna] trial=21 epoch=26 val_fr_phase_loss_40=0.212783 | median=0.2982 (n=16, p25=0.22239, p75=0.409892) | margin=-0.0854166 (-28.64%)
Epoch 27/30
309/309 ━━━━━━━━━━━━━━━━━━━━ 159s 514ms/step - mae: 0.2693 - loss: 0.1667 - val_loss: 0.1410
Epoch 28/30
309/309 ━━━━━━━━━━━━━━━━━━━━ 163s 528ms/step - mae: 0.2562 - loss: 0.1414 - val_loss: 0.1291 - val_fr_phase_loss_40: 0.1767 - val_fr_target_loss_50: 0.2495 - val_fr_curve_loss_1: 0.0321 - val_fr_curve_loss_2: 0.0296 - val_fr_curve_loss_3: 0.0283
[Optuna] trial=21 epoch=28 val_fr_phase_loss_40=0.17672 | median=0.275687 (n=16, p25=0.176164, p75=0.379563) | margin=-0.0989671 (-35.90%)

======================================================================
   PHASE 6/6: full_autoregressive
   Gradient Through Time: True
   Epochs: 2
   Learning Rate: 0.00022867622916931474
   Clipping Norm: 0.4761543401404582
   Horizon (train loss): 50
   Output timesteps (val_loss and fr_loss): 50
======================================================================

Epoch 29/30
309/309 ━━━━━━━━━━━━━━━━━━━━ 158s 512ms/step - mae: 0.2794 - loss: 0.1682 - val_loss: 0.1520
Epoch 30/30
309/309 ━━━━━━━━━━━━━━━━━━━━ 161s 522ms/step - mae: 0.2714 - loss: 0.1500 - val_loss: 0.1439 - val_fr_phase_loss_50: 0.2114 - val_fr_target_loss_50: 0.2192 - val_fr_curve_loss_1: 0.0378 - val_fr_curve_loss_2: 0.0345 - val_fr_curve_loss_3: 0.0325
[Optuna] trial=21 epoch=30 val_fr_phase_loss_50=0.211433 | median=0.318205 (n=16, p25=0.21193, p75=0.387999) | margin=-0.106772 (-33.55%)
Final loss: 0.1500
Predicting all test samples in free_running mode...
  X shape: (2280, 200, 36)
  Y shape: (2280, 50, 36)
  Pred shape: (2280, 50, 36)

 step | target                | pred                  | abs_err
------|-----------------------|-----------------------|----------------------
   25 | [ 0.413975  2.252291  0.076809 -1.082321  0.133018 -0.274908  0.639894
 -1.222357 -1.249584  0.168496  0.626157  0.768161 -1.833026  0.430524
 -0.664956 -0.940605 -0.333545  0.888525  1.287808  0.789981 -0.276216
 -0.539654 -0.175473  0.252616 -1.215466 -0.765159 -0.430836 -0.7326
  1.170439  1.235309 -0.98217   0.207688  0.323877 -0.382801 -0.034873
  0.56418 ] | [ 0.697188  2.352962  0.598493 -0.561238 -0.172923 -0.23469   0.539533
 -1.008696 -1.5425    0.864657  0.182162  0.921858 -1.475652 -0.945334
 -0.620064 -1.297382 -0.372609  0.633034  0.826588  0.48493   0.203021
 -0.888957 -0.278289  0.596886 -0.838047 -0.212539 -0.295623 -0.59427
  0.798287  1.347929 -0.88846   1.113638  0.389348 -0.274374 -0.228136
  0.403935] | [0.283213 0.100671 0.521684 0.521083 0.305942 0.040218 0.100361 0.21366
 0.292916 0.696161 0.443995 0.153697 0.357374 1.375858 0.044892 0.356777
 0.039064 0.255491 0.46122  0.305051 0.479236 0.349303 0.102816 0.34427
 0.377419 0.55262  0.135213 0.13833  0.372152 0.11262  0.093709 0.905949
 0.065471 0.108427 0.193262 0.160246]
   26 | [ 0.433902  2.276946  0.062718 -1.073421  0.149295 -0.261739  0.66411
 -1.190588 -1.280325  0.091743  0.630177  0.811665 -1.905444  0.590891
 -0.648677 -0.950394 -0.271225  0.842781  1.340023  0.789891 -0.296955
 -0.535192 -0.171397  0.217021 -1.236176 -0.75049  -0.449502 -0.772153
  1.203705  1.218394 -1.003057  0.192291  0.338178 -0.409968  0.071482
  0.522649] | [ 0.721654  2.380596  0.595046 -0.536537 -0.168774 -0.224226  0.574019
 -0.986583 -1.568987  0.783114  0.142141  1.003611 -1.538195 -0.889016
 -0.600796 -1.325272 -0.337569  0.603888  0.866019  0.476161  0.193825
 -0.902921 -0.250822  0.606251 -0.821344 -0.173477 -0.326231 -0.592177
  0.799812  1.355212 -0.90876   1.107908  0.376762 -0.307435 -0.188793
  0.362286] | [0.287752 0.10365  0.532328 0.536884 0.318069 0.037512 0.090091 0.204006
 0.288662 0.691371 0.488036 0.191946 0.367249 1.479907 0.047882 0.374878
 0.066344 0.238893 0.474004 0.31373  0.490781 0.367728 0.079425 0.38923
 0.414833 0.577012 0.123272 0.179976 0.403893 0.136818 0.094297 0.915617
 0.038584 0.102533 0.260275 0.160363]
   27 | [ 0.45137   2.29779   0.046898 -1.065959  0.163722 -0.251176  0.686906
 -1.158318 -1.306769  0.020961  0.635355  0.846673 -1.973424  0.752938
 -0.63128  -0.95588  -0.208485  0.794828  1.389242  0.786713 -0.314912
 -0.528408 -0.166389  0.176889 -1.255981 -0.733755 -0.465744 -0.812322
  1.237801  1.200935 -1.020813  0.176508  0.350492 -0.434216  0.179125
  0.481679] | [ 0.740208  2.402362  0.586975 -0.509521 -0.163898 -0.218172  0.606737
 -0.964408 -1.589126  0.702725  0.100859  1.07613  -1.597252 -0.834783
 -0.583352 -1.345281 -0.303159  0.570697  0.903411  0.465654  0.184877
 -0.915109 -0.221101  0.609814 -0.804167 -0.133784 -0.357981 -0.591752
  0.796435  1.361365 -0.92358   1.100537  0.358544 -0.336262 -0.146842
  0.323382] | [0.288838 0.104573 0.540077 0.556438 0.32762  0.033004 0.080168 0.19391
 0.282357 0.681764 0.534496 0.229457 0.376172 1.587721 0.047928 0.389402
 0.094673 0.224131 0.485831 0.321059 0.499789 0.386701 0.054712 0.432924
 0.451814 0.59997  0.107763 0.22057  0.441366 0.16043  0.097233 0.924029
 0.008052 0.097954 0.325967 0.158297]
   28 | [ 0.466327  2.314783  0.029422 -1.059933  0.176249 -0.243234  0.708319
 -1.125542 -1.328843 -0.043589  0.641445  0.873025 -2.036825  0.915869
 -0.612772 -0.957077 -0.145636  0.744967  1.435167  0.780424 -0.32991
 -0.519352 -0.160183  0.132539 -1.274543 -0.714768 -0.479514 -0.852827
  1.272629  1.183048 -1.035382  0.160153  0.360566 -0.455552  0.287429
  0.44125 ] | [ 0.754781  2.419518  0.577279 -0.483892 -0.160923 -0.213395  0.640269
 -0.942492 -1.604437  0.625282  0.061353  1.14409  -1.654878 -0.779793
 -0.566687 -1.36087  -0.270449  0.537467  0.938158  0.452758  0.17703
 -0.925261 -0.190832  0.608983 -0.786962 -0.094559 -0.38758  -0.59122
  0.79237   1.36547  -0.935937  1.09174   0.337042 -0.363875 -0.104946
  0.285443] | [0.288454 0.104735 0.547857 0.576041 0.337172 0.029838 0.06805  0.18305
 0.275594 0.668871 0.580092 0.271065 0.381947 1.695662 0.046086 0.403792
 0.124813 0.207499 0.49701  0.327666 0.506941 0.405908 0.030649 0.476443
 0.487581 0.620209 0.091934 0.261607 0.48026  0.182423 0.099446 0.931587
 0.023524 0.091678 0.392375 0.155807]
   29 | [ 0.478732  2.32789   0.010362 -1.055353  0.186818 -0.237931  0.728378
 -1.09227  -1.346491 -0.1017    0.648197  0.890628 -2.095523  1.078877
 -0.593175 -0.95402  -0.082985  0.693516  1.47754   0.771024 -0.341791
 -0.508082 -0.152506  0.084329 -1.291529 -0.693373 -0.49077  -0.893374
  1.308082  1.164834 -1.046716  0.143051  0.368166 -0.473989  0.395794
  0.401343] | [ 0.765541  2.432332  0.56624  -0.459789 -0.159624 -0.209811  0.674542
 -0.920779 -1.615343  0.551013  0.023429  1.207499 -1.710935 -0.72444
 -0.550666 -1.372278 -0.239498  0.504167  0.97033   0.437507  0.170222
 -0.933593 -0.160071  0.603794 -0.769656 -0.055851 -0.415189 -0.590547
  0.787659  1.367602 -0.946015  1.08159   0.312209 -0.39041  -0.0631
  0.248326] | [0.28681  0.104442 0.555878 0.595564 0.346442 0.02812  0.053836 0.171491
 0.268852 0.652713 0.624767 0.31687  0.384588 1.803318 0.042509 0.418258
 0.156513 0.189349 0.50721  0.333517 0.512013 0.425511 0.007566 0.519465
 0.521873 0.637522 0.07558  0.302827 0.520423 0.202769 0.100701 0.938539
 0.055957 0.083579 0.458894 0.153016]
model built: True
num weights: 38
{'mae': [0.12492038309574127, 0.07763701677322388, 0.06179524585604668, 0.05246739089488983, 0.047183193266391754, 0.043249938637018204, 0.12268725037574768, 0.11216986924409866, 0.09990045428276062, 0.0930250734090805, 0.08643423020839691, 0.08031545579433441, 0.04447409138083458, 0.035672418773174286, 0.03191710636019707, 0.029795540496706963, 0.03469239920377731, 0.04149075597524643, 0.04961860179901123, 0.04545730724930763, 0.02776835858821869, 0.026945598423480988, 0.026473600417375565, 0.026253679767251015, 0.32636934518814087, 0.2905527353286743, 0.2693428695201874, 0.25616395473480225, 0.27936267852783203, 0.27140721678733826], 'loss': [0.1477997601032257, 0.013972233049571514, 0.006476976443082094, 0.004251883830875158, 0.0032030728179961443, 0.0026242502499371767, 0.03366586193442345, 0.02259838581085205, 0.017667461186647415, 0.014194752089679241, 0.011938762851059437, 0.010147403925657272, 0.003895685076713562, 0.0018200642662122846, 0.0013317023403942585, 0.0013896598247811198, 0.0030293369200080633, 0.011399725452065468, 0.018384471535682678, 0.018422316759824753, 0.002017201390117407, 0.0017099257092922926, 0.0016604065895080566, 0.0016477424651384354, 0.37152501940727234, 0.20961570739746094, 0.16665387153625488, 0.14138005673885345, 0.16818590462207794, 0.1499878317117691], 'val_loss': [0.025319186970591545, 0.009727610275149345, 0.006182617042213678, 0.004463743884116411, 0.003591925138607621, 0.0030244942754507065, 0.024238716810941696, 0.02049398235976696, 0.016465945169329643, 0.014531761407852173, 0.012655341066420078, 0.011054251343011856, 0.0032875309698283672, 0.002105947118252516, 0.001699887914583087, 0.0014789411798119545, 0.0019688811153173447, 0.0028384136967360973, 0.004116368480026722, 0.0034087065141648054, 0.001305740443058312, 0.0012270010774955153, 0.001182699459604919, 0.0011610519140958786, 0.19323007762432098, 0.16072413325309753, 0.14096719026565552, 0.1291167140007019, 0.15200075507164001, 0.14385832846164703], 'val_fr_phase_loss_10': [nan, 0.09535902738571167, nan, 0.10478644073009491, nan, 0.11678493022918701], 'val_fr_target_loss_50': [nan, nan, nan, nan, nan, 1.1129308938980103, nan, nan, nan, nan, nan, 0.8948245048522949, nan, nan, nan, nan, nan, nan, nan, 0.897155225276947, nan, nan, nan, 0.6553223729133606, nan, nan, nan, 0.24945083260536194, nan, 0.21916618943214417], 'val_fr_curve_loss_1': [nan, nan, nan, nan, nan, 0.003722637891769409, nan, nan, nan, nan, nan, 0.007635071873664856, nan, nan, nan, nan, nan, nan, nan, 0.0035829052794724703, nan, nan, nan, 0.0016786969499662519, nan, nan, nan, 0.03211921453475952, nan, 0.037754978984594345], 'val_fr_curve_loss_2': [nan, nan, nan, nan, nan, 0.007044018246233463, nan, nan, nan, nan, nan, 0.009354840964078903, nan, nan, nan, nan, nan, nan, nan, 0.004789187107235193, nan, nan, nan, 0.002172200009226799, nan, nan, nan, 0.02963894233107567, nan, 0.034519702196121216], 'val_fr_curve_loss_3': [nan, nan, nan, nan, nan, 0.012318101711571217, nan, nan, nan, nan, nan, 0.012273719534277916, nan, nan, nan, nan, nan, nan, nan, 0.006899258121848106, nan, nan, nan, 0.0030739768408238888, nan, nan, nan, 0.02830376662313938, nan, 0.03247195482254028], 'val_fr_phase_loss_15': [nan, 0.1598779559135437, nan, 0.13106155395507812, nan, 0.12281545251607895], 'val_fr_phase_loss_20': [nan, 0.2126254439353943, nan, 0.26628097891807556, nan, 0.23603591322898865, nan, 0.20239941775798798], 'val_fr_phase_loss_30': [nan, 0.25070807337760925, nan, 0.2604503929615021], 'val_fr_phase_loss_40': [nan, 0.21278329193592072, nan, 0.1767200529575348], 'val_fr_phase_loss_50': [nan, 0.21143268048763275]}
Saved artifacts to: runs/tuning/study_lstm_lvl1/trial_0021
