--- Number of Windows for Train = 9880
--- Number of Windows for Val = 3040
--- Number of Windows for Test = 2280
--- Curriculum = [10, 15, 20, 30, 40, 50]
--- fr_curve Outsteps = [1, 2, 3]

--- Training: prova1 [LSTM/FC/HYBRID]  ---

======================================================================
   PHASE 1/6: teacher_forcing
   Epochs: 6
   Learning Rate: 0.000828357959084432
   Clipping Norm: 0.7572604204876624
   Horizon (train loss): 10
   Output timesteps (val_loss and fr_loss): 50
======================================================================

Epoch 1/30
309/309 ━━━━━━━━━━━━━━━━━━━━ 21s 44ms/step - mae: 0.1217 - loss: 0.1416 - val_loss: 0.0240
Epoch 2/30
309/309 ━━━━━━━━━━━━━━━━━━━━ 18s 58ms/step - mae: 0.0758 - loss: 0.0132 - val_loss: 0.0093 - val_fr_phase_loss_10: 0.0976
[Optuna] trial=14 epoch=2 val_fr_phase_loss_10=0.0975862 | median=0.176483 (n=10, p25=0.141181, p75=0.320088) | margin=-0.0788966 (-44.70%)
Epoch 3/30
309/309 ━━━━━━━━━━━━━━━━━━━━ 13s 42ms/step - mae: 0.0604 - loss: 0.0062 - val_loss: 0.0059
Epoch 4/30
309/309 ━━━━━━━━━━━━━━━━━━━━ 18s 58ms/step - mae: 0.0518 - loss: 0.0040 - val_loss: 0.0043 - val_fr_phase_loss_10: 0.1107
[Optuna] trial=14 epoch=4 val_fr_phase_loss_10=0.110696 | median=0.117354 (n=10, p25=0.0892784, p75=0.171892) | margin=-0.00665802 (-5.67%)
Epoch 5/30
309/309 ━━━━━━━━━━━━━━━━━━━━ 13s 42ms/step - mae: 0.0465 - loss: 0.0031 - val_loss: 0.0035
Epoch 6/30
309/309 ━━━━━━━━━━━━━━━━━━━━ 18s 57ms/step - mae: 0.0426 - loss: 0.0026 - val_loss: 0.0029 - val_fr_phase_loss_10: 0.1260 - val_fr_target_loss_50: 1.1538 - val_fr_curve_loss_1: 0.0036 - val_fr_curve_loss_2: 0.0071 - val_fr_curve_loss_3: 0.0127
[Optuna] trial=14 epoch=6 val_fr_phase_loss_10=0.126029 | median=0.110259 (n=10, p25=0.0711235, p75=0.142619) | margin=+0.0157701 (+14.30%)

======================================================================
   PHASE 2/6: masked_modeling
   Mask Prob: 0.15
   Mask Scope: time
   Mask Mode: constant
   Mask Value: 0.2
   Noise Sigma: None
   Noise Replace: False
   Epochs: 6
   Learning Rate: 0.0006626863672675457
   Clipping Norm: 0.6815343784388962
   Horizon (train loss): 15
   Output timesteps (val_loss and fr_loss): 50
======================================================================

Epoch 7/30
309/309 ━━━━━━━━━━━━━━━━━━━━ 11s 37ms/step - mae: 0.1225 - loss: 0.0338 - val_loss: 0.0242
Epoch 8/30
309/309 ━━━━━━━━━━━━━━━━━━━━ 17s 56ms/step - mae: 0.1107 - loss: 0.0224 - val_loss: 0.0200 - val_fr_phase_loss_15: 0.1626
[Optuna] trial=14 epoch=8 val_fr_phase_loss_15=0.162625 | median=0.191553 (n=10, p25=0.143959, p75=0.226554) | margin=-0.0289279 (-15.10%)
Epoch 9/30
309/309 ━━━━━━━━━━━━━━━━━━━━ 12s 38ms/step - mae: 0.0981 - loss: 0.0172 - val_loss: 0.0159
Epoch 10/30
309/309 ━━━━━━━━━━━━━━━━━━━━ 17s 55ms/step - mae: 0.0908 - loss: 0.0137 - val_loss: 0.0139 - val_fr_phase_loss_15: 0.1355
[Optuna] trial=14 epoch=10 val_fr_phase_loss_15=0.13553 | median=0.174812 (n=10, p25=0.126819, p75=0.204124) | margin=-0.0392819 (-22.47%)
Epoch 11/30
309/309 ━━━━━━━━━━━━━━━━━━━━ 12s 38ms/step - mae: 0.0843 - loss: 0.0115 - val_loss: 0.0121
Epoch 12/30
309/309 ━━━━━━━━━━━━━━━━━━━━ 17s 56ms/step - mae: 0.0784 - loss: 0.0097 - val_loss: 0.0106 - val_fr_phase_loss_15: 0.1307 - val_fr_target_loss_50: 0.9170 - val_fr_curve_loss_1: 0.0075 - val_fr_curve_loss_2: 0.0094 - val_fr_curve_loss_3: 0.0125
[Optuna] trial=14 epoch=12 val_fr_phase_loss_15=0.13067 | median=0.161555 (n=10, p25=0.115398, p75=0.192097) | margin=-0.0308849 (-19.12%)

======================================================================
   PHASE 3/6: scheduled_sampling
   Tf Ratio Start: 1.0
   Tf Ratio End: 0.35
   Per Feature: True
   Stop Grad Pred: True
   Ratio Mode: sigmoid
   Mid Point: 0.6
   Sharpness: 10.0
   Power Value: 2.0
   Epochs: 8
   Learning Rate: 0.0005798505713591024
   Clipping Norm: 0.643671357414513
   Horizon (train loss): 20
   Output timesteps (val_loss and fr_loss): 50
======================================================================

Epoch 13/30
309/309 ━━━━━━━━━━━━━━━━━━━━ 165s 534ms/step - mae: 0.0435 - loss: 0.0037 - val_loss: 0.0031
Epoch 14/30
309/309 ━━━━━━━━━━━━━━━━━━━━ 172s 557ms/step - mae: 0.0352 - loss: 0.0017 - val_loss: 0.0020 - val_fr_phase_loss_20: 0.2293
[Optuna] trial=14 epoch=14 val_fr_phase_loss_20=0.229331 | median=0.217633 (n=10, p25=0.139196, p75=0.246423) | margin=+0.0116983 (+5.38%)
Epoch 15/30
309/309 ━━━━━━━━━━━━━━━━━━━━ 167s 540ms/step - mae: 0.0311 - loss: 0.0013 - val_loss: 0.0016
Epoch 16/30
309/309 ━━━━━━━━━━━━━━━━━━━━ 170s 550ms/step - mae: 0.0293 - loss: 0.0014 - val_loss: 0.0014 - val_fr_phase_loss_20: 0.2844
[Optuna] trial=14 epoch=16 val_fr_phase_loss_20=0.284398 | median=0.227034 (n=10, p25=0.147311, p75=0.291937) | margin=+0.0573636 (+25.27%)
Epoch 17/30
309/309 ━━━━━━━━━━━━━━━━━━━━ 164s 532ms/step - mae: 0.0362 - loss: 0.0031 - val_loss: 0.0021
Epoch 18/30
309/309 ━━━━━━━━━━━━━━━━━━━━ 170s 549ms/step - mae: 0.0421 - loss: 0.0120 - val_loss: 0.0029 - val_fr_phase_loss_20: 0.2502
[Optuna] trial=14 epoch=18 val_fr_phase_loss_20=0.250221 | median=0.230662 (n=10, p25=0.143629, p75=0.268398) | margin=+0.019559 (+8.48%)
Epoch 19/30
309/309 ━━━━━━━━━━━━━━━━━━━━ 166s 537ms/step - mae: 0.0513 - loss: 0.0198 - val_loss: 0.0044
Epoch 20/30
309/309 ━━━━━━━━━━━━━━━━━━━━ 174s 562ms/step - mae: 0.0466 - loss: 0.0193 - val_loss: 0.0036 - val_fr_phase_loss_20: 0.2078 - val_fr_target_loss_50: 0.8954 - val_fr_curve_loss_1: 0.0038 - val_fr_curve_loss_2: 0.0051 - val_fr_curve_loss_3: 0.0073
[Optuna] trial=14 epoch=20 val_fr_phase_loss_20=0.207757 | median=0.206899 (n=10, p25=0.132849, p75=0.22046) | margin=+0.000858173 (+0.41%)

======================================================================
   PHASE 4/6: masked_modeling
   Mask Prob: 0.2
   Mask Scope: time
   Mask Mode: noise
   Mask Value: None
   Noise Sigma: 0.1
   Noise Replace: False
   Epochs: 4
   Learning Rate: 0.0004970147754506592
   Clipping Norm: 0.60580833639013
   Horizon (train loss): 30
   Output timesteps (val_loss and fr_loss): 50
======================================================================

Epoch 21/30
309/309 ━━━━━━━━━━━━━━━━━━━━ 13s 42ms/step - mae: 0.0278 - loss: 0.0021 - val_loss: 0.0013
Epoch 22/30
309/309 ━━━━━━━━━━━━━━━━━━━━ 19s 60ms/step - mae: 0.0269 - loss: 0.0017 - val_loss: 0.0012 - val_fr_phase_loss_30: 0.2526
[Optuna] trial=14 epoch=22 val_fr_phase_loss_30=0.252627 | median=0.338465 (n=10, p25=0.262374, p75=0.435564) | margin=-0.0858386 (-25.36%)
Epoch 23/30
309/309 ━━━━━━━━━━━━━━━━━━━━ 14s 45ms/step - mae: 0.0264 - loss: 0.0017 - val_loss: 0.0012
Epoch 24/30
309/309 ━━━━━━━━━━━━━━━━━━━━ 17s 54ms/step - mae: 0.0262 - loss: 0.0016 - val_loss: 0.0012 - val_fr_phase_loss_30: 0.2636 - val_fr_target_loss_50: 0.6602 - val_fr_curve_loss_1: 0.0017 - val_fr_curve_loss_2: 0.0022 - val_fr_curve_loss_3: 0.0031
[Optuna] trial=14 epoch=24 val_fr_phase_loss_30=0.263596 | median=0.348274 (n=10, p25=0.268826, p75=0.437378) | margin=-0.0846781 (-24.31%)

======================================================================
   PHASE 5/6: full_autoregressive
   Gradient Through Time: False
   Epochs: 4
   Learning Rate: 0.000414178979542216
   Clipping Norm: 0.5679453153657468
   Horizon (train loss): 40
   Output timesteps (val_loss and fr_loss): 50
======================================================================

Epoch 25/30
309/309 ━━━━━━━━━━━━━━━━━━━━ 153s 497ms/step - mae: 0.3295 - loss: 0.3657 - val_loss: 0.1985
Epoch 26/30
309/309 ━━━━━━━━━━━━━━━━━━━━ 159s 515ms/step - mae: 0.2978 - loss: 0.2088 - val_loss: 0.1692 - val_fr_phase_loss_40: 0.2175
[Optuna] trial=14 epoch=26 val_fr_phase_loss_40=0.217505 | median=0.350253 (n=10, p25=0.30226, p75=0.454815) | margin=-0.132748 (-37.90%)
Epoch 27/30
309/309 ━━━━━━━━━━━━━━━━━━━━ 154s 500ms/step - mae: 0.2771 - loss: 0.1690 - val_loss: 0.1493
Epoch 28/30
309/309 ━━━━━━━━━━━━━━━━━━━━ 158s 511ms/step - mae: 0.2596 - loss: 0.1419 - val_loss: 0.1332 - val_fr_phase_loss_40: 0.1744 - val_fr_target_loss_50: 0.2459 - val_fr_curve_loss_1: 0.0327 - val_fr_curve_loss_2: 0.0303 - val_fr_curve_loss_3: 0.0290
[Optuna] trial=14 epoch=28 val_fr_phase_loss_40=0.174401 | median=0.335484 (n=10, p25=0.287372, p75=0.382771) | margin=-0.161083 (-48.02%)

======================================================================
   PHASE 6/6: full_autoregressive
   Gradient Through Time: True
   Epochs: 2
   Learning Rate: 0.0002485073877253296
   Clipping Norm: 0.4543562522925974
   Horizon (train loss): 50
   Output timesteps (val_loss and fr_loss): 50
======================================================================

Epoch 29/30
309/309 ━━━━━━━━━━━━━━━━━━━━ 152s 491ms/step - mae: 0.2825 - loss: 0.1666 - val_loss: 0.1560
Epoch 30/30
309/309 ━━━━━━━━━━━━━━━━━━━━ 163s 526ms/step - mae: 0.2741 - loss: 0.1480 - val_loss: 0.1470 - val_fr_phase_loss_50: 0.2095 - val_fr_target_loss_50: 0.2184 - val_fr_curve_loss_1: 0.0387 - val_fr_curve_loss_2: 0.0355 - val_fr_curve_loss_3: 0.0335
[Optuna] trial=14 epoch=30 val_fr_phase_loss_50=0.209486 | median=0.36315 (n=10, p25=0.334131, p75=0.405944) | margin=-0.153664 (-42.31%)
Final loss: 0.1480
Predicting all test samples in free_running mode...
  X shape: (2280, 200, 36)
  Y shape: (2280, 50, 36)
  Pred shape: (2280, 50, 36)

 step | target                | pred                  | abs_err
------|-----------------------|-----------------------|----------------------
   25 | [ 0.413975  2.252291  0.076809 -1.082321  0.133018 -0.274908  0.639894
 -1.222357 -1.249584  0.168496  0.626157  0.768161 -1.833026  0.430524
 -0.664956 -0.940605 -0.333545  0.888525  1.287808  0.789981 -0.276216
 -0.539654 -0.175473  0.252616 -1.215466 -0.765159 -0.430836 -0.7326
  1.170439  1.235309 -0.98217   0.207688  0.323877 -0.382801 -0.034873
  0.56418 ] | [ 0.842207  2.41382   0.587318 -0.600682 -0.078925 -0.005117  0.585509
 -1.011551 -1.666949  0.313382  0.167447  0.784406 -0.958518 -0.994655
 -0.095275 -1.350815 -0.91247   0.308169  0.981286  0.536872  0.13657
 -1.124149 -0.07709   0.407571 -0.697657 -0.355228 -0.504387 -0.630304
  0.992642  1.283672 -1.129843  0.716905  0.474496 -0.435986  0.009361
  0.361731] | [0.428232 0.161529 0.510508 0.481639 0.211943 0.269791 0.054385 0.210806
 0.417366 0.144886 0.45871  0.016245 0.874508 1.425179 0.569682 0.41021
 0.578924 0.580356 0.306522 0.253109 0.412786 0.584495 0.098384 0.154955
 0.517809 0.409931 0.073552 0.102296 0.177797 0.048363 0.147673 0.509217
 0.150619 0.053185 0.044234 0.202449]
   26 | [ 0.433902  2.276946  0.062718 -1.073421  0.149295 -0.261739  0.66411
 -1.190588 -1.280325  0.091743  0.630177  0.811665 -1.905444  0.590891
 -0.648677 -0.950394 -0.271225  0.842781  1.340023  0.789891 -0.296955
 -0.535192 -0.171397  0.217021 -1.236176 -0.75049  -0.449502 -0.772153
  1.203705  1.218394 -1.003057  0.192291  0.338178 -0.409968  0.071482
  0.522649] | [ 0.874414  2.447015  0.585912 -0.581641 -0.070585  0.01123   0.624787
 -0.987647 -1.706773  0.228387  0.12584   0.876628 -1.029948 -0.927592
 -0.081763 -1.375183 -0.887125  0.271319  1.024749  0.516597  0.130695
 -1.135505 -0.039524  0.404812 -0.678119 -0.32749  -0.528703 -0.63055
  1.006419  1.289717 -1.160504  0.70504   0.463852 -0.46967   0.053814
  0.327304] | [0.440512 0.170069 0.523194 0.49178  0.219879 0.272968 0.039323 0.202941
 0.426447 0.136644 0.504337 0.064962 0.875496 1.518483 0.566914 0.424788
 0.615901 0.571462 0.315275 0.273293 0.427651 0.600313 0.131873 0.187791
 0.558058 0.423    0.079201 0.141603 0.197286 0.071323 0.157448 0.512749
 0.125674 0.059703 0.017668 0.195345]
   27 | [ 0.45137   2.29779   0.046898 -1.065959  0.163722 -0.251176  0.686906
 -1.158318 -1.306769  0.020961  0.635355  0.846673 -1.973424  0.752938
 -0.63128  -0.95588  -0.208485  0.794828  1.389242  0.786713 -0.314912
 -0.528408 -0.166389  0.176889 -1.255981 -0.733755 -0.465744 -0.812322
  1.237801  1.200935 -1.020813  0.176508  0.350492 -0.434216  0.179125
  0.481679] | [ 9.005497e-01  2.474649e+00  5.833742e-01 -5.637728e-01 -6.351493e-02
  2.492025e-02  6.646751e-01 -9.650206e-01 -1.740096e+00  1.482362e-01
  8.622857e-02  9.640269e-01 -1.099231e+00 -8.603013e-01 -6.998119e-02
 -1.394547e+00 -8.618774e-01  2.349309e-01  1.065746e+00  4.942473e-01
  1.273957e-01 -1.143316e+00 -1.994956e-03  3.982293e-01 -6.572466e-01
 -3.005991e-01 -5.509124e-01 -6.307619e-01  1.017486e+00  1.294385e+00
 -1.187631e+00  6.937537e-01  4.489926e-01 -5.018015e-01  9.973205e-02
  2.935872e-01] | [0.44918  0.17686  0.536476 0.502186 0.227237 0.276096 0.022231 0.193297
 0.433327 0.127275 0.549126 0.117354 0.874193 1.613239 0.561299 0.438667
 0.653392 0.559897 0.323496 0.292466 0.442308 0.614908 0.164394 0.22134
 0.598735 0.433156 0.085168 0.18156  0.220315 0.09345  0.166818 0.517246
 0.0985   0.067585 0.079393 0.188091]
   28 | [ 0.466327  2.314783  0.029422 -1.059933  0.176249 -0.243234  0.708319
 -1.125542 -1.328843 -0.043589  0.641445  0.873025 -2.036825  0.915869
 -0.612772 -0.957077 -0.145636  0.744967  1.435167  0.780424 -0.32991
 -0.519352 -0.160183  0.132539 -1.274543 -0.714768 -0.479514 -0.852827
  1.272629  1.183048 -1.035382  0.160153  0.360566 -0.455552  0.287429
  0.44125 ] | [ 0.921782  2.495627  0.577742 -0.546093 -0.058306  0.038216  0.704017
 -0.94285  -1.769191  0.071656  0.047245  1.044259 -1.166965 -0.791016
 -0.059697 -1.40794  -0.835658  0.197575  1.101697  0.470826  0.124487
 -1.146532  0.034612  0.388495 -0.633849 -0.273092 -0.569895 -0.630911
  1.027077  1.29661  -1.210421  0.682452  0.430198 -0.531248  0.1472
  0.25947 ] | [0.455455 0.180844 0.54832  0.51384  0.234555 0.28145  0.004302 0.182691
 0.440348 0.115246 0.5942   0.171234 0.86986  1.706885 0.553076 0.450862
 0.690022 0.547391 0.33347  0.309598 0.454398 0.62718  0.194794 0.255956
 0.640694 0.441676 0.090381 0.221916 0.245552 0.113562 0.175039 0.522298
 0.069632 0.075696 0.140229 0.181779]
   29 | [ 0.478732  2.32789   0.010362 -1.055353  0.186818 -0.237931  0.728378
 -1.09227  -1.346491 -0.1017    0.648197  0.890628 -2.095523  1.078877
 -0.593175 -0.95402  -0.082985  0.693516  1.47754   0.771024 -0.341791
 -0.508082 -0.152506  0.084329 -1.291529 -0.693373 -0.49077  -0.893374
  1.308082  1.164834 -1.046716  0.143051  0.368166 -0.473989  0.395794
  0.401343] | [ 9.380127e-01  2.510297e+00  5.694147e-01 -5.290039e-01 -5.505410e-02
  5.067959e-02  7.423751e-01 -9.214265e-01 -1.793615e+00 -9.018178e-04
  9.195291e-03  1.117246e+00 -1.232676e+00 -7.207067e-01 -5.062880e-02
 -1.415434e+00 -8.091614e-01  1.594239e-01  1.132470e+00  4.462305e-01
  1.221718e-01 -1.145431e+00  7.040375e-02  3.756024e-01 -6.083547e-01
 -2.454210e-01 -5.857964e-01 -6.309690e-01  1.035051e+00  1.296809e+00
 -1.229192e+00  6.712582e-01  4.074583e-01 -5.581661e-01  1.958530e-01
  2.253997e-01] | [0.459281 0.182407 0.559053 0.526349 0.241872 0.288611 0.013997 0.170843
 0.447124 0.100798 0.639001 0.226618 0.862847 1.799584 0.542546 0.461414
 0.726176 0.534092 0.34507  0.324794 0.463963 0.637349 0.222909 0.291273
 0.683175 0.447952 0.095027 0.262405 0.273031 0.131975 0.182476 0.528207
 0.039292 0.084177 0.199941 0.175943]
model built: True
num weights: 38
{'mae': [0.1216636672616005, 0.07576095312833786, 0.06036050245165825, 0.05178387835621834, 0.04646424204111099, 0.04256715625524521, 0.12251972407102585, 0.11066772788763046, 0.09805066883563995, 0.09082728624343872, 0.08430411666631699, 0.07844725251197815, 0.04350599646568298, 0.03516649082303047, 0.03114309348165989, 0.02929690293967724, 0.0362299419939518, 0.04206596314907074, 0.05125540867447853, 0.04662827029824257, 0.027843499556183815, 0.02688341960310936, 0.026408694684505463, 0.026206813752651215, 0.32951483130455017, 0.2977701723575592, 0.277119517326355, 0.25963425636291504, 0.2824513018131256, 0.2740699052810669], 'loss': [0.14162583649158478, 0.01323042530566454, 0.006192609667778015, 0.004049803130328655, 0.0031217781361192465, 0.0025936539750546217, 0.03378582000732422, 0.022352727130055428, 0.0171524565666914, 0.013680667616426945, 0.011481143534183502, 0.009742791764438152, 0.003688418073579669, 0.0017442492535337806, 0.001281675067730248, 0.0013628952438011765, 0.0031098679173737764, 0.0120429378002882, 0.019833331927657127, 0.019276337698101997, 0.00205216184258461, 0.0017172086518257856, 0.0016634889179840684, 0.0016482244245707989, 0.36568140983581543, 0.20879364013671875, 0.16899126768112183, 0.1419486403465271, 0.16662825644016266, 0.14801445603370667], 'val_loss': [0.02395625412464142, 0.009252390824258327, 0.005901786498725414, 0.004317191895097494, 0.0034798220731317997, 0.0029405660461634398, 0.02418365515768528, 0.01997794397175312, 0.01587253250181675, 0.013883649371564388, 0.01206321083009243, 0.010595249012112617, 0.0031436653807759285, 0.002046698471531272, 0.0016223242273554206, 0.0014356276951730251, 0.002143117366358638, 0.002930722665041685, 0.004367455840110779, 0.003591482527554035, 0.001313158543780446, 0.0012230442371219397, 0.0011783197987824678, 0.0011582976439967752, 0.1985134482383728, 0.16924135386943817, 0.14930608868598938, 0.1331643909215927, 0.15597377717494965, 0.14699247479438782], 'val_fr_phase_loss_10': [nan, 0.09758616983890533, nan, 0.11069604754447937, nan, 0.1260286569595337], 'val_fr_target_loss_50': [nan, nan, nan, nan, nan, 1.1537810564041138, nan, nan, nan, nan, nan, 0.9169996380805969, nan, nan, nan, nan, nan, nan, nan, 0.8953846096992493, nan, nan, nan, 0.6602163910865784, nan, nan, nan, 0.24587145447731018, nan, 0.21842610836029053], 'val_fr_curve_loss_1': [nan, nan, nan, nan, nan, 0.0036378817167133093, nan, nan, nan, nan, nan, 0.007465899921953678, nan, nan, nan, nan, nan, nan, nan, 0.0038259397260844707, nan, nan, nan, 0.0016755688702687621, nan, nan, nan, 0.03270984813570976, nan, 0.03867172822356224], 'val_fr_curve_loss_2': [nan, nan, nan, nan, nan, 0.007107785437256098, nan, nan, nan, nan, nan, 0.009351150132715702, nan, nan, nan, nan, nan, nan, nan, 0.005085855256766081, nan, nan, nan, 0.002187003381550312, nan, nan, nan, 0.03031732514500618, nan, 0.035513848066329956], 'val_fr_curve_loss_3': [nan, nan, nan, nan, nan, 0.01268940418958664, nan, nan, nan, nan, nan, 0.01247737929224968, nan, nan, nan, nan, nan, nan, nan, 0.007296936586499214, nan, nan, nan, 0.003115928964689374, nan, nan, nan, 0.029000090435147285, nan, 0.03347046300768852], 'val_fr_phase_loss_15': [nan, 0.16262482106685638, nan, 0.13552995026111603, nan, 0.13066987693309784], 'val_fr_phase_loss_20': [nan, 0.22933104634284973, nan, 0.28439757227897644, nan, 0.25022146105766296, nan, 0.20775724947452545], 'val_fr_phase_loss_30': [nan, 0.25262653827667236, nan, 0.26359593868255615], 'val_fr_phase_loss_40': [nan, 0.21750468015670776, nan, 0.17440132796764374], 'val_fr_phase_loss_50': [nan, 0.2094859927892685]}
Saved artifacts to: runs/tuning/study_lstm_lvl1/trial_0014
