--- Number of Windows for Train = 9880
--- Number of Windows for Val = 3040
--- Number of Windows for Test = 2280
--- Curriculum = [5, 5, 12, 12, 18, 18, 25, 25, 38, 38, 50, 50]
--- fr_curve Outsteps = [10, 20, 30, 50]

--- Training: lstm_fullseq_30ep [LSTM/FC/FULL_SEQ]  ---

======================================================================
   PHASE 1/12: teacher_forcing
   Epochs: 2
   Learning Rate: 7.951980208879155e-06
   Clipping Norm: 1.8276027831785728
   Horizon (train loss): 5
   Output timesteps (val_loss and fr_loss): 50
======================================================================

Epoch 1/30
309/309 ━━━━━━━━━━━━━━━━━━━━ 15s 28ms/step - mae: 0.7506 - mse: 0.8822 - loss: 0.9117 - val_loss: 0.8822
Epoch 2/30
309/309 ━━━━━━━━━━━━━━━━━━━━ 12s 38ms/step - mae: 0.7358 - mse: 0.8497 - loss: 0.8793 - val_loss: 0.8497 - val_fr_phase_loss_5: 0.8571 - val_fr_target_loss_50: 0.9077 - val_fr_curve_loss_10: 0.8748 - val_fr_curve_loss_20: 0.8893 - val_fr_curve_loss_30: 0.8965 - val_fr_curve_loss_50: 0.9004
[Optuna] trial=1 epoch=2 val_fr_phase_loss_5=0.857062 | median=0.490001 (n=1, p25=0.490001, p75=0.490001) | margin=+0.367061 (+74.91%)

======================================================================
   PHASE 2/12: masked_modeling
   Mask Prob: 0.1
   Mask Scope: time
   Mask Mode: constant
   Mask Value: 0.2
   Noise Sigma: None
   Noise Replace: False
   Epochs: 3
   Learning Rate: 6.361584167103324e-06
   Clipping Norm: 1.6448425048607156
   Horizon (train loss): 5
   Output timesteps (val_loss and fr_loss): 50
======================================================================

Epoch 3/30
309/309 ━━━━━━━━━━━━━━━━━━━━ 8s 25ms/step - mae: 0.7207 - mse: 0.8176 - loss: 0.8451 - val_loss: 0.8176
Epoch 4/30
309/309 ━━━━━━━━━━━━━━━━━━━━ 11s 36ms/step - mae: 0.7041 - mse: 0.7832 - loss: 0.8096 - val_loss: 0.7832 - val_fr_phase_loss_5: 0.7931
[Optuna] trial=1 epoch=4 val_fr_phase_loss_5=0.793137 | median=0.308089 (n=1, p25=0.308089, p75=0.308089) | margin=+0.485048 (+157.44%)
Epoch 5/30
309/309 ━━━━━━━━━━━━━━━━━━━━ 11s 36ms/step - mae: 0.6888 - mse: 0.7522 - loss: 0.7750 - val_loss: 0.7522 - val_fr_target_loss_50: 0.8841 - val_fr_curve_loss_10: 0.7839 - val_fr_curve_loss_20: 0.8204 - val_fr_curve_loss_30: 0.8477 - val_fr_curve_loss_50: 0.8760

======================================================================
   PHASE 3/12: teacher_forcing
   Epochs: 2
   Learning Rate: 7.951980208879155e-06
   Clipping Norm: 1.8276027831785728
   Horizon (train loss): 12
   Output timesteps (val_loss and fr_loss): 50
======================================================================

Epoch 6/30
309/309 ━━━━━━━━━━━━━━━━━━━━ 8s 25ms/step - mae: 0.6755 - mse: 0.7254 - loss: 0.7507 - val_loss: 0.7254
Epoch 7/30
309/309 ━━━━━━━━━━━━━━━━━━━━ 11s 36ms/step - mae: 0.6611 - mse: 0.6959 - loss: 0.7139 - val_loss: 0.6959 - val_fr_phase_loss_12: 0.7313 - val_fr_target_loss_50: 0.9072 - val_fr_curve_loss_10: 0.7287 - val_fr_curve_loss_20: 0.7653 - val_fr_curve_loss_30: 0.8080 - val_fr_curve_loss_50: 0.8986
[Optuna] trial=1 epoch=7 val_fr_phase_loss_12=0.731253 | median=0.268146 (n=1, p25=0.268146, p75=0.268146) | margin=+0.463107 (+172.71%)

======================================================================
   PHASE 4/12: masked_modeling
   Mask Prob: 0.15
   Mask Scope: time
   Mask Mode: constant
   Mask Value: 0.2
   Noise Sigma: None
   Noise Replace: False
   Epochs: 3
   Learning Rate: 5.566386146215408e-06
   Clipping Norm: 1.553462365701787
   Horizon (train loss): 12
   Output timesteps (val_loss and fr_loss): 50
======================================================================

Epoch 8/30
309/309 ━━━━━━━━━━━━━━━━━━━━ 8s 25ms/step - mae: 0.6525 - mse: 0.6784 - loss: 0.6923 - val_loss: 0.6784
Epoch 9/30
309/309 ━━━━━━━━━━━━━━━━━━━━ 11s 36ms/step - mae: 0.6445 - mse: 0.6622 - loss: 0.6743 - val_loss: 0.6622 - val_fr_phase_loss_12: 0.7048
[Optuna] trial=1 epoch=9 val_fr_phase_loss_12=0.704758 | median=0.250377 (n=1, p25=0.250377, p75=0.250377) | margin=+0.454382 (+181.48%)
Epoch 10/30
309/309 ━━━━━━━━━━━━━━━━━━━━ 11s 36ms/step - mae: 0.6367 - mse: 0.6466 - loss: 0.6575 - val_loss: 0.6466 - val_fr_target_loss_50: 0.9314 - val_fr_curve_loss_10: 0.6897 - val_fr_curve_loss_20: 0.7383 - val_fr_curve_loss_30: 0.7975 - val_fr_curve_loss_50: 0.9227

======================================================================
   PHASE 5/12: teacher_forcing
   Epochs: 2
   Learning Rate: 7.951980208879155e-06
   Clipping Norm: 1.8276027831785728
   Horizon (train loss): 18
   Output timesteps (val_loss and fr_loss): 50
======================================================================

Epoch 11/30
309/309 ━━━━━━━━━━━━━━━━━━━━ 8s 25ms/step - mae: 0.6267 - mse: 0.6265 - loss: 0.6374 - val_loss: 0.6265
Epoch 12/30
309/309 ━━━━━━━━━━━━━━━━━━━━ 11s 36ms/step - mae: 0.6147 - mse: 0.6029 - loss: 0.6121 - val_loss: 0.6029 - val_fr_phase_loss_18: 0.6951 - val_fr_target_loss_50: 0.9061 - val_fr_curve_loss_10: 0.6598 - val_fr_curve_loss_20: 0.7129 - val_fr_curve_loss_30: 0.7754 - val_fr_curve_loss_50: 0.8965
[Optuna] trial=1 epoch=12 val_fr_phase_loss_18=0.695064 | median=0.28587 (n=1, p25=0.28587, p75=0.28587) | margin=+0.409194 (+143.14%)

======================================================================
   PHASE 6/12: masked_modeling
   Mask Prob: 0.2
   Mask Scope: time
   Mask Mode: constant
   Mask Value: 0.2
   Noise Sigma: None
   Noise Replace: False
   Epochs: 3
   Learning Rate: 4.771188125327493e-06
   Clipping Norm: 1.4620822265428584
   Horizon (train loss): 18
   Output timesteps (val_loss and fr_loss): 50
======================================================================

Epoch 13/30
309/309 ━━━━━━━━━━━━━━━━━━━━ 8s 25ms/step - mae: 0.6076 - mse: 0.5891 - loss: 0.5972 - val_loss: 0.5891
Epoch 14/30
309/309 ━━━━━━━━━━━━━━━━━━━━ 11s 36ms/step - mae: 0.6003 - mse: 0.5750 - loss: 0.5816 - val_loss: 0.5750 - val_fr_phase_loss_18: 0.6853
[Optuna] trial=1 epoch=14 val_fr_phase_loss_18=0.685282 | median=0.370721 (n=1, p25=0.370721, p75=0.370721) | margin=+0.314561 (+84.85%)
Epoch 15/30
309/309 ━━━━━━━━━━━━━━━━━━━━ 11s 37ms/step - mae: 0.5929 - mse: 0.5608 - loss: 0.5662 - val_loss: 0.5608 - val_fr_target_loss_50: 0.9567 - val_fr_curve_loss_10: 0.6301 - val_fr_curve_loss_20: 0.7009 - val_fr_curve_loss_30: 0.7845 - val_fr_curve_loss_50: 0.9466

======================================================================
   PHASE 7/12: teacher_forcing
   Epochs: 2
   Learning Rate: 7.951980208879155e-06
   Clipping Norm: 1.8276027831785728
   Horizon (train loss): 25
   Output timesteps (val_loss and fr_loss): 50
======================================================================

Epoch 16/30
309/309 ━━━━━━━━━━━━━━━━━━━━ 8s 25ms/step - mae: 0.5817 - mse: 0.5396 - loss: 0.5447 - val_loss: 0.5396
Epoch 17/30
309/309 ━━━━━━━━━━━━━━━━━━━━ 11s 36ms/step - mae: 0.5698 - mse: 0.5176 - loss: 0.5200 - val_loss: 0.5176 - val_fr_phase_loss_25: 0.7025 - val_fr_target_loss_50: 0.9112 - val_fr_curve_loss_10: 0.5981 - val_fr_curve_loss_20: 0.6681 - val_fr_curve_loss_30: 0.7503 - val_fr_curve_loss_50: 0.9009
[Optuna] trial=1 epoch=17 val_fr_phase_loss_25=0.702531 | median=0.39957 (n=1, p25=0.39957, p75=0.39957) | margin=+0.30296 (+75.82%)

======================================================================
   PHASE 8/12: masked_modeling
   Mask Prob: 0.2
   Mask Scope: time
   Mask Mode: noise
   Mask Value: None
   Noise Sigma: 0.1
   Noise Replace: False
   Epochs: 3
   Learning Rate: 3.975990104439577e-06
   Clipping Norm: 1.3707020873839295
   Horizon (train loss): 25
   Output timesteps (val_loss and fr_loss): 50
======================================================================

Epoch 18/30
309/309 ━━━━━━━━━━━━━━━━━━━━ 8s 25ms/step - mae: 0.5642 - mse: 0.5073 - loss: 0.5028 - val_loss: 0.5073
Epoch 19/30
309/309 ━━━━━━━━━━━━━━━━━━━━ 11s 36ms/step - mae: 0.5589 - mse: 0.4977 - loss: 0.4922 - val_loss: 0.4977 - val_fr_phase_loss_25: 0.6941
[Optuna] trial=1 epoch=19 val_fr_phase_loss_25=0.694095 | median=0.399318 (n=1, p25=0.399318, p75=0.399318) | margin=+0.294777 (+73.82%)
Epoch 20/30
309/309 ━━━━━━━━━━━━━━━━━━━━ 11s 36ms/step - mae: 0.5538 - mse: 0.4886 - loss: 0.4822 - val_loss: 0.4886 - val_fr_target_loss_50: 0.9162 - val_fr_curve_loss_10: 0.5758 - val_fr_curve_loss_20: 0.6518 - val_fr_curve_loss_30: 0.7416 - val_fr_curve_loss_50: 0.9052

======================================================================
   PHASE 9/12: teacher_forcing
   Epochs: 2
   Learning Rate: 7.951980208879155e-06
   Clipping Norm: 1.8276027831785728
   Horizon (train loss): 38
   Output timesteps (val_loss and fr_loss): 50
======================================================================

Epoch 21/30
309/309 ━━━━━━━━━━━━━━━━━━━━ 8s 24ms/step - mae: 0.5465 - mse: 0.4756 - loss: 0.4728 - val_loss: 0.4756
Epoch 22/30
309/309 ━━━━━━━━━━━━━━━━━━━━ 11s 37ms/step - mae: 0.5367 - mse: 0.4586 - loss: 0.4540 - val_loss: 0.4586 - val_fr_phase_loss_38: 0.7976 - val_fr_target_loss_50: 0.9081 - val_fr_curve_loss_10: 0.5553 - val_fr_curve_loss_20: 0.6356 - val_fr_curve_loss_30: 0.7290 - val_fr_curve_loss_50: 0.8963
[Optuna] trial=1 epoch=22 val_fr_phase_loss_38=0.797586 | median=0.688328 (n=1, p25=0.688328, p75=0.688328) | margin=+0.109257 (+15.87%)

======================================================================
   PHASE 10/12: masked_modeling
   Mask Prob: 0.25
   Mask Scope: time
   Mask Mode: noise
   Mask Value: None
   Noise Sigma: 0.1
   Noise Replace: False
   Epochs: 3
   Learning Rate: 3.180792083551662e-06
   Clipping Norm: 1.279321948225001
   Horizon (train loss): 38
   Output timesteps (val_loss and fr_loss): 50
======================================================================

Epoch 23/30
309/309 ━━━━━━━━━━━━━━━━━━━━ 8s 25ms/step - mae: 0.5329 - mse: 0.4520 - loss: 0.4414 - val_loss: 0.4520
Epoch 24/30
309/309 ━━━━━━━━━━━━━━━━━━━━ 11s 36ms/step - mae: 0.5292 - mse: 0.4457 - loss: 0.4347 - val_loss: 0.4457 - val_fr_phase_loss_38: 0.7959
[Optuna] trial=1 epoch=24 val_fr_phase_loss_38=0.79593 | median=0.690956 (n=1, p25=0.690956, p75=0.690956) | margin=+0.104973 (+15.19%)
Epoch 25/30
309/309 ━━━━━━━━━━━━━━━━━━━━ 11s 36ms/step - mae: 0.5256 - mse: 0.4396 - loss: 0.4281 - val_loss: 0.4396 - val_fr_target_loss_50: 0.9105 - val_fr_curve_loss_10: 0.5417 - val_fr_curve_loss_20: 0.6258 - val_fr_curve_loss_30: 0.7238 - val_fr_curve_loss_50: 0.8991

======================================================================
   PHASE 11/12: teacher_forcing
   Epochs: 2
   Learning Rate: 7.951980208879155e-06
   Clipping Norm: 1.8276027831785728
   Horizon (train loss): 50
   Output timesteps (val_loss and fr_loss): 50
======================================================================

Epoch 26/30
309/309 ━━━━━━━━━━━━━━━━━━━━ 7s 24ms/step - mae: 0.5175 - mse: 0.4260 - loss: 0.4184 - val_loss: 0.4260
Epoch 27/30
309/309 ━━━━━━━━━━━━━━━━━━━━ 11s 36ms/step - mae: 0.5084 - mse: 0.4110 - loss: 0.4023 - val_loss: 0.4110 - val_fr_phase_loss_50: 0.8952 - val_fr_target_loss_50: 0.9109 - val_fr_curve_loss_10: 0.5229 - val_fr_curve_loss_20: 0.6119 - val_fr_curve_loss_30: 0.7157 - val_fr_curve_loss_50: 0.8998
[Optuna] trial=1 epoch=27 val_fr_phase_loss_50=0.895196 | median=0.943545 (n=1, p25=0.943545, p75=0.943545) | margin=-0.0483493 (-5.12%)

======================================================================
   PHASE 12/12: masked_modeling
   Mask Prob: 0.25
   Mask Scope: time
   Mask Mode: noise
   Mask Value: None
   Noise Sigma: 0.1
   Noise Replace: True
   Epochs: 3
   Learning Rate: 2.8627128751964955e-06
   Clipping Norm: 1.1879418090660723
   Horizon (train loss): 50
   Output timesteps (val_loss and fr_loss): 50
======================================================================

Epoch 28/30
309/309 ━━━━━━━━━━━━━━━━━━━━ 7s 24ms/step - mae: 0.5069 - mse: 0.4085 - loss: 0.4021 - val_loss: 0.4085
Epoch 29/30
309/309 ━━━━━━━━━━━━━━━━━━━━ 11s 36ms/step - mae: 0.5049 - mse: 0.4051 - loss: 0.3946 - val_loss: 0.4051 - val_fr_phase_loss_50: 1.0635
[Optuna] trial=1 epoch=29 val_fr_phase_loss_50=1.06346 | median=1.62725 (n=1, p25=1.62725, p75=1.62725) | margin=-0.56379 (-34.65%)
Epoch 30/30
309/309 ━━━━━━━━━━━━━━━━━━━━ 11s 36ms/step - mae: 0.5025 - mse: 0.4011 - loss: 0.3890 - val_loss: 0.4011 - val_fr_target_loss_50: 1.1056 - val_fr_curve_loss_10: 0.5269 - val_fr_curve_loss_20: 0.6601 - val_fr_curve_loss_30: 0.8111 - val_fr_curve_loss_50: 1.0931
Final loss: 0.3890
Predicting all test samples in free_running mode...
  X shape: (2280, 200, 55)
  Y shape: (2280, 50, 55)
  Pred shape: (2280, 50, 55)

 step | target                | pred                  | abs_err
------|-----------------------|-----------------------|----------------------
   25 | [ 4.139746e-01  2.252291e+00  7.680922e-02 -1.082321e+00  1.330184e-01
 -2.749080e-01  6.398940e-01 -1.222357e+00  1.964076e+00  2.024013e-01
 -1.249584e+00  1.684962e-01  6.261574e-01  7.681609e-01 -1.833026e+00
  4.305243e-01 -6.649562e-01  3.213241e-02 -4.315943e-01 -9.406051e-01
 -3.335454e-01  8.885246e-01  1.287808e+00  7.899810e-01 -2.762157e-01
  1.005897e+00 -2.825402e-01 -5.396542e-01 -1.754732e-01  2.526159e-01
 -1.215466e+00 -7.651589e-01 -1.200358e-01  4.952903e-01 -4.308359e-01
 -7.325999e-01  1.170439e+00  1.235309e+00 -8.311886e-01 -7.979621e-01
 -9.821695e-01  2.076884e-01  3.238765e-01 -1.923588e-01 -4.145486e-01
 -3.828006e-01 -3.487313e-02  1.245124e-03  1.581712e-01  5.641804e-01
  2.155083e-01 -1.144052e-01 -1.354365e+00 -3.214316e-01 -1.550427e+00] | [ 0.380405  1.155963  0.47466   0.218619  0.232092  0.716675  0.172304
  0.560961  1.901369  1.252742 -1.186731 -0.753285  0.10951  -1.167359
  0.345566 -1.407709 -0.321743 -0.18915  -0.609786 -1.909941 -0.231587
  0.040359 -0.156906  0.999497 -0.598103  0.928361 -1.680839 -0.992408
 -0.576393  0.66259  -1.370989 -0.477958 -0.950249  0.195329 -0.790214
 -0.462141  0.113525  0.454339  0.675854 -0.730352 -0.96629  -0.212845
  1.570345 -0.879079  1.069284 -0.955229 -0.560162  0.16409  -0.425275
 -1.126656 -1.193797  0.451645 -1.020998 -0.346263 -1.271739] | [0.033569 1.096328 0.39785  1.30094  0.099074 0.991583 0.46759  1.783318
 0.062707 1.050341 0.062853 0.921781 0.516647 1.93552  2.178592 1.838233
 0.343213 0.221282 0.178192 0.969336 0.101959 0.848165 1.444713 0.209516
 0.321887 0.077536 1.398299 0.452754 0.40092  0.409974 0.155523 0.287201
 0.830213 0.299961 0.359378 0.270459 1.056915 0.78097  1.507042 0.06761
 0.01588  0.420534 1.246469 0.68672  1.483833 0.572428 0.525288 0.162845
 0.583446 1.690836 1.409306 0.56605  0.333367 0.024831 0.278688]
   26 | [ 0.433902  2.276946  0.062718 -1.073421  0.149295 -0.261739  0.66411
 -1.190588  1.970693  0.211786 -1.280325  0.091743  0.630177  0.811665
 -1.905444  0.590891 -0.648677  0.010101 -0.341095 -0.950394 -0.271225
  0.842781  1.340023  0.789891 -0.296955  0.983707 -0.332591 -0.535192
 -0.171397  0.217021 -1.236176 -0.75049  -0.169815  0.501318 -0.449502
 -0.772153  1.203705  1.218394 -0.873595 -0.731515 -1.003057  0.192291
  0.338178 -0.172599 -0.562203 -0.409968  0.071482 -0.035004  0.178969
  0.522649  0.281281 -0.172402 -1.38113  -0.280718 -1.561255] | [ 0.423284  1.179333  0.456761  0.252089  0.267009  0.742628  0.184781
  0.59766   1.932285  1.276765 -1.194477 -0.735125  0.038378 -1.199693
  0.312363 -1.383018 -0.304359 -0.210126 -0.609037 -1.949872 -0.223665
 -0.03271  -0.147693  1.002047 -0.623807  0.932049 -1.738851 -1.030162
 -0.570718  0.657683 -1.346205 -0.463656 -0.944701  0.180352 -0.800998
 -0.437363  0.136275  0.481606  0.626061 -0.722505 -0.965602 -0.239858
  1.555969 -0.870247  1.025638 -0.981921 -0.567658  0.106551 -0.440549
 -1.139429 -1.19508   0.419188 -1.050887 -0.353363 -1.306221] | [0.010618 1.097613 0.394043 1.32551  0.117715 1.004367 0.47933  1.788248
 0.038408 1.064979 0.085848 0.826868 0.591799 2.011359 2.217807 1.97391
 0.344319 0.220227 0.267942 0.999478 0.04756  0.875491 1.487717 0.212156
 0.326851 0.051658 1.40626  0.494969 0.399321 0.440662 0.110029 0.286833
 0.774886 0.320966 0.351496 0.33479  1.067429 0.736788 1.499656 0.00901
 0.037454 0.432149 1.217791 0.697648 1.587841 0.571953 0.639141 0.141555
 0.619518 1.662078 1.476361 0.591589 0.330243 0.072645 0.255034]
   27 | [ 0.45137   2.29779   0.046898 -1.065959  0.163722 -0.251176  0.686906
 -1.158318  1.973541  0.218812 -1.306769  0.020961  0.635355  0.846673
 -1.973424  0.752938 -0.63128  -0.009811 -0.250043 -0.95588  -0.208485
  0.794828  1.389242  0.786713 -0.314912  0.961981 -0.384025 -0.528408
 -0.166389  0.176889 -1.255981 -0.733755 -0.216556  0.503603 -0.465744
 -0.812322  1.237801  1.200935 -0.913572 -0.661274 -1.020813  0.176508
  0.350492 -0.15451  -0.707661 -0.434216  0.179125 -0.073381  0.197581
  0.481679  0.341621 -0.226467 -1.405437 -0.237464 -1.567991] | [ 0.46219   1.195191  0.44045   0.283458  0.301307  0.765108  0.195849
  0.633128  1.958991  1.299098 -1.199888 -0.717012 -0.029575 -1.232729
  0.278051 -1.359884 -0.28497  -0.227836 -0.610062 -1.986353 -0.21556
 -0.102693 -0.137638  1.002583 -0.647127  0.934304 -1.796269 -1.065434
 -0.562512  0.649205 -1.322023 -0.452968 -0.939829  0.165063 -0.809382
 -0.412512  0.158721  0.505871  0.576064 -0.716993 -0.964054 -0.265201
  1.536796 -0.86437   0.980487 -1.00908  -0.575999  0.049899 -0.457425
 -1.148809 -1.196604  0.384487 -1.076797 -0.36248  -1.334505] | [0.010821 1.102599 0.393552 1.349417 0.137585 1.016284 0.491057 1.791446
 0.01455  1.080286 0.106882 0.737973 0.66493  2.079401 2.251475 2.112822
 0.34631  0.218025 0.360019 1.030473 0.007074 0.897521 1.52688  0.21587
 0.332215 0.027677 1.412244 0.537025 0.396123 0.472316 0.066042 0.280787
 0.723273 0.33854  0.343637 0.39981  1.07908  0.695064 1.489636 0.055719
 0.056759 0.441709 1.186304 0.70986  1.688148 0.574864 0.755124 0.12328
 0.655006 1.630487 1.538225 0.610954 0.328639 0.125016 0.233487]
   28 | [ 0.466327  2.314783  0.029422 -1.059933  0.176249 -0.243234  0.708319
 -1.125542  1.97265   0.223477 -1.328843 -0.043589  0.641445  0.873025
 -2.036825  0.915869 -0.612772 -0.027353 -0.158771 -0.957077 -0.145636
  0.744967  1.435167  0.780424 -0.32991   0.940997 -0.436465 -0.519352
 -0.160183  0.132539 -1.274543 -0.714768 -0.260126  0.501926 -0.479514
 -0.852827  1.272629  1.183048 -0.950983 -0.587688 -1.035382  0.160153
  0.360566 -0.138091 -0.850494 -0.455552  0.287429 -0.113708  0.214089
  0.44125   0.396277 -0.27644  -1.427296 -0.191884 -1.570648] | [ 0.500018  1.202785  0.42664   0.311211  0.333892  0.784851  0.204336
  0.662963  1.983072  1.317147 -1.204006 -0.696095 -0.096241 -1.268262
  0.24223  -1.338329 -0.263032 -0.241412 -0.612863 -2.017032 -0.204662
 -0.170993 -0.126878  1.004264 -0.666226  0.935802 -1.853182 -1.101716
 -0.552088  0.638697 -1.299606 -0.446774 -0.936588  0.15343  -0.815416
 -0.387949  0.185662  0.529318  0.527173 -0.716297 -0.963295 -0.287428
  1.512708 -0.863486  0.938436 -1.037076 -0.586755 -0.009604 -0.471699
 -1.154157 -1.196574  0.350633 -1.097053 -0.373754 -1.356852] | [0.033691 1.111998 0.397217 1.371144 0.157642 1.028085 0.503983 1.788504
 0.010422 1.09367  0.124837 0.652506 0.737686 2.141288 2.279055 2.254198
 0.34974  0.214059 0.454092 1.059955 0.059026 0.91596  1.562046 0.22384
 0.336316 0.005196 1.416717 0.582364 0.391905 0.506158 0.025063 0.267993
 0.676462 0.348496 0.335903 0.464879 1.086967 0.65373  1.478156 0.128608
 0.072087 0.447581 1.152142 0.725394 1.78893  0.581524 0.874184 0.104104
 0.685789 1.595406 1.592851 0.627073 0.330243 0.18187  0.213796]
   29 | [ 0.478732  2.32789   0.010362 -1.055353  0.186818 -0.237931  0.728378
 -1.09227   1.968046  0.225786 -1.346491 -0.1017    0.648197  0.890628
 -2.095523  1.078877 -0.593175 -0.042284 -0.067607 -0.95402  -0.082985
  0.693516  1.47754   0.771024 -0.341791  0.921028 -0.489508 -0.508082
 -0.152506  0.084329 -1.291529 -0.693373 -0.30041   0.496102 -0.49077
 -0.893374  1.308082  1.164834 -0.985713 -0.511238 -1.046716  0.143051
  0.368166 -0.123325 -0.990295 -0.473989  0.395794 -0.155784  0.228586
  0.401343  0.445038 -0.322183 -1.446722 -0.144214 -1.56925 ] | [ 0.535288  1.20731   0.412506  0.338379  0.363665  0.802416  0.213496
  0.690168  2.003051  1.334882 -1.205146 -0.674899 -0.159924 -1.303192
  0.207485 -1.31683  -0.242975 -0.25322  -0.615688 -2.045148 -0.194966
 -0.237612 -0.118981  1.004556 -0.682785  0.935509 -1.905828 -1.13646
 -0.542803  0.628461 -1.277454 -0.440232 -0.933226  0.1411   -0.820732
 -0.364429  0.212672  0.551848  0.478684 -0.715253 -0.961397 -0.310668
  1.486389 -0.863132  0.896542 -1.063612 -0.596034 -0.068093 -0.48747
 -1.158542 -1.197677  0.316795 -1.115096 -0.383863 -1.375965] | [0.056556 1.12058  0.402144 1.393732 0.176847 1.040348 0.514882 1.782438
 0.035005 1.109096 0.141345 0.573199 0.80812  2.19382  2.303008 2.395707
 0.3502   0.210936 0.548081 1.091128 0.111981 0.931128 1.596521 0.233532
 0.340994 0.014481 1.41632  0.628379 0.390298 0.544131 0.014075 0.25314
 0.632816 0.355002 0.329963 0.528944 1.09541  0.612986 1.464397 0.204015
 0.08532  0.453719 1.118223 0.739807 1.886837 0.589623 0.991828 0.08769
 0.716055 1.559885 1.642715 0.638978 0.331626 0.239648 0.193285]
model built: True
num weights: 38
{'mae': [0.7506387233734131, 0.7358449101448059, 0.720690131187439, 0.7040597796440125, 0.6888020038604736, 0.67554771900177, 0.6611288785934448, 0.6525126695632935, 0.6444935202598572, 0.6367390751838684, 0.6267352104187012, 0.6147276759147644, 0.6076361536979675, 0.600322425365448, 0.5928906202316284, 0.5816822052001953, 0.5697693824768066, 0.5641607642173767, 0.5588509440422058, 0.5537686944007874, 0.5465232729911804, 0.5367438197135925, 0.532930850982666, 0.529238760471344, 0.5256155133247375, 0.5175206661224365, 0.508405327796936, 0.5069248676300049, 0.504937469959259, 0.5024886131286621], 'mse': [0.8822321891784668, 0.8496589064598083, 0.8175721168518066, 0.7832450270652771, 0.7522161602973938, 0.7254098057746887, 0.695879340171814, 0.6783545017242432, 0.662170946598053, 0.6466304659843445, 0.62652188539505, 0.6029075384140015, 0.5890777707099915, 0.5749742388725281, 0.5607938170433044, 0.5396363139152527, 0.5175835490226746, 0.5073494911193848, 0.4977351129055023, 0.48861047625541687, 0.47561100125312805, 0.4585679769515991, 0.4520268142223358, 0.4457207918167114, 0.439576655626297, 0.4259965717792511, 0.4110047519207001, 0.40846896171569824, 0.40511447191238403, 0.4010886251926422], 'loss': [0.9116768836975098, 0.8792588114738464, 0.8451036214828491, 0.8096122145652771, 0.7749814987182617, 0.7506598830223083, 0.7138967514038086, 0.6923210620880127, 0.674348771572113, 0.6574708223342896, 0.6374313235282898, 0.6121234893798828, 0.5971665382385254, 0.5815894603729248, 0.5662139654159546, 0.5446642637252808, 0.5200240015983582, 0.5027572512626648, 0.49220266938209534, 0.4822281002998352, 0.47276991605758667, 0.45399197936058044, 0.4414302408695221, 0.43465954065322876, 0.4280725419521332, 0.41837751865386963, 0.4022670388221741, 0.40209242701530457, 0.39463895559310913, 0.3889816701412201], 'val_loss': [0.8822321891784668, 0.8496588468551636, 0.8175721764564514, 0.7832450270652771, 0.7522162199020386, 0.725409746170044, 0.6958792209625244, 0.6783545017242432, 0.662170946598053, 0.6466305255889893, 0.62652188539505, 0.6029075384140015, 0.5890777707099915, 0.5749742388725281, 0.5607937574386597, 0.5396363139152527, 0.5175836086273193, 0.5073494911193848, 0.4977351129055023, 0.48861047625541687, 0.47561100125312805, 0.4585679769515991, 0.4520268142223358, 0.4457207918167114, 0.4395766854286194, 0.4259965717792511, 0.4110047519207001, 0.40846896171569824, 0.40511447191238403, 0.4010886251926422], 'val_fr_phase_loss_5': [nan, 0.8570616245269775, nan, 0.7931365966796875, nan], 'val_fr_target_loss_50': [nan, 0.9077040553092957, nan, nan, 0.884080171585083, nan, 0.907196581363678, nan, nan, 0.9313799738883972, nan, 0.9060747623443604, nan, nan, 0.9566791653633118, nan, 0.9111557006835938, nan, nan, 0.9162155389785767, nan, 0.9080756306648254, nan, nan, 0.9104641079902649, nan, 0.9108741283416748, nan, nan, 1.105635404586792], 'val_fr_curve_loss_10': [nan, 0.8747730255126953, nan, nan, 0.7838613390922546, nan, 0.7286677956581116, nan, nan, 0.6897065043449402, nan, 0.6597874164581299, nan, nan, 0.6301175355911255, nan, 0.5980715155601501, nan, nan, 0.5758176445960999, nan, 0.5553032159805298, nan, nan, 0.5417265295982361, nan, 0.5229448676109314, nan, nan, 0.5268861055374146], 'val_fr_curve_loss_20': [nan, 0.889276921749115, nan, nan, 0.8203892707824707, nan, 0.7652642726898193, nan, nan, 0.7383180260658264, nan, 0.7128880620002747, nan, nan, 0.7008540630340576, nan, 0.6681444048881531, nan, nan, 0.6518149375915527, nan, 0.6355770826339722, nan, nan, 0.6257637739181519, nan, 0.6119433641433716, nan, nan, 0.6601009964942932], 'val_fr_curve_loss_30': [nan, 0.8964953422546387, nan, nan, 0.8476925492286682, nan, 0.808008074760437, nan, nan, 0.7974966764450073, nan, 0.7753932476043701, nan, nan, 0.7844914197921753, nan, 0.7503213882446289, nan, nan, 0.7415807843208313, nan, 0.7290183901786804, nan, nan, 0.7237522602081299, nan, 0.7157267332077026, nan, nan, 0.8110964894294739], 'val_fr_curve_loss_50': [nan, 0.9003857374191284, nan, nan, 0.8760377168655396, nan, 0.8986467719078064, nan, nan, 0.9227297306060791, nan, 0.8965228199958801, nan, nan, 0.9465702176094055, nan, 0.9009125828742981, nan, nan, 0.9051690697669983, nan, 0.8963251709938049, nan, nan, 0.8991021513938904, nan, 0.8998132944107056, nan, nan, 1.093122959136963], 'val_fr_phase_loss_12': [nan, 0.7312532663345337, nan, 0.70475834608078, nan], 'val_fr_phase_loss_18': [nan, 0.6950644254684448, nan, 0.6852824091911316, nan], 'val_fr_phase_loss_25': [nan, 0.702530562877655, nan, 0.6940951347351074, nan], 'val_fr_phase_loss_38': [nan, 0.7975856065750122, nan, 0.7959297895431519, nan], 'val_fr_phase_loss_50': [nan, 0.8951958417892456, nan, 1.06345534324646, nan]}
Saved artifacts to: runs/tuning/full_seq_lstm_lvl1/trial_0001
