--- Number of Windows for Train = 9880
--- Number of Windows for Val = 3040
--- Number of Windows for Test = 2280
--- Curriculum = [10, 15, 20, 30, 40, 50]
--- fr_curve Outsteps = [1, 2, 3]

--- Training: prova1 [LSTM/FC/HYBRID]  ---

======================================================================
   PHASE 1/6: teacher_forcing
   Epochs: 6
   Learning Rate: 0.0006047207846484033
   Clipping Norm: 0.736063813394258
   Horizon (train loss): 10
   Output timesteps (val_loss and fr_loss): 50
======================================================================

Epoch 1/30
309/309 ━━━━━━━━━━━━━━━━━━━━ 20s 41ms/step - mae: 0.1358 - loss: 0.1671 - val_loss: 0.0299
Epoch 2/30
309/309 ━━━━━━━━━━━━━━━━━━━━ 19s 60ms/step - mae: 0.0866 - loss: 0.0165 - val_loss: 0.0121 - val_fr_phase_loss_10: 0.0939
[Optuna] trial=13 epoch=2 val_fr_phase_loss_10=0.0939472 | median=0.199884 (n=9, p25=0.145408, p75=0.358982) | margin=-0.105937 (-53.00%)
Epoch 3/30
309/309 ━━━━━━━━━━━━━━━━━━━━ 12s 39ms/step - mae: 0.0641 - loss: 0.0076 - val_loss: 0.0067
Epoch 4/30
309/309 ━━━━━━━━━━━━━━━━━━━━ 18s 58ms/step - mae: 0.0554 - loss: 0.0048 - val_loss: 0.0050 - val_fr_phase_loss_10: 0.0978
[Optuna] trial=13 epoch=4 val_fr_phase_loss_10=0.0978222 | median=0.117415 (n=9, p25=0.0864305, p75=0.188802) | margin=-0.0195929 (-16.69%)
Epoch 5/30
309/309 ━━━━━━━━━━━━━━━━━━━━ 12s 39ms/step - mae: 0.0494 - loss: 0.0036 - val_loss: 0.0040
Epoch 6/30
309/309 ━━━━━━━━━━━━━━━━━━━━ 18s 58ms/step - mae: 0.0453 - loss: 0.0029 - val_loss: 0.0033 - val_fr_phase_loss_10: 0.0980 - val_fr_target_loss_50: 1.0981 - val_fr_curve_loss_1: 0.0040 - val_fr_curve_loss_2: 0.0069 - val_fr_curve_loss_3: 0.0115
[Optuna] trial=13 epoch=6 val_fr_phase_loss_10=0.0979566 | median=0.110551 (n=9, p25=0.0621791, p75=0.146017) | margin=-0.0125946 (-11.39%)

======================================================================
   PHASE 2/6: masked_modeling
   Mask Prob: 0.15
   Mask Scope: time
   Mask Mode: constant
   Mask Value: 0.2
   Noise Sigma: None
   Noise Replace: False
   Epochs: 6
   Learning Rate: 0.0004837766277187227
   Clipping Norm: 0.6624574320548322
   Horizon (train loss): 15
   Output timesteps (val_loss and fr_loss): 50
======================================================================

Epoch 7/30
309/309 ━━━━━━━━━━━━━━━━━━━━ 12s 39ms/step - mae: 0.1229 - loss: 0.0335 - val_loss: 0.0244
Epoch 8/30
309/309 ━━━━━━━━━━━━━━━━━━━━ 18s 58ms/step - mae: 0.1156 - loss: 0.0233 - val_loss: 0.0217 - val_fr_phase_loss_15: 0.1583
[Optuna] trial=13 epoch=8 val_fr_phase_loss_15=0.158254 | median=0.214251 (n=9, p25=0.139194, p75=0.226744) | margin=-0.0559962 (-26.14%)
Epoch 9/30
309/309 ━━━━━━━━━━━━━━━━━━━━ 12s 39ms/step - mae: 0.1054 - loss: 0.0190 - val_loss: 0.0183
Epoch 10/30
309/309 ━━━━━━━━━━━━━━━━━━━━ 17s 56ms/step - mae: 0.0994 - loss: 0.0157 - val_loss: 0.0166 - val_fr_phase_loss_15: 0.1243
[Optuna] trial=13 epoch=10 val_fr_phase_loss_15=0.124281 | median=0.201494 (n=9, p25=0.129036, p75=0.204694) | margin=-0.0772125 (-38.32%)
Epoch 11/30
309/309 ━━━━━━━━━━━━━━━━━━━━ 12s 39ms/step - mae: 0.0937 - loss: 0.0133 - val_loss: 0.0148
Epoch 12/30
309/309 ━━━━━━━━━━━━━━━━━━━━ 17s 54ms/step - mae: 0.0864 - loss: 0.0114 - val_loss: 0.0127 - val_fr_phase_loss_15: 0.1109 - val_fr_target_loss_50: 0.8472 - val_fr_curve_loss_1: 0.0083 - val_fr_curve_loss_2: 0.0097 - val_fr_curve_loss_3: 0.0122
[Optuna] trial=13 epoch=12 val_fr_phase_loss_15=0.110882 | median=0.177614 (n=9, p25=0.118436, p75=0.196588) | margin=-0.0667318 (-37.57%)

======================================================================
   PHASE 3/6: scheduled_sampling
   Tf Ratio Start: 1.0
   Tf Ratio End: 0.35
   Per Feature: True
   Stop Grad Pred: True
   Ratio Mode: sigmoid
   Mid Point: 0.6
   Sharpness: 10.0
   Power Value: 2.0
   Epochs: 8
   Learning Rate: 0.0004233045492538823
   Clipping Norm: 0.6256542413851193
   Horizon (train loss): 20
   Output timesteps (val_loss and fr_loss): 50
======================================================================

Epoch 13/30
309/309 ━━━━━━━━━━━━━━━━━━━━ 168s 544ms/step - mae: 0.0470 - loss: 0.0045 - val_loss: 0.0037
Epoch 14/30
309/309 ━━━━━━━━━━━━━━━━━━━━ 172s 557ms/step - mae: 0.0370 - loss: 0.0020 - val_loss: 0.0023 - val_fr_phase_loss_20: 0.1798
[Optuna] trial=13 epoch=14 val_fr_phase_loss_20=0.179786 | median=0.21864 (n=9, p25=0.125665, p75=0.255019) | margin=-0.0388531 (-17.77%)
Epoch 15/30
309/309 ━━━━━━━━━━━━━━━━━━━━ 169s 548ms/step - mae: 0.0334 - loss: 0.0015 - val_loss: 0.0019
Epoch 16/30
309/309 ━━━━━━━━━━━━━━━━━━━━ 171s 553ms/step - mae: 0.0313 - loss: 0.0015 - val_loss: 0.0016 - val_fr_phase_loss_20: 0.2377
[Optuna] trial=13 epoch=16 val_fr_phase_loss_20=0.237677 | median=0.223878 (n=9, p25=0.123527, p75=0.310024) | margin=+0.013799 (+6.16%)
Epoch 17/30
309/309 ━━━━━━━━━━━━━━━━━━━━ 168s 544ms/step - mae: 0.0340 - loss: 0.0029 - val_loss: 0.0019
Epoch 18/30
309/309 ━━━━━━━━━━━━━━━━━━━━ 173s 561ms/step - mae: 0.0414 - loss: 0.0091 - val_loss: 0.0028 - val_fr_phase_loss_20: 0.2411
[Optuna] trial=13 epoch=18 val_fr_phase_loss_20=0.24106 | median=0.227629 (n=9, p25=0.121729, p75=0.27751) | margin=+0.0134302 (+5.90%)
Epoch 19/30
309/309 ━━━━━━━━━━━━━━━━━━━━ 170s 549ms/step - mae: 0.0460 - loss: 0.0163 - val_loss: 0.0035
Epoch 20/30
309/309 ━━━━━━━━━━━━━━━━━━━━ 171s 554ms/step - mae: 0.0419 - loss: 0.0160 - val_loss: 0.0029 - val_fr_phase_loss_20: 0.1785 - val_fr_target_loss_50: 0.8480 - val_fr_curve_loss_1: 0.0031 - val_fr_curve_loss_2: 0.0041 - val_fr_curve_loss_3: 0.0059
[Optuna] trial=13 epoch=20 val_fr_phase_loss_20=0.178486 | median=0.213643 (n=9, p25=0.117636, p75=0.221921) | margin=-0.0351572 (-16.46%)

======================================================================
   PHASE 4/6: masked_modeling
   Mask Prob: 0.2
   Mask Scope: time
   Mask Mode: noise
   Mask Value: None
   Noise Sigma: 0.1
   Noise Replace: False
   Epochs: 4
   Learning Rate: 0.00036283247078904197
   Clipping Norm: 0.5888510507154064
   Horizon (train loss): 30
   Output timesteps (val_loss and fr_loss): 50
======================================================================

Epoch 21/30
309/309 ━━━━━━━━━━━━━━━━━━━━ 12s 40ms/step - mae: 0.0279 - loss: 0.0019 - val_loss: 0.0013
Epoch 22/30
309/309 ━━━━━━━━━━━━━━━━━━━━ 16s 51ms/step - mae: 0.0272 - loss: 0.0017 - val_loss: 0.0012 - val_fr_phase_loss_30: 0.2483
[Optuna] trial=13 epoch=22 val_fr_phase_loss_30=0.248298 | median=0.404999 (n=9, p25=0.263223, p75=0.4375) | margin=-0.156701 (-38.69%)
Epoch 23/30
309/309 ━━━━━━━━━━━━━━━━━━━━ 12s 40ms/step - mae: 0.0269 - loss: 0.0017 - val_loss: 0.0012
Epoch 24/30
309/309 ━━━━━━━━━━━━━━━━━━━━ 17s 56ms/step - mae: 0.0266 - loss: 0.0017 - val_loss: 0.0012 - val_fr_phase_loss_30: 0.2568 - val_fr_target_loss_50: 0.6446 - val_fr_curve_loss_1: 0.0017 - val_fr_curve_loss_2: 0.0022 - val_fr_curve_loss_3: 0.0030
[Optuna] trial=13 epoch=24 val_fr_phase_loss_30=0.256773 | median=0.412592 (n=9, p25=0.269515, p75=0.440388) | margin=-0.155819 (-37.77%)

======================================================================
   PHASE 5/6: full_autoregressive
   Gradient Through Time: False
   Epochs: 4
   Learning Rate: 0.00030236039232420166
   Clipping Norm: 0.5520478600456935
   Horizon (train loss): 40
   Output timesteps (val_loss and fr_loss): 50
======================================================================

Epoch 25/30
309/309 ━━━━━━━━━━━━━━━━━━━━ 155s 502ms/step - mae: 0.2895 - loss: 0.3871 - val_loss: 0.1480
Epoch 26/30
309/309 ━━━━━━━━━━━━━━━━━━━━ 159s 514ms/step - mae: 0.2659 - loss: 0.2197 - val_loss: 0.1314 - val_fr_phase_loss_40: 0.2240
[Optuna] trial=13 epoch=26 val_fr_phase_loss_40=0.224018 | median=0.396035 (n=9, p25=0.302869, p75=0.455933) | margin=-0.172017 (-43.43%)
Epoch 27/30
309/309 ━━━━━━━━━━━━━━━━━━━━ 155s 501ms/step - mae: 0.2477 - loss: 0.1737 - val_loss: 0.1171
Epoch 28/30
309/309 ━━━━━━━━━━━━━━━━━━━━ 161s 522ms/step - mae: 0.2336 - loss: 0.1466 - val_loss: 0.1055 - val_fr_phase_loss_40: 0.1737 - val_fr_target_loss_50: 0.2441 - val_fr_curve_loss_1: 0.0263 - val_fr_curve_loss_2: 0.0243 - val_fr_curve_loss_3: 0.0233
[Optuna] trial=13 epoch=28 val_fr_phase_loss_40=0.173732 | median=0.379114 (n=9, p25=0.28828, p75=0.383392) | margin=-0.205382 (-54.17%)

======================================================================
   PHASE 6/6: full_autoregressive
   Gradient Through Time: True
   Epochs: 2
   Learning Rate: 0.00018141623539452099
   Clipping Norm: 0.44163828803655475
   Horizon (train loss): 50
   Output timesteps (val_loss and fr_loss): 50
======================================================================

Epoch 29/30
309/309 ━━━━━━━━━━━━━━━━━━━━ 155s 500ms/step - mae: 0.2514 - loss: 0.1704 - val_loss: 0.1206
Epoch 30/30
309/309 ━━━━━━━━━━━━━━━━━━━━ 159s 515ms/step - mae: 0.2450 - loss: 0.1533 - val_loss: 0.1150 - val_fr_phase_loss_50: 0.2113 - val_fr_target_loss_50: 0.2199 - val_fr_curve_loss_1: 0.0344 - val_fr_curve_loss_2: 0.0311 - val_fr_curve_loss_3: 0.0292
[Optuna] trial=13 epoch=30 val_fr_phase_loss_50=0.211333 | median=0.387375 (n=9, p25=0.33444, p75=0.411301) | margin=-0.176043 (-45.44%)
Final loss: 0.1533
Predicting all test samples in free_running mode...
  X shape: (2280, 200, 36)
  Y shape: (2280, 50, 36)
  Pred shape: (2280, 50, 36)

 step | target                | pred                  | abs_err
------|-----------------------|-----------------------|----------------------
   25 | [ 0.413975  2.252291  0.076809 -1.082321  0.133018 -0.274908  0.639894
 -1.222357 -1.249584  0.168496  0.626157  0.768161 -1.833026  0.430524
 -0.664956 -0.940605 -0.333545  0.888525  1.287808  0.789981 -0.276216
 -0.539654 -0.175473  0.252616 -1.215466 -0.765159 -0.430836 -0.7326
  1.170439  1.235309 -0.98217   0.207688  0.323877 -0.382801 -0.034873
  0.56418 ] | [ 0.702763  2.302701  0.641112 -0.756936 -0.191039 -0.235376  0.643463
 -0.78558  -1.334121  0.522444  0.075559  0.744111 -1.319469 -0.869187
 -0.555668 -1.304992 -0.378154  0.778467  0.980338  0.579836  0.402909
 -0.797272  0.327562  0.707985 -0.303557  0.015071 -0.285346 -0.384955
  1.210205  1.487309 -0.888926  0.960018  0.42793  -0.243585  0.023597
  0.113046] | [0.288788 0.05041  0.564303 0.325386 0.324057 0.039532 0.003569 0.436777
 0.084538 0.353948 0.550598 0.02405  0.513556 1.299711 0.109289 0.364386
 0.044609 0.110057 0.30747  0.210145 0.679125 0.257618 0.503035 0.455369
 0.911909 0.78023  0.14549  0.347645 0.039766 0.252001 0.093243 0.75233
 0.104053 0.139215 0.05847  0.451135]
   26 | [ 0.433902  2.276946  0.062718 -1.073421  0.149295 -0.261739  0.66411
 -1.190588 -1.280325  0.091743  0.630177  0.811665 -1.905444  0.590891
 -0.648677 -0.950394 -0.271225  0.842781  1.340023  0.789891 -0.296955
 -0.535192 -0.171397  0.217021 -1.236176 -0.75049  -0.449502 -0.772153
  1.203705  1.218394 -1.003057  0.192291  0.338178 -0.409968  0.071482
  0.522649] | [ 0.72447   2.321325  0.645884 -0.732812 -0.17647  -0.216514  0.679473
 -0.742498 -1.363208  0.462906  0.02599   0.81815  -1.365711 -0.828867
 -0.546542 -1.334141 -0.353645  0.736717  1.014677  0.568487  0.380107
 -0.831056  0.35348   0.718347 -0.276403  0.05887  -0.325822 -0.385904
  1.209816  1.503638 -0.91566   0.952793  0.429101 -0.278476  0.065808
  0.065794] | [0.290568 0.044379 0.583166 0.34061  0.325764 0.045225 0.015363 0.44809
 0.082882 0.371162 0.604187 0.006485 0.539733 1.419758 0.102136 0.383746
 0.08242  0.106064 0.325347 0.221404 0.677063 0.295864 0.524877 0.501325
 0.959773 0.80936  0.12368  0.386249 0.006111 0.285244 0.087397 0.760503
 0.090923 0.131492 0.005674 0.456855]
   27 | [ 0.45137   2.29779   0.046898 -1.065959  0.163722 -0.251176  0.686906
 -1.158318 -1.306769  0.020961  0.635355  0.846673 -1.973424  0.752938
 -0.63128  -0.95588  -0.208485  0.794828  1.389242  0.786713 -0.314912
 -0.528408 -0.166389  0.176889 -1.255981 -0.733755 -0.465744 -0.812322
  1.237801  1.200935 -1.020813  0.176508  0.350492 -0.434216  0.179125
  0.481679] | [ 0.742024  2.335389  0.650138 -0.709497 -0.163292 -0.198741  0.715926
 -0.699603 -1.387465  0.40578  -0.022204  0.88928  -1.409582 -0.787298
 -0.538976 -1.35876  -0.330915  0.694539  1.046715  0.554149  0.35819
 -0.86371   0.378684  0.724609 -0.248957  0.102239 -0.364985 -0.386423
  1.20819   1.518322 -0.940469  0.944653  0.427285 -0.312175  0.107397
  0.018974] | [0.290655 0.0376   0.60324  0.356462 0.327015 0.052435 0.02902  0.458715
 0.080696 0.384819 0.657559 0.042607 0.563842 1.540236 0.092304 0.40288
 0.12243  0.100289 0.342527 0.232564 0.673102 0.335301 0.545073 0.547719
 1.007024 0.835993 0.100759 0.425899 0.029611 0.317387 0.080344 0.768145
 0.076793 0.122041 0.071728 0.462704]
   28 | [ 0.466327  2.314783  0.029422 -1.059933  0.176249 -0.243234  0.708319
 -1.125542 -1.328843 -0.043589  0.641445  0.873025 -2.036825  0.915869
 -0.612772 -0.957077 -0.145636  0.744967  1.435167  0.780424 -0.32991
 -0.519352 -0.160183  0.132539 -1.274543 -0.714768 -0.479514 -0.852827
  1.272629  1.183048 -1.035382  0.160153  0.360566 -0.455552  0.287429
  0.44125 ] | [ 0.755338  2.34478   0.653889 -0.686865 -0.151616 -0.18229   0.752592
 -0.657113 -1.406856  0.351208 -0.068865  0.957418 -1.450499 -0.744695
 -0.532925 -1.378606 -0.309917  0.652127  1.076414  0.536794  0.337117
 -0.894929  0.403192  0.726785 -0.221034  0.144938 -0.402689 -0.386424
  1.205152  1.53098  -0.963073  0.935624  0.422266 -0.344593  0.148306
 -0.027387] | [0.289011 0.029997 0.624467 0.373068 0.327865 0.060944 0.044273 0.468429
 0.078013 0.394797 0.71031  0.084393 0.586326 1.660565 0.079848 0.421529
 0.164281 0.09284  0.358753 0.243631 0.667027 0.375577 0.563375 0.594246
 1.053509 0.859706 0.076825 0.466403 0.067477 0.347932 0.072309 0.77547
 0.0617   0.11096  0.139123 0.468636]
   29 | [ 0.478732  2.32789   0.010362 -1.055353  0.186818 -0.237931  0.728378
 -1.09227  -1.346491 -0.1017    0.648197  0.890628 -2.095523  1.078877
 -0.593175 -0.95402  -0.082985  0.693516  1.47754   0.771024 -0.341791
 -0.508082 -0.152506  0.084329 -1.291529 -0.693373 -0.49077  -0.893374
  1.308082  1.164834 -1.046716  0.143051  0.368166 -0.473989  0.395794
  0.401343] | [ 0.764299  2.349595  0.65717  -0.664963 -0.141499 -0.167482  0.789306
 -0.615268 -1.421386  0.299367 -0.113844  1.022324 -1.488391 -0.701208
 -0.528132 -1.393581 -0.290817  0.609672  1.103585  0.516388  0.317166
 -0.924576  0.427252  0.724904 -0.192593  0.186896 -0.438752 -0.385907
  1.200926  1.541703 -0.983318  0.925816  0.414034 -0.375742  0.188529
 -0.073034] | [0.285567 0.021705 0.646808 0.39039  0.328317 0.070449 0.060928 0.477002
 0.074895 0.401067 0.76204  0.131696 0.607132 1.780086 0.065043 0.439561
 0.207832 0.083844 0.373955 0.254636 0.658957 0.416495 0.579757 0.640575
 1.098937 0.880269 0.052018 0.507467 0.107156 0.376869 0.063399 0.782764
 0.045868 0.098247 0.207265 0.474377]
model built: True
num weights: 38
{'mae': [0.13575008511543274, 0.08658992499113083, 0.06414428353309631, 0.055359214544296265, 0.049433305859565735, 0.0452544130384922, 0.12289978563785553, 0.11556941270828247, 0.10535917431116104, 0.09939344972372055, 0.09370262920856476, 0.08640117943286896, 0.04701553285121918, 0.03700874000787735, 0.03338121995329857, 0.03129155933856964, 0.033974308520555496, 0.04137206822633743, 0.046030525118112564, 0.04192528873682022, 0.027881963178515434, 0.02715974859893322, 0.026870829984545708, 0.026586100459098816, 0.28952452540397644, 0.2659137547016144, 0.24773359298706055, 0.23361340165138245, 0.2513538897037506, 0.2449546605348587], 'loss': [0.16714349389076233, 0.016516579315066338, 0.00759452348574996, 0.004771571606397629, 0.00357277924194932, 0.0028659305535256863, 0.033523548394441605, 0.023279083892703056, 0.01899055205285549, 0.015683215111494064, 0.013321422971785069, 0.011426334269344807, 0.004491059575229883, 0.002026863396167755, 0.0014885332202538848, 0.001491847331635654, 0.0029308730736374855, 0.009125469252467155, 0.01633260026574135, 0.01596326008439064, 0.001944013056345284, 0.0017113776411861181, 0.0016703488072380424, 0.001657724380493164, 0.38705551624298096, 0.21969172358512878, 0.17368975281715393, 0.14663159847259521, 0.17042048275470734, 0.15328334271907806], 'val_loss': [0.029870763421058655, 0.012060609646141529, 0.0066647459752857685, 0.004992734640836716, 0.003977778367698193, 0.0033334288746118546, 0.024350764229893684, 0.021735843271017075, 0.01831459067761898, 0.01655694469809532, 0.014810681343078613, 0.012654242105782032, 0.0036695552989840508, 0.0022715337108820677, 0.0018573751440271735, 0.0016201166436076164, 0.0018881314899772406, 0.0028235542122274637, 0.0035468684509396553, 0.0029277645517140627, 0.0013157343491911888, 0.0012467046035453677, 0.0012147502275183797, 0.0011876083444803953, 0.14796414971351624, 0.13138407468795776, 0.1170802041888237, 0.10552547872066498, 0.12064933031797409, 0.11495327204465866], 'val_fr_phase_loss_10': [nan, 0.09394721686840057, nan, 0.09782219678163528, nan, 0.0979565680027008], 'val_fr_target_loss_50': [nan, nan, nan, nan, nan, 1.0981367826461792, nan, nan, nan, nan, nan, 0.8472281098365784, nan, nan, nan, nan, nan, nan, nan, 0.8480455279350281, nan, nan, nan, 0.6445916891098022, nan, nan, nan, 0.24413539469242096, nan, 0.2199331372976303], 'val_fr_curve_loss_1': [nan, nan, nan, nan, nan, 0.003960331901907921, nan, nan, nan, nan, nan, 0.008267129771411419, nan, nan, nan, nan, nan, nan, nan, 0.0031387777999043465, nan, nan, nan, 0.0016794961411505938, nan, nan, nan, 0.026305729523301125, nan, 0.034399110823869705], 'val_fr_curve_loss_2': [nan, nan, nan, nan, nan, 0.0069078803062438965, nan, nan, nan, nan, nan, 0.009668616577982903, nan, nan, nan, nan, nan, nan, nan, 0.004133771639317274, nan, nan, nan, 0.0021675284951925278, nan, nan, nan, 0.02430247701704502, nan, 0.031074903905391693], 'val_fr_curve_loss_3': [nan, nan, nan, nan, nan, 0.011476630344986916, nan, nan, nan, nan, nan, 0.012210693210363388, nan, nan, nan, nan, nan, nan, nan, 0.0058935414999723434, nan, nan, nan, 0.0030420012772083282, nan, nan, nan, 0.02330065332353115, nan, 0.029156962409615517], 'val_fr_phase_loss_15': [nan, 0.1582544893026352, nan, 0.12428110837936401, nan, 0.11088229715824127], 'val_fr_phase_loss_20': [nan, 0.17978641390800476, nan, 0.23767727613449097, nan, 0.24105951189994812, nan, 0.17848600447177887], 'val_fr_phase_loss_30': [nan, 0.24829773604869843, nan, 0.25677329301834106], 'val_fr_phase_loss_40': [nan, 0.22401797771453857, nan, 0.17373228073120117], 'val_fr_phase_loss_50': [nan, 0.21133264899253845]}
Saved artifacts to: runs/tuning/study_lstm_lvl1/trial_0013
