--- Number of Windows for Train = 9880
--- Number of Windows for Val = 3040
--- Number of Windows for Test = 2280
--- Curriculum = [5, 5, 12, 12, 18, 18, 25, 25, 38, 38, 50, 50]
--- fr_curve Outsteps = [10, 20, 30, 50]

--- Training: lstm_fullseq_30ep [LSTM/FC/FULL_SEQ]  ---

======================================================================
   PHASE 1/12: teacher_forcing
   Epochs: 2
   Learning Rate: 0.0008183591298101358
   Clipping Norm: 0.181357308677834
   Horizon (train loss): 5
   Output timesteps (val_loss and fr_loss): 50
======================================================================

Epoch 1/30
309/309 ━━━━━━━━━━━━━━━━━━━━ 16s 30ms/step - mae: 0.3210 - mse: 0.1643 - loss: 0.3900 - val_loss: 0.1643
Epoch 2/30
309/309 ━━━━━━━━━━━━━━━━━━━━ 12s 38ms/step - mae: 0.1671 - mse: 0.0453 - loss: 0.0790 - val_loss: 0.0453 - val_fr_phase_loss_5: 0.0755 - val_fr_target_loss_50: 1.0740 - val_fr_curve_loss_10: 0.1584 - val_fr_curve_loss_20: 0.3980 - val_fr_curve_loss_30: 0.6515 - val_fr_curve_loss_50: 1.0512
[Optuna] trial=7 epoch=2 val_fr_phase_loss_5=0.075485 | median=0.281878 (n=7, p25=0.24213, p75=0.659523) | margin=-0.206393 (-73.22%)

======================================================================
   PHASE 2/12: masked_modeling
   Mask Prob: 0.1
   Mask Scope: time
   Mask Mode: constant
   Mask Value: 0.2
   Noise Sigma: None
   Noise Replace: False
   Epochs: 3
   Learning Rate: 0.0006546873038481087
   Clipping Norm: 0.16322157781005062
   Horizon (train loss): 5
   Output timesteps (val_loss and fr_loss): 50
======================================================================

Epoch 3/30
309/309 ━━━━━━━━━━━━━━━━━━━━ 8s 25ms/step - mae: 0.1409 - mse: 0.0320 - loss: 0.0399 - val_loss: 0.0320
Epoch 4/30
309/309 ━━━━━━━━━━━━━━━━━━━━ 11s 36ms/step - mae: 0.1240 - mse: 0.0250 - loss: 0.0280 - val_loss: 0.0250 - val_fr_phase_loss_5: 0.0409
[Optuna] trial=7 epoch=4 val_fr_phase_loss_5=0.0409279 | median=0.141913 (n=7, p25=0.118873, p75=0.526036) | margin=-0.100985 (-71.16%)
Epoch 5/30
309/309 ━━━━━━━━━━━━━━━━━━━━ 11s 37ms/step - mae: 0.1147 - mse: 0.0214 - loss: 0.0223 - val_loss: 0.0214 - val_fr_target_loss_50: 1.1243 - val_fr_curve_loss_10: 0.0883 - val_fr_curve_loss_20: 0.2925 - val_fr_curve_loss_30: 0.5728 - val_fr_curve_loss_50: 1.1084

======================================================================
   PHASE 3/12: teacher_forcing
   Epochs: 2
   Learning Rate: 0.0008183591298101358
   Clipping Norm: 0.181357308677834
   Horizon (train loss): 12
   Output timesteps (val_loss and fr_loss): 50
======================================================================

Epoch 6/30
309/309 ━━━━━━━━━━━━━━━━━━━━ 8s 25ms/step - mae: 0.1106 - mse: 0.0200 - loss: 0.0255 - val_loss: 0.0200
Epoch 7/30
309/309 ━━━━━━━━━━━━━━━━━━━━ 12s 37ms/step - mae: 0.0889 - mse: 0.0127 - loss: 0.0136 - val_loss: 0.0127 - val_fr_phase_loss_12: 0.1557 - val_fr_target_loss_50: 1.1038 - val_fr_curve_loss_10: 0.1165 - val_fr_curve_loss_20: 0.3592 - val_fr_curve_loss_30: 0.6373 - val_fr_curve_loss_50: 1.0958
[Optuna] trial=7 epoch=7 val_fr_phase_loss_12=0.155673 | median=0.170614 (n=7, p25=0.154382, p75=0.484004) | margin=-0.0149409 (-8.76%)

======================================================================
   PHASE 4/12: masked_modeling
   Mask Prob: 0.15
   Mask Scope: time
   Mask Mode: constant
   Mask Value: 0.2
   Noise Sigma: None
   Noise Replace: False
   Epochs: 3
   Learning Rate: 0.000572851390867095
   Clipping Norm: 0.1541537123761589
   Horizon (train loss): 12
   Output timesteps (val_loss and fr_loss): 50
======================================================================

Epoch 8/30
309/309 ━━━━━━━━━━━━━━━━━━━━ 8s 25ms/step - mae: 0.1238 - mse: 0.0252 - loss: 0.0326 - val_loss: 0.0252
Epoch 9/30
309/309 ━━━━━━━━━━━━━━━━━━━━ 11s 37ms/step - mae: 0.1221 - mse: 0.0244 - loss: 0.0253 - val_loss: 0.0244 - val_fr_phase_loss_12: 0.1329
[Optuna] trial=7 epoch=9 val_fr_phase_loss_12=0.132944 | median=0.180737 (n=7, p25=0.153933, p75=0.465965) | margin=-0.0477936 (-26.44%)
Epoch 10/30
309/309 ━━━━━━━━━━━━━━━━━━━━ 11s 36ms/step - mae: 0.1136 - mse: 0.0212 - loss: 0.0223 - val_loss: 0.0212 - val_fr_target_loss_50: 1.1663 - val_fr_curve_loss_10: 0.0887 - val_fr_curve_loss_20: 0.2974 - val_fr_curve_loss_30: 0.5866 - val_fr_curve_loss_50: 1.1764

======================================================================
   PHASE 5/12: teacher_forcing
   Epochs: 2
   Learning Rate: 0.0008183591298101358
   Clipping Norm: 0.181357308677834
   Horizon (train loss): 18
   Output timesteps (val_loss and fr_loss): 50
======================================================================

Epoch 11/30
309/309 ━━━━━━━━━━━━━━━━━━━━ 8s 25ms/step - mae: 0.0748 - mse: 0.0091 - loss: 0.0114 - val_loss: 0.0091
Epoch 12/30
309/309 ━━━━━━━━━━━━━━━━━━━━ 11s 37ms/step - mae: 0.0634 - mse: 0.0065 - loss: 0.0063 - val_loss: 0.0065 - val_fr_phase_loss_18: 0.3066 - val_fr_target_loss_50: 1.2511 - val_fr_curve_loss_10: 0.1072 - val_fr_curve_loss_20: 0.3782 - val_fr_curve_loss_30: 0.7036 - val_fr_curve_loss_50: 1.2466
[Optuna] trial=7 epoch=12 val_fr_phase_loss_18=0.306622 | median=0.28587 (n=7, p25=0.241859, p75=0.542251) | margin=+0.020751 (+7.26%)

======================================================================
   PHASE 6/12: masked_modeling
   Mask Prob: 0.2
   Mask Scope: time
   Mask Mode: constant
   Mask Value: 0.2
   Noise Sigma: None
   Noise Replace: False
   Epochs: 3
   Learning Rate: 0.0004910154778860814
   Clipping Norm: 0.1450858469422672
   Horizon (train loss): 18
   Output timesteps (val_loss and fr_loss): 50
======================================================================

Epoch 13/30
309/309 ━━━━━━━━━━━━━━━━━━━━ 8s 25ms/step - mae: 0.1092 - mse: 0.0199 - loss: 0.0266 - val_loss: 0.0199
Epoch 14/30
309/309 ━━━━━━━━━━━━━━━━━━━━ 11s 37ms/step - mae: 0.1048 - mse: 0.0188 - loss: 0.0191 - val_loss: 0.0188 - val_fr_phase_loss_18: 0.2401
[Optuna] trial=7 epoch=14 val_fr_phase_loss_18=0.240099 | median=0.349299 (n=7, p25=0.323492, p75=0.528002) | margin=-0.109201 (-31.26%)
Epoch 15/30
309/309 ━━━━━━━━━━━━━━━━━━━━ 11s 37ms/step - mae: 0.0997 - mse: 0.0172 - loss: 0.0168 - val_loss: 0.0172 - val_fr_target_loss_50: 1.0804 - val_fr_curve_loss_10: 0.0816 - val_fr_curve_loss_20: 0.2843 - val_fr_curve_loss_30: 0.5555 - val_fr_curve_loss_50: 1.0673

======================================================================
   PHASE 7/12: teacher_forcing
   Epochs: 2
   Learning Rate: 0.0008183591298101358
   Clipping Norm: 0.181357308677834
   Horizon (train loss): 25
   Output timesteps (val_loss and fr_loss): 50
======================================================================

Epoch 16/30
309/309 ━━━━━━━━━━━━━━━━━━━━ 8s 25ms/step - mae: 0.0576 - mse: 0.0054 - loss: 0.0063 - val_loss: 0.0054
Epoch 17/30
309/309 ━━━━━━━━━━━━━━━━━━━━ 11s 36ms/step - mae: 0.0513 - mse: 0.0043 - loss: 0.0038 - val_loss: 0.0043 - val_fr_phase_loss_25: 0.5528 - val_fr_target_loss_50: 1.3325 - val_fr_curve_loss_10: 0.0937 - val_fr_curve_loss_20: 0.3759 - val_fr_curve_loss_30: 0.7355 - val_fr_curve_loss_50: 1.3322
[Optuna] trial=7 epoch=17 val_fr_phase_loss_25=0.552836 | median=0.39957 (n=7, p25=0.385984, p75=0.712081) | margin=+0.153266 (+38.36%)

======================================================================
   PHASE 8/12: masked_modeling
   Mask Prob: 0.2
   Mask Scope: time
   Mask Mode: noise
   Mask Value: None
   Noise Sigma: 0.1
   Noise Replace: False
   Epochs: 3
   Learning Rate: 0.0004091795649050679
   Clipping Norm: 0.13601798150837552
   Horizon (train loss): 25
   Output timesteps (val_loss and fr_loss): 50
======================================================================

Epoch 18/30
309/309 ━━━━━━━━━━━━━━━━━━━━ 8s 25ms/step - mae: 0.0449 - mse: 0.0033 - loss: 0.0039 - val_loss: 0.0033
Epoch 19/30
309/309 ━━━━━━━━━━━━━━━━━━━━ 11s 37ms/step - mae: 0.0445 - mse: 0.0032 - loss: 0.0037 - val_loss: 0.0032 - val_fr_phase_loss_25: 0.3425
[Optuna] trial=7 epoch=19 val_fr_phase_loss_25=0.342474 | median=0.350665 (n=7, p25=0.338, p75=0.546707) | margin=-0.00819016 (-2.34%)
Epoch 20/30
309/309 ━━━━━━━━━━━━━━━━━━━━ 11s 36ms/step - mae: 0.0439 - mse: 0.0031 - loss: 0.0036 - val_loss: 0.0031 - val_fr_target_loss_50: 0.9555 - val_fr_curve_loss_10: 0.0596 - val_fr_curve_loss_20: 0.2374 - val_fr_curve_loss_30: 0.4925 - val_fr_curve_loss_50: 0.9603

======================================================================
   PHASE 9/12: teacher_forcing
   Epochs: 2
   Learning Rate: 0.0008183591298101358
   Clipping Norm: 0.181357308677834
   Horizon (train loss): 38
   Output timesteps (val_loss and fr_loss): 50
======================================================================

Epoch 21/30
309/309 ━━━━━━━━━━━━━━━━━━━━ 8s 25ms/step - mae: 0.0447 - mse: 0.0032 - loss: 0.0028 - val_loss: 0.0032
Epoch 22/30
309/309 ━━━━━━━━━━━━━━━━━━━━ 11s 37ms/step - mae: 0.0418 - mse: 0.0028 - loss: 0.0022 - val_loss: 0.0028 - val_fr_phase_loss_38: 1.0766 - val_fr_target_loss_50: 1.3897 - val_fr_curve_loss_10: 0.1007 - val_fr_curve_loss_20: 0.4255 - val_fr_curve_loss_30: 0.8178 - val_fr_curve_loss_50: 1.3869
[Optuna] trial=7 epoch=22 val_fr_phase_loss_38=1.07656 | median=0.688546 (n=7, p25=0.688432, p75=0.81731) | margin=+0.388015 (+56.35%)

======================================================================
   PHASE 10/12: masked_modeling
   Mask Prob: 0.25
   Mask Scope: time
   Mask Mode: noise
   Mask Value: None
   Noise Sigma: 0.1
   Noise Replace: False
   Epochs: 3
   Learning Rate: 0.00032734365192405436
   Clipping Norm: 0.1269501160744838
   Horizon (train loss): 38
   Output timesteps (val_loss and fr_loss): 50
======================================================================

Epoch 23/30
309/309 ━━━━━━━━━━━━━━━━━━━━ 8s 25ms/step - mae: 0.0373 - mse: 0.0023 - loss: 0.0036 - val_loss: 0.0023
Epoch 24/30
309/309 ━━━━━━━━━━━━━━━━━━━━ 11s 36ms/step - mae: 0.0374 - mse: 0.0023 - loss: 0.0033 - val_loss: 0.0023 - val_fr_phase_loss_38: 0.5579
[Optuna] trial=7 epoch=24 val_fr_phase_loss_38=0.557885 | median=0.595817 (n=7, p25=0.581213, p75=0.743443) | margin=-0.0379321 (-6.37%)
Epoch 25/30
309/309 ━━━━━━━━━━━━━━━━━━━━ 11s 37ms/step - mae: 0.0375 - mse: 0.0023 - loss: 0.0032 - val_loss: 0.0023 - val_fr_target_loss_50: 0.8735 - val_fr_curve_loss_10: 0.0470 - val_fr_curve_loss_20: 0.1920 - val_fr_curve_loss_30: 0.4189 - val_fr_curve_loss_50: 0.8771

======================================================================
   PHASE 11/12: teacher_forcing
   Epochs: 2
   Learning Rate: 0.0008183591298101358
   Clipping Norm: 0.181357308677834
   Horizon (train loss): 50
   Output timesteps (val_loss and fr_loss): 50
======================================================================

Epoch 26/30
309/309 ━━━━━━━━━━━━━━━━━━━━ 8s 25ms/step - mae: 0.0377 - mse: 0.0023 - loss: 0.0024 - val_loss: 0.0023
Epoch 27/30
309/309 ━━━━━━━━━━━━━━━━━━━━ 11s 36ms/step - mae: 0.0341 - mse: 0.0019 - loss: 0.0016 - val_loss: 0.0019 - val_fr_phase_loss_50: 1.3851 - val_fr_target_loss_50: 1.3974 - val_fr_curve_loss_10: 0.0919 - val_fr_curve_loss_20: 0.4121 - val_fr_curve_loss_30: 0.8114 - val_fr_curve_loss_50: 1.3856
[Optuna] trial=7 epoch=27 val_fr_phase_loss_50=1.38512 | median=0.948948 (n=7, p25=0.919371, p75=1.10055) | margin=+0.436171 (+45.96%)

======================================================================
   PHASE 12/12: masked_modeling
   Mask Prob: 0.25
   Mask Scope: time
   Mask Mode: noise
   Mask Value: None
   Noise Sigma: 0.1
   Noise Replace: True
   Epochs: 3
   Learning Rate: 0.0002946092867316489
   Clipping Norm: 0.1178822506405921
   Horizon (train loss): 50
   Output timesteps (val_loss and fr_loss): 50
======================================================================

Epoch 28/30
309/309 ━━━━━━━━━━━━━━━━━━━━ 8s 25ms/step - mae: 0.1675 - mse: 0.0484 - loss: 0.0535 - val_loss: 0.0484
Epoch 29/30
309/309 ━━━━━━━━━━━━━━━━━━━━ 11s 37ms/step - mae: 0.1338 - mse: 0.0314 - loss: 0.0316 - val_loss: 0.0314 - val_fr_phase_loss_50: 1.1159
[Optuna] trial=7 epoch=29 val_fr_phase_loss_50=1.11595 | median=1.47794 (n=7, p25=1.22914, p75=1.7856) | margin=-0.361992 (-24.49%)
Epoch 30/30
309/309 ━━━━━━━━━━━━━━━━━━━━ 11s 37ms/step - mae: 0.1147 - mse: 0.0230 - loss: 0.0240 - val_loss: 0.0230 - val_fr_target_loss_50: 0.9768 - val_fr_curve_loss_10: 0.0573 - val_fr_curve_loss_20: 0.2127 - val_fr_curve_loss_30: 0.4457 - val_fr_curve_loss_50: 0.9739
Final loss: 0.0240
Predicting all test samples in free_running mode...
  X shape: (2280, 200, 55)
  Y shape: (2280, 50, 55)
  Pred shape: (2280, 50, 55)

 step | target                | pred                  | abs_err
------|-----------------------|-----------------------|----------------------
   25 | [ 4.139746e-01  2.252291e+00  7.680922e-02 -1.082321e+00  1.330184e-01
 -2.749080e-01  6.398940e-01 -1.222357e+00  1.964076e+00  2.024013e-01
 -1.249584e+00  1.684962e-01  6.261574e-01  7.681609e-01 -1.833026e+00
  4.305243e-01 -6.649562e-01  3.213241e-02 -4.315943e-01 -9.406051e-01
 -3.335454e-01  8.885246e-01  1.287808e+00  7.899810e-01 -2.762157e-01
  1.005897e+00 -2.825402e-01 -5.396542e-01 -1.754732e-01  2.526159e-01
 -1.215466e+00 -7.651589e-01 -1.200358e-01  4.952903e-01 -4.308359e-01
 -7.325999e-01  1.170439e+00  1.235309e+00 -8.311886e-01 -7.979621e-01
 -9.821695e-01  2.076884e-01  3.238765e-01 -1.923588e-01 -4.145486e-01
 -3.828006e-01 -3.487313e-02  1.245124e-03  1.581712e-01  5.641804e-01
  2.155083e-01 -1.144052e-01 -1.354365e+00 -3.214316e-01 -1.550427e+00] | [-0.118767  1.91357   0.821007 -1.1429   -0.501301 -0.559741 -0.187924
 -1.957017  2.641039  0.165056 -1.356369  3.144185  0.916107 -1.058452
  1.507365 -3.186824 -0.856721 -0.517137 -1.600804 -0.94015  -1.124993
  1.699924  1.703003 -0.951476 -0.368164  0.951492 -1.137647 -0.917378
 -0.539083  0.032655 -0.447651 -0.426384  1.408453  1.272959 -0.035863
 -0.275363  0.131982  1.90951  -0.2596   -0.243367 -0.169331  1.382691
  1.42483  -0.787221  4.09951   1.069858 -0.746348  0.711698  0.477044
  1.294329 -1.432685  1.881141 -1.37877   0.345269 -1.516044] | [5.327412e-01 3.387209e-01 7.441977e-01 6.057894e-02 6.343195e-01
 2.848325e-01 8.278176e-01 7.346605e-01 6.769626e-01 3.734486e-02
 1.067851e-01 2.975689e+00 2.899494e-01 1.826613e+00 3.340391e+00
 3.617348e+00 1.917649e-01 5.492696e-01 1.169209e+00 4.549026e-04
 7.914472e-01 8.113993e-01 4.151953e-01 1.741457e+00 9.194848e-02
 5.440485e-02 8.551065e-01 3.777239e-01 3.636100e-01 2.199610e-01
 7.678149e-01 3.387744e-01 1.528489e+00 7.776682e-01 3.949732e-01
 4.572365e-01 1.038457e+00 6.742011e-01 5.715883e-01 5.545951e-01
 8.128386e-01 1.175002e+00 1.100953e+00 5.948622e-01 4.514058e+00
 1.452659e+00 7.114745e-01 7.104527e-01 3.188726e-01 7.301484e-01
 1.648193e+00 1.995547e+00 2.440488e-02 6.667005e-01 3.438318e-02]
   26 | [ 0.433902  2.276946  0.062718 -1.073421  0.149295 -0.261739  0.66411
 -1.190588  1.970693  0.211786 -1.280325  0.091743  0.630177  0.811665
 -1.905444  0.590891 -0.648677  0.010101 -0.341095 -0.950394 -0.271225
  0.842781  1.340023  0.789891 -0.296955  0.983707 -0.332591 -0.535192
 -0.171397  0.217021 -1.236176 -0.75049  -0.169815  0.501318 -0.449502
 -0.772153  1.203705  1.218394 -0.873595 -0.731515 -1.003057  0.192291
  0.338178 -0.172599 -0.562203 -0.409968  0.071482 -0.035004  0.178969
  0.522649  0.281281 -0.172402 -1.38113  -0.280718 -1.561255] | [-0.153247  1.936818  0.830026 -1.144528 -0.495182 -0.563058 -0.210433
 -1.981216  2.68196   0.17584  -1.383909  3.174489  0.90015  -1.094586
  1.517317 -3.194653 -0.878746 -0.565735 -1.629664 -0.947311 -1.108759
  1.697829  1.734037 -1.007734 -0.37028   0.936447 -1.159969 -0.934066
 -0.564079  0.031589 -0.409163 -0.361366  1.439356  1.288295 -0.036823
 -0.254194  0.089789  1.942568 -0.305476 -0.221462 -0.16453   1.388459
  1.471528 -0.800448  4.13943   1.118721 -0.7191    0.716341  0.493425
  1.304704 -1.399844  1.873551 -1.382816  0.392715 -1.512041] | [5.871499e-01 3.401283e-01 7.673082e-01 7.110727e-02 6.444771e-01
 3.013199e-01 8.745432e-01 7.906272e-01 7.112675e-01 3.594655e-02
 1.035838e-01 3.082745e+00 2.699725e-01 1.906252e+00 3.422761e+00
 3.785545e+00 2.300683e-01 5.758365e-01 1.288569e+00 3.083408e-03
 8.375341e-01 8.550488e-01 3.940139e-01 1.797625e+00 7.332450e-02
 4.725957e-02 8.273780e-01 3.988736e-01 3.926818e-01 1.854328e-01
 8.270136e-01 3.891238e-01 1.609171e+00 7.869768e-01 4.126788e-01
 5.179593e-01 1.113916e+00 7.241744e-01 5.681190e-01 5.100527e-01
 8.385270e-01 1.196168e+00 1.133350e+00 6.278492e-01 4.701632e+00
 1.528688e+00 7.905818e-01 7.513451e-01 3.144558e-01 7.820551e-01
 1.681125e+00 2.045953e+00 1.686335e-03 6.734339e-01 4.921424e-02]
   27 | [ 0.45137   2.29779   0.046898 -1.065959  0.163722 -0.251176  0.686906
 -1.158318  1.973541  0.218812 -1.306769  0.020961  0.635355  0.846673
 -1.973424  0.752938 -0.63128  -0.009811 -0.250043 -0.95588  -0.208485
  0.794828  1.389242  0.786713 -0.314912  0.961981 -0.384025 -0.528408
 -0.166389  0.176889 -1.255981 -0.733755 -0.216556  0.503603 -0.465744
 -0.812322  1.237801  1.200935 -0.913572 -0.661274 -1.020813  0.176508
  0.350492 -0.15451  -0.707661 -0.434216  0.179125 -0.073381  0.197581
  0.481679  0.341621 -0.226467 -1.405437 -0.237464 -1.567991] | [-0.190031  1.961899  0.834723 -1.145879 -0.491447 -0.57113  -0.23494
 -2.003971  2.721327  0.186073 -1.407372  3.204396  0.88359  -1.129872
  1.525139 -3.198308 -0.902512 -0.612258 -1.662084 -0.952303 -1.092532
  1.694027  1.764591 -1.059668 -0.370045  0.917996 -1.179113 -0.94974
 -0.589709  0.030689 -0.370689 -0.297142  1.47094   1.298556 -0.035593
 -0.229808  0.046447  1.973226 -0.351882 -0.202093 -0.156181  1.393092
  1.518099 -0.812671  4.178519  1.170195 -0.691629  0.718975  0.50527
  1.31707  -1.365704  1.863672 -1.387468  0.438701 -1.505105] | [6.414003e-01 3.358910e-01 7.878247e-01 7.991982e-02 6.551693e-01
 3.199541e-01 9.218458e-01 8.456537e-01 7.477856e-01 3.273901e-02
 1.006026e-01 3.183435e+00 2.482347e-01 1.976544e+00 3.498563e+00
 3.951246e+00 2.712319e-01 6.024467e-01 1.412041e+00 3.576577e-03
 8.840466e-01 8.991988e-01 3.753494e-01 1.846381e+00 5.513290e-02
 4.398495e-02 7.950881e-01 4.213319e-01 4.233199e-01 1.461999e-01
 8.852922e-01 4.366131e-01 1.687496e+00 7.949527e-01 4.301515e-01
 5.825143e-01 1.191354e+00 7.722908e-01 5.616899e-01 4.591804e-01
 8.646317e-01 1.216584e+00 1.167607e+00 6.581613e-01 4.886180e+00
 1.604411e+00 8.707533e-01 7.923554e-01 3.076885e-01 8.353916e-01
 1.707325e+00 2.090139e+00 1.796901e-02 6.761649e-01 6.288612e-02]
   28 | [ 0.466327  2.314783  0.029422 -1.059933  0.176249 -0.243234  0.708319
 -1.125542  1.97265   0.223477 -1.328843 -0.043589  0.641445  0.873025
 -2.036825  0.915869 -0.612772 -0.027353 -0.158771 -0.957077 -0.145636
  0.744967  1.435167  0.780424 -0.32991   0.940997 -0.436465 -0.519352
 -0.160183  0.132539 -1.274543 -0.714768 -0.260126  0.501926 -0.479514
 -0.852827  1.272629  1.183048 -0.950983 -0.587688 -1.035382  0.160153
  0.360566 -0.138091 -0.850494 -0.455552  0.287429 -0.113708  0.214089
  0.44125   0.396277 -0.27644  -1.427296 -0.191884 -1.570648] | [-2.285381e-01  1.986806e+00  8.377612e-01 -1.147409e+00 -4.894470e-01
 -5.811387e-01 -2.605151e-01 -2.026388e+00  2.759307e+00  1.953716e-01
 -1.427643e+00  3.232370e+00  8.673298e-01 -1.165412e+00  1.532382e+00
 -3.198539e+00 -9.262459e-01 -6.581507e-01 -1.698019e+00 -9.551884e-01
 -1.075870e+00  1.690280e+00  1.794955e+00 -1.108841e+00 -3.674868e-01
  8.973246e-01 -1.197285e+00 -9.645315e-01 -6.150471e-01  2.993392e-02
 -3.329546e-01 -2.342589e-01  1.501734e+00  1.305731e+00 -3.228059e-02
 -2.026364e-01  9.166356e-05  2.001602e+00 -3.987348e-01 -1.841867e-01
 -1.459766e-01  1.395652e+00  1.564685e+00 -8.253223e-01  4.218827e+00
  1.222561e+00 -6.639414e-01  7.216799e-01  5.147750e-01  1.330240e+00
 -1.332067e+00  1.852359e+00 -1.391282e+00  4.838310e-01 -1.495999e+00] | [6.948654e-01 3.279771e-01 8.083389e-01 8.747625e-02 6.656960e-01
 3.379048e-01 9.688342e-01 9.008468e-01 7.866563e-01 2.810507e-02
 9.880018e-02 3.275959e+00 2.258849e-01 2.038438e+00 3.569207e+00
 4.114408e+00 3.134736e-01 6.307982e-01 1.539247e+00 1.888931e-03
 9.302344e-01 9.453133e-01 3.597877e-01 1.889265e+00 3.757635e-02
 4.367280e-02 7.608201e-01 4.451794e-01 4.548644e-01 1.026053e-01
 9.415885e-01 4.805087e-01 1.761860e+00 8.038048e-01 4.472330e-01
 6.501909e-01 1.272538e+00 8.185543e-01 5.522480e-01 4.035015e-01
 8.894057e-01 1.235499e+00 1.204119e+00 6.872310e-01 5.069321e+00
 1.678114e+00 9.513704e-01 8.353879e-01 3.006855e-01 8.889909e-01
 1.728344e+00 2.128799e+00 3.601372e-02 6.757150e-01 7.464850e-02]
   29 | [ 0.478732  2.32789   0.010362 -1.055353  0.186818 -0.237931  0.728378
 -1.09227   1.968046  0.225786 -1.346491 -0.1017    0.648197  0.890628
 -2.095523  1.078877 -0.593175 -0.042284 -0.067607 -0.95402  -0.082985
  0.693516  1.47754   0.771024 -0.341791  0.921028 -0.489508 -0.508082
 -0.152506  0.084329 -1.291529 -0.693373 -0.30041   0.496102 -0.49077
 -0.893374  1.308082  1.164834 -0.985713 -0.511238 -1.046716  0.143051
  0.368166 -0.123325 -0.990295 -0.473989  0.395794 -0.155784  0.228586
  0.401343  0.445038 -0.322183 -1.446722 -0.144214 -1.56925 ] | [-0.268611  2.011585  0.839319 -1.149043 -0.489176 -0.592996 -0.287028
 -2.048468  2.795868  0.203606 -1.444902  3.25835   0.851457 -1.201131
  1.539231 -3.195841 -0.949765 -0.703363 -1.736991 -0.956244 -1.058991
  1.686691  1.825216 -1.155356 -0.362839  0.874406 -1.214515 -0.978413
 -0.63998   0.029233 -0.296117 -0.172773  1.531883  1.310003 -0.027109
 -0.172932 -0.049001  2.027722 -0.445789 -0.167475 -0.133908  1.396097
  1.611237 -0.838251  4.260405  1.275477 -0.636296  0.724522  0.522211
  1.344093 -1.298955  1.839807 -1.39446   0.528063 -1.484756] | [7.473423e-01 3.163056e-01 8.289573e-01 9.368932e-02 6.759936e-01
 3.550645e-01 1.015406e+00 9.561985e-01 8.278226e-01 2.217925e-02
 9.841144e-02 3.360050e+00 2.032600e-01 2.091759e+00 3.634754e+00
 4.274718e+00 3.565899e-01 6.610792e-01 1.669384e+00 2.223432e-03
 9.760062e-01 9.931744e-01 3.476753e-01 1.926380e+00 2.104837e-02
 4.662186e-02 7.250076e-01 4.703314e-01 4.874740e-01 5.509617e-02
 9.954128e-01 5.205992e-01 1.832292e+00 8.139005e-01 4.636610e-01
 7.204421e-01 1.357083e+00 8.628887e-01 5.399245e-01 3.437633e-01
 9.128087e-01 1.253046e+00 1.243071e+00 7.149256e-01 5.250700e+00
 1.749466e+00 1.032090e+00 8.803056e-01 2.936260e-01 9.427505e-01
 1.743993e+00 2.161990e+00 5.226147e-02 6.722773e-01 8.449399e-02]
model built: True
num weights: 38
{'mae': [0.3209514021873474, 0.16711018979549408, 0.14091967046260834, 0.12401366233825684, 0.1146940067410469, 0.110602006316185, 0.08891460299491882, 0.1238376647233963, 0.1220637857913971, 0.11357001215219498, 0.07483646273612976, 0.06342871487140656, 0.10918489843606949, 0.10475141555070877, 0.09969395399093628, 0.05756578966975212, 0.05126753821969032, 0.04486072435975075, 0.0445222407579422, 0.04389474168419838, 0.044656794518232346, 0.04175321385264397, 0.037254974246025085, 0.037424057722091675, 0.0375441238284111, 0.037721388041973114, 0.0340660884976387, 0.16753564774990082, 0.1337805837392807, 0.11466430127620697], 'mse': [0.16426344215869904, 0.045263390988111496, 0.03202700614929199, 0.024952657520771027, 0.021434785798192024, 0.019971072673797607, 0.01270399708300829, 0.025230133906006813, 0.024428078904747963, 0.021205909550189972, 0.009071934968233109, 0.00650913966819644, 0.01991991326212883, 0.01877649500966072, 0.017180347815155983, 0.005392863880842924, 0.004281408619135618, 0.0033055925741791725, 0.003243389306589961, 0.003144114278256893, 0.0032328942324966192, 0.0028492645360529423, 0.002286698902025819, 0.0022953033912926912, 0.0023016079794615507, 0.0023258375003933907, 0.001900619245134294, 0.04842372238636017, 0.031368792057037354, 0.022961394861340523], 'loss': [0.3900250792503357, 0.07898730784654617, 0.03993987292051315, 0.028001565486192703, 0.022326678037643433, 0.02545880898833275, 0.013615066185593605, 0.032612141221761703, 0.02527586556971073, 0.02229520119726658, 0.01143428310751915, 0.006330826319754124, 0.02661004662513733, 0.01912744529545307, 0.016814831644296646, 0.006347524467855692, 0.0037792986258864403, 0.0038531015161424875, 0.003672174643725157, 0.003580900840461254, 0.002796357497572899, 0.002210295991972089, 0.00359247880987823, 0.003263138234615326, 0.003184206783771515, 0.0024434674996882677, 0.001564979087561369, 0.05354754254221916, 0.031600210815668106, 0.023995358496904373], 'val_loss': [0.16426344215869904, 0.045263390988111496, 0.032027002424001694, 0.024952657520771027, 0.021434785798192024, 0.019971072673797607, 0.01270399708300829, 0.025230135768651962, 0.024428080767393112, 0.021205909550189972, 0.009071934036910534, 0.00650913966819644, 0.01991991326212883, 0.01877649500966072, 0.017180347815155983, 0.005392863880842924, 0.0042814090847969055, 0.00330559303984046, 0.0032433895394206047, 0.003144114278256893, 0.0032328942324966192, 0.0028492645360529423, 0.002286698669195175, 0.0022953033912926912, 0.002301607746630907, 0.0023258375003933907, 0.001900619245134294, 0.04842372238636017, 0.031368792057037354, 0.022961392998695374], 'val_fr_phase_loss_5': [nan, 0.07548503577709198, nan, 0.0409279428422451, nan], 'val_fr_target_loss_50': [nan, 1.0739799737930298, nan, nan, 1.1242786645889282, nan, 1.1038047075271606, nan, nan, 1.1663472652435303, nan, 1.251091480255127, nan, nan, 1.080414056777954, nan, 1.3324834108352661, nan, nan, 0.9554672241210938, nan, 1.3896822929382324, nan, nan, 0.8735137581825256, nan, 1.3974066972732544, nan, nan, 0.9768068194389343], 'val_fr_curve_loss_10': [nan, 0.15843196213245392, nan, nan, 0.08832325041294098, nan, 0.11654890328645706, nan, nan, 0.08873072266578674, nan, 0.10724063962697983, nan, nan, 0.08159055560827255, nan, 0.09365518391132355, nan, nan, 0.05962071567773819, nan, 0.10069184750318527, nan, nan, 0.04695288836956024, nan, 0.09190165996551514, nan, nan, 0.05727331340312958], 'val_fr_curve_loss_20': [nan, 0.3980339467525482, nan, nan, 0.2924683094024658, nan, 0.3592427968978882, nan, nan, 0.29740455746650696, nan, 0.37818673253059387, nan, nan, 0.2842753827571869, nan, 0.37586966156959534, nan, nan, 0.2373887300491333, nan, 0.4255252778530121, nan, nan, 0.19200539588928223, nan, 0.41213515400886536, nan, nan, 0.2127484381198883], 'val_fr_curve_loss_30': [nan, 0.6514551043510437, nan, nan, 0.5728042125701904, nan, 0.6373397707939148, nan, nan, 0.5866041779518127, nan, 0.7035809755325317, nan, nan, 0.5554907321929932, nan, 0.7355164885520935, nan, nan, 0.49253636598587036, nan, 0.8177644610404968, nan, nan, 0.418853223323822, nan, 0.8114054203033447, nan, nan, 0.44574499130249023], 'val_fr_curve_loss_50': [nan, 1.0512349605560303, nan, nan, 1.1084065437316895, nan, 1.0957667827606201, nan, nan, 1.176432728767395, nan, 1.2466342449188232, nan, nan, 1.0672651529312134, nan, 1.3321802616119385, nan, nan, 0.9603002667427063, nan, 1.386880874633789, nan, nan, 0.8771495223045349, nan, 1.3856399059295654, nan, nan, 0.9738807678222656], 'val_fr_phase_loss_12': [nan, 0.15567345917224884, nan, 0.13294380903244019, nan], 'val_fr_phase_loss_18': [nan, 0.3066215217113495, nan, 0.2400987595319748, nan], 'val_fr_phase_loss_25': [nan, 0.552836000919342, nan, 0.3424743711948395, nan], 'val_fr_phase_loss_38': [nan, 1.076561689376831, nan, 0.5578845143318176, nan], 'val_fr_phase_loss_50': [nan, 1.3851187229156494, nan, 1.1159454584121704, nan]}
Saved artifacts to: runs/tuning/full_seq_lstm_lvl1/trial_0007
