--- Number of Windows for Train = 9880
--- Number of Windows for Val = 3040
--- Number of Windows for Test = 2280
--- Curriculum = [5, 5, 12, 12, 18, 18, 25, 25, 38, 38, 50, 50]
--- fr_curve Outsteps = [10, 20, 30, 50]

--- Training: lstm_fullseq_30ep [LSTM/FC/FULL_SEQ]  ---

======================================================================
   PHASE 1/12: teacher_forcing
   Epochs: 2
   Learning Rate: 5.987786286703925e-05
   Clipping Norm: 1.7254716573280358
   Horizon (train loss): 5
   Output timesteps (val_loss and fr_loss): 50
======================================================================

Epoch 1/30
309/309 ━━━━━━━━━━━━━━━━━━━━ 18s 29ms/step - mae: 0.6449 - mse: 0.6635 - loss: 0.7936 - val_loss: 0.6635
Epoch 2/30
309/309 ━━━━━━━━━━━━━━━━━━━━ 12s 38ms/step - mae: 0.5411 - mse: 0.4667 - loss: 0.5631 - val_loss: 0.4667 - val_fr_phase_loss_5: 0.4900 - val_fr_target_loss_50: 0.8997 - val_fr_curve_loss_10: 0.5451 - val_fr_curve_loss_20: 0.6646 - val_fr_curve_loss_30: 0.7654 - val_fr_curve_loss_50: 0.8937
[Optuna] trial=0 epoch=2 val_fr_phase_loss_5=0.490001 | no history yet

======================================================================
   PHASE 2/12: masked_modeling
   Mask Prob: 0.1
   Mask Scope: time
   Mask Mode: constant
   Mask Value: 0.2
   Noise Sigma: None
   Noise Replace: False
   Epochs: 3
   Learning Rate: 4.79022902936314e-05
   Clipping Norm: 1.5529244915952323
   Horizon (train loss): 5
   Output timesteps (val_loss and fr_loss): 50
======================================================================

Epoch 3/30
309/309 ━━━━━━━━━━━━━━━━━━━━ 8s 25ms/step - mae: 0.4724 - mse: 0.3546 - loss: 0.3936 - val_loss: 0.3546
Epoch 4/30
309/309 ━━━━━━━━━━━━━━━━━━━━ 11s 36ms/step - mae: 0.4217 - mse: 0.2823 - loss: 0.3011 - val_loss: 0.2823 - val_fr_phase_loss_5: 0.3081
[Optuna] trial=0 epoch=4 val_fr_phase_loss_5=0.308089 | no history yet
Epoch 5/30
309/309 ━━━━━━━━━━━━━━━━━━━━ 11s 36ms/step - mae: 0.3808 - mse: 0.2309 - loss: 0.2399 - val_loss: 0.2309 - val_fr_target_loss_50: 0.8629 - val_fr_curve_loss_10: 0.3379 - val_fr_curve_loss_20: 0.5252 - val_fr_curve_loss_30: 0.6761 - val_fr_curve_loss_50: 0.8584

======================================================================
   PHASE 3/12: teacher_forcing
   Epochs: 2
   Learning Rate: 5.987786286703925e-05
   Clipping Norm: 1.7254716573280358
   Horizon (train loss): 12
   Output timesteps (val_loss and fr_loss): 50
======================================================================

Epoch 6/30
309/309 ━━━━━━━━━━━━━━━━━━━━ 8s 24ms/step - mae: 0.3636 - mse: 0.2112 - loss: 0.2245 - val_loss: 0.2112
Epoch 7/30
309/309 ━━━━━━━━━━━━━━━━━━━━ 11s 36ms/step - mae: 0.3288 - mse: 0.1732 - loss: 0.1738 - val_loss: 0.1732 - val_fr_phase_loss_12: 0.2681 - val_fr_target_loss_50: 0.9239 - val_fr_curve_loss_10: 0.2469 - val_fr_curve_loss_20: 0.4053 - val_fr_curve_loss_30: 0.5915 - val_fr_curve_loss_50: 0.9169
[Optuna] trial=0 epoch=7 val_fr_phase_loss_12=0.268146 | no history yet

======================================================================
   PHASE 4/12: masked_modeling
   Mask Prob: 0.15
   Mask Scope: time
   Mask Mode: constant
   Mask Value: 0.2
   Noise Sigma: None
   Noise Replace: False
   Epochs: 3
   Learning Rate: 4.1914504006927473e-05
   Clipping Norm: 1.4666509087288304
   Horizon (train loss): 12
   Output timesteps (val_loss and fr_loss): 50
======================================================================

Epoch 8/30
309/309 ━━━━━━━━━━━━━━━━━━━━ 8s 24ms/step - mae: 0.3113 - mse: 0.1552 - loss: 0.1506 - val_loss: 0.1552
Epoch 9/30
309/309 ━━━━━━━━━━━━━━━━━━━━ 11s 36ms/step - mae: 0.2936 - mse: 0.1381 - loss: 0.1323 - val_loss: 0.1381 - val_fr_phase_loss_12: 0.2504
[Optuna] trial=0 epoch=9 val_fr_phase_loss_12=0.250377 | no history yet
Epoch 10/30
309/309 ━━━━━━━━━━━━━━━━━━━━ 11s 35ms/step - mae: 0.2771 - mse: 0.1231 - loss: 0.1174 - val_loss: 0.1231 - val_fr_target_loss_50: 1.0298 - val_fr_curve_loss_10: 0.2054 - val_fr_curve_loss_20: 0.3968 - val_fr_curve_loss_30: 0.6190 - val_fr_curve_loss_50: 1.0175

======================================================================
   PHASE 5/12: teacher_forcing
   Epochs: 2
   Learning Rate: 5.987786286703925e-05
   Clipping Norm: 1.7254716573280358
   Horizon (train loss): 18
   Output timesteps (val_loss and fr_loss): 50
======================================================================

Epoch 11/30
309/309 ━━━━━━━━━━━━━━━━━━━━ 7s 24ms/step - mae: 0.2595 - mse: 0.1082 - loss: 0.1071 - val_loss: 0.1082
Epoch 12/30
309/309 ━━━━━━━━━━━━━━━━━━━━ 11s 35ms/step - mae: 0.2345 - mse: 0.0883 - loss: 0.0855 - val_loss: 0.0883 - val_fr_phase_loss_18: 0.2859 - val_fr_target_loss_50: 0.8834 - val_fr_curve_loss_10: 0.1651 - val_fr_curve_loss_20: 0.3223 - val_fr_curve_loss_30: 0.5134 - val_fr_curve_loss_50: 0.8681
[Optuna] trial=0 epoch=12 val_fr_phase_loss_18=0.28587 | no history yet

======================================================================
   PHASE 6/12: masked_modeling
   Mask Prob: 0.2
   Mask Scope: time
   Mask Mode: constant
   Mask Value: 0.2
   Noise Sigma: None
   Noise Replace: False
   Epochs: 3
   Learning Rate: 3.5926717720223546e-05
   Clipping Norm: 1.3803773258624288
   Horizon (train loss): 18
   Output timesteps (val_loss and fr_loss): 50
======================================================================

Epoch 13/30
309/309 ━━━━━━━━━━━━━━━━━━━━ 7s 24ms/step - mae: 0.2394 - mse: 0.0915 - loss: 0.0866 - val_loss: 0.0915
Epoch 14/30
309/309 ━━━━━━━━━━━━━━━━━━━━ 11s 36ms/step - mae: 0.2312 - mse: 0.0854 - loss: 0.0784 - val_loss: 0.0854 - val_fr_phase_loss_18: 0.3707
[Optuna] trial=0 epoch=14 val_fr_phase_loss_18=0.370721 | no history yet
Epoch 15/30
309/309 ━━━━━━━━━━━━━━━━━━━━ 11s 36ms/step - mae: 0.2229 - mse: 0.0794 - loss: 0.0725 - val_loss: 0.0794 - val_fr_target_loss_50: 1.1921 - val_fr_curve_loss_10: 0.1831 - val_fr_curve_loss_20: 0.4169 - val_fr_curve_loss_30: 0.6824 - val_fr_curve_loss_50: 1.1671

======================================================================
   PHASE 7/12: teacher_forcing
   Epochs: 2
   Learning Rate: 5.987786286703925e-05
   Clipping Norm: 1.7254716573280358
   Horizon (train loss): 25
   Output timesteps (val_loss and fr_loss): 50
======================================================================

Epoch 16/30
309/309 ━━━━━━━━━━━━━━━━━━━━ 7s 24ms/step - mae: 0.1885 - mse: 0.0571 - loss: 0.0556 - val_loss: 0.0571
Epoch 17/30
309/309 ━━━━━━━━━━━━━━━━━━━━ 11s 36ms/step - mae: 0.1705 - mse: 0.0468 - loss: 0.0436 - val_loss: 0.0468 - val_fr_phase_loss_25: 0.3996 - val_fr_target_loss_50: 0.8812 - val_fr_curve_loss_10: 0.1323 - val_fr_curve_loss_20: 0.3000 - val_fr_curve_loss_30: 0.5009 - val_fr_curve_loss_50: 0.8696
[Optuna] trial=0 epoch=17 val_fr_phase_loss_25=0.39957 | no history yet

======================================================================
   PHASE 8/12: masked_modeling
   Mask Prob: 0.2
   Mask Scope: time
   Mask Mode: noise
   Mask Value: None
   Noise Sigma: 0.1
   Noise Replace: False
   Epochs: 3
   Learning Rate: 2.9938931433519625e-05
   Clipping Norm: 1.2941037429960267
   Horizon (train loss): 25
   Output timesteps (val_loss and fr_loss): 50
======================================================================

Epoch 18/30
309/309 ━━━━━━━━━━━━━━━━━━━━ 8s 25ms/step - mae: 0.1624 - mse: 0.0425 - loss: 0.0373 - val_loss: 0.0425
Epoch 19/30
309/309 ━━━━━━━━━━━━━━━━━━━━ 11s 37ms/step - mae: 0.1554 - mse: 0.0389 - loss: 0.0340 - val_loss: 0.0389 - val_fr_phase_loss_25: 0.3993
[Optuna] trial=0 epoch=19 val_fr_phase_loss_25=0.399318 | no history yet
Epoch 20/30
309/309 ━━━━━━━━━━━━━━━━━━━━ 11s 36ms/step - mae: 0.1490 - mse: 0.0358 - loss: 0.0311 - val_loss: 0.0358 - val_fr_target_loss_50: 0.9068 - val_fr_curve_loss_10: 0.1246 - val_fr_curve_loss_20: 0.2984 - val_fr_curve_loss_30: 0.5080 - val_fr_curve_loss_50: 0.8961

======================================================================
   PHASE 9/12: teacher_forcing
   Epochs: 2
   Learning Rate: 5.987786286703925e-05
   Clipping Norm: 1.7254716573280358
   Horizon (train loss): 38
   Output timesteps (val_loss and fr_loss): 50
======================================================================

Epoch 21/30
309/309 ━━━━━━━━━━━━━━━━━━━━ 8s 25ms/step - mae: 0.1378 - mse: 0.0306 - loss: 0.0273 - val_loss: 0.0306
Epoch 22/30
309/309 ━━━━━━━━━━━━━━━━━━━━ 11s 37ms/step - mae: 0.1280 - mse: 0.0265 - loss: 0.0232 - val_loss: 0.0265 - val_fr_phase_loss_38: 0.6883 - val_fr_target_loss_50: 0.9258 - val_fr_curve_loss_10: 0.1209 - val_fr_curve_loss_20: 0.3017 - val_fr_curve_loss_30: 0.5174 - val_fr_curve_loss_50: 0.9134
[Optuna] trial=0 epoch=22 val_fr_phase_loss_38=0.688328 | no history yet

======================================================================
   PHASE 10/12: masked_modeling
   Mask Prob: 0.25
   Mask Scope: time
   Mask Mode: noise
   Mask Value: None
   Noise Sigma: 0.1
   Noise Replace: False
   Epochs: 3
   Learning Rate: 2.39511451468157e-05
   Clipping Norm: 1.2078301601296249
   Horizon (train loss): 38
   Output timesteps (val_loss and fr_loss): 50
======================================================================

Epoch 23/30
309/309 ━━━━━━━━━━━━━━━━━━━━ 8s 25ms/step - mae: 0.1240 - mse: 0.0249 - loss: 0.0211 - val_loss: 0.0249
Epoch 24/30
309/309 ━━━━━━━━━━━━━━━━━━━━ 11s 37ms/step - mae: 0.1207 - mse: 0.0236 - loss: 0.0200 - val_loss: 0.0236 - val_fr_phase_loss_38: 0.6910
[Optuna] trial=0 epoch=24 val_fr_phase_loss_38=0.690956 | no history yet
Epoch 25/30
309/309 ━━━━━━━━━━━━━━━━━━━━ 11s 37ms/step - mae: 0.1174 - mse: 0.0223 - loss: 0.0189 - val_loss: 0.0223 - val_fr_target_loss_50: 0.9380 - val_fr_curve_loss_10: 0.1170 - val_fr_curve_loss_20: 0.2994 - val_fr_curve_loss_30: 0.5192 - val_fr_curve_loss_50: 0.9263

======================================================================
   PHASE 11/12: teacher_forcing
   Epochs: 2
   Learning Rate: 5.987786286703925e-05
   Clipping Norm: 1.7254716573280358
   Horizon (train loss): 50
   Output timesteps (val_loss and fr_loss): 50
======================================================================

Epoch 26/30
309/309 ━━━━━━━━━━━━━━━━━━━━ 8s 25ms/step - mae: 0.1101 - mse: 0.0197 - loss: 0.0168 - val_loss: 0.0197
Epoch 27/30
309/309 ━━━━━━━━━━━━━━━━━━━━ 11s 37ms/step - mae: 0.1037 - mse: 0.0175 - loss: 0.0147 - val_loss: 0.0175 - val_fr_phase_loss_50: 0.9435 - val_fr_target_loss_50: 0.9528 - val_fr_curve_loss_10: 0.1152 - val_fr_curve_loss_20: 0.3025 - val_fr_curve_loss_30: 0.5267 - val_fr_curve_loss_50: 0.9400
[Optuna] trial=0 epoch=27 val_fr_phase_loss_50=0.943545 | no history yet

======================================================================
   PHASE 12/12: masked_modeling
   Mask Prob: 0.25
   Mask Scope: time
   Mask Mode: noise
   Mask Value: None
   Noise Sigma: 0.1
   Noise Replace: True
   Epochs: 3
   Learning Rate: 2.155603063213413e-05
   Clipping Norm: 1.1215565772632232
   Horizon (train loss): 50
   Output timesteps (val_loss and fr_loss): 50
======================================================================

Epoch 28/30
309/309 ━━━━━━━━━━━━━━━━━━━━ 8s 25ms/step - mae: 0.1977 - mse: 0.0617 - loss: 0.0678 - val_loss: 0.0617
Epoch 29/30
309/309 ━━━━━━━━━━━━━━━━━━━━ 11s 36ms/step - mae: 0.1986 - mse: 0.0624 - loss: 0.0567 - val_loss: 0.0624 - val_fr_phase_loss_50: 1.6272
[Optuna] trial=0 epoch=29 val_fr_phase_loss_50=1.62725 | no history yet
Epoch 30/30
309/309 ━━━━━━━━━━━━━━━━━━━━ 11s 36ms/step - mae: 0.1980 - mse: 0.0620 - loss: 0.0538 - val_loss: 0.0620 - val_fr_target_loss_50: 1.5837 - val_fr_curve_loss_10: 0.2187 - val_fr_curve_loss_20: 0.5653 - val_fr_curve_loss_30: 0.9322 - val_fr_curve_loss_50: 1.5636
Final loss: 0.0538
Predicting all test samples in free_running mode...
  X shape: (2280, 200, 55)
  Y shape: (2280, 50, 55)
  Pred shape: (2280, 50, 55)

 step | target                | pred                  | abs_err
------|-----------------------|-----------------------|----------------------
   25 | [ 4.139746e-01  2.252291e+00  7.680922e-02 -1.082321e+00  1.330184e-01
 -2.749080e-01  6.398940e-01 -1.222357e+00  1.964076e+00  2.024013e-01
 -1.249584e+00  1.684962e-01  6.261574e-01  7.681609e-01 -1.833026e+00
  4.305243e-01 -6.649562e-01  3.213241e-02 -4.315943e-01 -9.406051e-01
 -3.335454e-01  8.885246e-01  1.287808e+00  7.899810e-01 -2.762157e-01
  1.005897e+00 -2.825402e-01 -5.396542e-01 -1.754732e-01  2.526159e-01
 -1.215466e+00 -7.651589e-01 -1.200358e-01  4.952903e-01 -4.308359e-01
 -7.325999e-01  1.170439e+00  1.235309e+00 -8.311886e-01 -7.979621e-01
 -9.821695e-01  2.076884e-01  3.238765e-01 -1.923588e-01 -4.145486e-01
 -3.828006e-01 -3.487313e-02  1.245124e-03  1.581712e-01  5.641804e-01
  2.155083e-01 -1.144052e-01 -1.354365e+00 -3.214316e-01 -1.550427e+00] | [-2.238410e-02  6.330852e-01 -5.277014e-01 -7.381417e-01 -2.594518e-01
 -4.062297e-01  4.472020e-02 -1.417688e+00  2.642879e+00  2.496031e+00
 -6.704240e-01  2.971996e+00  2.743742e-01 -1.202981e+00  3.225994e-01
 -2.207354e+00  1.359209e+00 -7.971853e-02 -8.518539e-01 -1.014998e+00
 -1.284218e+00  1.396048e+00  6.763066e-01 -3.241142e-01 -8.121600e-01
  1.304222e+00 -1.080388e+00 -2.008042e-01 -1.847135e+00  3.268804e-01
 -8.841652e-01 -1.087521e+00  9.157428e-01  3.045443e+00 -1.096471e+00
 -2.132713e-01  1.321875e+00  3.472394e-01 -2.231640e-03  5.542111e-02
 -5.092970e-01  4.535585e-01  6.895395e-01 -5.553240e-01  3.230465e+00
  9.495084e-01 -1.410720e+00 -4.042348e-01 -1.318815e+00 -4.840876e-01
 -3.208182e+00  1.487790e+00 -1.488579e+00 -4.521438e-01 -1.378503e+00] | [0.436359 1.619206 0.604511 0.34418  0.39247  0.131322 0.595174 0.195331
 0.678803 2.293629 0.57916  2.803499 0.351783 1.971142 2.155625 2.637879
 2.024165 0.111851 0.42026  0.074393 0.950672 0.507523 0.611501 1.114095
 0.535944 0.298325 0.797848 0.33885  1.671662 0.074264 0.331301 0.322362
 1.035779 2.550153 0.665635 0.519329 0.151436 0.888069 0.828957 0.853383
 0.472873 0.24587  0.365663 0.362965 3.645014 1.332309 1.375847 0.40548
 1.476987 1.048268 3.42369  1.602196 0.134214 0.130712 0.171924]
   26 | [ 0.433902  2.276946  0.062718 -1.073421  0.149295 -0.261739  0.66411
 -1.190588  1.970693  0.211786 -1.280325  0.091743  0.630177  0.811665
 -1.905444  0.590891 -0.648677  0.010101 -0.341095 -0.950394 -0.271225
  0.842781  1.340023  0.789891 -0.296955  0.983707 -0.332591 -0.535192
 -0.171397  0.217021 -1.236176 -0.75049  -0.169815  0.501318 -0.449502
 -0.772153  1.203705  1.218394 -0.873595 -0.731515 -1.003057  0.192291
  0.338178 -0.172599 -0.562203 -0.409968  0.071482 -0.035004  0.178969
  0.522649  0.281281 -0.172402 -1.38113  -0.280718 -1.561255] | [-0.029265  0.634824 -0.545023 -0.728169 -0.243769 -0.357741  0.085
 -1.39544   2.655195  2.557782 -0.663981  2.970761  0.179956 -1.183756
  0.25759  -2.205598  1.438287 -0.061507 -0.831169 -1.049836 -1.230415
  1.347943  0.672537 -0.340866 -0.836878  1.342824 -1.087857 -0.170536
 -1.846546  0.34899  -0.900082 -1.081576  0.86679   3.137538 -1.093031
 -0.203155  1.31821   0.335233 -0.059652  0.040432 -0.499153  0.469878
  0.668966 -0.560637  3.192677  0.944713 -1.463432 -0.463555 -1.313213
 -0.510566 -3.17334   1.46752  -1.483362 -0.483112 -1.367398] | [0.463168 1.642122 0.607742 0.345252 0.393064 0.096003 0.57911  0.204852
 0.684502 2.345996 0.616345 2.879018 0.450221 1.995421 2.163034 2.796489
 2.086964 0.071609 0.490074 0.099441 0.959191 0.505162 0.667486 1.130756
 0.539922 0.359117 0.755266 0.364656 1.675149 0.131968 0.336094 0.331086
 1.036606 2.63622  0.643529 0.568998 0.114505 0.883161 0.813943 0.771947
 0.503903 0.277587 0.330788 0.388038 3.75488  1.35468  1.534915 0.428551
 1.492182 1.033215 3.454621 1.639922 0.102232 0.202393 0.193857]
   27 | [ 0.45137   2.29779   0.046898 -1.065959  0.163722 -0.251176  0.686906
 -1.158318  1.973541  0.218812 -1.306769  0.020961  0.635355  0.846673
 -1.973424  0.752938 -0.63128  -0.009811 -0.250043 -0.95588  -0.208485
  0.794828  1.389242  0.786713 -0.314912  0.961981 -0.384025 -0.528408
 -0.166389  0.176889 -1.255981 -0.733755 -0.216556  0.503603 -0.465744
 -0.812322  1.237801  1.200935 -0.913572 -0.661274 -1.020813  0.176508
  0.350492 -0.15451  -0.707661 -0.434216  0.179125 -0.073381  0.197581
  0.481679  0.341621 -0.226467 -1.405437 -0.237464 -1.567991] | [-0.037822  0.638436 -0.55875  -0.720075 -0.226069 -0.311759  0.125549
 -1.373291  2.66554   2.614745 -0.656604  2.967404  0.083873 -1.165182
  0.192481 -2.203393  1.514958 -0.038811 -0.810766 -1.08434  -1.177796
  1.297475  0.667298 -0.358388 -0.863046  1.38536  -1.093766 -0.141376
 -1.844195  0.370434 -0.919931 -1.075391  0.813687  3.227545 -1.088575
 -0.193056  1.310887  0.322215 -0.114513  0.024069 -0.490331  0.486625
  0.644251 -0.568161  3.153927  0.939988 -1.519111 -0.521364 -1.305479
 -0.535075 -3.13307   1.446463 -1.475442 -0.513547 -1.354048] | [0.489192 1.659354 0.605648 0.345883 0.389791 0.060583 0.561357 0.214973
 0.691999 2.395933 0.650165 2.946443 0.551482 2.011854 2.165905 2.956331
 2.146238 0.029    0.560723 0.128461 0.96931  0.502647 0.721944 1.145102
 0.548134 0.423379 0.709741 0.387032 1.677805 0.193545 0.33605  0.341637
 1.030243 2.723942 0.622831 0.619266 0.073086 0.878719 0.799059 0.685343
 0.530482 0.310117 0.293759 0.413651 3.861588 1.374204 1.698236 0.447983
 1.50306  1.016753 3.474691 1.67293  0.070006 0.276083 0.213943]
   28 | [ 0.466327  2.314783  0.029422 -1.059933  0.176249 -0.243234  0.708319
 -1.125542  1.97265   0.223477 -1.328843 -0.043589  0.641445  0.873025
 -2.036825  0.915869 -0.612772 -0.027353 -0.158771 -0.957077 -0.145636
  0.744967  1.435167  0.780424 -0.32991   0.940997 -0.436465 -0.519352
 -0.160183  0.132539 -1.274543 -0.714768 -0.260126  0.501926 -0.479514
 -0.852827  1.272629  1.183048 -0.950983 -0.587688 -1.035382  0.160153
  0.360566 -0.138091 -0.850494 -0.455552  0.287429 -0.113708  0.214089
  0.44125   0.396277 -0.27644  -1.427296 -0.191884 -1.570648] | [-0.047276  0.643425 -0.568915 -0.714237 -0.205859 -0.268203  0.16644
 -1.351441  2.674098  2.667565 -0.649114  2.961993 -0.014027 -1.147526
  0.127856 -2.201202  1.589414 -0.012618 -0.789715 -1.11914  -1.126208
  1.244855  0.661434 -0.376251 -0.890179  1.431198 -1.098601 -0.113041
 -1.841379  0.390798 -0.943882 -1.069468  0.757266  3.315385 -1.082959
 -0.182844  1.300856  0.308083 -0.166148  0.007135 -0.482828  0.504318
  0.615134 -0.576553  3.114282  0.935096 -1.578061 -0.577681 -1.295447
 -0.557963 -3.088149  1.425208 -1.464661 -0.544049 -1.338845] | [0.513603 1.671358 0.598338 0.345696 0.382108 0.024969 0.541879 0.225899
 0.701447 2.444088 0.679729 3.005582 0.655472 2.020552 2.164681 3.117072
 2.202186 0.014735 0.630943 0.162063 0.980572 0.499888 0.773733 1.156675
 0.560268 0.4902   0.662136 0.406311 1.681196 0.258258 0.330661 0.354701
 1.017392 2.813459 0.603445 0.669983 0.028227 0.874965 0.784835 0.594823
 0.552555 0.344165 0.254568 0.438462 3.964776 1.390648 1.86549  0.463973
 1.509537 0.999213 3.484426 1.701648 0.037365 0.352165 0.231803]
   29 | [ 0.478732  2.32789   0.010362 -1.055353  0.186818 -0.237931  0.728378
 -1.09227   1.968046  0.225786 -1.346491 -0.1017    0.648197  0.890628
 -2.095523  1.078877 -0.593175 -0.042284 -0.067607 -0.95402  -0.082985
  0.693516  1.47754   0.771024 -0.341791  0.921028 -0.489508 -0.508082
 -0.152506  0.084329 -1.291529 -0.693373 -0.30041   0.496102 -0.49077
 -0.893374  1.308082  1.164834 -0.985713 -0.511238 -1.046716  0.143051
  0.368166 -0.123325 -0.990295 -0.473989  0.395794 -0.155784  0.228586
  0.401343  0.445038 -0.322183 -1.446722 -0.144214 -1.56925 ] | [-0.057341  0.649908 -0.575351 -0.710341 -0.183161 -0.227087  0.207549
 -1.329887  2.680707  2.716412 -0.641569  2.954347 -0.11361  -1.130508
  0.06405  -2.198839  1.661245  0.016462 -0.767981 -1.154107 -1.076039
  1.190263  0.655079 -0.394437 -0.918052  1.480039 -1.102164 -0.0856
 -1.838664  0.409993 -0.971678 -1.063577  0.697946  3.401214 -1.076366
 -0.172701  1.288667  0.293001 -0.214112 -0.009718 -0.476774  0.522877
  0.581361 -0.585308  3.073851  0.930157 -1.640399 -0.632573 -1.283264
 -0.579503 -3.039069  1.403775 -1.451273 -0.574534 -1.321889] | [0.536072 1.677982 0.585713 0.345013 0.369979 0.010844 0.520829 0.237617
 0.712662 2.490627 0.704921 3.056047 0.761807 2.021136 2.159573 3.277716
 2.254419 0.058747 0.700375 0.200087 0.993053 0.496747 0.822462 1.165461
 0.576261 0.559012 0.612656 0.422482 1.686158 0.325664 0.319851 0.370204
 0.998355 2.905112 0.585596 0.720673 0.019415 0.871832 0.771601 0.50152
 0.569943 0.379826 0.213195 0.461983 4.064146 1.404147 2.036193 0.476789
 1.51185  0.980846 3.484107 1.725958 0.004551 0.43032  0.247361]
model built: True
num weights: 38
{'mae': [0.6448892951011658, 0.5410901308059692, 0.4724353551864624, 0.4216897189617157, 0.3808347284793854, 0.3635764420032501, 0.32883545756340027, 0.31131574511528015, 0.29362091422080994, 0.27707475423812866, 0.2594834268093109, 0.23445463180541992, 0.23936712741851807, 0.23124383389949799, 0.22289511561393738, 0.18847090005874634, 0.1705140918493271, 0.1624220758676529, 0.1554204821586609, 0.14898638427257538, 0.13778549432754517, 0.12803393602371216, 0.1239830031991005, 0.12066918611526489, 0.11744070798158646, 0.1101427748799324, 0.10371942818164825, 0.19773635268211365, 0.1986396610736847, 0.19800792634487152], 'mse': [0.6635466814041138, 0.46667957305908203, 0.35455840826034546, 0.282299280166626, 0.23085430264472961, 0.21122319996356964, 0.17315401136875153, 0.15519137680530548, 0.13814251124858856, 0.12309407442808151, 0.10815854370594025, 0.08834628760814667, 0.09153009951114655, 0.08539406955242157, 0.0793500617146492, 0.05711422115564346, 0.04679669439792633, 0.04247850552201271, 0.03891469165682793, 0.03578130155801773, 0.03062562458217144, 0.026488114148378372, 0.02485358901321888, 0.023557065054774284, 0.022325921803712845, 0.01967027597129345, 0.017469722777605057, 0.061670828610658646, 0.06237320229411125, 0.062046993523836136], 'loss': [0.7936089038848877, 0.5630782246589661, 0.39355239272117615, 0.3011447489261627, 0.23987744748592377, 0.22446639835834503, 0.17375759780406952, 0.15060730278491974, 0.13227395713329315, 0.11738019436597824, 0.10706640779972076, 0.08549187332391739, 0.08656296133995056, 0.07841169834136963, 0.07254131138324738, 0.05563701316714287, 0.04355934262275696, 0.03729856759309769, 0.033994417637586594, 0.03110377863049507, 0.027349449694156647, 0.02321939542889595, 0.021118290722370148, 0.019978882744908333, 0.018926067277789116, 0.01681181788444519, 0.014732814393937588, 0.06779912114143372, 0.056679319590330124, 0.05383622273802757], 'val_loss': [0.6635466814041138, 0.46667957305908203, 0.35455840826034546, 0.282299280166626, 0.23085430264472961, 0.21122321486473083, 0.17315401136875153, 0.15519137680530548, 0.13814251124858856, 0.1230940893292427, 0.10815854370594025, 0.08834628760814667, 0.09153010696172714, 0.08539406955242157, 0.0793500617146492, 0.05711422488093376, 0.04679669439792633, 0.04247850552201271, 0.03891469165682793, 0.03578130155801773, 0.03062562458217144, 0.026488110423088074, 0.02485358901321888, 0.023557065054774284, 0.022325919941067696, 0.01967027597129345, 0.017469722777605057, 0.061670828610658646, 0.062373191118240356, 0.062046993523836136], 'val_fr_phase_loss_5': [nan, 0.4900010824203491, nan, 0.30808892846107483, nan], 'val_fr_target_loss_50': [nan, 0.8997145891189575, nan, nan, 0.862859845161438, nan, 0.9239080548286438, nan, nan, 1.0297660827636719, nan, 0.8833599090576172, nan, nan, 1.1920958757400513, nan, 0.8811646103858948, nan, nan, 0.9068050980567932, nan, 0.9257839918136597, nan, nan, 0.9379781484603882, nan, 0.9527619481086731, nan, nan, 1.5836679935455322], 'val_fr_curve_loss_10': [nan, 0.5451152324676514, nan, nan, 0.3379115164279938, nan, 0.24689258635044098, nan, nan, 0.2054179161787033, nan, 0.16514235734939575, nan, nan, 0.18312671780586243, nan, 0.13228294253349304, nan, nan, 0.12464197725057602, nan, 0.1209346354007721, nan, nan, 0.1170136108994484, nan, 0.11523588001728058, nan, nan, 0.21868889033794403], 'val_fr_curve_loss_20': [nan, 0.664577066898346, nan, nan, 0.5251703262329102, nan, 0.4052943289279938, nan, nan, 0.39684122800827026, nan, 0.3222903907299042, nan, nan, 0.4169226884841919, nan, 0.29997971653938293, nan, nan, 0.29839298129081726, nan, 0.3016527593135834, nan, nan, 0.2994326055049896, nan, 0.30251309275627136, nan, nan, 0.5652637481689453], 'val_fr_curve_loss_30': [nan, 0.765357494354248, nan, nan, 0.676146388053894, nan, 0.5915414094924927, nan, nan, 0.6190022230148315, nan, 0.5133978724479675, nan, nan, 0.6824485659599304, nan, 0.5009421706199646, nan, nan, 0.5079853534698486, nan, 0.5173832178115845, nan, nan, 0.5192013382911682, nan, 0.5267252326011658, nan, nan, 0.9322054386138916], 'val_fr_curve_loss_50': [nan, 0.8936983942985535, nan, nan, 0.8584470152854919, nan, 0.9168525338172913, nan, nan, 1.0175460577011108, nan, 0.868105411529541, nan, nan, 1.1670769453048706, nan, 0.8695694208145142, nan, nan, 0.8961306214332581, nan, 0.9133700132369995, nan, nan, 0.926314115524292, nan, 0.9399625658988953, nan, nan, 1.5636179447174072], 'val_fr_phase_loss_12': [nan, 0.268145889043808, nan, 0.25037655234336853, nan], 'val_fr_phase_loss_18': [nan, 0.2858704924583435, nan, 0.37072139978408813, nan], 'val_fr_phase_loss_25': [nan, 0.39957043528556824, nan, 0.39931827783584595, nan], 'val_fr_phase_loss_38': [nan, 0.6883282661437988, nan, 0.6909564137458801, nan], 'val_fr_phase_loss_50': [nan, 0.9435451626777649, nan, 1.627245545387268, nan]}
Saved artifacts to: runs/tuning/full_seq_lstm_lvl1/trial_0000
