--- Number of Windows for Train = 9880
--- Number of Windows for Val = 3040
--- Number of Windows for Test = 2280
--- Curriculum = [10, 15, 20, 30, 40, 50]
--- fr_curve Outsteps = [1, 2, 3]

--- Training: prova1 [LSTM/FC/HYBRID]  ---

======================================================================
   PHASE 1/6: teacher_forcing
   Epochs: 6
   Learning Rate: 6.490613932620334e-05
   Clipping Norm: 0.22544116997360486
   Horizon (train loss): 10
   Output timesteps (val_loss and fr_loss): 50
======================================================================

Epoch 1/30
309/309 ━━━━━━━━━━━━━━━━━━━━ 20s 47ms/step - mae: 0.3803 - loss: 0.5260 - val_loss: 0.2301
Epoch 2/30
309/309 ━━━━━━━━━━━━━━━━━━━━ 19s 61ms/step - mae: 0.2346 - loss: 0.1348 - val_loss: 0.0894 - val_fr_phase_loss_10: 0.1454
[Optuna] trial=6 epoch=2 val_fr_phase_loss_10=0.145408 | median=0.358982 (n=5, p25=0.203407, p75=0.815788) | margin=-0.213574 (-59.49%)
Epoch 3/30
309/309 ━━━━━━━━━━━━━━━━━━━━ 14s 44ms/step - mae: 0.1800 - loss: 0.0631 - val_loss: 0.0526
Epoch 4/30
309/309 ━━━━━━━━━━━━━━━━━━━━ 19s 61ms/step - mae: 0.1487 - loss: 0.0391 - val_loss: 0.0359 - val_fr_phase_loss_10: 0.0826
[Optuna] trial=6 epoch=4 val_fr_phase_loss_10=0.0825745 | median=0.188802 (n=5, p25=0.117415, p75=0.715749) | margin=-0.106227 (-56.26%)
Epoch 5/30
309/309 ━━━━━━━━━━━━━━━━━━━━ 13s 42ms/step - mae: 0.1270 - loss: 0.0270 - val_loss: 0.0263
Epoch 6/30
309/309 ━━━━━━━━━━━━━━━━━━━━ 19s 60ms/step - mae: 0.1111 - loss: 0.0197 - val_loss: 0.0201 - val_fr_phase_loss_10: 0.0595 - val_fr_target_loss_50: 0.8973 - val_fr_curve_loss_1: 0.0264 - val_fr_curve_loss_2: 0.0249 - val_fr_curve_loss_3: 0.0261
[Optuna] trial=6 epoch=6 val_fr_phase_loss_10=0.0594698 | median=0.132426 (n=5, p25=0.110551, p75=0.658459) | margin=-0.0729565 (-55.09%)

======================================================================
   PHASE 2/6: masked_modeling
   Mask Prob: 0.15
   Mask Scope: time
   Mask Mode: constant
   Mask Value: 0.2
   Noise Sigma: None
   Noise Replace: False
   Epochs: 6
   Learning Rate: 5.192491146096268e-05
   Clipping Norm: 0.20289705297624439
   Horizon (train loss): 15
   Output timesteps (val_loss and fr_loss): 50
======================================================================

Epoch 7/30
309/309 ━━━━━━━━━━━━━━━━━━━━ 13s 43ms/step - mae: 0.1362 - loss: 0.0327 - val_loss: 0.0303
Epoch 8/30
309/309 ━━━━━━━━━━━━━━━━━━━━ 18s 60ms/step - mae: 0.1322 - loss: 0.0288 - val_loss: 0.0285 - val_fr_phase_loss_15: 0.1371
[Optuna] trial=6 epoch=8 val_fr_phase_loss_15=0.137146 | median=0.226744 (n=5, p25=0.225985, p75=0.648545) | margin=-0.0895985 (-39.52%)
Epoch 9/30
309/309 ━━━━━━━━━━━━━━━━━━━━ 13s 42ms/step - mae: 0.1280 - loss: 0.0269 - val_loss: 0.0268
Epoch 10/30
309/309 ━━━━━━━━━━━━━━━━━━━━ 19s 60ms/step - mae: 0.1258 - loss: 0.0252 - val_loss: 0.0260 - val_fr_phase_loss_15: 0.1261
[Optuna] trial=6 epoch=10 val_fr_phase_loss_15=0.12608 | median=0.204694 (n=5, p25=0.202414, p75=0.588407) | margin=-0.0786145 (-38.41%)
Epoch 11/30
309/309 ━━━━━━━━━━━━━━━━━━━━ 14s 44ms/step - mae: 0.1253 - loss: 0.0237 - val_loss: 0.0258
Epoch 12/30
309/309 ━━━━━━━━━━━━━━━━━━━━ 19s 62ms/step - mae: 0.1196 - loss: 0.0225 - val_loss: 0.0236 - val_fr_phase_loss_15: 0.1144 - val_fr_target_loss_50: 0.8293 - val_fr_curve_loss_1: 0.0164 - val_fr_curve_loss_2: 0.0168 - val_fr_curve_loss_3: 0.0188
[Optuna] trial=6 epoch=12 val_fr_phase_loss_15=0.114385 | median=0.196588 (n=5, p25=0.178624, p75=0.540276) | margin=-0.0822032 (-41.81%)

======================================================================
   PHASE 3/6: scheduled_sampling
   Tf Ratio Start: 1.0
   Tf Ratio End: 0.35
   Per Feature: True
   Stop Grad Pred: True
   Ratio Mode: sigmoid
   Mid Point: 0.6
   Sharpness: 10.0
   Power Value: 2.0
   Epochs: 8
   Learning Rate: 4.5434297528342335e-05
   Clipping Norm: 0.19162499447756412
   Horizon (train loss): 20
   Output timesteps (val_loss and fr_loss): 50
======================================================================

Epoch 13/30
309/309 ━━━━━━━━━━━━━━━━━━━━ 170s 551ms/step - mae: 0.0960 - loss: 0.0140 - val_loss: 0.0151
Epoch 14/30
309/309 ━━━━━━━━━━━━━━━━━━━━ 175s 567ms/step - mae: 0.0871 - loss: 0.0106 - val_loss: 0.0125 - val_fr_phase_loss_20: 0.1222
[Optuna] trial=6 epoch=14 val_fr_phase_loss_20=0.122177 | median=0.220636 (n=5, p25=0.21864, p75=0.560257) | margin=-0.0984592 (-44.63%)
Epoch 15/30
309/309 ━━━━━━━━━━━━━━━━━━━━ 170s 550ms/step - mae: 0.0801 - loss: 0.0090 - val_loss: 0.0105
Epoch 16/30
309/309 ━━━━━━━━━━━━━━━━━━━━ 175s 566ms/step - mae: 0.0743 - loss: 0.0085 - val_loss: 0.0091 - val_fr_phase_loss_20: 0.1212
[Optuna] trial=6 epoch=16 val_fr_phase_loss_20=0.121241 | median=0.23019 (n=5, p25=0.223878, p75=0.533544) | margin=-0.108949 (-47.33%)
Epoch 17/30
309/309 ━━━━━━━━━━━━━━━━━━━━ 171s 553ms/step - mae: 0.0696 - loss: 0.0102 - val_loss: 0.0079
Epoch 18/30
309/309 ━━━━━━━━━━━━━━━━━━━━ 175s 567ms/step - mae: 0.0663 - loss: 0.0148 - val_loss: 0.0072 - val_fr_phase_loss_20: 0.1187
[Optuna] trial=6 epoch=18 val_fr_phase_loss_20=0.118705 | median=0.233696 (n=5, p25=0.227629, p75=0.498905) | margin=-0.114991 (-49.21%)
Epoch 19/30
309/309 ━━━━━━━━━━━━━━━━━━━━ 170s 551ms/step - mae: 0.0638 - loss: 0.0185 - val_loss: 0.0067
Epoch 20/30
309/309 ━━━━━━━━━━━━━━━━━━━━ 175s 567ms/step - mae: 0.0613 - loss: 0.0193 - val_loss: 0.0062 - val_fr_phase_loss_20: 0.1157 - val_fr_target_loss_50: 0.6058 - val_fr_curve_loss_1: 0.0072 - val_fr_curve_loss_2: 0.0075 - val_fr_curve_loss_3: 0.0087
[Optuna] trial=6 epoch=20 val_fr_phase_loss_20=0.115745 | median=0.221921 (n=5, p25=0.216077, p75=0.472134) | margin=-0.106176 (-47.84%)

======================================================================
   PHASE 4/6: masked_modeling
   Mask Prob: 0.2
   Mask Scope: time
   Mask Mode: noise
   Mask Value: None
   Noise Sigma: 0.1
   Noise Replace: False
   Epochs: 4
   Learning Rate: 3.8943683595722004e-05
   Clipping Norm: 0.1803529359788839
   Horizon (train loss): 30
   Output timesteps (val_loss and fr_loss): 50
======================================================================

Epoch 21/30
309/309 ━━━━━━━━━━━━━━━━━━━━ 13s 42ms/step - mae: 0.0577 - loss: 0.0046 - val_loss: 0.0055
Epoch 22/30
309/309 ━━━━━━━━━━━━━━━━━━━━ 18s 59ms/step - mae: 0.0548 - loss: 0.0041 - val_loss: 0.0049 - val_fr_phase_loss_30: 0.2632
[Optuna] trial=6 epoch=22 val_fr_phase_loss_30=0.263223 | median=0.4375 (n=5, p25=0.429757, p75=0.603891) | margin=-0.174277 (-39.83%)
Epoch 23/30
309/309 ━━━━━━━━━━━━━━━━━━━━ 13s 42ms/step - mae: 0.0523 - loss: 0.0038 - val_loss: 0.0045
Epoch 24/30
309/309 ━━━━━━━━━━━━━━━━━━━━ 18s 59ms/step - mae: 0.0500 - loss: 0.0035 - val_loss: 0.0041 - val_fr_phase_loss_30: 0.2695 - val_fr_target_loss_50: 0.6323 - val_fr_curve_loss_1: 0.0055 - val_fr_curve_loss_2: 0.0059 - val_fr_curve_loss_3: 0.0071
[Optuna] trial=6 epoch=24 val_fr_phase_loss_30=0.269515 | median=0.440388 (n=5, p25=0.428347, p75=0.598865) | margin=-0.170873 (-38.80%)

======================================================================
   PHASE 5/6: full_autoregressive
   Gradient Through Time: False
   Epochs: 4
   Learning Rate: 3.245306966310167e-05
   Clipping Norm: 0.16908087748020365
   Horizon (train loss): 40
   Output timesteps (val_loss and fr_loss): 50
======================================================================

Epoch 25/30
309/309 ━━━━━━━━━━━━━━━━━━━━ 158s 511ms/step - mae: 0.0697 - loss: 0.2841 - val_loss: 0.0081
Epoch 26/30
309/309 ━━━━━━━━━━━━━━━━━━━━ 163s 527ms/step - mae: 0.0718 - loss: 0.2553 - val_loss: 0.0086 - val_fr_phase_loss_40: 0.3029
[Optuna] trial=6 epoch=26 val_fr_phase_loss_40=0.302869 | median=0.455933 (n=5, p25=0.451463, p75=0.580904) | margin=-0.153063 (-33.57%)
Epoch 27/30
309/309 ━━━━━━━━━━━━━━━━━━━━ 158s 511ms/step - mae: 0.0734 - loss: 0.2459 - val_loss: 0.0090
Epoch 28/30
309/309 ━━━━━━━━━━━━━━━━━━━━ 162s 524ms/step - mae: 0.0751 - loss: 0.2393 - val_loss: 0.0094 - val_fr_phase_loss_40: 0.2883 - val_fr_target_loss_50: 0.3704 - val_fr_curve_loss_1: 0.0082 - val_fr_curve_loss_2: 0.0085 - val_fr_curve_loss_3: 0.0098
[Optuna] trial=6 epoch=28 val_fr_phase_loss_40=0.28828 | median=0.383392 (n=5, p25=0.380907, p75=0.568309) | margin=-0.0951123 (-24.81%)

======================================================================
   PHASE 6/6: full_autoregressive
   Gradient Through Time: True
   Epochs: 2
   Learning Rate: 1.9471841797861002e-05
   Clipping Norm: 0.1352647019841629
   Horizon (train loss): 50
   Output timesteps (val_loss and fr_loss): 50
======================================================================

Epoch 29/30
309/309 ━━━━━━━━━━━━━━━━━━━━ 159s 514ms/step - mae: 0.0757 - loss: 0.2758 - val_loss: 0.0095
Epoch 30/30
309/309 ━━━━━━━━━━━━━━━━━━━━ 162s 525ms/step - mae: 0.0754 - loss: 0.2629 - val_loss: 0.0094 - val_fr_phase_loss_50: 0.3344 - val_fr_target_loss_50: 0.3410 - val_fr_curve_loss_1: 0.0114 - val_fr_curve_loss_2: 0.0120 - val_fr_curve_loss_3: 0.0140
[Optuna] trial=6 epoch=30 val_fr_phase_loss_50=0.33444 | median=0.411301 (n=5, p25=0.389872, p75=0.596073) | margin=-0.0768607 (-18.69%)
Final loss: 0.2629
Predicting all test samples in free_running mode...
  X shape: (2280, 200, 36)
  Y shape: (2280, 50, 36)
  Pred shape: (2280, 50, 36)

 step | target                | pred                  | abs_err
------|-----------------------|-----------------------|----------------------
   25 | [ 0.413975  2.252291  0.076809 -1.082321  0.133018 -0.274908  0.639894
 -1.222357 -1.249584  0.168496  0.626157  0.768161 -1.833026  0.430524
 -0.664956 -0.940605 -0.333545  0.888525  1.287808  0.789981 -0.276216
 -0.539654 -0.175473  0.252616 -1.215466 -0.765159 -0.430836 -0.7326
  1.170439  1.235309 -0.98217   0.207688  0.323877 -0.382801 -0.034873
  0.56418 ] | [ 0.622341  2.235861 -0.180154 -0.657653  0.19251  -0.323181  1.018451
 -0.631276 -1.492012  0.300033 -0.136672  0.539799 -0.533199 -1.152788
  0.216918 -0.781366 -0.490587  0.448956  0.957215  0.268241 -0.852588
 -0.165388 -0.300619  0.469837 -0.230135 -0.570204 -0.473376 -0.211083
  1.631099  1.147646 -0.854812  0.212108  0.468943 -0.271263 -0.878904
  0.224285] | [0.208367 0.01643  0.256964 0.424668 0.059492 0.048273 0.378557 0.591081
 0.242428 0.131537 0.76283  0.228362 1.299827 1.583313 0.881874 0.159239
 0.157042 0.439568 0.330593 0.52174  0.576373 0.374267 0.125145 0.217221
 0.985331 0.194955 0.042541 0.521517 0.46066  0.087662 0.127357 0.00442
 0.145066 0.111538 0.844031 0.339896]
   26 | [ 0.433902  2.276946  0.062718 -1.073421  0.149295 -0.261739  0.66411
 -1.190588 -1.280325  0.091743  0.630177  0.811665 -1.905444  0.590891
 -0.648677 -0.950394 -0.271225  0.842781  1.340023  0.789891 -0.296955
 -0.535192 -0.171397  0.217021 -1.236176 -0.75049  -0.449502 -0.772153
  1.203705  1.218394 -1.003057  0.192291  0.338178 -0.409968  0.071482
  0.522649] | [ 0.63461   2.2571   -0.172894 -0.61775   0.205763 -0.316074  1.048013
 -0.60387  -1.516854  0.258579 -0.18437   0.569703 -0.580148 -1.131818
  0.245059 -0.798169 -0.480689  0.406012  0.965914  0.262251 -0.855453
 -0.189713 -0.285681  0.489558 -0.205989 -0.53851  -0.506596 -0.222053
  1.640561  1.141315 -0.869803  0.202018  0.476298 -0.301252 -0.853306
  0.18464 ] | [0.200707 0.019846 0.235612 0.455671 0.056469 0.054335 0.383903 0.586719
 0.236529 0.166836 0.814547 0.241962 1.325296 1.722709 0.893736 0.152225
 0.209465 0.436769 0.37411  0.52764  0.558498 0.345479 0.114284 0.272536
 1.030187 0.21198  0.057094 0.550101 0.436856 0.077079 0.133254 0.009727
 0.138121 0.108716 0.924788 0.338009]
   27 | [ 0.45137   2.29779   0.046898 -1.065959  0.163722 -0.251176  0.686906
 -1.158318 -1.306769  0.020961  0.635355  0.846673 -1.973424  0.752938
 -0.63128  -0.95588  -0.208485  0.794828  1.389242  0.786713 -0.314912
 -0.528408 -0.166389  0.176889 -1.255981 -0.733755 -0.465744 -0.812322
  1.237801  1.200935 -1.020813  0.176508  0.350492 -0.434216  0.179125
  0.481679] | [ 0.643625  2.274034 -0.166649 -0.579012  0.217354 -0.310674  1.076573
 -0.578658 -1.536163  0.222513 -0.231712  0.594875 -0.626557 -1.111169
  0.269996 -0.810631 -0.471973  0.362027  0.972558  0.255473 -0.855276
 -0.21251  -0.271929  0.504914 -0.183158 -0.5073   -0.537439 -0.232551
  1.646703  1.134181 -0.882045  0.192108  0.479436 -0.329096 -0.82712
  0.147249] | [0.192256 0.023756 0.213547 0.486947 0.053632 0.059498 0.389667 0.57966
 0.229394 0.201552 0.867067 0.251797 1.346867 1.864107 0.901276 0.145249
 0.263488 0.432801 0.416684 0.53124  0.540363 0.315898 0.10554  0.328025
 1.072823 0.226455 0.071695 0.579771 0.408903 0.066754 0.138768 0.0156
 0.128944 0.10512  1.006244 0.33443 ]
   28 | [ 0.466327  2.314783  0.029422 -1.059933  0.176249 -0.243234  0.708319
 -1.125542 -1.328843 -0.043589  0.641445  0.873025 -2.036825  0.915869
 -0.612772 -0.957077 -0.145636  0.744967  1.435167  0.780424 -0.32991
 -0.519352 -0.160183  0.132539 -1.274543 -0.714768 -0.479514 -0.852827
  1.272629  1.183048 -1.035382  0.160153  0.360566 -0.455552  0.287429
  0.44125 ] | [ 0.649175  2.286344 -0.161677 -0.541783  0.227342 -0.306741  1.103492
 -0.555504 -1.549813  0.192011 -0.278976  0.615698 -0.672455 -1.091079
  0.291748 -0.818581 -0.464294  0.316557  0.976938  0.247959 -0.852278
 -0.233825 -0.258981  0.516082 -0.161463 -0.476466 -0.565775 -0.242427
  1.649169  1.126048 -0.891388  0.182732  0.478557 -0.354353 -0.800323
  0.112331] | [0.182848 0.028439 0.1911   0.51815  0.051093 0.063507 0.395173 0.570038
 0.22097  0.2356   0.920421 0.257328 1.364369 2.006948 0.90452  0.138497
 0.318658 0.428409 0.45823  0.532465 0.522367 0.285527 0.098799 0.383543
 1.11308  0.238301 0.086261 0.6104   0.37654  0.056999 0.143994 0.022579
 0.117991 0.101199 1.087752 0.328918]
   29 | [ 0.478732  2.32789   0.010362 -1.055353  0.186818 -0.237931  0.728378
 -1.09227  -1.346491 -0.1017    0.648197  0.890628 -2.095523  1.078877
 -0.593175 -0.95402  -0.082985  0.693516  1.47754   0.771024 -0.341791
 -0.508082 -0.152506  0.084329 -1.291529 -0.693373 -0.49077  -0.893374
  1.308082  1.164834 -1.046716  0.143051  0.368166 -0.473989  0.395794
  0.401343] | [ 0.651556  2.294595 -0.157766 -0.506139  0.235717 -0.304413  1.129181
 -0.534351 -1.558257  0.166677 -0.3258    0.632366 -0.71752  -1.071208
  0.310233 -0.822238 -0.457809  0.270068  0.979245  0.239556 -0.846464
 -0.253317 -0.247082  0.522874 -0.141197 -0.446217 -0.591506 -0.251469
  1.648566  1.116915 -0.897958  0.173788  0.473728 -0.377538 -0.773137
  0.079822] | [0.172825 0.033295 0.168128 0.549214 0.0489   0.066482 0.400803 0.557919
 0.211767 0.268377 0.973997 0.258263 1.378003 2.150085 0.903408 0.131782
 0.374824 0.423448 0.498295 0.531468 0.504673 0.254765 0.094577 0.438545
 1.150333 0.247156 0.100736 0.641904 0.340484 0.047919 0.148759 0.030737
 0.105562 0.096451 1.168931 0.32152 ]
model built: True
num weights: 38
{'mae': [0.38028645515441895, 0.23459802567958832, 0.17996256053447723, 0.148726224899292, 0.12699738144874573, 0.11106991022825241, 0.13624423742294312, 0.13215181231498718, 0.127968892455101, 0.12579460442066193, 0.1252826303243637, 0.11955270916223526, 0.09595747292041779, 0.08714625984430313, 0.08010555803775787, 0.07426165044307709, 0.0695580318570137, 0.06625765562057495, 0.06384914368391037, 0.0613471083343029, 0.05770628899335861, 0.05482902377843857, 0.05233980342745781, 0.05000714585185051, 0.06966464966535568, 0.0717911645770073, 0.07343869656324387, 0.07511194795370102, 0.07571722567081451, 0.0753825455904007], 'loss': [0.526007354259491, 0.13482210040092468, 0.0630682110786438, 0.039116270840168, 0.026961758732795715, 0.019667092710733414, 0.032707538455724716, 0.0288386233150959, 0.02685585431754589, 0.025187328457832336, 0.02366028167307377, 0.02247685007750988, 0.014027363620698452, 0.010646692477166653, 0.008989418856799603, 0.008485025726258755, 0.010162698104977608, 0.014812206849455833, 0.018506765365600586, 0.01934010349214077, 0.00460529699921608, 0.0041156914085149765, 0.003779933787882328, 0.003505578264594078, 0.2840740382671356, 0.25528764724731445, 0.24594807624816895, 0.23933759331703186, 0.2758167088031769, 0.26293131709098816], 'val_loss': [0.2301473468542099, 0.08937665075063705, 0.05263715609908104, 0.0359448567032814, 0.02626107819378376, 0.020126059651374817, 0.030292650684714317, 0.028484266251325607, 0.026785720139741898, 0.025997856631875038, 0.025784537196159363, 0.02357584238052368, 0.015148495323956013, 0.012474664486944675, 0.010531335137784481, 0.009050500579178333, 0.00794588029384613, 0.007223779335618019, 0.006712540052831173, 0.00620664656162262, 0.005475088953971863, 0.0049472530372440815, 0.004514606203883886, 0.004131336696445942, 0.00809374637901783, 0.008598499931395054, 0.008996554650366306, 0.009419554844498634, 0.009532356634736061, 0.009445911273360252], 'val_fr_phase_loss_10': [nan, 0.14540846645832062, nan, 0.08257454633712769, nan, 0.05946975573897362], 'val_fr_target_loss_50': [nan, nan, nan, nan, nan, 0.8972512483596802, nan, nan, nan, nan, nan, 0.8293112516403198, nan, nan, nan, nan, nan, nan, nan, 0.6057665944099426, nan, nan, nan, 0.6322620511054993, nan, nan, nan, 0.3704015016555786, nan, 0.34095877408981323], 'val_fr_curve_loss_1': [nan, nan, nan, nan, nan, 0.026417318731546402, nan, nan, nan, nan, nan, 0.016433624550700188, nan, nan, nan, nan, nan, nan, nan, 0.007203003857284784, nan, nan, nan, 0.0054881214164197445, nan, nan, nan, 0.00815577246248722, nan, 0.011355609633028507], 'val_fr_curve_loss_2': [nan, nan, nan, nan, nan, 0.024948149919509888, nan, nan, nan, nan, nan, 0.01680014841258526, nan, nan, nan, nan, nan, nan, nan, 0.007517760619521141, nan, nan, nan, 0.005933526903390884, nan, nan, nan, 0.008499281480908394, nan, 0.012022118084132671], 'val_fr_curve_loss_3': [nan, nan, nan, nan, nan, 0.026069434359669685, nan, nan, nan, nan, nan, 0.018822506070137024, nan, nan, nan, nan, nan, nan, nan, 0.008687709458172321, nan, nan, nan, 0.007089362479746342, nan, nan, nan, 0.00978273805230856, nan, 0.01395893283188343], 'val_fr_phase_loss_15': [nan, 0.1371457576751709, nan, 0.12607979774475098, nan, 0.11438485980033875], 'val_fr_phase_loss_20': [nan, 0.12217718362808228, nan, 0.12124061584472656, nan, 0.11870479583740234, nan, 0.11574536561965942], 'val_fr_phase_loss_30': [nan, 0.26322299242019653, nan, 0.26951467990875244], 'val_fr_phase_loss_40': [nan, 0.30286934971809387, nan, 0.2882796823978424], 'val_fr_phase_loss_50': [nan, 0.3344399929046631]}
Saved artifacts to: runs/tuning/study_lstm_lvl1/trial_0006
