--- Number of Windows for Train = 9880
--- Number of Windows for Val = 3040
--- Number of Windows for Test = 2280
--- Curriculum = [10, 15, 20, 25, 35, 45]
--- fr_curve Outsteps = [10, 20, 30]

--- Training: prova1 [LSTM/FC/STEP_WISE]  ---

======================================================================
   PHASE 1/6: teacher_forcing
   Epochs: 6
   Learning Rate: 0.0004636057439438941
   Clipping Norm: 0.1518747922672247
   Horizon (train loss): 10
   Output timesteps (val_loss and fr_loss): 50
======================================================================

Epoch 1/20
309/309 ━━━━━━━━━━━━━━━━━━━━ 92s 281ms/step - mae: 0.5228 - loss: 0.6016 - val_loss: 0.4335
Epoch 2/20
309/309 ━━━━━━━━━━━━━━━━━━━━ 90s 293ms/step - mae: 0.4060 - loss: 0.3195 - val_loss: 0.2613 - val_fr_phase_loss_10: 0.3669
[Optuna] trial=2 epoch=2 val_fr_phase_loss_10=0.366899 | no history yet
Epoch 3/20
309/309 ━━━━━━━━━━━━━━━━━━━━ 87s 282ms/step - mae: 0.3157 - loss: 0.1853 - val_loss: 0.1607
Epoch 4/20
309/309 ━━━━━━━━━━━━━━━━━━━━ 90s 290ms/step - mae: 0.2503 - loss: 0.1131 - val_loss: 0.1042 - val_fr_phase_loss_10: 0.2218
[Optuna] trial=2 epoch=4 val_fr_phase_loss_10=0.221807 | no history yet
Epoch 5/20
309/309 ━━━━━━━━━━━━━━━━━━━━ 86s 279ms/step - mae: 0.1892 - loss: 0.0695 - val_loss: 0.0611
Epoch 6/20
309/309 ━━━━━━━━━━━━━━━━━━━━ 90s 291ms/step - mae: 0.1503 - loss: 0.0414 - val_loss: 0.0399 - val_fr_phase_loss_10: 0.1608 - val_fr_target_loss_50: 1.2172 - val_fr_curve_loss_10: 0.1686 - val_fr_curve_loss_20: 0.4129 - val_fr_curve_loss_30: 0.6974
[Optuna] trial=2 epoch=6 val_fr_phase_loss_10=0.160751 | no history yet

======================================================================
   PHASE 2/6: masked_modeling
   Mask Prob: 0.15
   Mask Scope: time
   Mask Mode: constant
   Mask Value: 0.2
   Noise Sigma: None
   Noise Replace: False
   Epochs: 4
   Learning Rate: 0.0003708845951551153
   Clipping Norm: 0.13668731304050222
   Horizon (train loss): 15
   Output timesteps (val_loss and fr_loss): 50
======================================================================

Epoch 7/20
309/309 ━━━━━━━━━━━━━━━━━━━━ 88s 286ms/step - mae: 0.1713 - loss: 0.0623 - val_loss: 0.0485
Epoch 8/20
309/309 ━━━━━━━━━━━━━━━━━━━━ 92s 298ms/step - mae: 0.1610 - loss: 0.0477 - val_loss: 0.0429 - val_fr_phase_loss_15: 0.2763
[Optuna] trial=2 epoch=8 val_fr_phase_loss_15=0.276262 | no history yet
Epoch 9/20
309/309 ━━━━━━━━━━━━━━━━━━━━ 88s 286ms/step - mae: 0.1504 - loss: 0.0412 - val_loss: 0.0375
Epoch 10/20
309/309 ━━━━━━━━━━━━━━━━━━━━ 92s 297ms/step - mae: 0.1438 - loss: 0.0370 - val_loss: 0.0344 - val_fr_phase_loss_15: 0.2465 - val_fr_target_loss_50: 1.3135 - val_fr_curve_loss_10: 0.1303 - val_fr_curve_loss_20: 0.3789 - val_fr_curve_loss_30: 0.6904
[Optuna] trial=2 epoch=10 val_fr_phase_loss_15=0.246507 | no history yet

======================================================================
   PHASE 3/6: masked_modeling
   Mask Prob: 0.2
   Mask Scope: time
   Mask Mode: noise
   Mask Value: None
   Noise Sigma: 0.1
   Noise Replace: False
   Epochs: 4
   Learning Rate: 0.0002781634463663364
   Clipping Norm: 0.12149983381377977
   Horizon (train loss): 20
   Output timesteps (val_loss and fr_loss): 50
======================================================================

Epoch 11/20
309/309 ━━━━━━━━━━━━━━━━━━━━ 89s 290ms/step - mae: 0.1079 - loss: 0.0204 - val_loss: 0.0204
Epoch 12/20
309/309 ━━━━━━━━━━━━━━━━━━━━ 92s 298ms/step - mae: 0.0974 - loss: 0.0156 - val_loss: 0.0170 - val_fr_phase_loss_20: 0.2633
[Optuna] trial=2 epoch=12 val_fr_phase_loss_20=0.263304 | no history yet
Epoch 13/20
309/309 ━━━━━━━━━━━━━━━━━━━━ 89s 287ms/step - mae: 0.0899 - loss: 0.0133 - val_loss: 0.0146
Epoch 14/20
309/309 ━━━━━━━━━━━━━━━━━━━━ 91s 295ms/step - mae: 0.0825 - loss: 0.0114 - val_loss: 0.0117 - val_fr_phase_loss_20: 0.2672 - val_fr_target_loss_50: 0.9584 - val_fr_curve_loss_10: 0.0934 - val_fr_curve_loss_20: 0.2672 - val_fr_curve_loss_30: 0.4938
[Optuna] trial=2 epoch=14 val_fr_phase_loss_20=0.267184 | no history yet

======================================================================
   PHASE 4/6: scheduled_sampling
   Tf Ratio Start: 1.0
   Tf Ratio End: 0.4
   Per Feature: True
   Stop Grad Pred: True
   Ratio Mode: sigmoid
   Mid Point: 0.6
   Sharpness: 10.0
   Power Value: 2.0
   Epochs: 3
   Learning Rate: 0.00032452402076072585
   Clipping Norm: 0.12149983381377977
   Horizon (train loss): 25
   Output timesteps (val_loss and fr_loss): 50
======================================================================

Epoch 15/20
309/309 ━━━━━━━━━━━━━━━━━━━━ 90s 291ms/step - mae: 0.0733 - loss: 0.0081 - val_loss: 0.0088
Epoch 16/20
309/309 ━━━━━━━━━━━━━━━━━━━━ 93s 301ms/step - mae: 0.0683 - loss: 0.0092 - val_loss: 0.0077 - val_fr_phase_loss_25: 0.3923
[Optuna] trial=2 epoch=16 val_fr_phase_loss_25=0.392322 | no history yet
Epoch 17/20
309/309 ━━━━━━━━━━━━━━━━━━━━ 93s 301ms/step - mae: 0.0676 - loss: 0.0279 - val_loss: 0.0075 - val_fr_target_loss_50: 0.9364 - val_fr_curve_loss_10: 0.0890 - val_fr_curve_loss_20: 0.2615 - val_fr_curve_loss_30: 0.4829

======================================================================
   PHASE 5/6: full_autoregressive
   Gradient Through Time: False
   Epochs: 2
   Learning Rate: 0.00023180287197194704
   Clipping Norm: 0.10631235458705728
   Horizon (train loss): 35
   Output timesteps (val_loss and fr_loss): 50
======================================================================

Epoch 18/20
309/309 ━━━━━━━━━━━━━━━━━━━━ 86s 277ms/step - mae: 0.1238 - loss: 0.4548 - val_loss: 0.0248
Epoch 19/20
309/309 ━━━━━━━━━━━━━━━━━━━━ 89s 289ms/step - mae: 0.1250 - loss: 0.4404 - val_loss: 0.0255 - val_fr_phase_loss_35: 0.4418 - val_fr_target_loss_50: 0.5684 - val_fr_curve_loss_10: 0.1302 - val_fr_curve_loss_20: 0.2699 - val_fr_curve_loss_30: 0.3893
[Optuna] trial=2 epoch=19 val_fr_phase_loss_35=0.441841 | no history yet

======================================================================
   PHASE 6/6: full_autoregressive
   Gradient Through Time: True
   Epochs: 1
   Learning Rate: 0.0001390817231831682
   Clipping Norm: 0.09112487536033481
   Horizon (train loss): 45
   Output timesteps (val_loss and fr_loss): 50
======================================================================

Epoch 20/20
309/309 ━━━━━━━━━━━━━━━━━━━━ 89s 288ms/step - mae: 0.1123 - loss: 0.4398 - val_loss: 0.0206 - val_fr_target_loss_50: 0.4842 - val_fr_curve_loss_10: 0.1052 - val_fr_curve_loss_20: 0.2290 - val_fr_curve_loss_30: 0.3368
Final loss: 0.4398
Predicting all test samples in free_running mode...
  X shape: (2280, 200, 55)
  Y shape: (2280, 50, 55)
  Pred shape: (2280, 50, 55)

 step | target                | pred                  | abs_err
------|-----------------------|-----------------------|----------------------
   25 | [ 4.139746e-01  2.252291e+00  7.680922e-02 -1.082321e+00  1.330184e-01
 -2.749080e-01  6.398940e-01 -1.222357e+00  1.964076e+00  2.024013e-01
 -1.249584e+00  1.684962e-01  6.261574e-01  7.681609e-01 -1.833026e+00
  4.305243e-01 -6.649562e-01  3.213241e-02 -4.315943e-01 -9.406051e-01
 -3.335454e-01  8.885246e-01  1.287808e+00  7.899810e-01 -2.762157e-01
  1.005897e+00 -2.825402e-01 -5.396542e-01 -1.754732e-01  2.526159e-01
 -1.215466e+00 -7.651589e-01 -1.200358e-01  4.952903e-01 -4.308359e-01
 -7.325999e-01  1.170439e+00  1.235309e+00 -8.311886e-01 -7.979621e-01
 -9.821695e-01  2.076884e-01  3.238765e-01 -1.923588e-01 -4.145486e-01
 -3.828006e-01 -3.487313e-02  1.245124e-03  1.581712e-01  5.641804e-01
  2.155083e-01 -1.144052e-01 -1.354365e+00 -3.214316e-01 -1.550427e+00] | [ 4.716802e-01  2.169786e+00 -6.105256e-01 -4.291091e-01  1.278871e-01
 -5.052658e-01  4.108981e-01 -1.149662e+00  1.808280e+00  4.641197e-01
 -1.091140e+00  8.468692e-01 -9.855904e-02  2.222842e-02  4.561419e-01
 -7.827038e-01  6.513305e-01 -1.969655e-01  4.735101e-01 -8.928489e-01
  1.238114e-03  5.226499e-01  5.171191e-01  3.588242e-01 -5.898932e-01
  6.747025e-01 -5.898543e-01 -8.234680e-01  3.707441e-01  1.001233e-01
 -2.862713e-01  3.437656e-01 -3.474542e-01  2.919758e-01 -3.448726e-01
 -5.776953e-01  3.609735e-01  9.748705e-01  4.403982e-01 -7.847738e-01
 -6.576524e-01 -2.078773e-02  1.003164e+00  1.270717e-01  1.086616e+00
 -3.449959e-01  1.524585e-01 -4.870826e-02  5.751810e-01 -4.536128e-01
 -8.993318e-01 -2.112110e-01 -9.373270e-01 -1.156148e-01 -1.375131e+00] | [0.057706 0.082505 0.687335 0.653212 0.005131 0.230358 0.228996 0.072695
 0.155796 0.261718 0.158444 0.678373 0.724716 0.745933 2.289168 1.213228
 1.316287 0.229098 0.905104 0.047756 0.334784 0.365875 0.770689 0.431157
 0.313677 0.331195 0.307314 0.283814 0.546217 0.152493 0.929195 1.108925
 0.227418 0.203315 0.085963 0.154905 0.809466 0.260438 1.271587 0.013188
 0.324517 0.228476 0.679288 0.31943  1.501165 0.037805 0.187332 0.049953
 0.41701  1.017793 1.11484  0.096806 0.417038 0.205817 0.175296]
   26 | [ 0.433902  2.276946  0.062718 -1.073421  0.149295 -0.261739  0.66411
 -1.190588  1.970693  0.211786 -1.280325  0.091743  0.630177  0.811665
 -1.905444  0.590891 -0.648677  0.010101 -0.341095 -0.950394 -0.271225
  0.842781  1.340023  0.789891 -0.296955  0.983707 -0.332591 -0.535192
 -0.171397  0.217021 -1.236176 -0.75049  -0.169815  0.501318 -0.449502
 -0.772153  1.203705  1.218394 -0.873595 -0.731515 -1.003057  0.192291
  0.338178 -0.172599 -0.562203 -0.409968  0.071482 -0.035004  0.178969
  0.522649  0.281281 -0.172402 -1.38113  -0.280718 -1.561255] | [ 0.484087  2.191099 -0.605746 -0.40319   0.137399 -0.491189  0.43095
 -1.131327  1.820384  0.466413 -1.105017  0.853609 -0.153458  0.029835
  0.414426 -0.768445  0.656102 -0.213535  0.507598 -0.899109  0.004709
  0.470265  0.52603   0.344689 -0.594944  0.69107  -0.615907 -0.859607
  0.388258  0.084111 -0.261822  0.373327 -0.372498  0.288511 -0.375566
 -0.560607  0.36962   0.993666  0.408864 -0.746979 -0.669114 -0.013205
  0.984966  0.134866  1.02785  -0.374818  0.161981 -0.090199  0.571168
 -0.480655 -0.878643 -0.275397 -0.950457 -0.086293 -1.376478] | [0.050184 0.085846 0.668464 0.670231 0.011896 0.229451 0.233161 0.059261
 0.150309 0.254627 0.175308 0.761866 0.783635 0.78183  2.31987  1.359337
 1.304779 0.223637 0.848693 0.051285 0.275934 0.372516 0.813993 0.445202
 0.297989 0.292637 0.283316 0.324414 0.559655 0.132911 0.974354 1.123817
 0.202682 0.212806 0.073936 0.211546 0.834085 0.224728 1.282459 0.015464
 0.333942 0.205496 0.646788 0.307465 1.590053 0.03515  0.090499 0.055195
 0.392198 1.003304 1.159924 0.102996 0.430673 0.194426 0.184777]
   27 | [ 0.45137   2.29779   0.046898 -1.065959  0.163722 -0.251176  0.686906
 -1.158318  1.973541  0.218812 -1.306769  0.020961  0.635355  0.846673
 -1.973424  0.752938 -0.63128  -0.009811 -0.250043 -0.95588  -0.208485
  0.794828  1.389242  0.786713 -0.314912  0.961981 -0.384025 -0.528408
 -0.166389  0.176889 -1.255981 -0.733755 -0.216556  0.503603 -0.465744
 -0.812322  1.237801  1.200935 -0.913572 -0.661274 -1.020813  0.176508
  0.350492 -0.15451  -0.707661 -0.434216  0.179125 -0.073381  0.197581
  0.481679  0.341621 -0.226467 -1.405437 -0.237464 -1.567991] | [ 0.49372   2.208403 -0.601385 -0.378574  0.146303 -0.478461  0.449601
 -1.113661  1.828787  0.466309 -1.114738  0.860452 -0.20633   0.034292
  0.371346 -0.752387  0.657902 -0.228042  0.537859 -0.902199  0.005018
  0.416792  0.532828  0.329158 -0.597474  0.706351 -0.639453 -0.894386
  0.404061  0.066155 -0.239043  0.400805 -0.394854  0.283232 -0.405056
 -0.544003  0.377535  1.012049  0.37575  -0.70805  -0.679364 -0.005968
  0.964247  0.140179  0.968728 -0.403199  0.170399 -0.132965  0.563378
 -0.505672 -0.861469 -0.337306 -0.960914 -0.057666 -1.374409] | [0.04235  0.089386 0.648283 0.687385 0.01742  0.227285 0.237305 0.044657
 0.144755 0.247498 0.192031 0.839491 0.841685 0.81238  2.34477  1.505325
 1.289181 0.21823  0.787902 0.05368  0.213503 0.378036 0.856414 0.457555
 0.282562 0.25563  0.255428 0.365978 0.570451 0.110734 1.016938 1.134559
 0.178298 0.220371 0.060688 0.26832  0.860266 0.188886 1.289322 0.046776
 0.34145  0.182476 0.613755 0.294689 1.676389 0.031017 0.008726 0.059584
 0.365797 0.987351 1.20309  0.110838 0.444523 0.179798 0.193583]
   28 | [ 0.466327  2.314783  0.029422 -1.059933  0.176249 -0.243234  0.708319
 -1.125542  1.97265   0.223477 -1.328843 -0.043589  0.641445  0.873025
 -2.036825  0.915869 -0.612772 -0.027353 -0.158771 -0.957077 -0.145636
  0.744967  1.435167  0.780424 -0.32991   0.940997 -0.436465 -0.519352
 -0.160183  0.132539 -1.274543 -0.714768 -0.260126  0.501926 -0.479514
 -0.852827  1.272629  1.183048 -0.950983 -0.587688 -1.035382  0.160153
  0.360566 -0.138091 -0.850494 -0.455552  0.287429 -0.113708  0.214089
  0.44125   0.396277 -0.27644  -1.427296 -0.191884 -1.570648] | [ 5.005808e-01  2.221657e+00 -5.974962e-01 -3.553446e-01  1.546090e-01
 -4.670882e-01  4.668047e-01 -1.096726e+00  1.833450e+00  4.638302e-01
 -1.120312e+00  8.672822e-01 -2.570581e-01  3.575522e-02  3.271087e-01
 -7.346109e-01  6.569777e-01 -2.403992e-01  5.643567e-01 -9.020977e-01
  2.279228e-03  3.623956e-01  5.374962e-01  3.123718e-01 -5.975405e-01
  7.204759e-01 -6.604075e-01 -9.276754e-01  4.181857e-01  4.638590e-02
 -2.178814e-01  4.262052e-01 -4.145088e-01  2.761966e-01 -4.332147e-01
 -5.279177e-01  3.846789e-01  1.029985e+00  3.412789e-01 -6.682067e-01
 -6.883279e-01  8.542379e-04  9.411801e-01  1.430483e-01  9.094465e-01
 -4.300995e-01  1.777984e-01 -1.768408e-01  5.519269e-01 -5.286884e-01
 -8.476716e-01 -3.968700e-01 -9.686432e-01 -2.981514e-02 -1.368903e+00] | [0.034254 0.093127 0.626918 0.704588 0.02164  0.223854 0.241514 0.028816
 0.1392   0.240354 0.208531 0.910871 0.898503 0.83727  2.363933 1.65048
 1.26975  0.213047 0.723128 0.05498  0.147915 0.382571 0.897671 0.468052
 0.26763  0.220522 0.223943 0.408323 0.578368 0.086153 1.056662 1.140973
 0.154382 0.225729 0.046299 0.32491  0.88795  0.153063 1.292262 0.080518
 0.347054 0.159299 0.580614 0.28114  1.759941 0.025453 0.109631 0.063133
 0.337837 0.969938 1.243948 0.12043  0.458653 0.162069 0.201745]
   29 | [ 0.478732  2.32789   0.010362 -1.055353  0.186818 -0.237931  0.728378
 -1.09227   1.968046  0.225786 -1.346491 -0.1017    0.648197  0.890628
 -2.095523  1.078877 -0.593175 -0.042284 -0.067607 -0.95402  -0.082985
  0.693516  1.47754   0.771024 -0.341791  0.921028 -0.489508 -0.508082
 -0.152506  0.084329 -1.291529 -0.693373 -0.30041   0.496102 -0.49077
 -0.893374  1.308082  1.164834 -0.985713 -0.511238 -1.046716  0.143051
  0.368166 -0.123325 -0.990295 -0.473989  0.395794 -0.155784  0.228586
  0.401343  0.445038 -0.322183 -1.446722 -0.144214 -1.56925 ] | [ 0.504686  2.230845 -0.594128 -0.333583  0.162325 -0.457071  0.482523
 -1.080583  1.834364  0.45901  -1.121768  0.874003 -0.30555   0.034379
  0.281925 -0.715209  0.65358  -0.250537  0.587169 -0.898798 -0.003381
  0.307232  0.540023  0.294466 -0.595208  0.733384 -0.678705 -0.959356
  0.430672  0.024943 -0.198276  0.449544 -0.431465  0.267465 -0.459918
 -0.512379  0.39102   1.047448  0.305665 -0.627663 -0.695943  0.007213
  0.915924  0.143515  0.850203 -0.455487  0.184262 -0.221667  0.536941
 -0.549726 -0.837099 -0.454031 -0.973611 -0.002799 -1.359957] | [0.025954 0.097046 0.60449  0.72177  0.024493 0.21914  0.245855 0.011687
 0.133682 0.233224 0.224723 0.975703 0.953746 0.85625  2.377448 1.794086
 1.246755 0.208253 0.654776 0.055222 0.079604 0.386284 0.937517 0.476558
 0.253417 0.187644 0.189197 0.451275 0.583178 0.059386 1.093254 1.142916
 0.131055 0.228637 0.030852 0.380995 0.917062 0.117386 1.291378 0.116425
 0.350774 0.135838 0.547758 0.26684  1.840498 0.018502 0.211532 0.065883
 0.308356 0.951069 1.282137 0.131848 0.473111 0.141415 0.209293]
model built: True
num weights: 38
{'mae': [0.5228220820426941, 0.40604281425476074, 0.31570473313331604, 0.2502785623073578, 0.1891591101884842, 0.1503339409828186, 0.17129679024219513, 0.16095153987407684, 0.1504039764404297, 0.1437818557024002, 0.10792012512683868, 0.0974082425236702, 0.08988252282142639, 0.08253034949302673, 0.0732572004199028, 0.06834288686513901, 0.06757660210132599, 0.12376433610916138, 0.12502191960811615, 0.11226028949022293], 'loss': [0.6015695929527283, 0.3194630742073059, 0.18530020117759705, 0.11310120671987534, 0.06950635462999344, 0.04144388064742088, 0.062288086861371994, 0.04772482439875603, 0.04119046404957771, 0.037016116082668304, 0.020379718393087387, 0.015631932765245438, 0.01332659088075161, 0.01137895230203867, 0.008125580847263336, 0.009244036860764027, 0.027855366468429565, 0.4547802209854126, 0.44036367535591125, 0.4397653043270111], 'val_loss': [0.4334799647331238, 0.2612554728984833, 0.16074058413505554, 0.1041533499956131, 0.06113326922059059, 0.0399019680917263, 0.04852294921875, 0.04286663606762886, 0.037465788424015045, 0.0344119556248188, 0.02039775438606739, 0.0170056764036417, 0.014607956632971764, 0.011729051358997822, 0.008798965252935886, 0.007671149913221598, 0.007509440649300814, 0.02481161616742611, 0.025524698197841644, 0.020630842074751854], 'val_fr_phase_loss_10': [nan, 0.36689916253089905, nan, 0.2218068391084671, nan, 0.1607513278722763], 'val_fr_target_loss_50': [nan, nan, nan, nan, nan, 1.217211365699768, nan, nan, nan, 1.313529372215271, nan, nan, nan, 0.9583786725997925, nan, nan, 0.936355710029602, nan, 0.5684157609939575, 0.4841894507408142], 'val_fr_curve_loss_10': [nan, nan, nan, nan, nan, 0.1686343103647232, nan, nan, nan, 0.130320742726326, nan, nan, nan, 0.09343129396438599, nan, nan, 0.08902756869792938, nan, 0.13020659983158112, 0.10515554994344711], 'val_fr_curve_loss_20': [nan, nan, nan, nan, nan, 0.4129037857055664, nan, nan, nan, 0.37892577052116394, nan, nan, nan, 0.2671971023082733, nan, nan, 0.26148322224617004, nan, 0.2698539197444916, 0.22899466753005981], 'val_fr_curve_loss_30': [nan, nan, nan, nan, nan, 0.6974388957023621, nan, nan, nan, 0.6904332041740417, nan, nan, nan, 0.49377334117889404, nan, nan, 0.4828558564186096, nan, 0.38932034373283386, 0.3368012011051178], 'val_fr_phase_loss_15': [nan, 0.2762620449066162, nan, 0.24650710821151733], 'val_fr_phase_loss_20': [nan, 0.26330429315567017, nan, 0.26718389987945557], 'val_fr_phase_loss_25': [nan, 0.392322301864624, nan], 'val_fr_phase_loss_35': [nan, 0.4418414831161499], 'val_fr_phase_loss_45': [nan]}
Saved artifacts to: runs/tuning/step_wise_lstm_lvl1/trial_0002
