--- Number of Windows for Train = 9880
--- Number of Windows for Val = 3040
--- Number of Windows for Test = 2280
--- Curriculum = [10, 15, 20, 30, 40, 50]
--- fr_curve Outsteps = [1, 2, 3]

--- Training: prova1 [LSTM/FC/HYBRID]  ---

======================================================================
   PHASE 1/6: teacher_forcing
   Epochs: 6
   Learning Rate: 0.0007283179787184321
   Clipping Norm: 1.157422922150968
   Horizon (train loss): 10
   Output timesteps (val_loss and fr_loss): 50
======================================================================

Epoch 1/30
309/309 ━━━━━━━━━━━━━━━━━━━━ 21s 45ms/step - mae: 0.1270 - loss: 0.1515 - val_loss: 0.0262
Epoch 2/30
309/309 ━━━━━━━━━━━━━━━━━━━━ 17s 55ms/step - mae: 0.0804 - loss: 0.0144 - val_loss: 0.0104 - val_fr_phase_loss_10: 0.1005
[Optuna] trial=15 epoch=2 val_fr_phase_loss_10=0.100464 | median=0.153081 (n=11, p25=0.126122, p75=0.281194) | margin=-0.0526168 (-34.37%)
Epoch 3/30
309/309 ━━━━━━━━━━━━━━━━━━━━ 12s 40ms/step - mae: 0.0625 - loss: 0.0067 - val_loss: 0.0063
Epoch 4/30
309/309 ━━━━━━━━━━━━━━━━━━━━ 16s 53ms/step - mae: 0.0531 - loss: 0.0043 - val_loss: 0.0046 - val_fr_phase_loss_10: 0.1025
[Optuna] trial=15 epoch=4 val_fr_phase_loss_10=0.1025 | median=0.117293 (n=11, p25=0.0921263, p75=0.154981) | margin=-0.0147927 (-12.61%)
Epoch 5/30
309/309 ━━━━━━━━━━━━━━━━━━━━ 12s 39ms/step - mae: 0.0473 - loss: 0.0033 - val_loss: 0.0036
Epoch 6/30
309/309 ━━━━━━━━━━━━━━━━━━━━ 17s 55ms/step - mae: 0.0437 - loss: 0.0026 - val_loss: 0.0031 - val_fr_phase_loss_10: 0.1128 - val_fr_target_loss_50: 1.1010 - val_fr_curve_loss_1: 0.0038 - val_fr_curve_loss_2: 0.0070 - val_fr_curve_loss_3: 0.0121
[Optuna] trial=15 epoch=6 val_fr_phase_loss_10=0.112815 | median=0.110551 (n=11, p25=0.0800678, p75=0.139221) | margin=+0.00226384 (+2.05%)

======================================================================
   PHASE 2/6: masked_modeling
   Mask Prob: 0.15
   Mask Scope: time
   Mask Mode: constant
   Mask Value: 0.2
   Noise Sigma: None
   Noise Replace: False
   Epochs: 6
   Learning Rate: 0.0005826543829747457
   Clipping Norm: 1.0416806299358712
   Horizon (train loss): 15
   Output timesteps (val_loss and fr_loss): 50
======================================================================

Epoch 7/30
309/309 ━━━━━━━━━━━━━━━━━━━━ 13s 41ms/step - mae: 0.1228 - loss: 0.0336 - val_loss: 0.0243
Epoch 8/30
309/309 ━━━━━━━━━━━━━━━━━━━━ 16s 53ms/step - mae: 0.1130 - loss: 0.0227 - val_loss: 0.0208 - val_fr_phase_loss_15: 0.1594
[Optuna] trial=15 epoch=8 val_fr_phase_loss_15=0.159383 | median=0.168855 (n=11, p25=0.148724, p75=0.226365) | margin=-0.0094721 (-5.61%)
Epoch 9/30
309/309 ━━━━━━━━━━━━━━━━━━━━ 13s 41ms/step - mae: 0.1009 - loss: 0.0179 - val_loss: 0.0168
Epoch 10/30
309/309 ━━━━━━━━━━━━━━━━━━━━ 22s 71ms/step - mae: 0.0942 - loss: 0.0145 - val_loss: 0.0149 - val_fr_phase_loss_15: 0.1292
[Optuna] trial=15 epoch=10 val_fr_phase_loss_15=0.129176 | median=0.14813 (n=11, p25=0.127558, p75=0.203554) | margin=-0.0189536 (-12.80%)
Epoch 11/30
309/309 ━━━━━━━━━━━━━━━━━━━━ 13s 41ms/step - mae: 0.0877 - loss: 0.0122 - val_loss: 0.0130
Epoch 12/30
309/309 ━━━━━━━━━━━━━━━━━━━━ 16s 52ms/step - mae: 0.0814 - loss: 0.0104 - val_loss: 0.0113 - val_fr_phase_loss_15: 0.1194 - val_fr_target_loss_50: 0.8817 - val_fr_curve_loss_1: 0.0077 - val_fr_curve_loss_2: 0.0094 - val_fr_curve_loss_3: 0.0122
[Optuna] trial=15 epoch=12 val_fr_phase_loss_15=0.11937 | median=0.145496 (n=11, p25=0.116411, p75=0.187606) | margin=-0.0261258 (-17.96%)

======================================================================
   PHASE 3/6: scheduled_sampling
   Tf Ratio Start: 1.0
   Tf Ratio End: 0.35
   Per Feature: True
   Stop Grad Pred: True
   Ratio Mode: sigmoid
   Mid Point: 0.6
   Sharpness: 10.0
   Power Value: 2.0
   Epochs: 8
   Learning Rate: 0.0005098225851029024
   Clipping Norm: 0.9838094838283228
   Horizon (train loss): 20
   Output timesteps (val_loss and fr_loss): 50
======================================================================

Epoch 13/30
309/309 ━━━━━━━━━━━━━━━━━━━━ 172s 557ms/step - mae: 0.0450 - loss: 0.0040 - val_loss: 0.0034
Epoch 14/30
309/309 ━━━━━━━━━━━━━━━━━━━━ 178s 576ms/step - mae: 0.0359 - loss: 0.0019 - val_loss: 0.0021 - val_fr_phase_loss_20: 0.2044
[Optuna] trial=15 epoch=14 val_fr_phase_loss_20=0.20442 | median=0.21864 (n=11, p25=0.152726, p75=0.242175) | margin=-0.0142199 (-6.50%)
Epoch 15/30
309/309 ━━━━━━━━━━━━━━━━━━━━ 173s 559ms/step - mae: 0.0323 - loss: 0.0014 - val_loss: 0.0017
Epoch 16/30
309/309 ━━━━━━━━━━━━━━━━━━━━ 181s 586ms/step - mae: 0.0302 - loss: 0.0014 - val_loss: 0.0015 - val_fr_phase_loss_20: 0.2610
[Optuna] trial=15 epoch=16 val_fr_phase_loss_20=0.261019 | median=0.23019 (n=11, p25=0.171094, p75=0.297211) | margin=+0.0308294 (+13.39%)
Epoch 17/30
309/309 ━━━━━━━━━━━━━━━━━━━━ 171s 554ms/step - mae: 0.0345 - loss: 0.0030 - val_loss: 0.0019
Epoch 18/30
309/309 ━━━━━━━━━━━━━━━━━━━━ 176s 569ms/step - mae: 0.0415 - loss: 0.0110 - val_loss: 0.0028 - val_fr_phase_loss_20: 0.2351
[Optuna] trial=15 epoch=18 val_fr_phase_loss_20=0.23513 | median=0.233696 (n=11, p25=0.165529, p75=0.263866) | margin=+0.00143495 (+0.61%)
Epoch 19/30
309/309 ━━━━━━━━━━━━━━━━━━━━ 171s 554ms/step - mae: 0.0486 - loss: 0.0178 - val_loss: 0.0040
Epoch 20/30
309/309 ━━━━━━━━━━━━━━━━━━━━ 176s 570ms/step - mae: 0.0448 - loss: 0.0179 - val_loss: 0.0033 - val_fr_phase_loss_20: 0.1979 - val_fr_target_loss_50: 0.8898 - val_fr_curve_loss_1: 0.0035 - val_fr_curve_loss_2: 0.0046 - val_fr_curve_loss_3: 0.0067
[Optuna] trial=15 epoch=20 val_fr_phase_loss_20=0.197924 | median=0.207757 (n=11, p25=0.148061, p75=0.218999) | margin=-0.00983295 (-4.73%)

======================================================================
   PHASE 4/6: masked_modeling
   Mask Prob: 0.2
   Mask Scope: time
   Mask Mode: noise
   Mask Value: None
   Noise Sigma: 0.1
   Noise Replace: False
   Epochs: 4
   Learning Rate: 0.0004369907872310592
   Clipping Norm: 0.9259383377207744
   Horizon (train loss): 30
   Output timesteps (val_loss and fr_loss): 50
======================================================================

Epoch 21/30
309/309 ━━━━━━━━━━━━━━━━━━━━ 12s 40ms/step - mae: 0.0277 - loss: 0.0020 - val_loss: 0.0013
Epoch 22/30
309/309 ━━━━━━━━━━━━━━━━━━━━ 18s 57ms/step - mae: 0.0270 - loss: 0.0017 - val_loss: 0.0012 - val_fr_phase_loss_30: 0.2506
[Optuna] trial=15 epoch=22 val_fr_phase_loss_30=0.250614 | median=0.271931 (n=11, p25=0.258214, p75=0.433628) | margin=-0.0213174 (-7.84%)
Epoch 23/30
309/309 ━━━━━━━━━━━━━━━━━━━━ 13s 43ms/step - mae: 0.0266 - loss: 0.0017 - val_loss: 0.0012
Epoch 24/30
309/309 ━━━━━━━━━━━━━━━━━━━━ 16s 52ms/step - mae: 0.0263 - loss: 0.0016 - val_loss: 0.0012 - val_fr_phase_loss_30: 0.2601 - val_fr_target_loss_50: 0.6545 - val_fr_curve_loss_1: 0.0017 - val_fr_curve_loss_2: 0.0022 - val_fr_curve_loss_3: 0.0031
[Optuna] trial=15 epoch=24 val_fr_phase_loss_30=0.260142 | median=0.283956 (n=11, p25=0.26786, p75=0.434368) | margin=-0.0238141 (-8.39%)

======================================================================
   PHASE 5/6: full_autoregressive
   Gradient Through Time: False
   Epochs: 4
   Learning Rate: 0.00036415898935921603
   Clipping Norm: 0.868067191613226
   Horizon (train loss): 40
   Output timesteps (val_loss and fr_loss): 50
======================================================================

Epoch 25/30
309/309 ━━━━━━━━━━━━━━━━━━━━ 163s 526ms/step - mae: 0.3237 - loss: 0.3732 - val_loss: 0.1893
Epoch 26/30
309/309 ━━━━━━━━━━━━━━━━━━━━ 169s 546ms/step - mae: 0.2902 - loss: 0.2120 - val_loss: 0.1600 - val_fr_phase_loss_40: 0.2162
[Optuna] trial=15 epoch=26 val_fr_phase_loss_40=0.216217 | median=0.304472 (n=11, p25=0.263038, p75=0.453698) | margin=-0.0882544 (-28.99%)
Epoch 27/30
309/309 ━━━━━━━━━━━━━━━━━━━━ 160s 519ms/step - mae: 0.2693 - loss: 0.1682 - val_loss: 0.1397
Epoch 28/30
309/309 ━━━━━━━━━━━━━━━━━━━━ 163s 527ms/step - mae: 0.2542 - loss: 0.1429 - val_loss: 0.1265 - val_fr_phase_loss_40: 0.1752 - val_fr_target_loss_50: 0.2470 - val_fr_curve_loss_1: 0.0304 - val_fr_curve_loss_2: 0.0281 - val_fr_curve_loss_3: 0.0269
[Optuna] trial=15 epoch=28 val_fr_phase_loss_40=0.175175 | median=0.291854 (n=11, p25=0.231737, p75=0.38215) | margin=-0.116679 (-39.98%)

======================================================================
   PHASE 6/6: full_autoregressive
   Gradient Through Time: True
   Epochs: 2
   Learning Rate: 0.0002184953936155296
   Clipping Norm: 0.6944537532905808
   Horizon (train loss): 50
   Output timesteps (val_loss and fr_loss): 50
======================================================================

Epoch 29/30
309/309 ━━━━━━━━━━━━━━━━━━━━ 159s 515ms/step - mae: 0.2763 - loss: 0.1703 - val_loss: 0.1491
Epoch 30/30
309/309 ━━━━━━━━━━━━━━━━━━━━ 164s 530ms/step - mae: 0.2688 - loss: 0.1516 - val_loss: 0.1412 - val_fr_phase_loss_50: 0.2121 - val_fr_target_loss_50: 0.2191 - val_fr_curve_loss_1: 0.0367 - val_fr_curve_loss_2: 0.0337 - val_fr_curve_loss_3: 0.0317
[Optuna] trial=15 epoch=30 val_fr_phase_loss_50=0.212111 | median=0.338925 (n=11, p25=0.272708, p75=0.400586) | margin=-0.126814 (-37.42%)
Final loss: 0.1516
Predicting all test samples in free_running mode...
  X shape: (2280, 200, 36)
  Y shape: (2280, 50, 36)
  Pred shape: (2280, 50, 36)

 step | target                | pred                  | abs_err
------|-----------------------|-----------------------|----------------------
   25 | [ 0.413975  2.252291  0.076809 -1.082321  0.133018 -0.274908  0.639894
 -1.222357 -1.249584  0.168496  0.626157  0.768161 -1.833026  0.430524
 -0.664956 -0.940605 -0.333545  0.888525  1.287808  0.789981 -0.276216
 -0.539654 -0.175473  0.252616 -1.215466 -0.765159 -0.430836 -0.7326
  1.170439  1.235309 -0.98217   0.207688  0.323877 -0.382801 -0.034873
  0.56418 ] | [ 0.631029  2.374964  0.450062 -0.594229 -0.2943   -0.252575  0.557409
 -1.129284 -1.362965  0.617657  0.062351  0.753264 -1.469508 -0.832196
 -0.162772 -1.057544 -0.408366  0.432109  0.989905  0.497264  0.176365
 -0.816219 -0.181979  0.279668 -0.673387 -0.471889 -0.330819 -0.440455
  1.160824  1.143146 -0.909811  0.53419   0.195597 -0.469628 -0.337874
  0.383775] | [0.217055 0.122673 0.373253 0.488092 0.427319 0.022333 0.082485 0.093073
 0.113381 0.44916  0.563807 0.014897 0.363518 1.262721 0.502184 0.116939
 0.074821 0.456416 0.297902 0.292717 0.45258  0.276565 0.006506 0.027052
 0.542079 0.29327  0.100017 0.292145 0.009615 0.092163 0.072359 0.326501
 0.12828  0.086827 0.303001 0.180406]
   26 | [ 0.433902  2.276946  0.062718 -1.073421  0.149295 -0.261739  0.66411
 -1.190588 -1.280325  0.091743  0.630177  0.811665 -1.905444  0.590891
 -0.648677 -0.950394 -0.271225  0.842781  1.340023  0.789891 -0.296955
 -0.535192 -0.171397  0.217021 -1.236176 -0.75049  -0.449502 -0.772153
  1.203705  1.218394 -1.003057  0.192291  0.338178 -0.409968  0.071482
  0.522649] | [ 0.655899  2.405448  0.445742 -0.577609 -0.288078 -0.240317  0.591773
 -1.106536 -1.391571  0.534793  0.019792  0.840567 -1.540766 -0.772179
 -0.138253 -1.08644  -0.374465  0.401296  1.03642   0.485381  0.160055
 -0.826918 -0.148926  0.284707 -0.648104 -0.433692 -0.353042 -0.440496
  1.176154  1.153724 -0.934878  0.525069  0.184973 -0.507874 -0.294075
  0.340766] | [0.221996 0.128502 0.383023 0.495813 0.437372 0.021421 0.072337 0.084052
 0.111246 0.44305  0.610385 0.028902 0.364678 1.36307  0.510425 0.136045
 0.10324  0.441484 0.303603 0.30451  0.457011 0.291726 0.022471 0.067685
 0.588072 0.316798 0.09646  0.331658 0.027551 0.06467  0.068179 0.332778
 0.153205 0.097906 0.365557 0.181882]
   27 | [ 0.45137   2.29779   0.046898 -1.065959  0.163722 -0.251176  0.686906
 -1.158318 -1.306769  0.020961  0.635355  0.846673 -1.973424  0.752938
 -0.63128  -0.95588  -0.208485  0.794828  1.389242  0.786713 -0.314912
 -0.528408 -0.166389  0.176889 -1.255981 -0.733755 -0.465744 -0.812322
  1.237801  1.200935 -1.020813  0.176508  0.350492 -0.434216  0.179125
  0.481679] | [ 0.676836  2.431047  0.439157 -0.562742 -0.284274 -0.230022  0.626545
 -1.083623 -1.414774  0.454606 -0.02084   0.923213 -1.610126 -0.711039
 -0.116323 -1.110548 -0.341419  0.370681  1.080443  0.470813  0.14538
 -0.834836 -0.114647  0.285148 -0.62268  -0.39531  -0.372667 -0.440362
  1.189757  1.162487 -0.956936  0.515241  0.170855 -0.544242 -0.248458
  0.298632] | [0.225467 0.133258 0.392259 0.503217 0.447996 0.021154 0.060361 0.074695
 0.108004 0.433645 0.656195 0.076541 0.363298 1.463977 0.514957 0.154668
 0.132934 0.424147 0.308799 0.315901 0.460293 0.306428 0.051742 0.108258
 0.633301 0.338445 0.093077 0.37196  0.048044 0.038448 0.063877 0.338733
 0.179638 0.110026 0.427582 0.183047]
   28 | [ 0.466327  2.314783  0.029422 -1.059933  0.176249 -0.243234  0.708319
 -1.125542 -1.328843 -0.043589  0.641445  0.873025 -2.036825  0.915869
 -0.612772 -0.957077 -0.145636  0.744967  1.435167  0.780424 -0.32991
 -0.519352 -0.160183  0.132539 -1.274543 -0.714768 -0.479514 -0.852827
  1.272629  1.183048 -1.035382  0.160153  0.360566 -0.455552  0.287429
  0.44125 ] | [ 0.693758  2.451688  0.430399 -0.549696 -0.282897 -0.221585  0.661552
 -1.06052  -1.432581  0.377527 -0.0595    1.001048 -1.677243 -0.649183
 -0.096926 -1.129802 -0.309408  0.340194  1.121631  0.453485  0.132345
 -0.840006 -0.079221  0.280995 -0.596967 -0.356767 -0.389805 -0.44003
  1.201592  1.169449 -0.975928  0.504806  0.153143 -0.578672 -0.201246
  0.257463] | [0.227431 0.136905 0.400977 0.510237 0.459146 0.021649 0.046767 0.065022
 0.103738 0.421116 0.700945 0.128023 0.359582 1.565052 0.515846 0.172725
 0.163772 0.404773 0.313537 0.326939 0.462255 0.320654 0.080961 0.148456
 0.677577 0.358001 0.089709 0.412797 0.071037 0.013598 0.059455 0.344653
 0.207423 0.12312  0.488675 0.183786]
   29 | [ 0.478732  2.32789   0.010362 -1.055353  0.186818 -0.237931  0.728378
 -1.09227  -1.346491 -0.1017    0.648197  0.890628 -2.095523  1.078877
 -0.593175 -0.95402  -0.082985  0.693516  1.47754   0.771024 -0.341791
 -0.508082 -0.152506  0.084329 -1.291529 -0.693373 -0.49077  -0.893374
  1.308082  1.164834 -1.046716  0.143051  0.368166 -0.473989  0.395794
  0.401343] | [ 0.707459  2.466482  0.418381 -0.536777 -0.283811 -0.213176  0.697372
 -1.036481 -1.447009  0.303229 -0.097154  1.072434 -1.742898 -0.58517
 -0.079393 -1.143239 -0.276475  0.308738  1.157961  0.434586  0.119447
 -0.84182  -0.04261   0.272847 -0.56884  -0.316548 -0.404163 -0.440021
  1.211833  1.173521 -0.990521  0.49365   0.132021 -0.610521 -0.152063
  0.215805] | [0.228727 0.138592 0.408019 0.518576 0.470629 0.024756 0.031006 0.055789
 0.100518 0.404929 0.745351 0.181806 0.352625 1.664047 0.513782 0.189219
 0.19349  0.384778 0.319579 0.336438 0.461238 0.333738 0.109896 0.188518
 0.722689 0.376825 0.086606 0.453353 0.096249 0.008688 0.056195 0.350599
 0.236145 0.136532 0.547857 0.185538]
model built: True
num weights: 38
{'mae': [0.1270153671503067, 0.08039575815200806, 0.0624750480055809, 0.0530584380030632, 0.04729079082608223, 0.043717630207538605, 0.12278132885694504, 0.11303003132343292, 0.10089942812919617, 0.09424302726984024, 0.08772451430559158, 0.08137573301792145, 0.04497653990983963, 0.035865556448698044, 0.032276254147291183, 0.030157532542943954, 0.0345146581530571, 0.041473083198070526, 0.04863202944397926, 0.044792093336582184, 0.027748214080929756, 0.027001863345503807, 0.026566289365291595, 0.026335909962654114, 0.32367345690727234, 0.2901891767978668, 0.26927876472473145, 0.2541857361793518, 0.27633732557296753, 0.2688070833683014], 'loss': [0.15147165954113007, 0.014445689506828785, 0.006677174009382725, 0.004336891230195761, 0.0032559784594923258, 0.002647609682753682, 0.033635906875133514, 0.022749274969100952, 0.01794390380382538, 0.014480309560894966, 0.012196584604680538, 0.01038395892828703, 0.004007895477116108, 0.0018607588717713952, 0.001360605820082128, 0.0014082507696002722, 0.0029963888227939606, 0.010955939069390297, 0.017848819494247437, 0.017907215282320976, 0.0020002368837594986, 0.0017081681871786714, 0.0016601874958723783, 0.0016480379272252321, 0.3732316493988037, 0.2120218425989151, 0.1682325005531311, 0.14289899170398712, 0.1702745109796524, 0.15158462524414062], 'val_loss': [0.026204977184534073, 0.010391916148364544, 0.00632191589102149, 0.004562155343592167, 0.003618708811700344, 0.0030830400064587593, 0.024274801835417747, 0.02079099416732788, 0.016795089468359947, 0.014900597743690014, 0.013025123625993729, 0.011322476901113987, 0.0033637627493590117, 0.002129469532519579, 0.0017373354639858007, 0.0015122261829674244, 0.0019430210813879967, 0.0028314257506281137, 0.00395561195909977, 0.003310111118480563, 0.0013032711576670408, 0.0012316226493567228, 0.001189938746392727, 0.0011672306573018432, 0.1892729550600052, 0.15999285876750946, 0.13973335921764374, 0.12646715342998505, 0.14910271763801575, 0.1412450075149536], 'val_fr_phase_loss_10': [nan, 0.10046426206827164, nan, 0.10250037163496017, nan, 0.11281496286392212], 'val_fr_target_loss_50': [nan, nan, nan, nan, nan, 1.1010186672210693, nan, nan, nan, nan, nan, 0.8816884160041809, nan, nan, nan, nan, nan, nan, nan, 0.8898482322692871, nan, nan, nan, 0.6545448899269104, nan, nan, nan, 0.24695926904678345, nan, 0.21906305849552155], 'val_fr_curve_loss_1': [nan, nan, nan, nan, nan, 0.003762132255360484, nan, nan, nan, nan, nan, 0.00774082075804472, nan, nan, nan, nan, nan, nan, nan, 0.0034674934577196836, nan, nan, nan, 0.0016869142418727279, nan, nan, nan, 0.030417392030358315, nan, 0.03673054650425911], 'val_fr_curve_loss_2': [nan, nan, nan, nan, nan, 0.007007675711065531, nan, nan, nan, nan, nan, 0.009389834478497505, nan, nan, nan, nan, nan, nan, nan, 0.004637101665139198, nan, nan, nan, 0.002177155576646328, nan, nan, nan, 0.02808399498462677, nan, 0.033653728663921356], 'val_fr_curve_loss_3': [nan, nan, nan, nan, nan, 0.01213359646499157, nan, nan, nan, nan, nan, 0.012220405042171478, nan, nan, nan, nan, nan, nan, nan, 0.006680562160909176, nan, nan, nan, 0.0030716825276613235, nan, nan, nan, 0.02687576785683632, nan, 0.03172404691576958], 'val_fr_phase_loss_15': [nan, 0.1593826562166214, nan, 0.12917645275592804, nan, 0.119369737803936], 'val_fr_phase_loss_20': [nan, 0.20441962778568268, nan, 0.26101914048194885, nan, 0.23513047397136688, nan, 0.19792430102825165], 'val_fr_phase_loss_30': [nan, 0.25061413645744324, nan, 0.260142058134079], 'val_fr_phase_loss_40': [nan, 0.2162172794342041, nan, 0.17517495155334473], 'val_fr_phase_loss_50': [nan, 0.21211059391498566]}
Saved artifacts to: runs/tuning/study_lstm_lvl1/trial_0015
