--- Number of Windows for Train = 9880
--- Number of Windows for Val = 3040
--- Number of Windows for Test = 2280
--- Curriculum = [10, 15, 20, 30, 40, 50]
--- fr_curve Outsteps = [1, 2, 3]

--- Training: prova1 [LSTM/FC/HYBRID]  ---

======================================================================
   PHASE 1/6: teacher_forcing
   Epochs: 6
   Learning Rate: 5.987786286703925e-05
   Clipping Norm: 1.7254716573280358
   Horizon (train loss): 10
   Output timesteps (val_loss and fr_loss): 50
======================================================================

Epoch 1/30
309/309 ━━━━━━━━━━━━━━━━━━━━ 22s 44ms/step - mae: 0.5917 - loss: 0.7281 - val_loss: 0.5566
Epoch 2/30
309/309 ━━━━━━━━━━━━━━━━━━━━ 17s 55ms/step - mae: 0.4223 - loss: 0.3802 - val_loss: 0.2834 - val_fr_phase_loss_10: 0.3590
[Optuna] trial=0 epoch=2 val_fr_phase_loss_10=0.358982 | no history yet
Epoch 3/30
309/309 ━━━━━━━━━━━━━━━━━━━━ 16s 40ms/step - mae: 0.3303 - loss: 0.2088 - val_loss: 0.1750
Epoch 4/30
309/309 ━━━━━━━━━━━━━━━━━━━━ 17s 55ms/step - mae: 0.2709 - loss: 0.1330 - val_loss: 0.1188 - val_fr_phase_loss_10: 0.1888
[Optuna] trial=0 epoch=4 val_fr_phase_loss_10=0.188802 | no history yet
Epoch 5/30
309/309 ━━━━━━━━━━━━━━━━━━━━ 12s 40ms/step - mae: 0.2323 - loss: 0.0926 - val_loss: 0.0877
Epoch 6/30
309/309 ━━━━━━━━━━━━━━━━━━━━ 17s 54ms/step - mae: 0.2047 - loss: 0.0693 - val_loss: 0.0683 - val_fr_phase_loss_10: 0.1324 - val_fr_target_loss_50: 0.9015 - val_fr_curve_loss_1: 0.1066 - val_fr_curve_loss_2: 0.0939 - val_fr_curve_loss_3: 0.0902
[Optuna] trial=0 epoch=6 val_fr_phase_loss_10=0.132426 | no history yet

======================================================================
   PHASE 2/6: masked_modeling
   Mask Prob: 0.15
   Mask Scope: time
   Mask Mode: constant
   Mask Value: 0.2
   Noise Sigma: None
   Noise Replace: False
   Epochs: 6
   Learning Rate: 4.79022902936314e-05
   Clipping Norm: 1.5529244915952323
   Horizon (train loss): 15
   Output timesteps (val_loss and fr_loss): 50
======================================================================

Epoch 7/30
309/309 ━━━━━━━━━━━━━━━━━━━━ 13s 40ms/step - mae: 0.2063 - loss: 0.0707 - val_loss: 0.0688
Epoch 8/30
309/309 ━━━━━━━━━━━━━━━━━━━━ 16s 53ms/step - mae: 0.1938 - loss: 0.0602 - val_loss: 0.0607 - val_fr_phase_loss_15: 0.2143
[Optuna] trial=0 epoch=8 val_fr_phase_loss_15=0.214251 | no history yet
Epoch 9/30
309/309 ━━━━━━━━━━━━━━━━━━━━ 15s 49ms/step - mae: 0.1834 - loss: 0.0536 - val_loss: 0.0543
Epoch 10/30
309/309 ━━━━━━━━━━━━━━━━━━━━ 23s 73ms/step - mae: 0.1755 - loss: 0.0486 - val_loss: 0.0497 - val_fr_phase_loss_15: 0.2047
[Optuna] trial=0 epoch=10 val_fr_phase_loss_15=0.204694 | no history yet
Epoch 11/30
309/309 ━━━━━━━━━━━━━━━━━━━━ 17s 54ms/step - mae: 0.1691 - loss: 0.0446 - val_loss: 0.0461
Epoch 12/30
309/309 ━━━━━━━━━━━━━━━━━━━━ 22s 72ms/step - mae: 0.1625 - loss: 0.0416 - val_loss: 0.0426 - val_fr_phase_loss_15: 0.1966 - val_fr_target_loss_50: 1.0323 - val_fr_curve_loss_1: 0.0437 - val_fr_curve_loss_2: 0.0414 - val_fr_curve_loss_3: 0.0440
[Optuna] trial=0 epoch=12 val_fr_phase_loss_15=0.196588 | no history yet

======================================================================
   PHASE 3/6: scheduled_sampling
   Tf Ratio Start: 1.0
   Tf Ratio End: 0.35
   Per Feature: True
   Stop Grad Pred: True
   Ratio Mode: sigmoid
   Mid Point: 0.6
   Sharpness: 10.0
   Power Value: 2.0
   Epochs: 8
   Learning Rate: 4.1914504006927473e-05
   Clipping Norm: 1.4666509087288304
   Horizon (train loss): 20
   Output timesteps (val_loss and fr_loss): 50
======================================================================

Epoch 13/30
309/309 ━━━━━━━━━━━━━━━━━━━━ 182s 590ms/step - mae: 0.1437 - loss: 0.0321 - val_loss: 0.0336
Epoch 14/30
309/309 ━━━━━━━━━━━━━━━━━━━━ 189s 613ms/step - mae: 0.1336 - loss: 0.0269 - val_loss: 0.0290 - val_fr_phase_loss_20: 0.2206
[Optuna] trial=0 epoch=14 val_fr_phase_loss_20=0.220636 | no history yet
Epoch 15/30
309/309 ━━━━━━━━━━━━━━━━━━━━ 185s 600ms/step - mae: 0.1248 - loss: 0.0239 - val_loss: 0.0253
Epoch 16/30
309/309 ━━━━━━━━━━━━━━━━━━━━ 194s 629ms/step - mae: 0.1171 - loss: 0.0231 - val_loss: 0.0223 - val_fr_phase_loss_20: 0.2187
[Optuna] trial=0 epoch=16 val_fr_phase_loss_20=0.218661 | no history yet
Epoch 17/30
309/309 ━━━━━━━━━━━━━━━━━━━━ 187s 606ms/step - mae: 0.1104 - loss: 0.0272 - val_loss: 0.0199
Epoch 18/30
309/309 ━━━━━━━━━━━━━━━━━━━━ 226s 731ms/step - mae: 0.1050 - loss: 0.0377 - val_loss: 0.0180 - val_fr_phase_loss_20: 0.2093
[Optuna] trial=0 epoch=18 val_fr_phase_loss_20=0.20933 | no history yet
Epoch 19/30
309/309 ━━━━━━━━━━━━━━━━━━━━ 245s 794ms/step - mae: 0.1007 - loss: 0.0454 - val_loss: 0.0166
Epoch 20/30
309/309 ━━━━━━━━━━━━━━━━━━━━ 225s 726ms/step - mae: 0.0966 - loss: 0.0465 - val_loss: 0.0153 - val_fr_phase_loss_20: 0.2002 - val_fr_target_loss_50: 0.7187 - val_fr_curve_loss_1: 0.0192 - val_fr_curve_loss_2: 0.0201 - val_fr_curve_loss_3: 0.0234
[Optuna] trial=0 epoch=20 val_fr_phase_loss_20=0.200155 | no history yet

======================================================================
   PHASE 4/6: masked_modeling
   Mask Prob: 0.2
   Mask Scope: time
   Mask Mode: noise
   Mask Value: None
   Noise Sigma: 0.1
   Noise Replace: False
   Epochs: 4
   Learning Rate: 3.5926717720223546e-05
   Clipping Norm: 1.3803773258624288
   Horizon (train loss): 30
   Output timesteps (val_loss and fr_loss): 50
======================================================================

Epoch 21/30
309/309 ━━━━━━━━━━━━━━━━━━━━ 13s 42ms/step - mae: 0.0916 - loss: 0.0121 - val_loss: 0.0137
Epoch 22/30
309/309 ━━━━━━━━━━━━━━━━━━━━ 17s 57ms/step - mae: 0.0886 - loss: 0.0113 - val_loss: 0.0128 - val_fr_phase_loss_30: 0.4050
[Optuna] trial=0 epoch=22 val_fr_phase_loss_30=0.404999 | no history yet
Epoch 23/30
309/309 ━━━━━━━━━━━━━━━━━━━━ 13s 42ms/step - mae: 0.0858 - loss: 0.0106 - val_loss: 0.0120
Epoch 24/30
309/309 ━━━━━━━━━━━━━━━━━━━━ 17s 56ms/step - mae: 0.0831 - loss: 0.0099 - val_loss: 0.0113 - val_fr_phase_loss_30: 0.4126 - val_fr_target_loss_50: 0.8150 - val_fr_curve_loss_1: 0.0150 - val_fr_curve_loss_2: 0.0165 - val_fr_curve_loss_3: 0.0199
[Optuna] trial=0 epoch=24 val_fr_phase_loss_30=0.412592 | no history yet

======================================================================
   PHASE 5/6: full_autoregressive
   Gradient Through Time: False
   Epochs: 4
   Learning Rate: 2.9938931433519625e-05
   Clipping Norm: 1.2941037429960267
   Horizon (train loss): 40
   Output timesteps (val_loss and fr_loss): 50
======================================================================

Epoch 25/30
309/309 ━━━━━━━━━━━━━━━━━━━━ 209s 676ms/step - mae: 0.1097 - loss: 0.3936 - val_loss: 0.0199
Epoch 26/30
309/309 ━━━━━━━━━━━━━━━━━━━━ 239s 773ms/step - mae: 0.1101 - loss: 0.3532 - val_loss: 0.0201 - val_fr_phase_loss_40: 0.3960
[Optuna] trial=0 epoch=26 val_fr_phase_loss_40=0.396035 | no history yet
Epoch 27/30
309/309 ━━━━━━━━━━━━━━━━━━━━ 201s 651ms/step - mae: 0.1107 - loss: 0.3452 - val_loss: 0.0204
Epoch 28/30
309/309 ━━━━━━━━━━━━━━━━━━━━ 216s 699ms/step - mae: 0.1114 - loss: 0.3391 - val_loss: 0.0206 - val_fr_phase_loss_40: 0.3809 - val_fr_target_loss_50: 0.4653 - val_fr_curve_loss_1: 0.0181 - val_fr_curve_loss_2: 0.0193 - val_fr_curve_loss_3: 0.0225
[Optuna] trial=0 epoch=28 val_fr_phase_loss_40=0.380907 | no history yet

======================================================================
   PHASE 6/6: full_autoregressive
   Gradient Through Time: True
   Epochs: 2
   Learning Rate: 1.7963358860111773e-05
   Clipping Norm: 1.0352829943968214
   Horizon (train loss): 50
   Output timesteps (val_loss and fr_loss): 50
======================================================================

Epoch 29/30
309/309 ━━━━━━━━━━━━━━━━━━━━ 204s 660ms/step - mae: 0.1171 - loss: 0.3766 - val_loss: 0.0226
Epoch 30/30
309/309 ━━━━━━━━━━━━━━━━━━━━ 210s 679ms/step - mae: 0.1175 - loss: 0.3601 - val_loss: 0.0228 - val_fr_phase_loss_50: 0.4113 - val_fr_target_loss_50: 0.4238 - val_fr_curve_loss_1: 0.0310 - val_fr_curve_loss_2: 0.0309 - val_fr_curve_loss_3: 0.0340
[Optuna] trial=0 epoch=30 val_fr_phase_loss_50=0.411301 | no history yet
Final loss: 0.3601
Predicting all test samples in free_running mode...
  X shape: (2280, 200, 36)
  Y shape: (2280, 50, 36)
  Pred shape: (2280, 50, 36)

 step | target                | pred                  | abs_err
------|-----------------------|-----------------------|----------------------
   25 | [ 0.413975  2.252291  0.076809 -1.082321  0.133018 -0.274908  0.639894
 -1.222357 -1.249584  0.168496  0.626157  0.768161 -1.833026  0.430524
 -0.664956 -0.940605 -0.333545  0.888525  1.287808  0.789981 -0.276216
 -0.539654 -0.175473  0.252616 -1.215466 -0.765159 -0.430836 -0.7326
  1.170439  1.235309 -0.98217   0.207688  0.323877 -0.382801 -0.034873
  0.56418 ] | [ 0.531257  1.650449 -0.109411 -0.52439  -0.172388 -0.585645  0.961192
 -0.996638 -0.914564  0.671709  0.070912  0.53866   0.264579 -0.852769
  0.181779 -0.758376 -0.235468  0.484576  0.427618  0.283106 -0.10235
 -0.421211  0.212536  0.722917  0.028115  0.309129 -0.356599 -0.257418
  1.116406  0.999117 -0.658939  0.074255  0.973825 -0.257061  0.042455
  0.123792] | [0.117282 0.601842 0.18622  0.557932 0.305407 0.310737 0.321298 0.225719
 0.33502  0.503213 0.555245 0.2295   2.097605 1.283294 0.846735 0.182229
 0.098077 0.403949 0.86019  0.506876 0.173866 0.118443 0.38801  0.470301
 1.243581 1.074288 0.074237 0.475182 0.054034 0.236191 0.323231 0.133433
 0.649948 0.125739 0.077328 0.440388]
   26 | [ 0.433902  2.276946  0.062718 -1.073421  0.149295 -0.261739  0.66411
 -1.190588 -1.280325  0.091743  0.630177  0.811665 -1.905444  0.590891
 -0.648677 -0.950394 -0.271225  0.842781  1.340023  0.789891 -0.296955
 -0.535192 -0.171397  0.217021 -1.236176 -0.75049  -0.449502 -0.772153
  1.203705  1.218394 -1.003057  0.192291  0.338178 -0.409968  0.071482
  0.522649] | [ 0.546957  1.666785 -0.105583 -0.495311 -0.183506 -0.582275  0.984985
 -0.974453 -0.939486  0.669141  0.007952  0.573316  0.222813 -0.817473
  0.210151 -0.779998 -0.22992   0.439053  0.435798  0.27464  -0.116859
 -0.449085  0.223041  0.725683  0.054439  0.350836 -0.38025  -0.248474
  1.130098  1.007661 -0.664525  0.064488  0.974717 -0.281156  0.059653
  0.084081] | [0.113054 0.61016  0.168301 0.57811  0.332801 0.320536 0.320874 0.216136
 0.340839 0.577398 0.622225 0.238349 2.128257 1.408364 0.858828 0.170396
 0.041304 0.403728 0.904225 0.515251 0.180096 0.086108 0.394438 0.508662
 1.290615 1.101326 0.069252 0.523679 0.073607 0.210734 0.338531 0.127803
 0.636539 0.128812 0.01183  0.438568]
   27 | [ 0.45137   2.29779   0.046898 -1.065959  0.163722 -0.251176  0.686906
 -1.158318 -1.306769  0.020961  0.635355  0.846673 -1.973424  0.752938
 -0.63128  -0.95588  -0.208485  0.794828  1.389242  0.786713 -0.314912
 -0.528408 -0.166389  0.176889 -1.255981 -0.733755 -0.465744 -0.812322
  1.237801  1.200935 -1.020813  0.176508  0.350492 -0.434216  0.179125
  0.481679] | [ 0.561113  1.680977 -0.102865 -0.467396 -0.195865 -0.57999   1.007782
 -0.953449 -0.961828  0.669156 -0.054372  0.604633  0.179915 -0.781312
  0.236349 -0.799635 -0.226428  0.393334  0.442947  0.26549  -0.129849
 -0.475569  0.232648  0.725739  0.079191  0.390528 -0.402956 -0.239565
  1.142554  1.01606  -0.668938  0.054628  0.973133 -0.303183  0.076564
  0.046406] | [0.109743 0.616813 0.149763 0.598563 0.359588 0.328814 0.320877 0.204869
 0.344941 0.648195 0.689727 0.24204  2.153339 1.53425  0.867629 0.156245
 0.017942 0.401494 0.946295 0.521223 0.185063 0.052839 0.399038 0.54885
 1.335172 1.124283 0.062788 0.572757 0.095247 0.184875 0.351875 0.12188
 0.622641 0.131033 0.102561 0.435273]
   28 | [ 0.466327  2.314783  0.029422 -1.059933  0.176249 -0.243234  0.708319
 -1.125542 -1.328843 -0.043589  0.641445  0.873025 -2.036825  0.915869
 -0.612772 -0.957077 -0.145636  0.744967  1.435167  0.780424 -0.32991
 -0.519352 -0.160183  0.132539 -1.274543 -0.714768 -0.479514 -0.852827
  1.272629  1.183048 -1.035382  0.160153  0.360566 -0.455552  0.287429
  0.44125 ] | [ 0.573457  1.693117 -0.101057 -0.440639 -0.209426 -0.578679  1.02926
 -0.933429 -0.98185   0.671168 -0.116194  0.632796  0.136219 -0.744329
  0.260274 -0.817358 -0.225018  0.347509  0.449398  0.255695 -0.14153
 -0.500641  0.24144   0.722807  0.102484  0.428068 -0.424606 -0.230489
  1.154031  1.023996 -0.672123  0.044696  0.969401 -0.323012  0.093009
  0.01074 ] | [0.10713  0.621666 0.130479 0.619294 0.385675 0.335445 0.320941 0.192112
 0.346993 0.714757 0.757639 0.240229 2.173044 1.660198 0.873047 0.139719
 0.079382 0.397457 0.985769 0.52473  0.188381 0.018711 0.401623 0.590268
 1.377028 1.142836 0.054908 0.622339 0.118599 0.159052 0.36326  0.115458
 0.608835 0.13254  0.19442  0.43051 ]
   29 | [ 0.478732  2.32789   0.010362 -1.055353  0.186818 -0.237931  0.728378
 -1.09227  -1.346491 -0.1017    0.648197  0.890628 -2.095523  1.078877
 -0.593175 -0.95402  -0.082985  0.693516  1.47754   0.771024 -0.341791
 -0.508082 -0.152506  0.084329 -1.291529 -0.693373 -0.49077  -0.893374
  1.308082  1.164834 -1.046716  0.143051  0.368166 -0.473989  0.395794
  0.401343] | [ 0.584214  1.703275 -0.100145 -0.415216 -0.224093 -0.578373  1.049319
 -0.914458 -0.999593  0.675345 -0.176977  0.65815   0.091427 -0.706473
  0.281824 -0.833199 -0.225836  0.301406  0.45521   0.245078 -0.151799
 -0.524128  0.249509  0.717287  0.124303  0.463602 -0.445084 -0.221712
  1.164687  1.031899 -0.674041  0.034574  0.963477 -0.341014  0.109317
 -0.022932] | [0.105483 0.624615 0.110507 0.640137 0.410911 0.340441 0.320941 0.177812
 0.346898 0.777045 0.825173 0.232478 2.18695  1.78535  0.874998 0.120821
 0.142851 0.39211  1.022331 0.525946 0.189992 0.016047 0.402014 0.632958
 1.415833 1.156975 0.045686 0.671662 0.143395 0.132935 0.372676 0.108478
 0.595311 0.132976 0.286477 0.424275]
model built: True
num weights: 38
{'mae': [0.5916808843612671, 0.42228567600250244, 0.3303475081920624, 0.2709038555622101, 0.23228424787521362, 0.20467162132263184, 0.2063020020723343, 0.19384799897670746, 0.18339307606220245, 0.17548596858978271, 0.1690903902053833, 0.16251742839813232, 0.1437135934829712, 0.13362360000610352, 0.12482087314128876, 0.11707139015197754, 0.11038605868816376, 0.10503697395324707, 0.10068072378635406, 0.09657683968544006, 0.0915934219956398, 0.08860880881547928, 0.08578664809465408, 0.08305447548627853, 0.10973523557186127, 0.11010001599788666, 0.11074701696634293, 0.11138350516557693, 0.11711663752794266, 0.11747348308563232], 'loss': [0.7280943989753723, 0.38024893403053284, 0.20882855355739594, 0.13302060961723328, 0.09255819767713547, 0.0693274438381195, 0.07067835330963135, 0.06020376831293106, 0.0536021888256073, 0.04864215478301048, 0.044624440371990204, 0.041558440774679184, 0.032131392508745193, 0.02694598212838173, 0.023869920521974564, 0.023057855665683746, 0.027244610711932182, 0.037676360458135605, 0.04539613053202629, 0.04650793597102165, 0.012128918431699276, 0.01129173394292593, 0.010591180995106697, 0.00994712021201849, 0.3935958743095398, 0.35320788621902466, 0.34517645835876465, 0.33908239006996155, 0.37661054730415344, 0.3600708842277527], 'val_loss': [0.5566228032112122, 0.28335174918174744, 0.17502395808696747, 0.11878664046525955, 0.08768804371356964, 0.06826187670230865, 0.06883201748132706, 0.06071098893880844, 0.054307520389556885, 0.04965736344456673, 0.04607771709561348, 0.0425693616271019, 0.0336262509226799, 0.029043134301900864, 0.02533336915075779, 0.022294145077466965, 0.0198573786765337, 0.01802591048181057, 0.016601111739873886, 0.015298894606530666, 0.013671023771166801, 0.012794370763003826, 0.011997350491583347, 0.011253027245402336, 0.019907739013433456, 0.020096106454730034, 0.020357364788651466, 0.020606629550457, 0.02263372577726841, 0.02277216874063015], 'val_fr_phase_loss_10': [nan, 0.358982115983963, nan, 0.18880197405815125, nan, 0.1324262171983719], 'val_fr_target_loss_50': [nan, nan, nan, nan, nan, 0.9015199542045593, nan, nan, nan, nan, nan, 1.0323071479797363, nan, nan, nan, nan, nan, nan, nan, 0.7187218070030212, nan, nan, nan, 0.8150209784507751, nan, nan, nan, 0.4653487503528595, nan, 0.42378127574920654], 'val_fr_curve_loss_1': [nan, nan, nan, nan, nan, 0.1065567284822464, nan, nan, nan, nan, nan, 0.04371268302202225, nan, nan, nan, nan, nan, nan, nan, 0.019158391281962395, nan, nan, nan, 0.015010102652013302, nan, nan, nan, 0.018145672976970673, nan, 0.03104892186820507], 'val_fr_curve_loss_2': [nan, nan, nan, nan, nan, 0.09388569742441177, nan, nan, nan, nan, nan, 0.04138784483075142, nan, nan, nan, nan, nan, nan, nan, 0.020138036459684372, nan, nan, nan, 0.016472062095999718, nan, nan, nan, 0.0193462111055851, nan, 0.030919376760721207], 'val_fr_curve_loss_3': [nan, nan, nan, nan, nan, 0.09015533328056335, nan, nan, nan, nan, nan, 0.04399348795413971, nan, nan, nan, nan, nan, nan, nan, 0.02337212674319744, nan, nan, nan, 0.01991908811032772, nan, nan, nan, 0.02254740335047245, nan, 0.03404403105378151], 'val_fr_phase_loss_15': [nan, 0.21425069868564606, nan, 0.20469431579113007, nan, 0.19658802449703217], 'val_fr_phase_loss_20': [nan, 0.22063635289669037, nan, 0.21866127848625183, nan, 0.20932990312576294, nan, 0.20015498995780945], 'val_fr_phase_loss_30': [nan, 0.404998779296875, nan, 0.4125920236110687], 'val_fr_phase_loss_40': [nan, 0.3960345685482025, nan, 0.380907267332077], 'val_fr_phase_loss_50': [nan, 0.4113006889820099]}
Saved artifacts to: runs/tuning/study_lstm_lvl1/trial_0000
