--- Number of Windows for Train = 9880
--- Number of Windows for Val = 3040
--- Number of Windows for Test = 2280
--- Curriculum = [10, 15, 20, 25, 35, 45]
--- fr_curve Outsteps = [10, 20, 30]

--- Training: prova1 [LSTM/FC/STEP_WISE]  ---

======================================================================
   PHASE 1/6: teacher_forcing
   Epochs: 6
   Learning Rate: 0.0004523527799911889
   Clipping Norm: 0.1666698328606642
   Horizon (train loss): 10
   Output timesteps (val_loss and fr_loss): 50
======================================================================

Epoch 1/20
309/309 ━━━━━━━━━━━━━━━━━━━━ 92s 282ms/step - mae: 0.5235 - loss: 0.6027 - val_loss: 0.4347
Epoch 2/20
309/309 ━━━━━━━━━━━━━━━━━━━━ 90s 293ms/step - mae: 0.4081 - loss: 0.3215 - val_loss: 0.2638 - val_fr_phase_loss_10: 0.3693
[Optuna] trial=3 epoch=2 val_fr_phase_loss_10=0.369321 | no history yet
Epoch 3/20
309/309 ━━━━━━━━━━━━━━━━━━━━ 87s 282ms/step - mae: 0.3181 - loss: 0.1878 - val_loss: 0.1631
Epoch 4/20
309/309 ━━━━━━━━━━━━━━━━━━━━ 90s 292ms/step - mae: 0.2536 - loss: 0.1153 - val_loss: 0.1067 - val_fr_phase_loss_10: 0.2240
[Optuna] trial=3 epoch=4 val_fr_phase_loss_10=0.22402 | no history yet
Epoch 5/20
309/309 ━━━━━━━━━━━━━━━━━━━━ 87s 280ms/step - mae: 0.1932 - loss: 0.0718 - val_loss: 0.0636
Epoch 6/20
309/309 ━━━━━━━━━━━━━━━━━━━━ 90s 292ms/step - mae: 0.1529 - loss: 0.0429 - val_loss: 0.0411 - val_fr_phase_loss_10: 0.1618 - val_fr_target_loss_50: 1.2030 - val_fr_curve_loss_10: 0.1689 - val_fr_curve_loss_20: 0.4105 - val_fr_curve_loss_30: 0.6909
[Optuna] trial=3 epoch=6 val_fr_phase_loss_10=0.161774 | no history yet

======================================================================
   PHASE 2/6: masked_modeling
   Mask Prob: 0.15
   Mask Scope: time
   Mask Mode: constant
   Mask Value: 0.2
   Noise Sigma: None
   Noise Replace: False
   Epochs: 4
   Learning Rate: 0.00036188222399295114
   Clipping Norm: 0.15000284957459778
   Horizon (train loss): 15
   Output timesteps (val_loss and fr_loss): 50
======================================================================

Epoch 7/20
309/309 ━━━━━━━━━━━━━━━━━━━━ 90s 290ms/step - mae: 0.1737 - loss: 0.0633 - val_loss: 0.0500
Epoch 8/20
309/309 ━━━━━━━━━━━━━━━━━━━━ 93s 302ms/step - mae: 0.1624 - loss: 0.0486 - val_loss: 0.0436 - val_fr_phase_loss_15: 0.2772
[Optuna] trial=3 epoch=8 val_fr_phase_loss_15=0.277153 | no history yet
Epoch 9/20
309/309 ━━━━━━━━━━━━━━━━━━━━ 89s 288ms/step - mae: 0.1515 - loss: 0.0419 - val_loss: 0.0380
Epoch 10/20
309/309 ━━━━━━━━━━━━━━━━━━━━ 93s 300ms/step - mae: 0.1447 - loss: 0.0375 - val_loss: 0.0348 - val_fr_phase_loss_15: 0.2474 - val_fr_target_loss_50: 1.3139 - val_fr_curve_loss_10: 0.1311 - val_fr_curve_loss_20: 0.3798 - val_fr_curve_loss_30: 0.6911
[Optuna] trial=3 epoch=10 val_fr_phase_loss_15=0.247409 | no history yet

======================================================================
   PHASE 3/6: masked_modeling
   Mask Prob: 0.2
   Mask Scope: time
   Mask Mode: noise
   Mask Value: None
   Noise Sigma: 0.1
   Noise Replace: False
   Epochs: 4
   Learning Rate: 0.0002714116679947133
   Clipping Norm: 0.13333586628853136
   Horizon (train loss): 20
   Output timesteps (val_loss and fr_loss): 50
======================================================================

Epoch 11/20
309/309 ━━━━━━━━━━━━━━━━━━━━ 89s 288ms/step - mae: 0.1091 - loss: 0.0207 - val_loss: 0.0208
Epoch 12/20
309/309 ━━━━━━━━━━━━━━━━━━━━ 93s 300ms/step - mae: 0.0984 - loss: 0.0159 - val_loss: 0.0173 - val_fr_phase_loss_20: 0.2625
[Optuna] trial=3 epoch=12 val_fr_phase_loss_20=0.262521 | no history yet
Epoch 13/20
309/309 ━━━━━━━━━━━━━━━━━━━━ 89s 289ms/step - mae: 0.0910 - loss: 0.0136 - val_loss: 0.0150
Epoch 14/20
309/309 ━━━━━━━━━━━━━━━━━━━━ 93s 300ms/step - mae: 0.0843 - loss: 0.0118 - val_loss: 0.0126 - val_fr_phase_loss_20: 0.2638 - val_fr_target_loss_50: 0.9458 - val_fr_curve_loss_10: 0.0929 - val_fr_curve_loss_20: 0.2634 - val_fr_curve_loss_30: 0.4863
[Optuna] trial=3 epoch=14 val_fr_phase_loss_20=0.263791 | no history yet

======================================================================
   PHASE 4/6: scheduled_sampling
   Tf Ratio Start: 1.0
   Tf Ratio End: 0.4
   Per Feature: True
   Stop Grad Pred: True
   Ratio Mode: sigmoid
   Mid Point: 0.6
   Sharpness: 10.0
   Power Value: 2.0
   Epochs: 3
   Learning Rate: 0.00031664694599383217
   Clipping Norm: 0.13333586628853136
   Horizon (train loss): 25
   Output timesteps (val_loss and fr_loss): 50
======================================================================

Epoch 15/20
309/309 ━━━━━━━━━━━━━━━━━━━━ 91s 293ms/step - mae: 0.0749 - loss: 0.0087 - val_loss: 0.0092
Epoch 16/20
309/309 ━━━━━━━━━━━━━━━━━━━━ 94s 305ms/step - mae: 0.0695 - loss: 0.0096 - val_loss: 0.0079 - val_fr_phase_loss_25: 0.3881
[Optuna] trial=3 epoch=16 val_fr_phase_loss_25=0.388143 | no history yet
Epoch 17/20
309/309 ━━━━━━━━━━━━━━━━━━━━ 94s 305ms/step - mae: 0.0687 - loss: 0.0284 - val_loss: 0.0078 - val_fr_target_loss_50: 0.9295 - val_fr_curve_loss_10: 0.0894 - val_fr_curve_loss_20: 0.2609 - val_fr_curve_loss_30: 0.4805

======================================================================
   PHASE 5/6: full_autoregressive
   Gradient Through Time: False
   Epochs: 2
   Learning Rate: 0.00022617638999559444
   Clipping Norm: 0.11666888300246493
   Horizon (train loss): 35
   Output timesteps (val_loss and fr_loss): 50
======================================================================

Epoch 18/20
309/309 ━━━━━━━━━━━━━━━━━━━━ 87s 282ms/step - mae: 0.1221 - loss: 0.4522 - val_loss: 0.0242
Epoch 19/20
309/309 ━━━━━━━━━━━━━━━━━━━━ 92s 297ms/step - mae: 0.1209 - loss: 0.4335 - val_loss: 0.0239 - val_fr_phase_loss_35: 0.4427 - val_fr_target_loss_50: 0.5786 - val_fr_curve_loss_10: 0.1323 - val_fr_curve_loss_20: 0.2734 - val_fr_curve_loss_30: 0.3939
[Optuna] trial=3 epoch=19 val_fr_phase_loss_35=0.442703 | no history yet

======================================================================
   PHASE 6/6: full_autoregressive
   Gradient Through Time: True
   Epochs: 1
   Learning Rate: 0.00013570583399735665
   Clipping Norm: 0.10000189971639852
   Horizon (train loss): 45
   Output timesteps (val_loss and fr_loss): 50
======================================================================

Epoch 20/20
309/309 ━━━━━━━━━━━━━━━━━━━━ 92s 298ms/step - mae: 0.1080 - loss: 0.4380 - val_loss: 0.0191 - val_fr_target_loss_50: 0.4800 - val_fr_curve_loss_10: 0.1014 - val_fr_curve_loss_20: 0.2242 - val_fr_curve_loss_30: 0.3317
Final loss: 0.4380
Predicting all test samples in free_running mode...
  X shape: (2280, 200, 55)
  Y shape: (2280, 50, 55)
  Pred shape: (2280, 50, 55)

 step | target                | pred                  | abs_err
------|-----------------------|-----------------------|----------------------
   25 | [ 4.139746e-01  2.252291e+00  7.680922e-02 -1.082321e+00  1.330184e-01
 -2.749080e-01  6.398940e-01 -1.222357e+00  1.964076e+00  2.024013e-01
 -1.249584e+00  1.684962e-01  6.261574e-01  7.681609e-01 -1.833026e+00
  4.305243e-01 -6.649562e-01  3.213241e-02 -4.315943e-01 -9.406051e-01
 -3.335454e-01  8.885246e-01  1.287808e+00  7.899810e-01 -2.762157e-01
  1.005897e+00 -2.825402e-01 -5.396542e-01 -1.754732e-01  2.526159e-01
 -1.215466e+00 -7.651589e-01 -1.200358e-01  4.952903e-01 -4.308359e-01
 -7.325999e-01  1.170439e+00  1.235309e+00 -8.311886e-01 -7.979621e-01
 -9.821695e-01  2.076884e-01  3.238765e-01 -1.923588e-01 -4.145486e-01
 -3.828006e-01 -3.487313e-02  1.245124e-03  1.581712e-01  5.641804e-01
  2.155083e-01 -1.144052e-01 -1.354365e+00 -3.214316e-01 -1.550427e+00] | [ 5.070711e-01  2.041456e+00 -6.793358e-01 -5.586596e-01  3.351906e-01
 -7.420203e-01  4.723381e-01 -1.063339e+00  1.884364e+00  4.725609e-01
 -1.250193e+00  5.960302e-01 -1.997640e-01  1.100838e-01  2.758487e-01
 -8.416300e-01  7.870501e-01 -1.527979e-01  5.388241e-01 -5.990772e-01
 -5.069241e-02  7.165534e-01  6.531776e-01  4.211657e-01 -5.578420e-01
  6.370412e-01 -7.034558e-01 -7.556326e-01  2.213639e-01  2.849436e-01
 -1.033639e-01  1.420170e-01 -4.897212e-01  2.629871e-01 -3.700481e-01
 -6.350602e-01  3.384385e-01  9.077980e-01  5.908187e-01 -1.107985e+00
 -4.139310e-01 -1.166310e-01  9.446102e-01  2.048603e-01  1.228408e+00
 -2.364113e-01  9.058648e-02  2.862022e-01  6.067911e-01 -3.166803e-01
 -8.202893e-01 -2.833989e-01 -9.463025e-01  2.645957e-04 -1.324905e+00] | [9.309655e-02 2.108350e-01 7.561451e-01 5.236618e-01 2.021722e-01
 4.671123e-01 1.675559e-01 1.590184e-01 7.971215e-02 2.701597e-01
 6.095171e-04 4.275340e-01 8.259214e-01 6.580771e-01 2.108875e+00
 1.272154e+00 1.452006e+00 1.849303e-01 9.704184e-01 3.415279e-01
 2.828530e-01 1.719711e-01 6.346300e-01 3.688153e-01 2.816263e-01
 3.688560e-01 4.209156e-01 2.159784e-01 3.968371e-01 3.232771e-02
 1.112102e+00 9.071759e-01 3.696854e-01 2.323032e-01 6.078786e-02
 9.753966e-02 8.320007e-01 3.275107e-01 1.422007e+00 3.100227e-01
 5.682385e-01 3.243195e-01 6.207336e-01 3.972192e-01 1.642957e+00
 1.463893e-01 1.254596e-01 2.849571e-01 4.486200e-01 8.808607e-01
 1.035798e+00 1.689937e-01 4.080629e-01 3.216962e-01 2.255228e-01]
   26 | [ 0.433902  2.276946  0.062718 -1.073421  0.149295 -0.261739  0.66411
 -1.190588  1.970693  0.211786 -1.280325  0.091743  0.630177  0.811665
 -1.905444  0.590891 -0.648677  0.010101 -0.341095 -0.950394 -0.271225
  0.842781  1.340023  0.789891 -0.296955  0.983707 -0.332591 -0.535192
 -0.171397  0.217021 -1.236176 -0.75049  -0.169815  0.501318 -0.449502
 -0.772153  1.203705  1.218394 -0.873595 -0.731515 -1.003057  0.192291
  0.338178 -0.172599 -0.562203 -0.409968  0.071482 -0.035004  0.178969
  0.522649  0.281281 -0.172402 -1.38113  -0.280718 -1.561255] | [ 0.518058  2.063797 -0.677919 -0.532709  0.353646 -0.728981  0.501074
 -1.037931  1.903111  0.480142 -1.271122  0.599823 -0.26208   0.11809
  0.232489 -0.821197  0.783881 -0.183934  0.581919 -0.607651 -0.042083
  0.671075  0.667135  0.40372  -0.575066  0.658062 -0.730614 -0.793282
  0.240294  0.27259  -0.075347  0.166538 -0.520098  0.261515 -0.400167
 -0.621205  0.346654  0.925548  0.561418 -1.078788 -0.424044 -0.105223
  0.922266  0.219425  1.168241 -0.273171  0.10906   0.246891  0.606219
 -0.34466  -0.798057 -0.348329 -0.959143  0.026121 -1.33141 ] | [0.084156 0.213149 0.740638 0.540713 0.204352 0.467242 0.163036 0.152657
 0.067582 0.268356 0.009203 0.50808  0.892257 0.693575 2.137933 1.412088
 1.432558 0.194035 0.923014 0.342743 0.229141 0.171705 0.672888 0.38617
 0.278111 0.325645 0.398023 0.25809  0.411691 0.055568 1.160829 0.917028
 0.350283 0.239802 0.049335 0.150948 0.857051 0.292846 1.435012 0.347273
 0.579013 0.297514 0.584088 0.392024 1.730444 0.136797 0.037578 0.281895
 0.42725  0.867309 1.079339 0.175928 0.421987 0.306839 0.229845]
   27 | [ 0.45137   2.29779   0.046898 -1.065959  0.163722 -0.251176  0.686906
 -1.158318  1.973541  0.218812 -1.306769  0.020961  0.635355  0.846673
 -1.973424  0.752938 -0.63128  -0.009811 -0.250043 -0.95588  -0.208485
  0.794828  1.389242  0.786713 -0.314912  0.961981 -0.384025 -0.528408
 -0.166389  0.176889 -1.255981 -0.733755 -0.216556  0.503603 -0.465744
 -0.812322  1.237801  1.200935 -0.913572 -0.661274 -1.020813  0.176508
  0.350492 -0.15451  -0.707661 -0.434216  0.179125 -0.073381  0.197581
  0.481679  0.341621 -0.226467 -1.405437 -0.237464 -1.567991] | [ 0.526278  2.082158 -0.676542 -0.50808   0.371553 -0.71745   0.5282
 -1.012568  1.918287  0.485314 -1.287907  0.603425 -0.322039  0.122496
  0.187555 -0.798648  0.777474 -0.212845  0.621067 -0.613301 -0.037673
  0.624492  0.678702  0.384615 -0.589841  0.677946 -0.755967 -0.829668
  0.257638  0.257824 -0.048759  0.189621 -0.547699  0.258043 -0.429188
 -0.607709  0.354577  0.942717  0.530012 -1.047409 -0.433098 -0.09365
  0.897257  0.23168   1.107341 -0.308384  0.12639   0.20605   0.601247
 -0.370495 -0.77983  -0.410385 -0.969687  0.051612 -1.33443 ] | [0.074908 0.215632 0.723441 0.557878 0.207831 0.466273 0.158705 0.145749
 0.055255 0.266502 0.018862 0.582464 0.957394 0.724176 2.160979 1.551586
 1.408754 0.203034 0.871111 0.342578 0.170813 0.170336 0.71054  0.402099
 0.274929 0.284035 0.371942 0.30126  0.424028 0.080934 1.207222 0.923375
 0.331143 0.24556  0.036556 0.204614 0.883224 0.258218 1.443584 0.386135
 0.587716 0.270158 0.546765 0.38619  1.815002 0.125832 0.052734 0.279431
 0.403666 0.852173 1.121451 0.183917 0.43575  0.289076 0.233561]
   28 | [ 0.466327  2.314783  0.029422 -1.059933  0.176249 -0.243234  0.708319
 -1.125542  1.97265   0.223477 -1.328843 -0.043589  0.641445  0.873025
 -2.036825  0.915869 -0.612772 -0.027353 -0.158771 -0.957077 -0.145636
  0.744967  1.435167  0.780424 -0.32991   0.940997 -0.436465 -0.519352
 -0.160183  0.132539 -1.274543 -0.714768 -0.260126  0.501926 -0.479514
 -0.852827  1.272629  1.183048 -0.950983 -0.587688 -1.035382  0.160153
  0.360566 -0.138091 -0.850494 -0.455552  0.287429 -0.113708  0.214089
  0.44125   0.396277 -0.27644  -1.427296 -0.191884 -1.570648] | [ 0.531732  2.096485 -0.675277 -0.484879  0.388899 -0.707443  0.553638
 -0.987349  1.929832  0.48808  -1.300568  0.606701 -0.379499  0.123508
  0.14128  -0.774066  0.768089 -0.239391  0.656273 -0.616004 -0.037303
  0.576982  0.687876  0.364007 -0.602168  0.696649 -0.779347 -0.864654
  0.273408  0.240785 -0.023574  0.211263 -0.572507  0.252691 -0.457017
 -0.594655  0.362122  0.959272  0.496833 -1.014091 -0.441037 -0.082014
  0.869791  0.241625  1.045923 -0.34201   0.142639  0.163939  0.592022
 -0.394216 -0.765488 -0.46952  -0.977861  0.076589 -1.333928] | [0.065405 0.218298 0.704699 0.575054 0.21265  0.464209 0.154682 0.138193
 0.042819 0.264603 0.028275 0.650291 1.020944 0.749518 2.178105 1.689935
 1.380861 0.212038 0.815044 0.341073 0.108333 0.167985 0.747291 0.416417
 0.272258 0.244348 0.342882 0.345302 0.43359  0.108246 1.250969 0.926031
 0.312381 0.249235 0.022497 0.258172 0.910507 0.223776 1.447815 0.426402
 0.594346 0.242167 0.509225 0.379716 1.896418 0.113543 0.144789 0.277647
 0.377932 0.835466 1.161765 0.19308  0.449435 0.268473 0.236719]
   29 | [ 0.478732  2.32789   0.010362 -1.055353  0.186818 -0.237931  0.728378
 -1.09227   1.968046  0.225786 -1.346491 -0.1017    0.648197  0.890628
 -2.095523  1.078877 -0.593175 -0.042284 -0.067607 -0.95402  -0.082985
  0.693516  1.47754   0.771024 -0.341791  0.921028 -0.489508 -0.508082
 -0.152506  0.084329 -1.291529 -0.693373 -0.30041   0.496102 -0.49077
 -0.893374  1.308082  1.164834 -0.985713 -0.511238 -1.046716  0.143051
  0.368166 -0.123325 -0.990295 -0.473989  0.395794 -0.155784  0.228586
  0.401343  0.445038 -0.322183 -1.446722 -0.144214 -1.56925 ] | [ 5.344390e-01  2.106755e+00 -6.741904e-01 -4.632020e-01  4.056675e-01
 -6.989689e-01  5.773221e-01 -9.623715e-01  1.937717e+00  4.884610e-01
 -1.309146e+00  6.095452e-01 -4.343406e-01  1.213276e-01  9.390347e-02
 -7.475541e-01  7.559870e-01 -2.634546e-01  6.875623e-01 -6.157524e-01
 -4.079523e-02  5.287080e-01  6.946685e-01  3.420566e-01 -6.120586e-01
  7.141441e-01 -8.006102e-01 -8.981184e-01  2.876204e-01  2.216254e-01
  2.385881e-04  2.314667e-01 -5.945255e-01  2.455820e-01 -4.835600e-01
 -5.821154e-01  3.692152e-01  9.751950e-01  4.621065e-01 -9.790725e-01
 -4.478090e-01 -7.038926e-02  8.400635e-01  2.492669e-01  9.842061e-01
 -3.740149e-01  1.578705e-01  1.207984e-01  5.787123e-01 -4.158574e-01
 -7.548963e-01 -5.257046e-01 -9.836127e-01  1.009260e-01 -1.329890e+00] | [0.055707 0.221135 0.684552 0.592151 0.21885  0.461038 0.151056 0.129898
 0.030329 0.262675 0.037345 0.711245 1.082537 0.769301 2.189426 1.826431
 1.349162 0.22117  0.755169 0.338268 0.04219  0.164808 0.782872 0.428968
 0.270268 0.206884 0.311102 0.390037 0.440126 0.137296 1.291768 0.924839
 0.294116 0.25052  0.00721  0.311258 0.938867 0.189639 1.44782  0.467835
 0.598907 0.21344  0.471897 0.372592 1.974501 0.099974 0.237923 0.276582
 0.350127 0.8172   1.199934 0.203522 0.463109 0.24514  0.23936 ]
model built: True
num weights: 38
{'mae': [0.5235493779182434, 0.4080858826637268, 0.31814080476760864, 0.2536104917526245, 0.19316613674163818, 0.152863010764122, 0.17367994785308838, 0.16236795485019684, 0.1514653116464615, 0.14465411007404327, 0.10906410217285156, 0.09841100126504898, 0.091033436357975, 0.08427558839321136, 0.07489383220672607, 0.0695217102766037, 0.06873411685228348, 0.12205199897289276, 0.1209162250161171, 0.10804233700037003], 'loss': [0.6026751399040222, 0.32146602869033813, 0.1877841353416443, 0.11529553681612015, 0.07175375521183014, 0.04290914535522461, 0.06325279176235199, 0.04860314726829529, 0.04187966138124466, 0.0374579057097435, 0.020718805491924286, 0.015926456078886986, 0.013603980652987957, 0.011807659640908241, 0.008694197982549667, 0.009568423964083195, 0.02843673713505268, 0.45221978425979614, 0.43352803587913513, 0.43804967403411865], 'val_loss': [0.43472397327423096, 0.2638409435749054, 0.16309773921966553, 0.10674653202295303, 0.06363619118928909, 0.041112806648015976, 0.04996052756905556, 0.04363201931118965, 0.037966273725032806, 0.03479575738310814, 0.020791739225387573, 0.01733754388988018, 0.015020678751170635, 0.012583043426275253, 0.009199715219438076, 0.007937589660286903, 0.007765437476336956, 0.02416178584098816, 0.023933177813887596, 0.019142426550388336], 'val_fr_phase_loss_10': [nan, 0.36932116746902466, nan, 0.22401998937129974, nan, 0.16177436709403992], 'val_fr_target_loss_50': [nan, nan, nan, nan, nan, 1.2029939889907837, nan, nan, nan, 1.3138720989227295, nan, nan, nan, 0.9458015561103821, nan, nan, 0.9295270442962646, nan, 0.5785593390464783, 0.47998782992362976], 'val_fr_curve_loss_10': [nan, nan, nan, nan, nan, 0.16893671452999115, nan, nan, nan, 0.13105784356594086, nan, nan, nan, 0.09285839647054672, nan, nan, 0.08937831968069077, nan, 0.1323252022266388, 0.10137040168046951], 'val_fr_curve_loss_20': [nan, nan, nan, nan, nan, 0.41046464443206787, nan, nan, nan, 0.37979182600975037, nan, nan, nan, 0.26339012384414673, nan, nan, 0.2609129250049591, nan, 0.27338308095932007, 0.2241901457309723], 'val_fr_curve_loss_30': [nan, nan, nan, nan, nan, 0.6909189224243164, nan, nan, nan, 0.6911069750785828, nan, nan, nan, 0.4862934947013855, nan, nan, 0.4804777503013611, nan, 0.3938656747341156, 0.3317059576511383], 'val_fr_phase_loss_15': [nan, 0.2771531343460083, nan, 0.24740876257419586], 'val_fr_phase_loss_20': [nan, 0.26252084970474243, nan, 0.26379072666168213], 'val_fr_phase_loss_25': [nan, 0.3881426155567169, nan], 'val_fr_phase_loss_35': [nan, 0.44270285964012146], 'val_fr_phase_loss_45': [nan]}
Saved artifacts to: runs/tuning/step_wise_lstm_lvl1/trial_0003
