--- Number of Windows for Train = 9880
--- Number of Windows for Val = 3040
--- Number of Windows for Test = 2280
--- Curriculum = [5, 5, 12, 12, 18, 18, 25, 25, 38, 38, 50, 50]
--- fr_curve Outsteps = [10, 20, 30, 50]

--- Training: lstm_fullseq_30ep [LSTM/FC/FULL_SEQ]  ---

======================================================================
   PHASE 1/12: teacher_forcing
   Epochs: 2
   Learning Rate: 6.490613932620334e-05
   Clipping Norm: 0.22544116997360486
   Horizon (train loss): 5
   Output timesteps (val_loss and fr_loss): 50
======================================================================

Epoch 1/30
309/309 ━━━━━━━━━━━━━━━━━━━━ 18s 39ms/step - mae: 0.4879 - mse: 0.3766 - loss: 0.6270 - val_loss: 0.3766
Epoch 2/30
309/309 ━━━━━━━━━━━━━━━━━━━━ 15s 48ms/step - mae: 0.3402 - mse: 0.1843 - loss: 0.2540 - val_loss: 0.1843 - val_fr_phase_loss_5: 0.2053 - val_fr_target_loss_50: 0.7464 - val_fr_curve_loss_10: 0.2824 - val_fr_curve_loss_20: 0.4593 - val_fr_curve_loss_30: 0.5911 - val_fr_curve_loss_50: 0.7403
[Optuna] trial=6 epoch=2 val_fr_phase_loss_5=0.205347 | median=0.38594 (n=6, p25=0.279655, p75=0.744284) | margin=-0.180593 (-46.79%)

======================================================================
   PHASE 2/12: masked_modeling
   Mask Prob: 0.1
   Mask Scope: time
   Mask Mode: constant
   Mask Value: 0.2
   Noise Sigma: None
   Noise Replace: False
   Epochs: 3
   Learning Rate: 5.192491146096268e-05
   Clipping Norm: 0.20289705297624439
   Horizon (train loss): 5
   Output timesteps (val_loss and fr_loss): 50
======================================================================

Epoch 3/30
309/309 ━━━━━━━━━━━━━━━━━━━━ 11s 35ms/step - mae: 0.2714 - mse: 0.1179 - loss: 0.1392 - val_loss: 0.1179
Epoch 4/30
309/309 ━━━━━━━━━━━━━━━━━━━━ 14s 46ms/step - mae: 0.2274 - mse: 0.0830 - loss: 0.0923 - val_loss: 0.0830 - val_fr_phase_loss_5: 0.0985
[Optuna] trial=6 epoch=4 val_fr_phase_loss_5=0.0984518 | median=0.225001 (n=6, p25=0.139949, p75=0.635009) | margin=-0.126549 (-56.24%)
Epoch 5/30
309/309 ━━━━━━━━━━━━━━━━━━━━ 14s 46ms/step - mae: 0.1979 - mse: 0.0629 - loss: 0.0667 - val_loss: 0.0629 - val_fr_target_loss_50: 0.8051 - val_fr_curve_loss_10: 0.1504 - val_fr_curve_loss_20: 0.3765 - val_fr_curve_loss_30: 0.5729 - val_fr_curve_loss_50: 0.7894

======================================================================
   PHASE 3/12: teacher_forcing
   Epochs: 2
   Learning Rate: 6.490613932620334e-05
   Clipping Norm: 0.22544116997360486
   Horizon (train loss): 12
   Output timesteps (val_loss and fr_loss): 50
======================================================================

Epoch 6/30
309/309 ━━━━━━━━━━━━━━━━━━━━ 11s 35ms/step - mae: 0.1989 - mse: 0.0641 - loss: 0.0726 - val_loss: 0.0641
Epoch 7/30
309/309 ━━━━━━━━━━━━━━━━━━━━ 14s 46ms/step - mae: 0.1743 - mse: 0.0492 - loss: 0.0492 - val_loss: 0.0492 - val_fr_phase_loss_12: 0.1161 - val_fr_target_loss_50: 0.8630 - val_fr_curve_loss_10: 0.0968 - val_fr_curve_loss_20: 0.2333 - val_fr_curve_loss_30: 0.4299 - val_fr_curve_loss_50: 0.8500
[Optuna] trial=6 epoch=7 val_fr_phase_loss_12=0.116123 | median=0.21938 (n=6, p25=0.158476, p75=0.591933) | margin=-0.103257 (-47.07%)

======================================================================
   PHASE 4/12: masked_modeling
   Mask Prob: 0.15
   Mask Scope: time
   Mask Mode: constant
   Mask Value: 0.2
   Noise Sigma: None
   Noise Replace: False
   Epochs: 3
   Learning Rate: 4.5434297528342335e-05
   Clipping Norm: 0.19162499447756412
   Horizon (train loss): 12
   Output timesteps (val_loss and fr_loss): 50
======================================================================

Epoch 8/30
309/309 ━━━━━━━━━━━━━━━━━━━━ 11s 35ms/step - mae: 0.1732 - mse: 0.0484 - loss: 0.0468 - val_loss: 0.0484
Epoch 9/30
309/309 ━━━━━━━━━━━━━━━━━━━━ 14s 46ms/step - mae: 0.1654 - mse: 0.0442 - loss: 0.0414 - val_loss: 0.0442 - val_fr_phase_loss_12: 0.1264
[Optuna] trial=6 epoch=9 val_fr_phase_loss_12=0.126373 | median=0.215557 (n=6, p25=0.18, p75=0.573759) | margin=-0.0891844 (-41.37%)
Epoch 10/30
309/309 ━━━━━━━━━━━━━━━━━━━━ 14s 46ms/step - mae: 0.1573 - mse: 0.0400 - loss: 0.0377 - val_loss: 0.0400 - val_fr_target_loss_50: 0.9827 - val_fr_curve_loss_10: 0.0930 - val_fr_curve_loss_20: 0.2598 - val_fr_curve_loss_30: 0.4915 - val_fr_curve_loss_50: 0.9695

======================================================================
   PHASE 5/12: teacher_forcing
   Epochs: 2
   Learning Rate: 6.490613932620334e-05
   Clipping Norm: 0.22544116997360486
   Horizon (train loss): 18
   Output timesteps (val_loss and fr_loss): 50
======================================================================

Epoch 11/30
309/309 ━━━━━━━━━━━━━━━━━━━━ 11s 34ms/step - mae: 0.1433 - mse: 0.0332 - loss: 0.0321 - val_loss: 0.0332
Epoch 12/30
309/309 ━━━━━━━━━━━━━━━━━━━━ 14s 47ms/step - mae: 0.1271 - mse: 0.0260 - loss: 0.0240 - val_loss: 0.0260 - val_fr_phase_loss_18: 0.1726 - val_fr_target_loss_50: 0.7450 - val_fr_curve_loss_10: 0.0767 - val_fr_curve_loss_20: 0.2031 - val_fr_curve_loss_30: 0.3746 - val_fr_curve_loss_50: 0.7391
[Optuna] trial=6 epoch=12 val_fr_phase_loss_18=0.172568 | median=0.341311 (n=6, p25=0.252941, p75=0.615002) | margin=-0.168743 (-49.44%)

======================================================================
   PHASE 6/12: masked_modeling
   Mask Prob: 0.2
   Mask Scope: time
   Mask Mode: constant
   Mask Value: 0.2
   Noise Sigma: None
   Noise Replace: False
   Epochs: 3
   Learning Rate: 3.8943683595722004e-05
   Clipping Norm: 0.1803529359788839
   Horizon (train loss): 18
   Output timesteps (val_loss and fr_loss): 50
======================================================================

Epoch 13/30
309/309 ━━━━━━━━━━━━━━━━━━━━ 11s 35ms/step - mae: 0.1597 - mse: 0.0413 - loss: 0.0378 - val_loss: 0.0413
Epoch 14/30
309/309 ━━━━━━━━━━━━━━━━━━━━ 14s 47ms/step - mae: 0.1561 - mse: 0.0396 - loss: 0.0343 - val_loss: 0.0396 - val_fr_phase_loss_18: 0.2542
[Optuna] trial=6 epoch=14 val_fr_phase_loss_18=0.254186 | median=0.36001 (n=6, p25=0.34815, p75=0.606642) | margin=-0.105824 (-29.39%)
Epoch 15/30
309/309 ━━━━━━━━━━━━━━━━━━━━ 14s 46ms/step - mae: 0.1536 - mse: 0.0384 - loss: 0.0326 - val_loss: 0.0384 - val_fr_target_loss_50: 1.0362 - val_fr_curve_loss_10: 0.0970 - val_fr_curve_loss_20: 0.2815 - val_fr_curve_loss_30: 0.5263 - val_fr_curve_loss_50: 1.0237

======================================================================
   PHASE 7/12: teacher_forcing
   Epochs: 2
   Learning Rate: 6.490613932620334e-05
   Clipping Norm: 0.22544116997360486
   Horizon (train loss): 25
   Output timesteps (val_loss and fr_loss): 50
======================================================================

Epoch 16/30
309/309 ━━━━━━━━━━━━━━━━━━━━ 11s 35ms/step - mae: 0.1117 - mse: 0.0201 - loss: 0.0195 - val_loss: 0.0201
Epoch 17/30
309/309 ━━━━━━━━━━━━━━━━━━━━ 14s 46ms/step - mae: 0.0978 - mse: 0.0154 - loss: 0.0136 - val_loss: 0.0154 - val_fr_phase_loss_25: 0.2847 - val_fr_target_loss_50: 0.7355 - val_fr_curve_loss_10: 0.0692 - val_fr_curve_loss_20: 0.2013 - val_fr_curve_loss_30: 0.3773 - val_fr_curve_loss_50: 0.7311
[Optuna] trial=6 epoch=17 val_fr_phase_loss_25=0.284732 | median=0.55105 (n=6, p25=0.389631, p75=0.716857) | margin=-0.266319 (-48.33%)

======================================================================
   PHASE 8/12: masked_modeling
   Mask Prob: 0.2
   Mask Scope: time
   Mask Mode: noise
   Mask Value: None
   Noise Sigma: 0.1
   Noise Replace: False
   Epochs: 3
   Learning Rate: 3.245306966310167e-05
   Clipping Norm: 0.16908087748020365
   Horizon (train loss): 25
   Output timesteps (val_loss and fr_loss): 50
======================================================================

Epoch 18/30
309/309 ━━━━━━━━━━━━━━━━━━━━ 11s 35ms/step - mae: 0.0907 - mse: 0.0133 - loss: 0.0110 - val_loss: 0.0133
Epoch 19/30
309/309 ━━━━━━━━━━━━━━━━━━━━ 14s 47ms/step - mae: 0.0863 - mse: 0.0120 - loss: 0.0099 - val_loss: 0.0120 - val_fr_phase_loss_25: 0.2799
[Optuna] trial=6 epoch=19 val_fr_phase_loss_25=0.27993 | median=0.374991 (n=6, p25=0.342643, p75=0.620401) | margin=-0.0950619 (-25.35%)
Epoch 20/30
309/309 ━━━━━━━━━━━━━━━━━━━━ 14s 47ms/step - mae: 0.0824 - mse: 0.0110 - loss: 0.0090 - val_loss: 0.0110 - val_fr_target_loss_50: 0.7375 - val_fr_curve_loss_10: 0.0659 - val_fr_curve_loss_20: 0.1995 - val_fr_curve_loss_30: 0.3781 - val_fr_curve_loss_50: 0.7327

======================================================================
   PHASE 9/12: teacher_forcing
   Epochs: 2
   Learning Rate: 6.490613932620334e-05
   Clipping Norm: 0.22544116997360486
   Horizon (train loss): 38
   Output timesteps (val_loss and fr_loss): 50
======================================================================

Epoch 21/30
309/309 ━━━━━━━━━━━━━━━━━━━━ 11s 35ms/step - mae: 0.0762 - mse: 0.0094 - loss: 0.0077 - val_loss: 0.0094
Epoch 22/30
309/309 ━━━━━━━━━━━━━━━━━━━━ 14s 46ms/step - mae: 0.0706 - mse: 0.0081 - loss: 0.0065 - val_loss: 0.0081 - val_fr_phase_loss_38: 0.5752 - val_fr_target_loss_50: 0.8096 - val_fr_curve_loss_10: 0.0676 - val_fr_curve_loss_20: 0.2163 - val_fr_curve_loss_30: 0.4159 - val_fr_curve_loss_50: 0.8015
[Optuna] trial=6 epoch=22 val_fr_phase_loss_38=0.575166 | median=0.743066 (n=6, p25=0.688539, p75=0.827172) | margin=-0.1679 (-22.60%)

======================================================================
   PHASE 10/12: masked_modeling
   Mask Prob: 0.25
   Mask Scope: time
   Mask Mode: noise
   Mask Value: None
   Noise Sigma: 0.1
   Noise Replace: False
   Epochs: 3
   Learning Rate: 2.596245573048134e-05
   Clipping Norm: 0.15780881898152338
   Horizon (train loss): 38
   Output timesteps (val_loss and fr_loss): 50
======================================================================

Epoch 23/30
309/309 ━━━━━━━━━━━━━━━━━━━━ 11s 35ms/step - mae: 0.0676 - mse: 0.0074 - loss: 0.0062 - val_loss: 0.0074
Epoch 24/30
309/309 ━━━━━━━━━━━━━━━━━━━━ 14s 46ms/step - mae: 0.0660 - mse: 0.0071 - loss: 0.0059 - val_loss: 0.0071 - val_fr_phase_loss_38: 0.5591
[Optuna] trial=6 epoch=24 val_fr_phase_loss_38=0.559141 | median=0.643387 (n=6, p25=0.593298, p75=0.769686) | margin=-0.0842453 (-13.09%)
Epoch 25/30
309/309 ━━━━━━━━━━━━━━━━━━━━ 14s 47ms/step - mae: 0.0643 - mse: 0.0067 - loss: 0.0057 - val_loss: 0.0067 - val_fr_target_loss_50: 0.7865 - val_fr_curve_loss_10: 0.0643 - val_fr_curve_loss_20: 0.2086 - val_fr_curve_loss_30: 0.4039 - val_fr_curve_loss_50: 0.7799

======================================================================
   PHASE 11/12: teacher_forcing
   Epochs: 2
   Learning Rate: 6.490613932620334e-05
   Clipping Norm: 0.22544116997360486
   Horizon (train loss): 50
   Output timesteps (val_loss and fr_loss): 50
======================================================================

Epoch 26/30
309/309 ━━━━━━━━━━━━━━━━━━━━ 11s 35ms/step - mae: 0.0607 - mse: 0.0060 - loss: 0.0046 - val_loss: 0.0060
Epoch 27/30
309/309 ━━━━━━━━━━━━━━━━━━━━ 14s 47ms/step - mae: 0.0572 - mse: 0.0053 - loss: 0.0040 - val_loss: 0.0053 - val_fr_phase_loss_50: 0.8445 - val_fr_target_loss_50: 0.8558 - val_fr_curve_loss_10: 0.0669 - val_fr_curve_loss_20: 0.2269 - val_fr_curve_loss_30: 0.4443 - val_fr_curve_loss_50: 0.8515
[Optuna] trial=6 epoch=27 val_fr_phase_loss_50=0.844511 | median=1.02275 (n=6, p25=0.944896, p75=1.10255) | margin=-0.178235 (-17.43%)

======================================================================
   PHASE 12/12: masked_modeling
   Mask Prob: 0.25
   Mask Scope: time
   Mask Mode: noise
   Mask Value: None
   Noise Sigma: 0.1
   Noise Replace: True
   Epochs: 3
   Learning Rate: 2.3366210157433203e-05
   Clipping Norm: 0.14653676048284317
   Horizon (train loss): 50
   Output timesteps (val_loss and fr_loss): 50
======================================================================

Epoch 28/30
309/309 ━━━━━━━━━━━━━━━━━━━━ 11s 35ms/step - mae: 0.1903 - mse: 0.0579 - loss: 0.0553 - val_loss: 0.0579
Epoch 29/30
309/309 ━━━━━━━━━━━━━━━━━━━━ 14s 47ms/step - mae: 0.1858 - mse: 0.0554 - loss: 0.0431 - val_loss: 0.0554 - val_fr_phase_loss_50: 1.4779
[Optuna] trial=6 epoch=29 val_fr_phase_loss_50=1.47794 | median=1.46002 (n=6, p25=1.1973, p75=1.86477) | margin=+0.017915 (+1.23%)
Epoch 30/30
309/309 ━━━━━━━━━━━━━━━━━━━━ 14s 47ms/step - mae: 0.1823 - mse: 0.0535 - loss: 0.0400 - val_loss: 0.0535 - val_fr_target_loss_50: 1.3749 - val_fr_curve_loss_10: 0.1360 - val_fr_curve_loss_20: 0.4120 - val_fr_curve_loss_30: 0.7459 - val_fr_curve_loss_50: 1.3639
Final loss: 0.0400
Predicting all test samples in free_running mode...
  X shape: (2280, 200, 55)
  Y shape: (2280, 50, 55)
  Pred shape: (2280, 50, 55)

 step | target                | pred                  | abs_err
------|-----------------------|-----------------------|----------------------
   25 | [ 4.139746e-01  2.252291e+00  7.680922e-02 -1.082321e+00  1.330184e-01
 -2.749080e-01  6.398940e-01 -1.222357e+00  1.964076e+00  2.024013e-01
 -1.249584e+00  1.684962e-01  6.261574e-01  7.681609e-01 -1.833026e+00
  4.305243e-01 -6.649562e-01  3.213241e-02 -4.315943e-01 -9.406051e-01
 -3.335454e-01  8.885246e-01  1.287808e+00  7.899810e-01 -2.762157e-01
  1.005897e+00 -2.825402e-01 -5.396542e-01 -1.754732e-01  2.526159e-01
 -1.215466e+00 -7.651589e-01 -1.200358e-01  4.952903e-01 -4.308359e-01
 -7.325999e-01  1.170439e+00  1.235309e+00 -8.311886e-01 -7.979621e-01
 -9.821695e-01  2.076884e-01  3.238765e-01 -1.923588e-01 -4.145486e-01
 -3.828006e-01 -3.487313e-02  1.245124e-03  1.581712e-01  5.641804e-01
  2.155083e-01 -1.144052e-01 -1.354365e+00 -3.214316e-01 -1.550427e+00] | [ 0.455133  2.399395  0.443698 -1.220422  0.003416 -0.660715  0.136137
 -1.673692  3.100664  0.662287 -0.733325  2.915119  1.100585 -1.1936
  2.05503  -1.300463  1.964739 -1.385699 -0.90226  -0.470255 -0.781921
  0.735778 -0.816559 -0.154191 -0.288881  1.478538 -1.138525 -1.161149
 -3.234587  1.363865 -1.405312 -1.719736  0.67515  -1.047271 -0.758128
  0.204443 -0.729658  0.650012  1.083204 -2.105836 -0.795658  0.771177
  0.423204 -0.700745  3.048833  1.181149 -1.290189  0.10787  -1.012941
  0.475102 -1.944913  2.099    -1.047154  2.218258 -1.321183] | [0.041158 0.147104 0.366889 0.138101 0.129602 0.385807 0.503757 0.451335
 1.136588 0.459886 0.516259 2.746623 0.474428 1.961761 3.888056 1.730987
 2.629696 1.417832 0.470665 0.47035  0.448375 0.152746 2.104366 0.944172
 0.012665 0.472641 0.855985 0.621495 3.059114 1.111249 0.189846 0.954577
 0.795185 1.542561 0.327292 0.937043 1.900097 0.585297 1.914393 1.307874
 0.186511 0.563488 0.099327 0.508386 3.463381 1.56395  1.255316 0.106625
 1.171112 0.089079 2.160421 2.213405 0.307211 2.53969  0.229245]
   26 | [ 0.433902  2.276946  0.062718 -1.073421  0.149295 -0.261739  0.66411
 -1.190588  1.970693  0.211786 -1.280325  0.091743  0.630177  0.811665
 -1.905444  0.590891 -0.648677  0.010101 -0.341095 -0.950394 -0.271225
  0.842781  1.340023  0.789891 -0.296955  0.983707 -0.332591 -0.535192
 -0.171397  0.217021 -1.236176 -0.75049  -0.169815  0.501318 -0.449502
 -0.772153  1.203705  1.218394 -0.873595 -0.731515 -1.003057  0.192291
  0.338178 -0.172599 -0.562203 -0.409968  0.071482 -0.035004  0.178969
  0.522649  0.281281 -0.172402 -1.38113  -0.280718 -1.561255] | [ 0.452095  2.411028  0.470798 -1.200483  0.006835 -0.663864  0.174339
 -1.646041  3.098936  0.753563 -0.713556  2.921792  1.080191 -1.195077
  2.097964 -1.231688  2.004014 -1.462603 -0.848611 -0.465183 -0.749184
  0.698743 -0.864978 -0.125239 -0.305613  1.530326 -1.193437 -1.182691
 -3.30005   1.335721 -1.436259 -1.712095  0.667004 -1.001972 -0.780096
  0.262335 -0.820363  0.661868  1.107316 -2.040215 -0.82865   0.741191
  0.370577 -0.722399  3.007279  1.148082 -1.278923  0.113986 -1.002484
  0.40458  -1.902007  2.05288  -1.034453  2.291972 -1.321916] | [0.018193 0.134083 0.40808  0.127061 0.14246  0.402125 0.489771 0.455452
 1.128243 0.541776 0.566769 2.830049 0.450014 2.006742 4.003408 1.82258
 2.652692 1.472704 0.507516 0.485212 0.477959 0.144038 2.205001 0.91513
 0.008658 0.54662  0.860847 0.647498 3.128653 1.1187   0.200083 0.961605
 0.836819 1.50329  0.330594 1.034489 2.024068 0.556526 1.980911 1.3087
 0.174407 0.5489   0.032399 0.549801 3.569482 1.558049 1.350406 0.14899
 1.181453 0.118069 2.183288 2.225282 0.346677 2.572691 0.239339]
   27 | [ 0.45137   2.29779   0.046898 -1.065959  0.163722 -0.251176  0.686906
 -1.158318  1.973541  0.218812 -1.306769  0.020961  0.635355  0.846673
 -1.973424  0.752938 -0.63128  -0.009811 -0.250043 -0.95588  -0.208485
  0.794828  1.389242  0.786713 -0.314912  0.961981 -0.384025 -0.528408
 -0.166389  0.176889 -1.255981 -0.733755 -0.216556  0.503603 -0.465744
 -0.812322  1.237801  1.200935 -0.913572 -0.661274 -1.020813  0.176508
  0.350492 -0.15451  -0.707661 -0.434216  0.179125 -0.073381  0.197581
  0.481679  0.341621 -0.226467 -1.405437 -0.237464 -1.567991] | [ 0.446052  2.421983  0.495709 -1.178864  0.004276 -0.668155  0.211393
 -1.619013  3.091192  0.84226  -0.691223  2.923252  1.057329 -1.190375
  2.135554 -1.161343  2.042031 -1.536255 -0.800076 -0.458659 -0.723435
  0.661017 -0.909071 -0.095502 -0.319644  1.5831   -1.249418 -1.204508
 -3.358374  1.299081 -1.470882 -1.702296  0.659049 -0.951403 -0.79725
  0.319579 -0.909563  0.677602  1.124213 -1.968469 -0.86314   0.714603
  0.317008 -0.74572   2.96613   1.111126 -1.260531  0.126019 -0.993397
  0.338277 -1.854461  2.005436 -1.018885  2.357547 -1.321402] | [0.005318 0.124194 0.448811 0.112905 0.159446 0.416979 0.475512 0.460696
 1.117651 0.623449 0.615546 2.902291 0.421974 2.037048 4.108978 1.914281
 2.673311 1.526444 0.550033 0.49722  0.51495  0.133811 2.298313 0.882215
 0.004731 0.621119 0.865393 0.6761   3.191985 1.122192 0.214901 0.968542
 0.875605 1.455006 0.331506 1.131901 2.147364 0.523333 2.037785 1.307195
 0.157673 0.538095 0.033485 0.59121  3.673791 1.545342 1.439655 0.1994
 1.190978 0.143402 2.196082 2.231904 0.386552 2.595011 0.246589]
   28 | [ 0.466327  2.314783  0.029422 -1.059933  0.176249 -0.243234  0.708319
 -1.125542  1.97265   0.223477 -1.328843 -0.043589  0.641445  0.873025
 -2.036825  0.915869 -0.612772 -0.027353 -0.158771 -0.957077 -0.145636
  0.744967  1.435167  0.780424 -0.32991   0.940997 -0.436465 -0.519352
 -0.160183  0.132539 -1.274543 -0.714768 -0.260126  0.501926 -0.479514
 -0.852827  1.272629  1.183048 -0.950983 -0.587688 -1.035382  0.160153
  0.360566 -0.138091 -0.850494 -0.455552  0.287429 -0.113708  0.214089
  0.44125   0.396277 -0.27644  -1.427296 -0.191884 -1.570648] | [ 4.423642e-01  2.438397e+00  5.139143e-01 -1.167245e+00  1.625209e-04
 -6.638196e-01  2.362447e-01 -1.606503e+00  3.088770e+00  9.222288e-01
 -6.753873e-01  2.934365e+00  1.042887e+00 -1.178338e+00  2.157019e+00
 -1.091335e+00  2.065377e+00 -1.606989e+00 -7.479436e-01 -4.572638e-01
 -6.974136e-01  6.219935e-01 -9.467219e-01 -5.621535e-02 -3.256065e-01
  1.633957e+00 -1.311232e+00 -1.216781e+00 -3.403177e+00  1.267702e+00
 -1.509811e+00 -1.680018e+00  6.514917e-01 -9.029244e-01 -7.989128e-01
  3.842026e-01 -9.816690e-01  6.860216e-01  1.129197e+00 -1.912522e+00
 -8.873387e-01  6.835722e-01  2.632532e-01 -7.589192e-01  2.920821e+00
  1.067855e+00 -1.230073e+00  1.448656e-01 -9.758521e-01  2.757160e-01
 -1.806597e+00  1.953245e+00 -1.004477e+00  2.410882e+00 -1.330882e+00] | [0.023963 0.123614 0.484492 0.107312 0.176086 0.420586 0.472074 0.480961
 1.11612  0.698752 0.653456 2.977954 0.401442 2.051363 4.193843 2.007204
 2.67815  1.579636 0.589172 0.499813 0.551778 0.122973 2.381889 0.83664
 0.004304 0.692959 0.874767 0.697429 3.242995 1.135163 0.235268 0.96525
 0.911618 1.40485  0.319399 1.23703  2.254298 0.497026 2.08018  1.324834
 0.148044 0.523419 0.097313 0.620828 3.771315 1.523407 1.517502 0.258574
 1.189942 0.165534 2.202874 2.229685 0.422819 2.602766 0.239766]
   29 | [ 0.478732  2.32789   0.010362 -1.055353  0.186818 -0.237931  0.728378
 -1.09227   1.968046  0.225786 -1.346491 -0.1017    0.648197  0.890628
 -2.095523  1.078877 -0.593175 -0.042284 -0.067607 -0.95402  -0.082985
  0.693516  1.47754   0.771024 -0.341791  0.921028 -0.489508 -0.508082
 -0.152506  0.084329 -1.291529 -0.693373 -0.30041   0.496102 -0.49077
 -0.893374  1.308082  1.164834 -0.985713 -0.511238 -1.046716  0.143051
  0.368166 -0.123325 -0.990295 -0.473989  0.395794 -0.155784  0.228586
  0.401343  0.445038 -0.322183 -1.446722 -0.144214 -1.56925 ] | [ 0.437827  2.454831  0.533227 -1.157335 -0.007837 -0.65902   0.261364
 -1.595101  3.083737  0.998349 -0.657546  2.944306  1.029449 -1.163906
  2.175304 -1.021312  2.086046 -1.673786 -0.698284 -0.455551 -0.672469
  0.582974 -0.979134 -0.01305  -0.330396  1.686134 -1.375106 -1.22603
 -3.44119   1.233351 -1.548309 -1.654171  0.648006 -0.851222 -0.795248
  0.446461 -1.049392  0.69398   1.129234 -1.854677 -0.909691  0.656066
  0.209276 -0.771753  2.87598   1.023677 -1.194073  0.168333 -0.958054
  0.217228 -1.758082  1.901581 -0.988843  2.454658 -1.339452] | [0.040905 0.12694  0.522865 0.101982 0.194655 0.421089 0.467013 0.502831
 1.115692 0.772563 0.688945 3.046006 0.381253 2.054534 4.270827 2.100189
 2.679221 1.631502 0.630678 0.498469 0.589484 0.110542 2.456674 0.784075
 0.011395 0.765106 0.885598 0.717948 3.288685 1.149022 0.25678  0.960799
 0.948416 1.347324 0.304478 1.339835 2.357474 0.470853 2.114948 1.343439
 0.137025 0.513015 0.15889  0.648428 3.866275 1.497666 1.589867 0.324117
 1.18664  0.184115 2.20312  2.223764 0.457879 2.598872 0.229798]
model built: True
num weights: 38
{'mae': [0.48788902163505554, 0.3401898741722107, 0.271408349275589, 0.2273736596107483, 0.1978941112756729, 0.19890359044075012, 0.17433853447437286, 0.17317290604114532, 0.1654231697320938, 0.15728113055229187, 0.14334818720817566, 0.12711206078529358, 0.1596681922674179, 0.1560797393321991, 0.15359261631965637, 0.1116626039147377, 0.0977853462100029, 0.09074930101633072, 0.08626855909824371, 0.08243095874786377, 0.07619918137788773, 0.070622019469738, 0.06763003766536713, 0.06600230187177658, 0.06434262543916702, 0.060727521777153015, 0.057152435183525085, 0.19028551876544952, 0.1858317106962204, 0.18231646716594696], 'mse': [0.3766045868396759, 0.1842845380306244, 0.11789055168628693, 0.0829576700925827, 0.06293388456106186, 0.06409728527069092, 0.049150608479976654, 0.04841620475053787, 0.04423685744404793, 0.040035028010606766, 0.03319528326392174, 0.02601546421647072, 0.041285350918769836, 0.039577752351760864, 0.03839569166302681, 0.020050842314958572, 0.015374191105365753, 0.013267068192362785, 0.01199730671942234, 0.01096136961132288, 0.009378497488796711, 0.008074024692177773, 0.007421083282679319, 0.0070734452456235886, 0.0067274603061378, 0.005995264742523432, 0.005322527140378952, 0.05785784497857094, 0.05537780001759529, 0.05346127972006798], 'loss': [0.6269614696502686, 0.2540164887905121, 0.1391681730747223, 0.0922592356801033, 0.06672500818967819, 0.0725654736161232, 0.04923029616475105, 0.04684361070394516, 0.04137607663869858, 0.03773440048098564, 0.032059479504823685, 0.024034293368458748, 0.0377708300948143, 0.034308191388845444, 0.0326278991997242, 0.019526707008481026, 0.013589133508503437, 0.01104755885899067, 0.009923708625137806, 0.009013830684125423, 0.007729706820100546, 0.006462696939706802, 0.00620759604498744, 0.005925470497459173, 0.005673518870025873, 0.004639127757400274, 0.004036123864352703, 0.05528642609715462, 0.0430639274418354, 0.040035150945186615], 'val_loss': [0.37660452723503113, 0.1842844933271408, 0.11789055168628693, 0.0829576700925827, 0.06293388456106186, 0.06409729272127151, 0.04915061220526695, 0.04841620475053787, 0.04423685744404793, 0.040035031735897064, 0.033195286989212036, 0.02601546049118042, 0.041285354644060135, 0.039577752351760864, 0.03839569166302681, 0.020050842314958572, 0.015374192036688328, 0.013267068192362785, 0.01199730671942234, 0.01096136961132288, 0.009378497488796711, 0.008074025623500347, 0.007421083282679319, 0.0070734452456235886, 0.0067274603061378, 0.005995265208184719, 0.005322527140378952, 0.05785784497857094, 0.05537780001759529, 0.05346127972006798], 'val_fr_phase_loss_5': [nan, 0.20534652471542358, nan, 0.09845181554555893, nan], 'val_fr_target_loss_50': [nan, 0.7463956475257874, nan, nan, 0.805130124092102, nan, 0.8630043864250183, nan, nan, 0.9826793670654297, nan, 0.7449510097503662, nan, nan, 1.0361634492874146, nan, 0.7354567646980286, nan, nan, 0.7375044822692871, nan, 0.8095778226852417, nan, nan, 0.7864535450935364, nan, 0.8558347821235657, nan, nan, 1.3748531341552734], 'val_fr_curve_loss_10': [nan, 0.28244686126708984, nan, nan, 0.15035486221313477, nan, 0.09680288285017014, nan, nan, 0.09304191172122955, nan, 0.0766807273030281, nan, nan, 0.09695036709308624, nan, 0.0692191869020462, nan, nan, 0.065943643450737, nan, 0.06759132444858551, nan, nan, 0.06426744163036346, nan, 0.06685467064380646, nan, nan, 0.13597330451011658], 'val_fr_curve_loss_20': [nan, 0.45925870537757874, nan, nan, 0.37646451592445374, nan, 0.23328761756420135, nan, nan, 0.2597654163837433, nan, 0.20312663912773132, nan, nan, 0.28148606419563293, nan, 0.2013353705406189, nan, nan, 0.1995423585176468, nan, 0.2162713259458542, nan, nan, 0.208640918135643, nan, 0.2269294410943985, nan, nan, 0.4119983911514282], 'val_fr_curve_loss_30': [nan, 0.5911376476287842, nan, nan, 0.5729382038116455, nan, 0.429925799369812, nan, nan, 0.4914535880088806, nan, 0.3745805323123932, nan, nan, 0.5262768268585205, nan, 0.377301961183548, nan, nan, 0.37811240553855896, nan, 0.41587647795677185, nan, nan, 0.4039148688316345, nan, 0.4442913234233856, nan, nan, 0.7458745837211609], 'val_fr_curve_loss_50': [nan, 0.7402835488319397, nan, nan, 0.7894428968429565, nan, 0.849992573261261, nan, nan, 0.9694811105728149, nan, 0.7391289472579956, nan, nan, 1.023705005645752, nan, 0.7311276793479919, nan, nan, 0.7327268719673157, nan, 0.8015365600585938, nan, nan, 0.7799240946769714, nan, 0.8514876961708069, nan, nan, 1.3639087677001953], 'val_fr_phase_loss_12': [nan, 0.11612281203269958, nan, 0.1263725310564041, nan], 'val_fr_phase_loss_18': [nan, 0.17256753146648407, nan, 0.25418621301651, nan], 'val_fr_phase_loss_25': [nan, 0.28473174571990967, nan, 0.279929518699646, nan], 'val_fr_phase_loss_38': [nan, 0.5751657485961914, nan, 0.559141218662262, nan], 'val_fr_phase_loss_50': [nan, 0.8445107936859131, nan, 1.4779373407363892, nan]}
Saved artifacts to: runs/tuning/full_seq_lstm_lvl1/trial_0006
