--- Number of Windows for Train = 9880
--- Number of Windows for Val = 3040
--- Number of Windows for Test = 2280
--- Curriculum = [10, 15, 20, 30, 40, 50]
--- fr_curve Outsteps = [1, 2, 3]

--- Training: prova1 [LSTM/FC/HYBRID]  ---

======================================================================
   PHASE 1/6: teacher_forcing
   Epochs: 6
   Learning Rate: 0.00043364047047954584
   Clipping Norm: 0.5577210023684684
   Horizon (train loss): 10
   Output timesteps (val_loss and fr_loss): 50
======================================================================

Epoch 1/30
309/309 ━━━━━━━━━━━━━━━━━━━━ 21s 44ms/step - mae: 0.1538 - loss: 0.2011 - val_loss: 0.0384
Epoch 2/30
309/309 ━━━━━━━━━━━━━━━━━━━━ 15s 50ms/step - mae: 0.1001 - loss: 0.0221 - val_loss: 0.0163 - val_fr_phase_loss_10: 0.0841
[Optuna] trial=23 epoch=2 val_fr_phase_loss_10=0.0841042 | median=0.112472 (n=17, p25=0.095359, p75=0.199884) | margin=-0.0283675 (-25.22%)
Epoch 3/30
309/309 ━━━━━━━━━━━━━━━━━━━━ 13s 41ms/step - mae: 0.0739 - loss: 0.0102 - val_loss: 0.0089
Epoch 4/30
309/309 ━━━━━━━━━━━━━━━━━━━━ 15s 49ms/step - mae: 0.0627 - loss: 0.0062 - val_loss: 0.0064 - val_fr_phase_loss_10: 0.0818
[Optuna] trial=23 epoch=4 val_fr_phase_loss_10=0.081815 | median=0.104786 (n=17, p25=0.0825745, p75=0.117415) | margin=-0.0229715 (-21.92%)
Epoch 5/30
309/309 ━━━━━━━━━━━━━━━━━━━━ 13s 41ms/step - mae: 0.0547 - loss: 0.0044 - val_loss: 0.0049
Epoch 6/30
309/309 ━━━━━━━━━━━━━━━━━━━━ 15s 49ms/step - mae: 0.0485 - loss: 0.0034 - val_loss: 0.0039 - val_fr_phase_loss_10: 0.0810 - val_fr_target_loss_50: 1.1088 - val_fr_curve_loss_1: 0.0045 - val_fr_curve_loss_2: 0.0071 - val_fr_curve_loss_3: 0.0111
[Optuna] trial=23 epoch=6 val_fr_phase_loss_10=0.0810274 | median=0.110551 (n=17, p25=0.0717518, p75=0.132426) | margin=-0.0295238 (-26.71%)

======================================================================
   PHASE 2/6: masked_modeling
   Mask Prob: 0.15
   Mask Scope: time
   Mask Mode: constant
   Mask Value: 0.2
   Noise Sigma: None
   Noise Replace: False
   Epochs: 6
   Learning Rate: 0.0003469123763836367
   Clipping Norm: 0.5019489021316216
   Horizon (train loss): 15
   Output timesteps (val_loss and fr_loss): 50
======================================================================

Epoch 7/30
309/309 ━━━━━━━━━━━━━━━━━━━━ 13s 41ms/step - mae: 0.1220 - loss: 0.0333 - val_loss: 0.0240
Epoch 8/30
309/309 ━━━━━━━━━━━━━━━━━━━━ 17s 54ms/step - mae: 0.1169 - loss: 0.0241 - val_loss: 0.0223 - val_fr_phase_loss_15: 0.1559
[Optuna] trial=23 epoch=8 val_fr_phase_loss_15=0.155874 | median=0.159878 (n=17, p25=0.14872, p75=0.214251) | margin=-0.00400358 (-2.50%)
Epoch 9/30
309/309 ━━━━━━━━━━━━━━━━━━━━ 11s 35ms/step - mae: 0.1106 - loss: 0.0204 - val_loss: 0.0201
Epoch 10/30
309/309 ━━━━━━━━━━━━━━━━━━━━ 17s 54ms/step - mae: 0.1064 - loss: 0.0175 - val_loss: 0.0189 - val_fr_phase_loss_15: 0.1253
[Optuna] trial=23 epoch=10 val_fr_phase_loss_15=0.125334 | median=0.131062 (n=17, p25=0.125928, p75=0.201494) | margin=-0.00572777 (-4.37%)
Epoch 11/30
309/309 ━━━━━━━━━━━━━━━━━━━━ 11s 35ms/step - mae: 0.1030 - loss: 0.0153 - val_loss: 0.0179
Epoch 12/30
309/309 ━━━━━━━━━━━━━━━━━━━━ 18s 57ms/step - mae: 0.0948 - loss: 0.0134 - val_loss: 0.0151 - val_fr_phase_loss_15: 0.1063 - val_fr_target_loss_50: 0.8181 - val_fr_curve_loss_1: 0.0091 - val_fr_curve_loss_2: 0.0103 - val_fr_curve_loss_3: 0.0125
[Optuna] trial=23 epoch=12 val_fr_phase_loss_15=0.106289 | median=0.122815 (n=17, p25=0.112534, p75=0.177614) | margin=-0.0165262 (-13.46%)

======================================================================
   PHASE 3/6: scheduled_sampling
   Tf Ratio Start: 1.0
   Tf Ratio End: 0.35
   Per Feature: True
   Stop Grad Pred: True
   Ratio Mode: sigmoid
   Mid Point: 0.6
   Sharpness: 10.0
   Power Value: 2.0
   Epochs: 8
   Learning Rate: 0.00030354832933568205
   Clipping Norm: 0.47406285201319814
   Horizon (train loss): 20
   Output timesteps (val_loss and fr_loss): 50
======================================================================

Epoch 13/30
309/309 ━━━━━━━━━━━━━━━━━━━━ 168s 544ms/step - mae: 0.0505 - loss: 0.0053 - val_loss: 0.0042
Epoch 14/30
309/309 ━━━━━━━━━━━━━━━━━━━━ 172s 557ms/step - mae: 0.0405 - loss: 0.0024 - val_loss: 0.0027 - val_fr_phase_loss_20: 0.1557
[Optuna] trial=23 epoch=14 val_fr_phase_loss_20=0.155675 | median=0.212625 (n=17, p25=0.143715, p75=0.229331) | margin=-0.0569505 (-26.78%)
Epoch 15/30
309/309 ━━━━━━━━━━━━━━━━━━━━ 168s 545ms/step - mae: 0.0364 - loss: 0.0018 - val_loss: 0.0022
Epoch 16/30
309/309 ━━━━━━━━━━━━━━━━━━━━ 173s 559ms/step - mae: 0.0345 - loss: 0.0018 - val_loss: 0.0020 - val_fr_phase_loss_20: 0.2010
[Optuna] trial=23 epoch=16 val_fr_phase_loss_20=0.201017 | median=0.23019 (n=17, p25=0.16922, p75=0.284398) | margin=-0.0291725 (-12.67%)
Epoch 17/30
309/309 ━━━━━━━━━━━━━━━━━━━━ 167s 541ms/step - mae: 0.0337 - loss: 0.0031 - val_loss: 0.0019
Epoch 18/30
309/309 ━━━━━━━━━━━━━━━━━━━━ 173s 561ms/step - mae: 0.0392 - loss: 0.0079 - val_loss: 0.0025 - val_fr_phase_loss_20: 0.2058
[Optuna] trial=23 epoch=18 val_fr_phase_loss_20=0.205757 | median=0.233696 (n=17, p25=0.180509, p75=0.250221) | margin=-0.0279385 (-11.96%)
Epoch 19/30
309/309 ━━━━━━━━━━━━━━━━━━━━ 167s 540ms/step - mae: 0.0406 - loss: 0.0130 - val_loss: 0.0027
Epoch 20/30
309/309 ━━━━━━━━━━━━━━━━━━━━ 174s 564ms/step - mae: 0.0401 - loss: 0.0142 - val_loss: 0.0027 - val_fr_phase_loss_20: 0.1590 - val_fr_target_loss_50: 0.7913 - val_fr_curve_loss_1: 0.0029 - val_fr_curve_loss_2: 0.0037 - val_fr_curve_loss_3: 0.0053
[Optuna] trial=23 epoch=20 val_fr_phase_loss_20=0.159044 | median=0.200155 (n=17, p25=0.149844, p75=0.213643) | margin=-0.041111 (-20.54%)

======================================================================
   PHASE 4/6: masked_modeling
   Mask Prob: 0.2
   Mask Scope: time
   Mask Mode: noise
   Mask Value: None
   Noise Sigma: 0.1
   Noise Replace: False
   Epochs: 4
   Learning Rate: 0.0002601842822877275
   Clipping Norm: 0.44617680189477477
   Horizon (train loss): 30
   Output timesteps (val_loss and fr_loss): 50
======================================================================

Epoch 21/30
309/309 ━━━━━━━━━━━━━━━━━━━━ 12s 37ms/step - mae: 0.0286 - loss: 0.0019 - val_loss: 0.0014
Epoch 22/30
309/309 ━━━━━━━━━━━━━━━━━━━━ 19s 61ms/step - mae: 0.0281 - loss: 0.0018 - val_loss: 0.0013 - val_fr_phase_loss_30: 0.2552
[Optuna] trial=23 epoch=22 val_fr_phase_loss_30=0.255155 | median=0.263223 (n=17, p25=0.254337, p75=0.404999) | margin=-0.00806767 (-3.06%)
Epoch 23/30
309/309 ━━━━━━━━━━━━━━━━━━━━ 12s 38ms/step - mae: 0.0277 - loss: 0.0017 - val_loss: 0.0013
Epoch 24/30
309/309 ━━━━━━━━━━━━━━━━━━━━ 19s 61ms/step - mae: 0.0277 - loss: 0.0017 - val_loss: 0.0013 - val_fr_phase_loss_30: 0.2621 - val_fr_target_loss_50: 0.6551 - val_fr_curve_loss_1: 0.0017 - val_fr_curve_loss_2: 0.0023 - val_fr_curve_loss_3: 0.0032
[Optuna] trial=23 epoch=24 val_fr_phase_loss_30=0.262119 | median=0.268596 (n=17, p25=0.263071, p75=0.412592) | margin=-0.00647688 (-2.41%)

======================================================================
   PHASE 5/6: full_autoregressive
   Gradient Through Time: False
   Epochs: 4
   Learning Rate: 0.00021682023523977292
   Clipping Norm: 0.41829075177635133
   Horizon (train loss): 40
   Output timesteps (val_loss and fr_loss): 50
======================================================================

Epoch 25/30
309/309 ━━━━━━━━━━━━━━━━━━━━ 153s 496ms/step - mae: 0.2093 - loss: 0.3938 - val_loss: 0.0755
Epoch 26/30
309/309 ━━━━━━━━━━━━━━━━━━━━ 160s 518ms/step - mae: 0.1958 - loss: 0.2528 - val_loss: 0.0673 - val_fr_phase_loss_40: 0.2658
[Optuna] trial=23 epoch=26 val_fr_phase_loss_40=0.265754 | median=0.294343 (n=17, p25=0.217505, p75=0.396035) | margin=-0.0285885 (-9.71%)
Epoch 27/30
309/309 ━━━━━━━━━━━━━━━━━━━━ 155s 503ms/step - mae: 0.1932 - loss: 0.2097 - val_loss: 0.0667
Epoch 28/30
309/309 ━━━━━━━━━━━━━━━━━━━━ 161s 522ms/step - mae: 0.1916 - loss: 0.1827 - val_loss: 0.0665 - val_fr_phase_loss_40: 0.2188 - val_fr_target_loss_50: 0.2929 - val_fr_curve_loss_1: 0.0178 - val_fr_curve_loss_2: 0.0167 - val_fr_curve_loss_3: 0.0169
[Optuna] trial=23 epoch=28 val_fr_phase_loss_40=0.218791 | median=0.264305 (n=17, p25=0.176405, p75=0.379114) | margin=-0.045514 (-17.22%)

======================================================================
   PHASE 6/6: full_autoregressive
   Gradient Through Time: True
   Epochs: 2
   Learning Rate: 0.00013009214114386374
   Clipping Norm: 0.33463260142108103
   Horizon (train loss): 50
   Output timesteps (val_loss and fr_loss): 50
======================================================================

Epoch 29/30
309/309 ━━━━━━━━━━━━━━━━━━━━ 155s 503ms/step - mae: 0.1990 - loss: 0.2069 - val_loss: 0.0711
Epoch 30/30
309/309 ━━━━━━━━━━━━━━━━━━━━ 159s 515ms/step - mae: 0.1957 - loss: 0.1888 - val_loss: 0.0690 - val_fr_phase_loss_50: 0.2566 - val_fr_target_loss_50: 0.2643 - val_fr_curve_loss_1: 0.0274 - val_fr_curve_loss_2: 0.0245 - val_fr_curve_loss_3: 0.0234
[Optuna] trial=23 epoch=30 val_fr_phase_loss_50=0.256645 | median=0.302382 (n=17, p25=0.211433, p75=0.387375) | margin=-0.0457373 (-15.13%)
Final loss: 0.1888
Predicting all test samples in free_running mode...
  X shape: (2280, 200, 36)
  Y shape: (2280, 50, 36)
  Pred shape: (2280, 50, 36)

 step | target                | pred                  | abs_err
------|-----------------------|-----------------------|----------------------
   25 | [ 0.413975  2.252291  0.076809 -1.082321  0.133018 -0.274908  0.639894
 -1.222357 -1.249584  0.168496  0.626157  0.768161 -1.833026  0.430524
 -0.664956 -0.940605 -0.333545  0.888525  1.287808  0.789981 -0.276216
 -0.539654 -0.175473  0.252616 -1.215466 -0.765159 -0.430836 -0.7326
  1.170439  1.235309 -0.98217   0.207688  0.323877 -0.382801 -0.034873
  0.56418 ] | [ 0.455408  2.464532 -0.056799 -0.810099 -0.436866 -0.102981  0.959163
 -1.007239 -1.579837  0.293155  0.270883  0.682573 -1.20014  -0.967492
 -0.109297 -1.150022 -0.41839   0.51561   1.151048  0.518269  0.259036
 -0.478661  0.071601  0.269261  0.131993 -0.710003  0.090946 -0.27884
  1.080851  1.482189 -0.879076  0.527596  0.373475 -0.876913 -0.188832
  0.113468] | [0.041434 0.212241 0.133608 0.272222 0.569885 0.171927 0.319269 0.215118
 0.330253 0.124659 0.355274 0.085588 0.632886 1.398017 0.555659 0.209417
 0.084845 0.372915 0.13676  0.271712 0.535252 0.060993 0.247074 0.016645
 1.347459 0.055156 0.521782 0.453759 0.089588 0.24688  0.103093 0.319908
 0.049599 0.494112 0.153959 0.450712]
   26 | [ 0.433902  2.276946  0.062718 -1.073421  0.149295 -0.261739  0.66411
 -1.190588 -1.280325  0.091743  0.630177  0.811665 -1.905444  0.590891
 -0.648677 -0.950394 -0.271225  0.842781  1.340023  0.789891 -0.296955
 -0.535192 -0.171397  0.217021 -1.236176 -0.75049  -0.449502 -0.772153
  1.203705  1.218394 -1.003057  0.192291  0.338178 -0.409968  0.071482
  0.522649] | [ 0.465173  2.477928 -0.065468 -0.770277 -0.43361  -0.091529  0.990977
 -0.98024  -1.609021  0.251798  0.206295  0.723782 -1.239507 -0.915669
 -0.078673 -1.153372 -0.395733  0.469182  1.176618  0.491412  0.22345
 -0.490603  0.108404  0.265756  0.171331 -0.681133  0.065268 -0.278104
  1.078268  1.511632 -0.891417  0.522091  0.359989 -0.917228 -0.148662
  0.059199] | [0.031271 0.200983 0.128186 0.303144 0.582905 0.17021  0.326866 0.210348
 0.328696 0.160055 0.423882 0.087883 0.665937 1.506561 0.570004 0.202977
 0.124508 0.373599 0.163406 0.298479 0.520406 0.044589 0.279801 0.048735
 1.407508 0.069357 0.514771 0.494049 0.125437 0.293238 0.11164  0.3298
 0.021811 0.50726  0.220145 0.46345 ]
   27 | [ 0.45137   2.29779   0.046898 -1.065959  0.163722 -0.251176  0.686906
 -1.158318 -1.306769  0.020961  0.635355  0.846673 -1.973424  0.752938
 -0.63128  -0.95588  -0.208485  0.794828  1.389242  0.786713 -0.314912
 -0.528408 -0.166389  0.176889 -1.255981 -0.733755 -0.465744 -0.812322
  1.237801  1.200935 -1.020813  0.176508  0.350492 -0.434216  0.179125
  0.481679] | [ 0.472633  2.486276 -0.072401 -0.731624 -0.432082 -0.082695  1.020602
 -0.954231 -1.631562  0.214981  0.143362  0.760113 -1.275789 -0.862696
 -0.049146 -1.151899 -0.375623  0.421893  1.198795  0.46189   0.189679
 -0.500802  0.144304  0.25885   0.210665 -0.651739  0.040636 -0.276093
  1.074119  1.538513 -0.900529  0.517566  0.342952 -0.954285 -0.109384
  0.007277] | [0.021264 0.188486 0.1193   0.334334 0.595804 0.168481 0.333696 0.204086
 0.324793 0.19402  0.491993 0.08656  0.697635 1.615634 0.582134 0.19602
 0.167138 0.372935 0.190447 0.324823 0.504591 0.027606 0.310693 0.081961
 1.466646 0.082015 0.50638  0.536229 0.163682 0.337578 0.120284 0.341058
 0.007541 0.520069 0.288508 0.474402]
   28 | [ 0.466327  2.314783  0.029422 -1.059933  0.176249 -0.243234  0.708319
 -1.125542 -1.328843 -0.043589  0.641445  0.873025 -2.036825  0.915869
 -0.612772 -0.957077 -0.145636  0.744967  1.435167  0.780424 -0.32991
 -0.519352 -0.160183  0.132539 -1.274543 -0.714768 -0.479514 -0.852827
  1.272629  1.183048 -1.035382  0.160153  0.360566 -0.455552  0.287429
  0.44125 ] | [ 0.477783  2.489666 -0.07779  -0.694368 -0.432339 -0.076601  1.047984
 -0.929266 -1.647457  0.182943  0.082234  0.791623 -1.308882 -0.809008
 -0.020861 -1.145606 -0.357978  0.374018  1.217348  0.430026  0.157963
 -0.509265  0.179174  0.248896  0.24965  -0.621716  0.017305 -0.272683
  1.068499  1.562933 -0.906342  0.513963  0.322545 -0.987976 -0.070973
 -0.042137] | [0.011455 0.174883 0.107212 0.365565 0.608588 0.166633 0.339665 0.196276
 0.318614 0.226532 0.559211 0.081403 0.727943 1.724877 0.591911 0.188529
 0.212342 0.370948 0.217819 0.350399 0.487873 0.010087 0.339357 0.116356
 1.524193 0.093052 0.496818 0.580144 0.20413  0.379885 0.12904  0.35381
 0.038021 0.532424 0.358402 0.483387]
   29 | [ 0.478732  2.32789   0.010362 -1.055353  0.186818 -0.237931  0.728378
 -1.09227  -1.346491 -0.1017    0.648197  0.890628 -2.095523  1.078877
 -0.593175 -0.95402  -0.082985  0.693516  1.47754   0.771024 -0.341791
 -0.508082 -0.152506  0.084329 -1.291529 -0.693373 -0.49077  -0.893374
  1.308082  1.164834 -1.046716  0.143051  0.368166 -0.473989  0.395794
  0.401343] | [ 0.48071   2.48827  -0.081872 -0.658908 -0.434463 -0.07326   1.073168
 -0.905324 -1.65692   0.155982  0.023075  0.818353 -1.338698 -0.754947
  0.00613  -1.134524 -0.342714  0.325632  1.23202   0.395862  0.128371
 -0.515984  0.212865  0.235967  0.288041 -0.590913 -0.004473 -0.268119
  1.06165   1.585109 -0.90892   0.511263  0.298999 -1.018383 -0.033351
 -0.088994] | [0.001978 0.160379 0.092234 0.396446 0.62128  0.164671 0.34479  0.186946
 0.310429 0.257682 0.625121 0.072275 0.756825 1.833824 0.599305 0.180504
 0.259729 0.367884 0.24552  0.375162 0.470162 0.007903 0.365371 0.151638
 1.57957  0.10246  0.486296 0.625255 0.246432 0.420276 0.137796 0.368212
 0.069167 0.544394 0.429145 0.490337]
model built: True
num weights: 38
{'mae': [0.1538112908601761, 0.10009514540433884, 0.07389524579048157, 0.06272865831851959, 0.05474688857793808, 0.04852166771888733, 0.12196885049343109, 0.1168760284781456, 0.11062391847372055, 0.10640460252761841, 0.10303422063589096, 0.09482517093420029, 0.050506748259067535, 0.040456123650074005, 0.03635817766189575, 0.03449484705924988, 0.03371269628405571, 0.03917720168828964, 0.04059978947043419, 0.04010029137134552, 0.02862470969557762, 0.02806342951953411, 0.02770930528640747, 0.027656810358166695, 0.2092915028333664, 0.19575345516204834, 0.1932351291179657, 0.19158989191055298, 0.198966845870018, 0.195715993642807], 'loss': [0.20105496048927307, 0.022075720131397247, 0.010196153074502945, 0.006205869372934103, 0.004433752503246069, 0.0034357416443526745, 0.03325728699564934, 0.02408452145755291, 0.020391687750816345, 0.01754678227007389, 0.015274379402399063, 0.013443796895444393, 0.00534812593832612, 0.0024146500509232283, 0.00183566240593791, 0.001824488746933639, 0.0030621150508522987, 0.007869637571275234, 0.01304390374571085, 0.014163137413561344, 0.0019425514619797468, 0.0017665824852883816, 0.0017315533477813005, 0.0017210941296070814, 0.39375677704811096, 0.2528068721294403, 0.20974931120872498, 0.18266594409942627, 0.20685434341430664, 0.18883159756660461], 'val_loss': [0.03836878761649132, 0.016252871602773666, 0.00886679720133543, 0.006370746996253729, 0.004866098053753376, 0.003856711322441697, 0.024031855165958405, 0.022280633449554443, 0.02011413685977459, 0.01892954111099243, 0.017877662554383278, 0.015125574544072151, 0.004213990643620491, 0.002709650667384267, 0.0021878171246498823, 0.001961829373613, 0.0018826053710654378, 0.0025138582568615675, 0.002719992771744728, 0.002676789416000247, 0.0013869473477825522, 0.0013325014151632786, 0.0012928476789966226, 0.0012834195513278246, 0.07547261565923691, 0.06731398403644562, 0.06668059527873993, 0.06652616709470749, 0.0711120218038559, 0.06901610642671585], 'val_fr_phase_loss_10': [nan, 0.08410418778657913, nan, 0.0818149745464325, nan, 0.08102735877037048], 'val_fr_target_loss_50': [nan, nan, nan, nan, nan, 1.108846664428711, nan, nan, nan, nan, nan, 0.8181391954421997, nan, nan, nan, nan, nan, nan, nan, 0.7912989258766174, nan, nan, nan, 0.6551311612129211, nan, nan, nan, 0.2929283678531647, nan, 0.26434949040412903], 'val_fr_curve_loss_1': [nan, nan, nan, nan, nan, 0.004549030214548111, nan, nan, nan, nan, nan, 0.009121883660554886, nan, nan, nan, nan, nan, nan, nan, 0.002866605296730995, nan, nan, nan, 0.0017150517087429762, nan, nan, nan, 0.017791882157325745, nan, 0.02742849849164486], 'val_fr_curve_loss_2': [nan, nan, nan, nan, nan, 0.007121770642697811, nan, nan, nan, nan, nan, 0.01027646940201521, nan, nan, nan, nan, nan, nan, nan, 0.003733093850314617, nan, nan, nan, 0.0022614977788180113, nan, nan, nan, 0.016748104244470596, nan, 0.024468645453453064], 'val_fr_curve_loss_3': [nan, nan, nan, nan, nan, 0.011093735694885254, nan, nan, nan, nan, nan, 0.012510130181908607, nan, nan, nan, nan, nan, nan, nan, 0.005259940400719643, nan, nan, nan, 0.0031871080864220858, nan, nan, nan, 0.016878729686141014, nan, 0.023359691724181175], 'val_fr_phase_loss_15': [nan, 0.1558743715286255, nan, 0.1253337860107422, nan, 0.10628929734230042], 'val_fr_phase_loss_20': [nan, 0.15567494928836823, nan, 0.20101720094680786, nan, 0.20575697720050812, nan, 0.15904399752616882], 'val_fr_phase_loss_30': [nan, 0.2551553249359131, nan, 0.26211926341056824], 'val_fr_phase_loss_40': [nan, 0.2657543122768402, nan, 0.21879051625728607], 'val_fr_phase_loss_50': [nan, 0.25664493441581726]}
Saved artifacts to: runs/tuning/study_lstm_lvl1/trial_0023
