--- Number of Windows for Train = 9880
--- Number of Windows for Val = 3040
--- Number of Windows for Test = 2280
--- Curriculum = [5, 5, 12, 12, 18, 18, 25, 25, 38, 38, 50, 50]
--- fr_curve Outsteps = [10, 20, 30, 50]

--- Training: lstm_fullseq_30ep [LSTM/FC/FULL_SEQ]  ---

======================================================================
   PHASE 1/12: teacher_forcing
   Epochs: 2
   Learning Rate: 0.0004633576042548562
   Clipping Norm: 0.674336180664938
   Horizon (train loss): 5
   Output timesteps (val_loss and fr_loss): 50
======================================================================

Epoch 1/30
309/309 ━━━━━━━━━━━━━━━━━━━━ 18s 38ms/step - mae: 0.1680 - mse: 0.0453 - loss: 0.2172 - val_loss: 0.0453
Epoch 2/30
309/309 ━━━━━━━━━━━━━━━━━━━━ 15s 48ms/step - mae: 0.1155 - mse: 0.0216 - loss: 0.0263 - val_loss: 0.0216 - val_fr_phase_loss_5: 0.0399 - val_fr_target_loss_50: 1.2227 - val_fr_curve_loss_10: 0.1030 - val_fr_curve_loss_20: 0.3380 - val_fr_curve_loss_30: 0.6456 - val_fr_curve_loss_50: 1.2047
[Optuna] trial=17 epoch=2 val_fr_phase_loss_5=0.0398677 | median=0.075485 (n=15, p25=0.0558048, p75=0.280396) | margin=-0.0356174 (-47.18%)

======================================================================
   PHASE 2/12: masked_modeling
   Mask Prob: 0.1
   Mask Scope: time
   Mask Mode: constant
   Mask Value: 0.2
   Noise Sigma: None
   Noise Replace: False
   Epochs: 3
   Learning Rate: 0.000370686083403885
   Clipping Norm: 0.6069025625984442
   Horizon (train loss): 5
   Output timesteps (val_loss and fr_loss): 50
======================================================================

Epoch 3/30
309/309 ━━━━━━━━━━━━━━━━━━━━ 11s 34ms/step - mae: 0.1130 - mse: 0.0206 - loss: 0.0251 - val_loss: 0.0206
Epoch 4/30
309/309 ━━━━━━━━━━━━━━━━━━━━ 14s 46ms/step - mae: 0.1032 - mse: 0.0174 - loss: 0.0187 - val_loss: 0.0174 - val_fr_phase_loss_5: 0.0290
[Optuna] trial=17 epoch=4 val_fr_phase_loss_5=0.0289969 | median=0.0388045 (n=15, p25=0.0343619, p75=0.140603) | margin=-0.00980764 (-25.27%)
Epoch 5/30
309/309 ━━━━━━━━━━━━━━━━━━━━ 14s 47ms/step - mae: 0.1014 - mse: 0.0167 - loss: 0.0150 - val_loss: 0.0167 - val_fr_target_loss_50: 0.9543 - val_fr_curve_loss_10: 0.0757 - val_fr_curve_loss_20: 0.2603 - val_fr_curve_loss_30: 0.5001 - val_fr_curve_loss_50: 0.9368

======================================================================
   PHASE 3/12: teacher_forcing
   Epochs: 2
   Learning Rate: 0.0004633576042548562
   Clipping Norm: 0.674336180664938
   Horizon (train loss): 12
   Output timesteps (val_loss and fr_loss): 50
======================================================================

Epoch 6/30
309/309 ━━━━━━━━━━━━━━━━━━━━ 11s 34ms/step - mae: 0.0979 - mse: 0.0157 - loss: 0.0209 - val_loss: 0.0157
Epoch 7/30
309/309 ━━━━━━━━━━━━━━━━━━━━ 15s 47ms/step - mae: 0.0773 - mse: 0.0097 - loss: 0.0095 - val_loss: 0.0097 - val_fr_phase_loss_12: 0.1049 - val_fr_target_loss_50: 0.9958 - val_fr_curve_loss_10: 0.0746 - val_fr_curve_loss_20: 0.2590 - val_fr_curve_loss_30: 0.5049 - val_fr_curve_loss_50: 0.9778
[Optuna] trial=17 epoch=7 val_fr_phase_loss_12=0.104936 | median=0.170614 (n=15, p25=0.154382, p75=0.233283) | margin=-0.0656779 (-38.49%)

======================================================================
   PHASE 4/12: masked_modeling
   Mask Prob: 0.15
   Mask Scope: time
   Mask Mode: constant
   Mask Value: 0.2
   Noise Sigma: None
   Noise Replace: False
   Epochs: 3
   Learning Rate: 0.0003243503229783993
   Clipping Norm: 0.5731857535651972
   Horizon (train loss): 12
   Output timesteps (val_loss and fr_loss): 50
======================================================================

Epoch 8/30
309/309 ━━━━━━━━━━━━━━━━━━━━ 11s 34ms/step - mae: 0.1150 - mse: 0.0220 - loss: 0.0241 - val_loss: 0.0220
Epoch 9/30
309/309 ━━━━━━━━━━━━━━━━━━━━ 14s 46ms/step - mae: 0.1120 - mse: 0.0208 - loss: 0.0183 - val_loss: 0.0208 - val_fr_phase_loss_12: 0.0907
[Optuna] trial=17 epoch=9 val_fr_phase_loss_12=0.0907091 | median=0.128688 (n=15, p25=0.114945, p75=0.180246) | margin=-0.037979 (-29.51%)
Epoch 10/30
309/309 ━━━━━━━━━━━━━━━━━━━━ 14s 46ms/step - mae: 0.1073 - mse: 0.0191 - loss: 0.0160 - val_loss: 0.0191 - val_fr_target_loss_50: 0.8905 - val_fr_curve_loss_10: 0.0661 - val_fr_curve_loss_20: 0.2159 - val_fr_curve_loss_30: 0.4266 - val_fr_curve_loss_50: 0.8699

======================================================================
   PHASE 5/12: teacher_forcing
   Epochs: 2
   Learning Rate: 0.0004633576042548562
   Clipping Norm: 0.674336180664938
   Horizon (train loss): 18
   Output timesteps (val_loss and fr_loss): 50
======================================================================

Epoch 11/30
309/309 ━━━━━━━━━━━━━━━━━━━━ 11s 34ms/step - mae: 0.0679 - mse: 0.0074 - loss: 0.0084 - val_loss: 0.0074
Epoch 12/30
309/309 ━━━━━━━━━━━━━━━━━━━━ 15s 47ms/step - mae: 0.0555 - mse: 0.0050 - loss: 0.0041 - val_loss: 0.0050 - val_fr_phase_loss_18: 0.2259 - val_fr_target_loss_50: 1.0638 - val_fr_curve_loss_10: 0.0684 - val_fr_curve_loss_20: 0.2788 - val_fr_curve_loss_30: 0.5556 - val_fr_curve_loss_50: 1.0436
[Optuna] trial=17 epoch=12 val_fr_phase_loss_18=0.225856 | median=0.396751 (n=15, p25=0.245805, p75=0.469316) | margin=-0.170895 (-43.07%)

======================================================================
   PHASE 6/12: masked_modeling
   Mask Prob: 0.2
   Mask Scope: time
   Mask Mode: constant
   Mask Value: 0.2
   Noise Sigma: None
   Noise Replace: False
   Epochs: 3
   Learning Rate: 0.0002780145625529137
   Clipping Norm: 0.5394689445319504
   Horizon (train loss): 18
   Output timesteps (val_loss and fr_loss): 50
======================================================================

Epoch 13/30
309/309 ━━━━━━━━━━━━━━━━━━━━ 11s 34ms/step - mae: 0.1087 - mse: 0.0200 - loss: 0.0211 - val_loss: 0.0200
Epoch 14/30
309/309 ━━━━━━━━━━━━━━━━━━━━ 14s 46ms/step - mae: 0.1053 - mse: 0.0190 - loss: 0.0151 - val_loss: 0.0190 - val_fr_phase_loss_18: 0.1734
[Optuna] trial=17 epoch=14 val_fr_phase_loss_18=0.173401 | median=0.254186 (n=15, p25=0.231613, p75=0.36001) | margin=-0.0807853 (-31.78%)
Epoch 15/30
309/309 ━━━━━━━━━━━━━━━━━━━━ 14s 46ms/step - mae: 0.1010 - mse: 0.0177 - loss: 0.0130 - val_loss: 0.0177 - val_fr_target_loss_50: 0.8647 - val_fr_curve_loss_10: 0.0613 - val_fr_curve_loss_20: 0.2074 - val_fr_curve_loss_30: 0.4139 - val_fr_curve_loss_50: 0.8436

======================================================================
   PHASE 7/12: teacher_forcing
   Epochs: 2
   Learning Rate: 0.0004633576042548562
   Clipping Norm: 0.674336180664938
   Horizon (train loss): 25
   Output timesteps (val_loss and fr_loss): 50
======================================================================

Epoch 16/30
309/309 ━━━━━━━━━━━━━━━━━━━━ 11s 34ms/step - mae: 0.0529 - mse: 0.0045 - loss: 0.0056 - val_loss: 0.0045
Epoch 17/30
309/309 ━━━━━━━━━━━━━━━━━━━━ 14s 46ms/step - mae: 0.0441 - mse: 0.0032 - loss: 0.0026 - val_loss: 0.0032 - val_fr_phase_loss_25: 0.4099 - val_fr_target_loss_50: 1.0390 - val_fr_curve_loss_10: 0.0662 - val_fr_curve_loss_20: 0.2810 - val_fr_curve_loss_30: 0.5567 - val_fr_curve_loss_50: 1.0176
[Optuna] trial=17 epoch=17 val_fr_phase_loss_25=0.409897 | median=0.647684 (n=15, p25=0.392944, p75=0.712081) | margin=-0.237787 (-36.71%)

======================================================================
   PHASE 8/12: masked_modeling
   Mask Prob: 0.2
   Mask Scope: time
   Mask Mode: noise
   Mask Value: None
   Noise Sigma: 0.1
   Noise Replace: False
   Epochs: 3
   Learning Rate: 0.0002316788021274281
   Clipping Norm: 0.5057521354987035
   Horizon (train loss): 25
   Output timesteps (val_loss and fr_loss): 50
======================================================================

Epoch 18/30
309/309 ━━━━━━━━━━━━━━━━━━━━ 11s 35ms/step - mae: 0.0402 - mse: 0.0027 - loss: 0.0028 - val_loss: 0.0027
Epoch 19/30
309/309 ━━━━━━━━━━━━━━━━━━━━ 14s 46ms/step - mae: 0.0395 - mse: 0.0026 - loss: 0.0027 - val_loss: 0.0026 - val_fr_phase_loss_25: 0.2746
[Optuna] trial=17 epoch=19 val_fr_phase_loss_25=0.274591 | median=0.33997 (n=15, p25=0.312468, p75=0.358765) | margin=-0.0653787 (-19.23%)
Epoch 20/30
309/309 ━━━━━━━━━━━━━━━━━━━━ 14s 46ms/step - mae: 0.0392 - mse: 0.0025 - loss: 0.0026 - val_loss: 0.0025 - val_fr_target_loss_50: 0.7743 - val_fr_curve_loss_10: 0.0433 - val_fr_curve_loss_20: 0.1804 - val_fr_curve_loss_30: 0.3810 - val_fr_curve_loss_50: 0.7704

======================================================================
   PHASE 9/12: teacher_forcing
   Epochs: 2
   Learning Rate: 0.0004633576042548562
   Clipping Norm: 0.674336180664938
   Horizon (train loss): 38
   Output timesteps (val_loss and fr_loss): 50
======================================================================

Epoch 21/30
309/309 ━━━━━━━━━━━━━━━━━━━━ 11s 36ms/step - mae: 0.0387 - mse: 0.0024 - loss: 0.0022 - val_loss: 0.0024
Epoch 22/30
309/309 ━━━━━━━━━━━━━━━━━━━━ 14s 47ms/step - mae: 0.0350 - mse: 0.0020 - loss: 0.0016 - val_loss: 0.0020 - val_fr_phase_loss_38: 0.8478 - val_fr_target_loss_50: 1.1084 - val_fr_curve_loss_10: 0.0713 - val_fr_curve_loss_20: 0.3227 - val_fr_curve_loss_30: 0.6311 - val_fr_curve_loss_50: 1.1000
[Optuna] trial=17 epoch=22 val_fr_phase_loss_38=0.847791 | median=1.07079 (n=15, p25=0.743066, p75=1.19843) | margin=-0.222996 (-20.83%)

======================================================================
   PHASE 10/12: masked_modeling
   Mask Prob: 0.25
   Mask Scope: time
   Mask Mode: noise
   Mask Value: None
   Noise Sigma: 0.1
   Noise Replace: False
   Epochs: 3
   Learning Rate: 0.0001853430417019425
   Clipping Norm: 0.47203532646545654
   Horizon (train loss): 38
   Output timesteps (val_loss and fr_loss): 50
======================================================================

Epoch 23/30
309/309 ━━━━━━━━━━━━━━━━━━━━ 11s 35ms/step - mae: 0.0337 - mse: 0.0019 - loss: 0.0026 - val_loss: 0.0019
Epoch 24/30
309/309 ━━━━━━━━━━━━━━━━━━━━ 14s 46ms/step - mae: 0.0337 - mse: 0.0019 - loss: 0.0024 - val_loss: 0.0019 - val_fr_phase_loss_38: 0.4860
[Optuna] trial=17 epoch=24 val_fr_phase_loss_38=0.485968 | median=0.569967 (n=15, p25=0.535274, p75=0.594138) | margin=-0.0839992 (-14.74%)
Epoch 25/30
309/309 ━━━━━━━━━━━━━━━━━━━━ 14s 46ms/step - mae: 0.0335 - mse: 0.0019 - loss: 0.0023 - val_loss: 0.0019 - val_fr_target_loss_50: 0.7131 - val_fr_curve_loss_10: 0.0350 - val_fr_curve_loss_20: 0.1503 - val_fr_curve_loss_30: 0.3326 - val_fr_curve_loss_50: 0.7079

======================================================================
   PHASE 11/12: teacher_forcing
   Epochs: 2
   Learning Rate: 0.0004633576042548562
   Clipping Norm: 0.674336180664938
   Horizon (train loss): 50
   Output timesteps (val_loss and fr_loss): 50
======================================================================

Epoch 26/30
309/309 ━━━━━━━━━━━━━━━━━━━━ 11s 35ms/step - mae: 0.0336 - mse: 0.0018 - loss: 0.0018 - val_loss: 0.0018
Epoch 27/30
309/309 ━━━━━━━━━━━━━━━━━━━━ 14s 46ms/step - mae: 0.0295 - mse: 0.0014 - loss: 0.0012 - val_loss: 0.0014 - val_fr_phase_loss_50: 1.2044 - val_fr_target_loss_50: 1.1983 - val_fr_curve_loss_10: 0.0685 - val_fr_curve_loss_20: 0.3339 - val_fr_curve_loss_30: 0.6744 - val_fr_curve_loss_50: 1.2006
[Optuna] trial=17 epoch=27 val_fr_phase_loss_50=1.20441 | median=1.2797 (n=15, p25=0.990166, p75=1.62716) | margin=-0.0752851 (-5.88%)

======================================================================
   PHASE 12/12: masked_modeling
   Mask Prob: 0.25
   Mask Scope: time
   Mask Mode: noise
   Mask Value: None
   Noise Sigma: 0.1
   Noise Replace: True
   Epochs: 3
   Learning Rate: 0.00016680873753174822
   Clipping Norm: 0.4383185174322097
   Horizon (train loss): 50
   Output timesteps (val_loss and fr_loss): 50
======================================================================

Epoch 28/30
309/309 ━━━━━━━━━━━━━━━━━━━━ 11s 34ms/step - mae: 0.1235 - mse: 0.0256 - loss: 0.0341 - val_loss: 0.0256
Epoch 29/30
309/309 ━━━━━━━━━━━━━━━━━━━━ 14s 46ms/step - mae: 0.1115 - mse: 0.0207 - loss: 0.0189 - val_loss: 0.0207 - val_fr_phase_loss_50: 0.7484
[Optuna] trial=17 epoch=29 val_fr_phase_loss_50=0.748385 | median=1.13406 (n=15, p25=0.913167, p75=1.38537) | margin=-0.385674 (-34.01%)
Epoch 30/30
309/309 ━━━━━━━━━━━━━━━━━━━━ 14s 46ms/step - mae: 0.1048 - mse: 0.0183 - loss: 0.0158 - val_loss: 0.0183 - val_fr_target_loss_50: 0.7248 - val_fr_curve_loss_10: 0.0491 - val_fr_curve_loss_20: 0.1636 - val_fr_curve_loss_30: 0.3362 - val_fr_curve_loss_50: 0.7211
Final loss: 0.0158
Predicting all test samples in free_running mode...
  X shape: (2280, 200, 55)
  Y shape: (2280, 50, 55)
  Pred shape: (2280, 50, 55)

 step | target                | pred                  | abs_err
------|-----------------------|-----------------------|----------------------
   25 | [ 4.139746e-01  2.252291e+00  7.680922e-02 -1.082321e+00  1.330184e-01
 -2.749080e-01  6.398940e-01 -1.222357e+00  1.964076e+00  2.024013e-01
 -1.249584e+00  1.684962e-01  6.261574e-01  7.681609e-01 -1.833026e+00
  4.305243e-01 -6.649562e-01  3.213241e-02 -4.315943e-01 -9.406051e-01
 -3.335454e-01  8.885246e-01  1.287808e+00  7.899810e-01 -2.762157e-01
  1.005897e+00 -2.825402e-01 -5.396542e-01 -1.754732e-01  2.526159e-01
 -1.215466e+00 -7.651589e-01 -1.200358e-01  4.952903e-01 -4.308359e-01
 -7.325999e-01  1.170439e+00  1.235309e+00 -8.311886e-01 -7.979621e-01
 -9.821695e-01  2.076884e-01  3.238765e-01 -1.923588e-01 -4.145486e-01
 -3.828006e-01 -3.487313e-02  1.245124e-03  1.581712e-01  5.641804e-01
  2.155083e-01 -1.144052e-01 -1.354365e+00 -3.214316e-01 -1.550427e+00] | [ 0.742641  2.172716 -0.24466  -1.069145 -0.275484 -0.543768  0.140739
 -1.348989  2.469511 -0.10376  -1.442423  2.69009   0.197527 -1.073023
  1.216372 -0.615375  0.546705 -0.373814 -1.772654 -0.782979 -0.98973
  1.213957  0.763706  0.198993  0.56022   1.153163 -0.731032 -0.594901
 -0.710791  0.282234 -0.468438 -0.076532  0.506877  0.012926 -0.285653
  0.259118  0.449324  0.783192  0.183247 -0.101139 -0.354107  1.11319
  1.043498 -0.951842  2.826481  0.338548  0.86883   0.316639 -0.125921
  0.752033 -2.252455  1.328306 -0.980572  0.508609 -0.92295 ] | [0.328667 0.079575 0.32147  0.013176 0.408503 0.268859 0.499155 0.126632
 0.505434 0.306161 0.192839 2.521594 0.42863  1.841184 3.049398 1.045899
 1.211661 0.405946 1.34106  0.157626 0.656185 0.325433 0.524101 0.590989
 0.836436 0.147266 0.448492 0.055247 0.535318 0.029618 0.747028 0.688627
 0.626912 0.482364 0.145183 0.991718 0.721115 0.452116 1.014435 0.696823
 0.628062 0.905502 0.719622 0.759483 3.24103  0.721349 0.903703 0.315394
 0.284093 0.187852 2.467964 1.442711 0.373794 0.830041 0.627478]
   26 | [ 0.433902  2.276946  0.062718 -1.073421  0.149295 -0.261739  0.66411
 -1.190588  1.970693  0.211786 -1.280325  0.091743  0.630177  0.811665
 -1.905444  0.590891 -0.648677  0.010101 -0.341095 -0.950394 -0.271225
  0.842781  1.340023  0.789891 -0.296955  0.983707 -0.332591 -0.535192
 -0.171397  0.217021 -1.236176 -0.75049  -0.169815  0.501318 -0.449502
 -0.772153  1.203705  1.218394 -0.873595 -0.731515 -1.003057  0.192291
  0.338178 -0.172599 -0.562203 -0.409968  0.071482 -0.035004  0.178969
  0.522649  0.281281 -0.172402 -1.38113  -0.280718 -1.561255] | [ 0.757412  2.184685 -0.252184 -1.046122 -0.26775  -0.521867  0.160879
 -1.326682  2.490069 -0.097428 -1.469949  2.697547  0.142999 -1.06734
  1.231969 -0.535227  0.577373 -0.435421 -1.764273 -0.790877 -1.002608
  1.206262  0.768463  0.19409   0.540459  1.165282 -0.755286 -0.602102
 -0.735313  0.274568 -0.459385 -0.028042  0.482824 -0.006125 -0.318138
  0.271386  0.395655  0.786022  0.175085 -0.041235 -0.377459  1.144226
  1.0671   -0.969869  2.784898  0.293801  0.913806  0.292594 -0.149117
  0.70351  -2.270725  1.295784 -1.000565  0.536127 -0.935484] | [0.32351  0.09226  0.314902 0.027299 0.417045 0.260128 0.503231 0.136094
 0.519377 0.309215 0.189624 2.605803 0.487178 1.879005 3.137414 1.126118
 1.22605  0.445522 1.423178 0.159518 0.731383 0.363481 0.57156  0.595801
 0.837415 0.181576 0.422695 0.06691  0.563916 0.057547 0.776791 0.722448
 0.65264  0.507443 0.131364 1.043539 0.80805  0.432372 1.048679 0.69028
 0.625597 0.951935 0.728922 0.79727  3.347101 0.703769 0.842324 0.327598
 0.328086 0.180861 2.552006 1.468186 0.380564 0.816846 0.625771]
   27 | [ 0.45137   2.29779   0.046898 -1.065959  0.163722 -0.251176  0.686906
 -1.158318  1.973541  0.218812 -1.306769  0.020961  0.635355  0.846673
 -1.973424  0.752938 -0.63128  -0.009811 -0.250043 -0.95588  -0.208485
  0.794828  1.389242  0.786713 -0.314912  0.961981 -0.384025 -0.528408
 -0.166389  0.176889 -1.255981 -0.733755 -0.216556  0.503603 -0.465744
 -0.812322  1.237801  1.200935 -0.913572 -0.661274 -1.020813  0.176508
  0.350492 -0.15451  -0.707661 -0.434216  0.179125 -0.073381  0.197581
  0.481679  0.341621 -0.226467 -1.405437 -0.237464 -1.567991] | [ 0.770963  2.194026 -0.258527 -1.023597 -0.260873 -0.4998    0.181367
 -1.303311  2.507133 -0.092577 -1.493612  2.70425   0.087591 -1.062716
  1.24622  -0.454718  0.605014 -0.496168 -1.753729 -0.797806 -1.017372
  1.195984  0.77209   0.190196  0.520145  1.178545 -0.776978 -0.610043
 -0.761383  0.264745 -0.451803  0.019661  0.459454 -0.023946 -0.349115
  0.283473  0.341634  0.788566  0.165287  0.020842 -0.400832  1.176909
  1.088412 -0.987352  2.740309  0.248366  0.956997  0.265987 -0.175515
  0.654598 -2.289315  1.262626 -1.018543  0.562229 -0.946041] | [0.319593 0.103763 0.305425 0.042362 0.424595 0.248624 0.505539 0.144994
 0.533591 0.311388 0.186842 2.683289 0.547764 1.909388 3.219644 1.207656
 1.236294 0.486356 1.503686 0.158073 0.808886 0.401156 0.617152 0.596517
 0.835057 0.216564 0.392954 0.081635 0.594994 0.087855 0.804178 0.753416
 0.67601  0.527548 0.116629 1.095796 0.896167 0.412369 1.078858 0.682116
 0.619981 1.000401 0.737919 0.832842 3.44797  0.682582 0.777873 0.339367
 0.373096 0.172919 2.630936 1.489093 0.386894 0.799694 0.621951]
   28 | [ 0.466327  2.314783  0.029422 -1.059933  0.176249 -0.243234  0.708319
 -1.125542  1.97265   0.223477 -1.328843 -0.043589  0.641445  0.873025
 -2.036825  0.915869 -0.612772 -0.027353 -0.158771 -0.957077 -0.145636
  0.744967  1.435167  0.780424 -0.32991   0.940997 -0.436465 -0.519352
 -0.160183  0.132539 -1.274543 -0.714768 -0.260126  0.501926 -0.479514
 -0.852827  1.272629  1.183048 -0.950983 -0.587688 -1.035382  0.160153
  0.360566 -0.138091 -0.850494 -0.455552  0.287429 -0.113708  0.214089
  0.44125   0.396277 -0.27644  -1.427296 -0.191884 -1.570648] | [ 0.783389  2.200729 -0.263642 -1.001471 -0.254776 -0.477581  0.202053
 -1.27886   2.520511 -0.089429 -1.513275  2.709957  0.031583 -1.058949
  1.258952 -0.374129  0.629476 -0.555677 -1.740907 -0.803796 -1.033785
  1.183047  0.774651  0.187299  0.499454  1.192933 -0.795954 -0.618779
 -0.788931  0.252983 -0.445792  0.066566  0.436856 -0.040264 -0.378566
  0.295111  0.287645  0.79056   0.153918  0.085087 -0.424092  1.210921
  1.107278 -1.003953  2.692659  0.202407  0.998185  0.236774 -0.204928
  0.6054   -2.307904  1.228941 -1.034466  0.586886 -0.954442] | [0.317061 0.114054 0.293064 0.058462 0.431025 0.234347 0.506266 0.153318
 0.54786  0.312905 0.184432 2.753546 0.609862 1.931974 3.295777 1.289998
 1.242249 0.528325 1.582135 0.153281 0.888149 0.438081 0.660516 0.593125
 0.829365 0.251936 0.359489 0.099427 0.628748 0.120444 0.828751 0.781334
 0.696983 0.54219  0.100948 1.147938 0.984984 0.392488 1.104901 0.672776
 0.611291 1.050768 0.746712 0.865862 3.543153 0.657959 0.710756 0.350482
 0.419017 0.16415  2.704181 1.505381 0.39283  0.77877  0.616206]
   29 | [ 0.478732  2.32789   0.010362 -1.055353  0.186818 -0.237931  0.728378
 -1.09227   1.968046  0.225786 -1.346491 -0.1017    0.648197  0.890628
 -2.095523  1.078877 -0.593175 -0.042284 -0.067607 -0.95402  -0.082985
  0.693516  1.47754   0.771024 -0.341791  0.921028 -0.489508 -0.508082
 -0.152506  0.084329 -1.291529 -0.693373 -0.30041   0.496102 -0.49077
 -0.893374  1.308082  1.164834 -0.985713 -0.511238 -1.046716  0.143051
  0.368166 -0.123325 -0.990295 -0.473989  0.395794 -0.155784  0.228586
  0.401343  0.445038 -0.322183 -1.446722 -0.144214 -1.56925 ] | [ 0.79457   2.204577 -0.267209 -0.979553 -0.249421 -0.455276  0.222546
 -1.253237  2.530038 -0.087913 -1.529004  2.714164 -0.024611 -1.055829
  1.269977 -0.293824  0.650721 -0.613756 -1.725785 -0.808941 -1.05153
  1.167374  0.776275  0.185112  0.478539  1.20811  -0.81199  -0.628084
 -0.817919  0.239668 -0.441204  0.112795  0.41491  -0.054632 -0.406486
  0.305759  0.234059  0.791671  0.141242  0.151392 -0.447139  1.245856
  1.123473 -1.019267  2.641949  0.156356  1.037362  0.205135 -0.237159
  0.555877 -2.325881  1.194935 -1.048276  0.61025  -0.960562] | [0.315839 0.123313 0.277571 0.0758   0.436239 0.217345 0.505832 0.160967
 0.561993 0.313699 0.182513 2.815864 0.672807 1.946458 3.3655   1.372702
 1.243896 0.571471 1.658178 0.14508  0.968545 0.473858 0.701265 0.585912
 0.82033  0.287082 0.322483 0.120002 0.665413 0.155339 0.850325 0.806168
 0.71532  0.550734 0.084284 1.199133 1.074023 0.373162 1.126956 0.66263
 0.599577 1.102805 0.755307 0.895942 3.632244 0.630345 0.641568 0.360918
 0.465745 0.154534 2.770919 1.517118 0.398445 0.754464 0.608689]
model built: True
num weights: 38
{'mae': [0.1679951399564743, 0.11545313894748688, 0.1129557192325592, 0.10318880528211594, 0.10142591595649719, 0.09785261750221252, 0.07734932005405426, 0.11498448252677917, 0.11199671775102615, 0.1073126420378685, 0.06794816255569458, 0.05550764873623848, 0.10871341824531555, 0.10531584918498993, 0.10103220492601395, 0.05285414680838585, 0.0441008023917675, 0.04022407904267311, 0.039488229900598526, 0.03916669264435768, 0.03870520368218422, 0.034975361078977585, 0.03373144939541817, 0.033690474927425385, 0.033506013453006744, 0.03359052911400795, 0.029525380581617355, 0.12354053556919098, 0.11146297305822372, 0.10484308004379272], 'mse': [0.04526669904589653, 0.02155512012541294, 0.020636430010199547, 0.017357490956783295, 0.016669517382979393, 0.01566394791007042, 0.009671968407928944, 0.021969584748148918, 0.020832492038607597, 0.01913418062031269, 0.007432794664055109, 0.004961482714861631, 0.01999993622303009, 0.01900715008378029, 0.017711719498038292, 0.004530041012912989, 0.003171977587044239, 0.002662504557520151, 0.002569046802818775, 0.002522778930142522, 0.0024413857609033585, 0.0020049361046403646, 0.0018833023495972157, 0.0018793507479131222, 0.0018554596463218331, 0.0018491233931854367, 0.0014381100190803409, 0.02555295266211033, 0.02071155421435833, 0.01826866716146469], 'loss': [0.21719007194042206, 0.026340024545788765, 0.025055844336748123, 0.01874024048447609, 0.015021654777228832, 0.02087809517979622, 0.009476273320615292, 0.024054324254393578, 0.018342042341828346, 0.016012102365493774, 0.008428293280303478, 0.004128175787627697, 0.021103044971823692, 0.015140044502913952, 0.013037808239459991, 0.005593614187091589, 0.002562417648732662, 0.0028077519964426756, 0.0026668275240808725, 0.00258098216727376, 0.0021763283293694258, 0.0016128189163282514, 0.0025757024995982647, 0.0023953469935804605, 0.0023229573853313923, 0.0017624713946133852, 0.0011822888627648354, 0.03407103940844536, 0.018940959125757217, 0.015787532553076744], 'val_loss': [0.04526669904589653, 0.02155512012541294, 0.020636430010199547, 0.017357494682073593, 0.016669517382979393, 0.01566394791007042, 0.009671969339251518, 0.021969584748148918, 0.020832492038607597, 0.01913418062031269, 0.007432794664055109, 0.004961482714861631, 0.01999993622303009, 0.01900714822113514, 0.017711719498038292, 0.004530041012912989, 0.0031719778198748827, 0.002662504557520151, 0.0025690465699881315, 0.002522778930142522, 0.0024413857609033585, 0.0020049361046403646, 0.0018833025824278593, 0.0018793510971590877, 0.001855459762737155, 0.001849123160354793, 0.0014381100190803409, 0.02555295266211033, 0.02071155421435833, 0.01826866716146469], 'val_fr_phase_loss_5': [nan, 0.03986766189336777, nan, 0.028996869921684265, nan], 'val_fr_target_loss_50': [nan, 1.2226755619049072, nan, nan, 0.9543399810791016, nan, 0.995764434337616, nan, nan, 0.8904665112495422, nan, 1.0638227462768555, nan, nan, 0.8646778464317322, nan, 1.0389574766159058, nan, nan, 0.7742868661880493, nan, 1.108444333076477, nan, nan, 0.7131183743476868, nan, 1.1983168125152588, nan, nan, 0.7247810363769531], 'val_fr_curve_loss_10': [nan, 0.10299652814865112, nan, nan, 0.0756998062133789, nan, 0.07460423558950424, nan, nan, 0.06614258140325546, nan, 0.06842289865016937, nan, nan, 0.061265729367733, nan, 0.06619615107774734, nan, nan, 0.04334172606468201, nan, 0.07126152515411377, nan, nan, 0.03503980487585068, nan, 0.0685306116938591, nan, nan, 0.04910704866051674], 'val_fr_curve_loss_20': [nan, 0.33803513646125793, nan, nan, 0.26027223467826843, nan, 0.2589825987815857, nan, nan, 0.21594452857971191, nan, 0.27880147099494934, nan, nan, 0.2074335664510727, nan, 0.280992716550827, nan, nan, 0.18040123581886292, nan, 0.3226848244667053, nan, nan, 0.15025955438613892, nan, 0.3338712453842163, nan, nan, 0.16356602311134338], 'val_fr_curve_loss_30': [nan, 0.645571231842041, nan, nan, 0.5000835657119751, nan, 0.5048636198043823, nan, nan, 0.4265771210193634, nan, 0.5555769801139832, nan, nan, 0.4138558506965637, nan, 0.556733250617981, nan, nan, 0.380969762802124, nan, 0.6310566067695618, nan, nan, 0.3325713276863098, nan, 0.6744357943534851, nan, nan, 0.3362281918525696], 'val_fr_curve_loss_50': [nan, 1.204744577407837, nan, nan, 0.936752438545227, nan, 0.9778186082839966, nan, nan, 0.8698603510856628, nan, 1.043623447418213, nan, nan, 0.843605637550354, nan, 1.0176122188568115, nan, nan, 0.7703506350517273, nan, 1.0999788045883179, nan, nan, 0.7078670859336853, nan, 1.2006438970565796, nan, nan, 0.7210816740989685], 'val_fr_phase_loss_12': [nan, 0.10493645817041397, nan, 0.09070911258459091, nan], 'val_fr_phase_loss_18': [nan, 0.22585555911064148, nan, 0.1734008640050888, nan], 'val_fr_phase_loss_25': [nan, 0.4098971486091614, nan, 0.2745908796787262, nan], 'val_fr_phase_loss_38': [nan, 0.8477911949157715, nan, 0.4859676659107208, nan], 'val_fr_phase_loss_50': [nan, 1.204410433769226, nan, 0.7483848333358765, nan]}
Saved artifacts to: runs/tuning/full_seq_lstm_lvl1/trial_0017
