--- Number of Windows for Train = 9880
--- Number of Windows for Val = 3040
--- Number of Windows for Test = 2280
--- Curriculum = [10, 15, 20, 25, 35, 45]
--- fr_curve Outsteps = [10, 20, 30]

--- Training: prova1 [LSTM/FC/STEP_WISE]  ---

======================================================================
   PHASE 1/6: teacher_forcing
   Epochs: 6
   Learning Rate: 0.00041454149317202534
   Clipping Norm: 0.10821953630207753
   Horizon (train loss): 10
   Output timesteps (val_loss and fr_loss): 50
======================================================================

Epoch 1/20
309/309 ━━━━━━━━━━━━━━━━━━━━ 94s 287ms/step - mae: 0.2497 - loss: 0.3301 - val_loss: 0.0999
Epoch 2/20
309/309 ━━━━━━━━━━━━━━━━━━━━ 92s 298ms/step - mae: 0.1408 - loss: 0.0506 - val_loss: 0.0318 - val_fr_phase_loss_10: 0.1280
[Optuna] trial=15 epoch=2 val_fr_phase_loss_10=0.127974 | median=0.176394 (n=8, p25=0.149018, p75=0.258505) | margin=-0.0484199 (-27.45%)
Epoch 3/20
309/309 ━━━━━━━━━━━━━━━━━━━━ 88s 285ms/step - mae: 0.1015 - loss: 0.0192 - val_loss: 0.0165
Epoch 4/20
309/309 ━━━━━━━━━━━━━━━━━━━━ 94s 303ms/step - mae: 0.0820 - loss: 0.0111 - val_loss: 0.0108 - val_fr_phase_loss_10: 0.1260
[Optuna] trial=15 epoch=4 val_fr_phase_loss_10=0.12599 | median=0.171785 (n=8, p25=0.14507, p75=0.228502) | margin=-0.0457949 (-26.66%)
Epoch 5/20
309/309 ━━━━━━━━━━━━━━━━━━━━ 88s 285ms/step - mae: 0.0711 - loss: 0.0078 - val_loss: 0.0082
Epoch 6/20
309/309 ━━━━━━━━━━━━━━━━━━━━ 92s 297ms/step - mae: 0.0648 - loss: 0.0060 - val_loss: 0.0068 - val_fr_phase_loss_10: 0.1345 - val_fr_target_loss_50: 1.2324 - val_fr_curve_loss_10: 0.1389 - val_fr_curve_loss_20: 0.4301 - val_fr_curve_loss_30: 0.7367
[Optuna] trial=15 epoch=6 val_fr_phase_loss_10=0.134488 | median=0.177425 (n=8, p25=0.15724, p75=0.264766) | margin=-0.0429371 (-24.20%)

======================================================================
   PHASE 2/6: masked_modeling
   Mask Prob: 0.15
   Mask Scope: time
   Mask Mode: constant
   Mask Value: 0.2
   Noise Sigma: None
   Noise Replace: False
   Epochs: 4
   Learning Rate: 0.0003316331945376203
   Clipping Norm: 0.09739758267186978
   Horizon (train loss): 15
   Output timesteps (val_loss and fr_loss): 50
======================================================================

Epoch 7/20
309/309 ━━━━━━━━━━━━━━━━━━━━ 91s 293ms/step - mae: 0.1323 - loss: 0.0365 - val_loss: 0.0284
Epoch 8/20
309/309 ━━━━━━━━━━━━━━━━━━━━ 94s 304ms/step - mae: 0.1227 - loss: 0.0266 - val_loss: 0.0246 - val_fr_phase_loss_15: 0.2004
[Optuna] trial=15 epoch=8 val_fr_phase_loss_15=0.200372 | median=0.214814 (n=8, p25=0.203073, p75=0.246512) | margin=-0.0144414 (-6.72%)
Epoch 9/20
309/309 ━━━━━━━━━━━━━━━━━━━━ 90s 293ms/step - mae: 0.1172 - loss: 0.0230 - val_loss: 0.0225
Epoch 10/20
309/309 ━━━━━━━━━━━━━━━━━━━━ 95s 306ms/step - mae: 0.1147 - loss: 0.0202 - val_loss: 0.0216 - val_fr_phase_loss_15: 0.1700 - val_fr_target_loss_50: 0.9667 - val_fr_curve_loss_10: 0.0890 - val_fr_curve_loss_20: 0.2718 - val_fr_curve_loss_30: 0.5050
[Optuna] trial=15 epoch=10 val_fr_phase_loss_15=0.169989 | median=0.188521 (n=8, p25=0.17091, p75=0.211963) | margin=-0.0185316 (-9.83%)

======================================================================
   PHASE 3/6: masked_modeling
   Mask Prob: 0.2
   Mask Scope: time
   Mask Mode: noise
   Mask Value: None
   Noise Sigma: 0.1
   Noise Replace: False
   Epochs: 4
   Learning Rate: 0.0002487248959032152
   Clipping Norm: 0.08657562904166204
   Horizon (train loss): 20
   Output timesteps (val_loss and fr_loss): 50
======================================================================

Epoch 11/20
309/309 ━━━━━━━━━━━━━━━━━━━━ 91s 295ms/step - mae: 0.0614 - loss: 0.0078 - val_loss: 0.0061
Epoch 12/20
309/309 ━━━━━━━━━━━━━━━━━━━━ 95s 307ms/step - mae: 0.0538 - loss: 0.0048 - val_loss: 0.0047 - val_fr_phase_loss_20: 0.2639
[Optuna] trial=15 epoch=12 val_fr_phase_loss_20=0.263948 | median=0.264927 (n=8, p25=0.261463, p75=0.285844) | margin=-0.000978678 (-0.37%)
Epoch 13/20
309/309 ━━━━━━━━━━━━━━━━━━━━ 91s 295ms/step - mae: 0.0511 - loss: 0.0041 - val_loss: 0.0042
Epoch 14/20
309/309 ━━━━━━━━━━━━━━━━━━━━ 95s 306ms/step - mae: 0.0482 - loss: 0.0038 - val_loss: 0.0038 - val_fr_phase_loss_20: 0.2774 - val_fr_target_loss_50: 1.0120 - val_fr_curve_loss_10: 0.0767 - val_fr_curve_loss_20: 0.2818 - val_fr_curve_loss_30: 0.5473
[Optuna] trial=15 epoch=14 val_fr_phase_loss_20=0.277363 | median=0.291517 (n=8, p25=0.265755, p75=0.33854) | margin=-0.0141547 (-4.86%)

======================================================================
   PHASE 4/6: scheduled_sampling
   Tf Ratio Start: 1.0
   Tf Ratio End: 0.4
   Per Feature: True
   Stop Grad Pred: True
   Ratio Mode: sigmoid
   Mid Point: 0.6
   Sharpness: 10.0
   Power Value: 2.0
   Epochs: 2
   Learning Rate: 0.00029017904522041774
   Clipping Norm: 0.08657562904166204
   Horizon (train loss): 25
   Output timesteps (val_loss and fr_loss): 50
======================================================================

Epoch 15/20
309/309 ━━━━━━━━━━━━━━━━━━━━ 93s 300ms/step - mae: 0.0424 - loss: 0.0024 - val_loss: 0.0029
Epoch 16/20
309/309 ━━━━━━━━━━━━━━━━━━━━ 96s 312ms/step - mae: 0.0442 - loss: 0.0148 - val_loss: 0.0032 - val_fr_phase_loss_25: 0.4196 - val_fr_target_loss_50: 1.0504 - val_fr_curve_loss_10: 0.0779 - val_fr_curve_loss_20: 0.2895 - val_fr_curve_loss_30: 0.5613
[Optuna] trial=15 epoch=16 val_fr_phase_loss_25=0.419625 | median=0.451261 (n=8, p25=0.441532, p75=0.489251) | margin=-0.0316355 (-7.01%)

======================================================================
   PHASE 5/6: full_autoregressive
   Gradient Through Time: False
   Epochs: 2
   Learning Rate: 0.00020727074658601267
   Clipping Norm: 0.07575367541145427
   Horizon (train loss): 35
   Output timesteps (val_loss and fr_loss): 50
======================================================================

Epoch 17/20
309/309 ━━━━━━━━━━━━━━━━━━━━ 89s 288ms/step - mae: 0.1541 - loss: 0.4194 - val_loss: 0.0400
Epoch 18/20
309/309 ━━━━━━━━━━━━━━━━━━━━ 92s 299ms/step - mae: 0.1514 - loss: 0.3032 - val_loss: 0.0388 - val_fr_phase_loss_35: 0.3197 - val_fr_target_loss_50: 0.4321 - val_fr_curve_loss_10: 0.0676 - val_fr_curve_loss_20: 0.1697 - val_fr_curve_loss_30: 0.2726
[Optuna] trial=15 epoch=18 val_fr_phase_loss_35=0.319676 | median=0.307323 (n=8, p25=0.248432, p75=0.340388) | margin=+0.0123521 (+4.02%)

======================================================================
   PHASE 6/6: full_autoregressive
   Gradient Through Time: True
   Epochs: 2
   Learning Rate: 0.0001243624479516076
   Clipping Norm: 0.06493172178124652
   Horizon (train loss): 45
   Output timesteps (val_loss and fr_loss): 50
======================================================================

Epoch 19/20
309/309 ━━━━━━━━━━━━━━━━━━━━ 89s 288ms/step - mae: 0.1533 - loss: 0.3090 - val_loss: 0.0391
Epoch 20/20
309/309 ━━━━━━━━━━━━━━━━━━━━ 92s 299ms/step - mae: 0.1538 - loss: 0.2870 - val_loss: 0.0393 - val_fr_phase_loss_45: 0.3446 - val_fr_target_loss_50: 0.3737 - val_fr_curve_loss_10: 0.0642 - val_fr_curve_loss_20: 0.1461 - val_fr_curve_loss_30: 0.2340
[Optuna] trial=15 epoch=20 val_fr_phase_loss_45=0.344565 | median=0.337357 (n=8, p25=0.297481, p75=0.384688) | margin=+0.00720745 (+2.14%)
Final loss: 0.2870
Predicting all test samples in free_running mode...
  X shape: (2280, 200, 55)
  Y shape: (2280, 50, 55)
  Pred shape: (2280, 50, 55)

 step | target                | pred                  | abs_err
------|-----------------------|-----------------------|----------------------
   25 | [ 4.139746e-01  2.252291e+00  7.680922e-02 -1.082321e+00  1.330184e-01
 -2.749080e-01  6.398940e-01 -1.222357e+00  1.964076e+00  2.024013e-01
 -1.249584e+00  1.684962e-01  6.261574e-01  7.681609e-01 -1.833026e+00
  4.305243e-01 -6.649562e-01  3.213241e-02 -4.315943e-01 -9.406051e-01
 -3.335454e-01  8.885246e-01  1.287808e+00  7.899810e-01 -2.762157e-01
  1.005897e+00 -2.825402e-01 -5.396542e-01 -1.754732e-01  2.526159e-01
 -1.215466e+00 -7.651589e-01 -1.200358e-01  4.952903e-01 -4.308359e-01
 -7.325999e-01  1.170439e+00  1.235309e+00 -8.311886e-01 -7.979621e-01
 -9.821695e-01  2.076884e-01  3.238765e-01 -1.923588e-01 -4.145486e-01
 -3.828006e-01 -3.487313e-02  1.245124e-03  1.581712e-01  5.641804e-01
  2.155083e-01 -1.144052e-01 -1.354365e+00 -3.214316e-01 -1.550427e+00] | [ 0.776223  2.840884 -0.382194  0.411307  0.417405  0.217266  1.180798
 -1.06187   2.558092  0.36803  -1.987883  0.335288 -0.560271  0.689864
 -0.673583 -0.870046  0.65831   0.087592  0.596167 -1.19416  -0.125607
  0.532517  0.767126  0.81384  -0.45864   1.026315 -0.869895 -0.392387
 -0.077555  0.89691  -0.23657  -0.293134 -0.164187  0.389432 -0.961515
 -0.306385  0.344339  1.009331  0.393491 -0.312443 -0.787503 -0.04949
  1.059148  0.532055  0.597747 -0.623387  0.008283 -0.246382  1.07201
  0.188331 -1.031496 -0.345585 -1.550976 -0.42927  -2.003171] | [0.362249 0.588593 0.459003 1.493629 0.284386 0.492174 0.540904 0.160486
 0.594015 0.165629 0.738299 0.166792 1.186429 0.078297 1.159443 1.300571
 1.323266 0.055459 1.027761 0.253555 0.207939 0.356007 0.520681 0.023859
 0.182424 0.020417 0.587354 0.147267 0.097918 0.644295 0.978896 0.472025
 0.044152 0.105858 0.530679 0.426215 0.8261   0.225978 1.22468  0.485519
 0.194667 0.257179 0.735272 0.724414 1.012296 0.240586 0.043156 0.247627
 0.913839 0.375849 1.247004 0.23118  0.19661  0.107838 0.452744]
   26 | [ 0.433902  2.276946  0.062718 -1.073421  0.149295 -0.261739  0.66411
 -1.190588  1.970693  0.211786 -1.280325  0.091743  0.630177  0.811665
 -1.905444  0.590891 -0.648677  0.010101 -0.341095 -0.950394 -0.271225
  0.842781  1.340023  0.789891 -0.296955  0.983707 -0.332591 -0.535192
 -0.171397  0.217021 -1.236176 -0.75049  -0.169815  0.501318 -0.449502
 -0.772153  1.203705  1.218394 -0.873595 -0.731515 -1.003057  0.192291
  0.338178 -0.172599 -0.562203 -0.409968  0.071482 -0.035004  0.178969
  0.522649  0.281281 -0.172402 -1.38113  -0.280718 -1.561255] | [ 0.786652  2.852582 -0.361802  0.445678  0.42557   0.221977  1.188968
 -1.043267  2.553084  0.376178 -2.001834  0.325391 -0.614994  0.745087
 -0.737812 -0.797305  0.66915   0.047774  0.670284 -1.204662 -0.123161
  0.489773  0.808299  0.794216 -0.458897  1.043207 -0.889622 -0.40484
 -0.050454  0.892883 -0.212808 -0.268572 -0.173969  0.406085 -0.990048
 -0.297033  0.347462  1.001192  0.378397 -0.262443 -0.772965 -0.063537
  1.053367  0.573137  0.504323 -0.639869  0.047294 -0.286802  1.1167
  0.162161 -0.999513 -0.384363 -1.549992 -0.387207 -2.009503] | [0.35275  0.575636 0.42452  1.5191   0.276275 0.483716 0.524858 0.147322
 0.582391 0.164392 0.721508 0.233648 1.245171 0.066579 1.167632 1.388196
 1.317828 0.037673 1.011379 0.254267 0.148063 0.353008 0.531724 0.004325
 0.161941 0.059501 0.557031 0.130352 0.120943 0.675862 1.023368 0.481917
 0.004154 0.095233 0.540546 0.47512  0.856243 0.217202 1.251992 0.469072
 0.230091 0.255828 0.715189 0.745736 1.066526 0.229901 0.024188 0.251798
 0.937731 0.360488 1.280794 0.211961 0.168863 0.106488 0.448248]
   27 | [ 0.45137   2.29779   0.046898 -1.065959  0.163722 -0.251176  0.686906
 -1.158318  1.973541  0.218812 -1.306769  0.020961  0.635355  0.846673
 -1.973424  0.752938 -0.63128  -0.009811 -0.250043 -0.95588  -0.208485
  0.794828  1.389242  0.786713 -0.314912  0.961981 -0.384025 -0.528408
 -0.166389  0.176889 -1.255981 -0.733755 -0.216556  0.503603 -0.465744
 -0.812322  1.237801  1.200935 -0.913572 -0.661274 -1.020813  0.176508
  0.350492 -0.15451  -0.707661 -0.434216  0.179125 -0.073381  0.197581
  0.481679  0.341621 -0.226467 -1.405437 -0.237464 -1.567991] | [ 0.793584  2.859801 -0.341574  0.477362  0.431689  0.22519   1.195263
 -1.025684  2.543203  0.38236  -2.010527  0.319157 -0.666177  0.796337
 -0.801433 -0.723805  0.676731  0.008059  0.742156 -1.211519 -0.123526
  0.446504  0.849348  0.772101 -0.45713   1.059607 -0.909056 -0.415653
 -0.023513  0.883802 -0.189411 -0.245488 -0.18116   0.420443 -1.015585
 -0.288491  0.350273  0.993235  0.360881 -0.210974 -0.756291 -0.077591
  1.04415   0.612577  0.411997 -0.654177  0.086186 -0.326035  1.158602
  0.136912 -0.969133 -0.420269 -1.545524 -0.342892 -2.01084 ] | [0.342214 0.562011 0.388472 1.543321 0.267967 0.476366 0.508358 0.132634
 0.569662 0.163549 0.703758 0.298196 1.301532 0.050336 1.171991 1.476743
 1.308011 0.017871 0.9922   0.255639 0.084959 0.348324 0.539894 0.014612
 0.142217 0.097626 0.525032 0.112756 0.142877 0.706913 1.06657  0.488267
 0.035396 0.08316  0.549841 0.523831 0.887528 0.2077   1.274453 0.450299
 0.264522 0.254099 0.693658 0.767087 1.119658 0.219961 0.092939 0.252654
 0.961021 0.344767 1.310754 0.193801 0.140088 0.105428 0.442848]
   28 | [ 0.466327  2.314783  0.029422 -1.059933  0.176249 -0.243234  0.708319
 -1.125542  1.97265   0.223477 -1.328843 -0.043589  0.641445  0.873025
 -2.036825  0.915869 -0.612772 -0.027353 -0.158771 -0.957077 -0.145636
  0.744967  1.435167  0.780424 -0.32991   0.940997 -0.436465 -0.519352
 -0.160183  0.132539 -1.274543 -0.714768 -0.260126  0.501926 -0.479514
 -0.852827  1.272629  1.183048 -0.950983 -0.587688 -1.035382  0.160153
  0.360566 -0.138091 -0.850494 -0.455552  0.287429 -0.113708  0.214089
  0.44125   0.396277 -0.27644  -1.427296 -0.191884 -1.570648] | [ 0.797158  2.862562 -0.321644  0.506532  0.435814  0.227081  1.199782
 -1.009047  2.528684  0.386601 -2.014107  0.316324 -0.713822  0.843647
 -0.864279 -0.649645  0.681107 -0.031423  0.81173  -1.214912 -0.126691
  0.402805  0.890074  0.747627 -0.453559  1.075261 -0.928242 -0.424893
  0.003265  0.869901 -0.166376 -0.223816 -0.185973  0.432497 -1.038256
 -0.280699  0.352794  0.985436  0.340985 -0.158099 -0.737675 -0.091758
  1.031623  0.650275  0.320989 -0.666467  0.124821 -0.364025  1.197616
  0.112449 -0.940414 -0.453313 -1.537731 -0.29662  -2.007318] | [0.330831 0.547779 0.351066 1.566465 0.259565 0.470315 0.491462 0.116495
 0.556034 0.163124 0.685264 0.359913 1.355267 0.029378 1.172546 1.565514
 1.29388  0.004071 0.970502 0.257834 0.018945 0.342162 0.545093 0.032797
 0.123648 0.134264 0.491777 0.094459 0.163447 0.737361 1.108167 0.490952
 0.074153 0.069429 0.558742 0.572128 0.919836 0.197612 1.291968 0.42959
 0.297707 0.251911 0.671057 0.788366 1.171483 0.210915 0.162608 0.250317
 0.983527 0.328801 1.336691 0.176873 0.110435 0.104736 0.43667 ]
   29 | [ 0.478732  2.32789   0.010362 -1.055353  0.186818 -0.237931  0.728378
 -1.09227   1.968046  0.225786 -1.346491 -0.1017    0.648197  0.890628
 -2.095523  1.078877 -0.593175 -0.042284 -0.067607 -0.95402  -0.082985
  0.693516  1.47754   0.771024 -0.341791  0.921028 -0.489508 -0.508082
 -0.152506  0.084329 -1.291529 -0.693373 -0.30041   0.496102 -0.49077
 -0.893374  1.308082  1.164834 -0.985713 -0.511238 -1.046716  0.143051
  0.368166 -0.123325 -0.990295 -0.473989  0.395794 -0.155784  0.228586
  0.401343  0.445038 -0.322183 -1.446722 -0.144214 -1.56925 ] | [ 0.797497  2.860891 -0.30215   0.533334  0.437997  0.227802  1.202612
 -0.9933    2.509747  0.388902 -2.012711  0.316637 -0.757925  0.887038
 -0.926192 -0.57491   0.68236  -0.070519  0.878922 -1.215002 -0.132623
  0.358765  0.930275  0.720947 -0.448391  1.089926 -0.947187 -0.432618
  0.029872  0.85143  -0.143701 -0.203482 -0.18861   0.442248 -1.058174
 -0.273586  0.355054  0.977789  0.318774 -0.103886 -0.717288 -0.106117
  1.015922  0.686124  0.231514 -0.676872  0.163083 -0.400733  1.233627
  0.088672 -0.913421 -0.483494 -1.526751 -0.248676 -1.999068] | [0.318765 0.533    0.312512 1.588687 0.251179 0.465733 0.474234 0.09897
 0.541701 0.163117 0.66622  0.418337 1.406121 0.00359  1.169331 1.653787
 1.275534 0.028234 0.946529 0.260982 0.049638 0.334751 0.547266 0.050077
 0.1066   0.168898 0.457679 0.075463 0.182378 0.7671   1.147828 0.489891
 0.1118   0.053854 0.567405 0.619788 0.953028 0.187045 1.304488 0.407352
 0.329428 0.249168 0.647756 0.809449 1.221809 0.202883 0.232711 0.24495
 1.005041 0.312671 1.358459 0.161311 0.080029 0.104461 0.429817]
model built: True
num weights: 38
{'mae': [0.24965262413024902, 0.14076238870620728, 0.10146516561508179, 0.08201935142278671, 0.07109855115413666, 0.06476438790559769, 0.1322595626115799, 0.1227419301867485, 0.11724062263965607, 0.11466524004936218, 0.061448246240615845, 0.05381852015852928, 0.05107419937849045, 0.04815543815493584, 0.04238944873213768, 0.044161807745695114, 0.15405121445655823, 0.1514359563589096, 0.1532624065876007, 0.1537942737340927], 'loss': [0.3301427960395813, 0.05057578533887863, 0.019153336063027382, 0.011058112606406212, 0.00775342620909214, 0.005989678669720888, 0.03650515154004097, 0.026634830981492996, 0.023049043491482735, 0.020191842690110207, 0.007776329759508371, 0.004753506276756525, 0.004147722851485014, 0.003808340523391962, 0.002389446832239628, 0.014829038642346859, 0.41941893100738525, 0.3032051920890808, 0.30895283818244934, 0.28703728318214417], 'val_loss': [0.09992829710245132, 0.031848013401031494, 0.016544466838240623, 0.010819402523338795, 0.008164171129465103, 0.006776427384465933, 0.02842250093817711, 0.02458260953426361, 0.0225303303450346, 0.021594034507870674, 0.006133334245532751, 0.004710714798420668, 0.004232737701386213, 0.0037693793419748545, 0.002932795789092779, 0.0032090526074171066, 0.03999748080968857, 0.038784608244895935, 0.039104804396629333, 0.03934935852885246], 'val_fr_phase_loss_10': [nan, 0.1279740184545517, nan, 0.125989630818367, nan, 0.13448837399482727], 'val_fr_target_loss_50': [nan, nan, nan, nan, nan, 1.2324178218841553, nan, nan, nan, 0.9666943550109863, nan, nan, nan, 1.012001633644104, nan, 1.0503674745559692, nan, 0.4321044087409973, nan, 0.37367093563079834], 'val_fr_curve_loss_10': [nan, nan, nan, nan, nan, 0.1388932317495346, nan, nan, nan, 0.08895601332187653, nan, nan, nan, 0.07670312374830246, nan, 0.07786273211240768, nan, 0.06755344569683075, nan, 0.06420575082302094], 'val_fr_curve_loss_20': [nan, nan, nan, nan, nan, 0.43007323145866394, nan, nan, nan, 0.27178052067756653, nan, nan, nan, 0.2817739248275757, nan, 0.28953009843826294, nan, 0.16969668865203857, nan, 0.1460641622543335], 'val_fr_curve_loss_30': [nan, nan, nan, nan, nan, 0.7367438077926636, nan, nan, nan, 0.5050302743911743, nan, nan, nan, 0.5473456978797913, nan, 0.5613224506378174, nan, 0.2725725769996643, nan, 0.23395797610282898], 'val_fr_phase_loss_15': [nan, 0.20037239789962769, nan, 0.1699889600276947], 'val_fr_phase_loss_20': [nan, 0.2639484107494354, nan, 0.2773626148700714], 'val_fr_phase_loss_25': [nan, 0.41962525248527527], 'val_fr_phase_loss_35': [nan, 0.3196755647659302], 'val_fr_phase_loss_45': [nan, 0.34456494450569153]}
Saved artifacts to: runs/tuning/step_wise_lstm_lvl1/trial_0015
