--- Number of Windows for Train = 9880
--- Number of Windows for Val = 3040
--- Number of Windows for Test = 2280
--- Curriculum = [10, 15, 20, 30, 40, 50]
--- fr_curve Outsteps = [1, 2, 3]

--- Training: prova1 [LSTM/FC/HYBRID]  ---

======================================================================
   PHASE 1/6: teacher_forcing
   Epochs: 6
   Learning Rate: 0.0007870390957705331
   Clipping Norm: 0.9261678698913856
   Horizon (train loss): 10
   Output timesteps (val_loss and fr_loss): 50
======================================================================

Epoch 1/30
309/309 ━━━━━━━━━━━━━━━━━━━━ 20s 41ms/step - mae: 0.1236 - loss: 0.1453 - val_loss: 0.0248
Epoch 2/30
309/309 ━━━━━━━━━━━━━━━━━━━━ 19s 62ms/step - mae: 0.0766 - loss: 0.0137 - val_loss: 0.0095 - val_fr_phase_loss_10: 0.0939
[Optuna] trial=26 epoch=2 val_fr_phase_loss_10=0.0938916 | median=0.108293 (n=19, p25=0.0946531, p75=0.176483) | margin=-0.0144012 (-13.30%)
Epoch 3/30
309/309 ━━━━━━━━━━━━━━━━━━━━ 12s 38ms/step - mae: 0.0612 - loss: 0.0064 - val_loss: 0.0061
Epoch 4/30
309/309 ━━━━━━━━━━━━━━━━━━━━ 18s 58ms/step - mae: 0.0522 - loss: 0.0042 - val_loss: 0.0044 - val_fr_phase_loss_10: 0.1061
[Optuna] trial=26 epoch=4 val_fr_phase_loss_10=0.106064 | median=0.1025 (n=19, p25=0.0816196, p75=0.117354) | margin=+0.00356358 (+3.48%)
Epoch 5/30
309/309 ━━━━━━━━━━━━━━━━━━━━ 14s 46ms/step - mae: 0.0468 - loss: 0.0032 - val_loss: 0.0035
Epoch 6/30
309/309 ━━━━━━━━━━━━━━━━━━━━ 17s 56ms/step - mae: 0.0432 - loss: 0.0026 - val_loss: 0.0030 - val_fr_phase_loss_10: 0.1223 - val_fr_target_loss_50: 1.1315 - val_fr_curve_loss_1: 0.0037 - val_fr_curve_loss_2: 0.0072 - val_fr_curve_loss_3: 0.0126
[Optuna] trial=26 epoch=6 val_fr_phase_loss_10=0.122291 | median=0.109966 (n=19, p25=0.0759584, p75=0.129227) | margin=+0.0123249 (+11.21%)

======================================================================
   PHASE 2/6: masked_modeling
   Mask Prob: 0.15
   Mask Scope: time
   Mask Mode: constant
   Mask Value: 0.2
   Noise Sigma: None
   Noise Replace: False
   Epochs: 6
   Learning Rate: 0.0006296312766164266
   Clipping Norm: 0.833551082902247
   Horizon (train loss): 15
   Output timesteps (val_loss and fr_loss): 50
======================================================================

Epoch 7/30
309/309 ━━━━━━━━━━━━━━━━━━━━ 14s 44ms/step - mae: 0.1226 - loss: 0.0337 - val_loss: 0.0242
Epoch 8/30
309/309 ━━━━━━━━━━━━━━━━━━━━ 17s 55ms/step - mae: 0.1116 - loss: 0.0225 - val_loss: 0.0203 - val_fr_phase_loss_15: 0.1610
[Optuna] trial=26 epoch=8 val_fr_phase_loss_15=0.160954 | median=0.159878 (n=19, p25=0.15194, p75=0.197017) | margin=+0.00107639 (+0.67%)
Epoch 9/30
309/309 ━━━━━━━━━━━━━━━━━━━━ 14s 45ms/step - mae: 0.0992 - loss: 0.0175 - val_loss: 0.0162
Epoch 10/30
309/309 ━━━━━━━━━━━━━━━━━━━━ 16s 53ms/step - mae: 0.0922 - loss: 0.0140 - val_loss: 0.0143 - val_fr_phase_loss_15: 0.1327
[Optuna] trial=26 epoch=10 val_fr_phase_loss_15=0.132655 | median=0.131062 (n=19, p25=0.125631, p75=0.177853) | margin=+0.00159384 (+1.22%)
Epoch 11/30
309/309 ━━━━━━━━━━━━━━━━━━━━ 14s 44ms/step - mae: 0.0856 - loss: 0.0118 - val_loss: 0.0124
Epoch 12/30
309/309 ━━━━━━━━━━━━━━━━━━━━ 17s 53ms/step - mae: 0.0795 - loss: 0.0100 - val_loss: 0.0109 - val_fr_phase_loss_15: 0.1256 - val_fr_target_loss_50: 0.9040 - val_fr_curve_loss_1: 0.0076 - val_fr_curve_loss_2: 0.0093 - val_fr_curve_loss_3: 0.0123
[Optuna] trial=26 epoch=12 val_fr_phase_loss_15=0.125596 | median=0.122815 (n=19, p25=0.111708, p75=0.161555) | margin=+0.00278034 (+2.26%)

======================================================================
   PHASE 3/6: scheduled_sampling
   Tf Ratio Start: 1.0
   Tf Ratio End: 0.35
   Per Feature: True
   Stop Grad Pred: True
   Ratio Mode: sigmoid
   Mid Point: 0.6
   Sharpness: 10.0
   Power Value: 2.0
   Epochs: 8
   Learning Rate: 0.0005509273670393732
   Clipping Norm: 0.7872426894076777
   Horizon (train loss): 20
   Output timesteps (val_loss and fr_loss): 50
======================================================================

Epoch 13/30
309/309 ━━━━━━━━━━━━━━━━━━━━ 173s 560ms/step - mae: 0.0441 - loss: 0.0038 - val_loss: 0.0032
Epoch 14/30
309/309 ━━━━━━━━━━━━━━━━━━━━ 172s 557ms/step - mae: 0.0354 - loss: 0.0018 - val_loss: 0.0021 - val_fr_phase_loss_20: 0.2193
[Optuna] trial=26 epoch=14 val_fr_phase_loss_20=0.219322 | median=0.20442 (n=19, p25=0.148619, p75=0.224984) | margin=+0.0149024 (+7.29%)
Epoch 15/30
309/309 ━━━━━━━━━━━━━━━━━━━━ 168s 542ms/step - mae: 0.0315 - loss: 0.0013 - val_loss: 0.0017
Epoch 16/30
309/309 ━━━━━━━━━━━━━━━━━━━━ 172s 558ms/step - mae: 0.0296 - loss: 0.0014 - val_loss: 0.0015 - val_fr_phase_loss_20: 0.2734
[Optuna] trial=26 epoch=16 val_fr_phase_loss_20=0.27338 | median=0.223878 (n=19, p25=0.173055, p75=0.275339) | margin=+0.0495021 (+22.11%)
Epoch 17/30
309/309 ━━━━━━━━━━━━━━━━━━━━ 166s 536ms/step - mae: 0.0352 - loss: 0.0031 - val_loss: 0.0020
Epoch 18/30
309/309 ━━━━━━━━━━━━━━━━━━━━ 172s 558ms/step - mae: 0.0416 - loss: 0.0117 - val_loss: 0.0029 - val_fr_phase_loss_20: 0.2394
[Optuna] trial=26 epoch=18 val_fr_phase_loss_20=0.239416 | median=0.227629 (n=19, p25=0.179294, p75=0.24564) | margin=+0.011787 (+5.18%)
Epoch 19/30
309/309 ━━━━━━━━━━━━━━━━━━━━ 168s 543ms/step - mae: 0.0504 - loss: 0.0189 - val_loss: 0.0042
Epoch 20/30
309/309 ━━━━━━━━━━━━━━━━━━━━ 171s 553ms/step - mae: 0.0459 - loss: 0.0187 - val_loss: 0.0035 - val_fr_phase_loss_20: 0.2045 - val_fr_target_loss_50: 0.8969 - val_fr_curve_loss_1: 0.0037 - val_fr_curve_loss_2: 0.0049 - val_fr_curve_loss_3: 0.0071
[Optuna] trial=26 epoch=20 val_fr_phase_loss_20=0.204488 | median=0.197924 (n=19, p25=0.153126, p75=0.212916) | margin=+0.00656371 (+3.32%)

======================================================================
   PHASE 4/6: masked_modeling
   Mask Prob: 0.2
   Mask Scope: time
   Mask Mode: noise
   Mask Value: None
   Noise Sigma: 0.1
   Noise Replace: False
   Epochs: 4
   Learning Rate: 0.00047222345746231984
   Clipping Norm: 0.7409342959131084
   Horizon (train loss): 30
   Output timesteps (val_loss and fr_loss): 50
======================================================================

Epoch 21/30
309/309 ━━━━━━━━━━━━━━━━━━━━ 13s 42ms/step - mae: 0.0278 - loss: 0.0020 - val_loss: 0.0013
Epoch 22/30
309/309 ━━━━━━━━━━━━━━━━━━━━ 18s 57ms/step - mae: 0.0269 - loss: 0.0017 - val_loss: 0.0012 - val_fr_phase_loss_30: 0.2517
[Optuna] trial=26 epoch=22 val_fr_phase_loss_30=0.251744 | median=0.263223 (n=19, p25=0.254442, p75=0.364009) | margin=-0.0114792 (-4.36%)
Epoch 23/30
309/309 ━━━━━━━━━━━━━━━━━━━━ 13s 41ms/step - mae: 0.0265 - loss: 0.0017 - val_loss: 0.0012
Epoch 24/30
309/309 ━━━━━━━━━━━━━━━━━━━━ 18s 58ms/step - mae: 0.0262 - loss: 0.0016 - val_loss: 0.0012 - val_fr_phase_loss_30: 0.2623 - val_fr_target_loss_50: 0.6585 - val_fr_curve_loss_1: 0.0017 - val_fr_curve_loss_2: 0.0022 - val_fr_curve_loss_3: 0.0031
[Optuna] trial=26 epoch=24 val_fr_phase_loss_30=0.262342 | median=0.268596 (n=19, p25=0.262777, p75=0.366811) | margin=-0.00625387 (-2.33%)

======================================================================
   PHASE 5/6: full_autoregressive
   Gradient Through Time: False
   Epochs: 4
   Learning Rate: 0.00039351954788526656
   Clipping Norm: 0.6946259024185392
   Horizon (train loss): 40
   Output timesteps (val_loss and fr_loss): 50
======================================================================

Epoch 25/30
309/309 ━━━━━━━━━━━━━━━━━━━━ 156s 498ms/step - mae: 0.3272 - loss: 0.3690 - val_loss: 0.1955
Epoch 26/30
309/309 ━━━━━━━━━━━━━━━━━━━━ 158s 512ms/step - mae: 0.2952 - loss: 0.2085 - val_loss: 0.1663 - val_fr_phase_loss_40: 0.2139
[Optuna] trial=26 epoch=26 val_fr_phase_loss_40=0.213947 | median=0.294343 (n=19, p25=0.220761, p75=0.357449) | margin=-0.0803958 (-27.31%)
Epoch 27/30
309/309 ━━━━━━━━━━━━━━━━━━━━ 154s 498ms/step - mae: 0.2729 - loss: 0.1677 - val_loss: 0.1448
Epoch 28/30
309/309 ━━━━━━━━━━━━━━━━━━━━ 159s 513ms/step - mae: 0.2569 - loss: 0.1420 - val_loss: 0.1305 - val_fr_phase_loss_40: 0.1736 - val_fr_target_loss_50: 0.2465 - val_fr_curve_loss_1: 0.0326 - val_fr_curve_loss_2: 0.0300 - val_fr_curve_loss_3: 0.0286
[Optuna] trial=26 epoch=28 val_fr_phase_loss_40=0.17359 | median=0.264305 (n=19, p25=0.176562, p75=0.335757) | margin=-0.0907142 (-34.32%)

======================================================================
   PHASE 6/6: full_autoregressive
   Gradient Through Time: True
   Epochs: 2
   Learning Rate: 0.00023611172873115992
   Clipping Norm: 0.5557007219348313
   Horizon (train loss): 50
   Output timesteps (val_loss and fr_loss): 50
======================================================================

Epoch 29/30
309/309 ━━━━━━━━━━━━━━━━━━━━ 153s 497ms/step - mae: 0.2798 - loss: 0.1672 - val_loss: 0.1532
Epoch 30/30
309/309 ━━━━━━━━━━━━━━━━━━━━ 159s 514ms/step - mae: 0.2721 - loss: 0.1491 - val_loss: 0.1453 - val_fr_phase_loss_50: 0.2092 - val_fr_target_loss_50: 0.2190 - val_fr_curve_loss_1: 0.0380 - val_fr_curve_loss_2: 0.0348 - val_fr_curve_loss_3: 0.0327
[Optuna] trial=26 epoch=30 val_fr_phase_loss_50=0.209189 | median=0.302382 (n=19, p25=0.211772, p75=0.36315) | margin=-0.0931934 (-30.82%)
Final loss: 0.1491
Predicting all test samples in free_running mode...
  X shape: (2280, 200, 36)
  Y shape: (2280, 50, 36)
  Pred shape: (2280, 50, 36)

 step | target                | pred                  | abs_err
------|-----------------------|-----------------------|----------------------
   25 | [ 0.413975  2.252291  0.076809 -1.082321  0.133018 -0.274908  0.639894
 -1.222357 -1.249584  0.168496  0.626157  0.768161 -1.833026  0.430524
 -0.664956 -0.940605 -0.333545  0.888525  1.287808  0.789981 -0.276216
 -0.539654 -0.175473  0.252616 -1.215466 -0.765159 -0.430836 -0.7326
  1.170439  1.235309 -0.98217   0.207688  0.323877 -0.382801 -0.034873
  0.56418 ] | [ 0.732579  2.565484  0.698743 -0.794246 -0.047428 -0.287042  0.436046
 -0.887189 -1.49218   0.742024  0.004732  1.009226 -1.401551 -0.936383
 -0.509207 -1.331578 -0.291737  0.518546  0.980231  0.709361  0.178407
 -0.800317 -0.197702  0.675921 -0.505175 -0.335254 -0.351602 -0.764087
  0.834368  1.405156 -0.976575  0.603281  0.650066 -0.233162 -0.277967
  0.51737 ] | [0.318605 0.313193 0.621934 0.288075 0.180447 0.012134 0.203848 0.335168
 0.242596 0.573527 0.621426 0.241065 0.431475 1.366907 0.155749 0.390973
 0.041809 0.369979 0.307576 0.08062  0.454623 0.260663 0.022228 0.423305
 0.710291 0.429904 0.079234 0.031487 0.336071 0.169847 0.005594 0.395593
 0.32619  0.149638 0.243094 0.04681 ]
   26 | [ 0.433902  2.276946  0.062718 -1.073421  0.149295 -0.261739  0.66411
 -1.190588 -1.280325  0.091743  0.630177  0.811665 -1.905444  0.590891
 -0.648677 -0.950394 -0.271225  0.842781  1.340023  0.789891 -0.296955
 -0.535192 -0.171397  0.217021 -1.236176 -0.75049  -0.449502 -0.772153
  1.203705  1.218394 -1.003057  0.192291  0.338178 -0.409968  0.071482
  0.522649] | [ 0.75951   2.592318  0.693798 -0.77643  -0.040789 -0.274517  0.470789
 -0.859123 -1.521023  0.669054 -0.036054  1.100775 -1.471735 -0.869024
 -0.489863 -1.361277 -0.259283  0.490368  1.024644  0.703419  0.175076
 -0.811042 -0.168084  0.683155 -0.486295 -0.293307 -0.379113 -0.765352
  0.845072  1.407186 -1.003426  0.586535  0.637119 -0.271048 -0.234999
  0.475402] | [3.256080e-01 3.153720e-01 6.310801e-01 2.969907e-01 1.900838e-01
 1.277864e-02 1.933217e-01 3.314658e-01 2.406973e-01 5.773110e-01
 6.662312e-01 2.891103e-01 4.337095e-01 1.459916e+00 1.588145e-01
 4.108826e-01 1.194108e-02 3.524132e-01 3.153791e-01 8.647174e-02
 4.720315e-01 2.758499e-01 3.313109e-03 4.661334e-01 7.498815e-01
 4.571825e-01 7.038909e-02 6.801069e-03 3.586327e-01 1.887923e-01
 3.691912e-04 3.942442e-01 2.989413e-01 1.389199e-01 3.064812e-01
 4.724649e-02]
   27 | [ 0.45137   2.29779   0.046898 -1.065959  0.163722 -0.251176  0.686906
 -1.158318 -1.306769  0.020961  0.635355  0.846673 -1.973424  0.752938
 -0.63128  -0.95588  -0.208485  0.794828  1.389242  0.786713 -0.314912
 -0.528408 -0.166389  0.176889 -1.255981 -0.733755 -0.465744 -0.812322
  1.237801  1.200935 -1.020813  0.176508  0.350492 -0.434216  0.179125
  0.481679] | [ 0.781997  2.609987  0.683054 -0.754855 -0.035496 -0.259928  0.505857
 -0.829825 -1.548292  0.5977   -0.07886   1.182711 -1.543257 -0.796611
 -0.47217  -1.383742 -0.223245  0.458439  1.063976  0.697339  0.17034
 -0.817067 -0.138871  0.687085 -0.463447 -0.247069 -0.403393 -0.766506
  0.85531   1.405223 -1.023824  0.568902  0.620293 -0.305715 -0.18893
  0.431183] | [0.330628 0.312198 0.636156 0.311104 0.199218 0.008752 0.181049 0.328492
 0.241523 0.576739 0.714215 0.336038 0.430167 1.549549 0.15911  0.427862
 0.01476  0.336389 0.325266 0.089374 0.485252 0.288659 0.027518 0.510195
 0.792535 0.486685 0.062351 0.045816 0.382491 0.204288 0.003011 0.392394
 0.269801 0.128501 0.368055 0.050496]
   28 | [ 0.466327  2.314783  0.029422 -1.059933  0.176249 -0.243234  0.708319
 -1.125542 -1.328843 -0.043589  0.641445  0.873025 -2.036825  0.915869
 -0.612772 -0.957077 -0.145636  0.744967  1.435167  0.780424 -0.32991
 -0.519352 -0.160183  0.132539 -1.274543 -0.714768 -0.479514 -0.852827
  1.272629  1.183048 -1.035382  0.160153  0.360566 -0.455552  0.287429
  0.44125 ] | [ 0.796865  2.61987   0.66634  -0.727991 -0.028596 -0.250321  0.537605
 -0.800289 -1.56841   0.526799 -0.124441  1.251623 -1.610867 -0.727163
 -0.457503 -1.396062 -0.187012  0.42006   1.101025  0.689203  0.165215
 -0.8209   -0.107245  0.684619 -0.440041 -0.198721 -0.430398 -0.769477
  0.858586  1.402169 -1.037048  0.550024  0.596974 -0.334335 -0.138047
  0.390092] | [0.330538 0.305087 0.636918 0.331942 0.204845 0.007087 0.170714 0.325252
 0.239567 0.570388 0.765886 0.378598 0.425958 1.643032 0.155269 0.438985
 0.041376 0.324907 0.334142 0.091221 0.495126 0.301548 0.052938 0.55208
 0.834502 0.516047 0.049116 0.083351 0.414043 0.219121 0.001666 0.389871
 0.236408 0.121218 0.425476 0.051158]
   29 | [ 0.478732  2.32789   0.010362 -1.055353  0.186818 -0.237931  0.728378
 -1.09227  -1.346491 -0.1017    0.648197  0.890628 -2.095523  1.078877
 -0.593175 -0.95402  -0.082985  0.693516  1.47754   0.771024 -0.341791
 -0.508082 -0.152506  0.084329 -1.291529 -0.693373 -0.49077  -0.893374
  1.308082  1.164834 -1.046716  0.143051  0.368166 -0.473989  0.395794
  0.401343] | [ 0.806995  2.62418   0.648513 -0.701959 -0.024096 -0.241399  0.569728
 -0.771152 -1.58312   0.459098 -0.167991  1.314865 -1.677155 -0.65699
 -0.443974 -1.403491 -0.15268   0.381522  1.135624  0.677762  0.161173
 -0.822571 -0.075343  0.677641 -0.41713  -0.150441 -0.455535 -0.771444
  0.86087   1.397223 -1.048174  0.530064  0.570296 -0.361727 -0.086553
  0.349975] | [3.282632e-01 2.962894e-01 6.381505e-01 3.533939e-01 2.109141e-01
 3.468126e-03 1.586496e-01 3.211174e-01 2.366297e-01 5.607986e-01
 8.161877e-01 4.242364e-01 4.183674e-01 1.735867e+00 1.492010e-01
 4.494714e-01 6.969497e-02 3.119943e-01 3.419163e-01 9.326243e-02
 5.029640e-01 3.144897e-01 7.716252e-02 5.933120e-01 8.743993e-01
 5.429314e-01 3.523457e-02 1.219298e-01 4.472116e-01 2.323889e-01
 1.457095e-03 3.870125e-01 2.021301e-01 1.122625e-01 4.823470e-01
 5.136785e-02]
model built: True
num weights: 38
{'mae': [0.12364156544208527, 0.07657358050346375, 0.061217840760946274, 0.0522041991353035, 0.04678042605519295, 0.04321117326617241, 0.1226019635796547, 0.11160667985677719, 0.09922139346599579, 0.09217432141304016, 0.08557026833295822, 0.07952214032411575, 0.044088490307331085, 0.03543493524193764, 0.031516578048467636, 0.029592037200927734, 0.035185910761356354, 0.04160848259925842, 0.05043988302350044, 0.04587164893746376, 0.027769334614276886, 0.02692919783294201, 0.02653043158352375, 0.02622275799512863, 0.32715433835983276, 0.29523828625679016, 0.27289867401123047, 0.2569240927696228, 0.2797694802284241, 0.272082656621933], 'loss': [0.14530156552791595, 0.013660679571330547, 0.006354886572808027, 0.004176880698651075, 0.003182383021339774, 0.0026156282983720303, 0.03370419144630432, 0.022501399740576744, 0.017469674348831177, 0.013989167287945747, 0.011754099279642105, 0.009978464804589748, 0.00381400971673429, 0.0017892081523314118, 0.0013099226634949446, 0.0013778560096397996, 0.003056934103369713, 0.011678933165967464, 0.01891511119902134, 0.018737848848104477, 0.002030972158536315, 0.0017128557665273547, 0.001661575515754521, 0.0016462596831843257, 0.36896777153015137, 0.20847058296203613, 0.16768941283226013, 0.14198309183120728, 0.16718079149723053, 0.14913274347782135], 'val_loss': [0.024768412113189697, 0.00946540106087923, 0.006069176364690065, 0.004409804940223694, 0.003531611990183592, 0.003020593896508217, 0.024208977818489075, 0.020303495228290558, 0.016245655715465546, 0.014279872179031372, 0.0124155068770051, 0.010862993076443672, 0.0032302464824169874, 0.002078708028420806, 0.0016593362670391798, 0.001461150124669075, 0.0020264319609850645, 0.0028571055736392736, 0.004247338976711035, 0.0034731037449091673, 0.001305111451074481, 0.0012254395987838507, 0.001186820794828236, 0.001158987171947956, 0.19553826749324799, 0.1662740558385849, 0.14479346573352814, 0.1304713487625122, 0.1531907021999359, 0.14527012407779694], 'val_fr_phase_loss_10': [nan, 0.09389160573482513, nan, 0.10606395453214645, nan, 0.12229090929031372], 'val_fr_target_loss_50': [nan, nan, nan, nan, nan, 1.1314553022384644, nan, nan, nan, nan, nan, 0.9039998650550842, nan, nan, nan, nan, nan, nan, nan, 0.8969466090202332, nan, nan, nan, 0.6585282683372498, nan, nan, nan, 0.24647238850593567, nan, 0.2189563363790512], 'val_fr_curve_loss_1': [nan, nan, nan, nan, nan, 0.003716320963576436, nan, nan, nan, nan, nan, 0.007561583071947098, nan, nan, nan, nan, nan, nan, nan, 0.003675899701192975, nan, nan, nan, 0.0016808985965326428, nan, nan, nan, 0.032645974308252335, nan, 0.03800501301884651], 'val_fr_curve_loss_2': [nan, nan, nan, nan, nan, 0.007154063321650028, nan, nan, nan, nan, nan, 0.009335508570075035, nan, nan, nan, nan, nan, nan, nan, 0.004906346555799246, nan, nan, nan, 0.00218095607124269, nan, nan, nan, 0.03000982105731964, nan, 0.034764837473630905], 'val_fr_curve_loss_3': [nan, nan, nan, nan, nan, 0.012648615054786205, nan, nan, nan, nan, nan, 0.012322592549026012, nan, nan, nan, nan, nan, nan, nan, 0.007059504743665457, nan, nan, nan, 0.003093729494139552, nan, nan, nan, 0.028563205152750015, nan, 0.03273208066821098], 'val_fr_phase_loss_15': [nan, 0.1609543412923813, nan, 0.13265539705753326, nan, 0.1255957931280136], 'val_fr_phase_loss_20': [nan, 0.21932204067707062, nan, 0.27338042855262756, nan, 0.23941634595394135, nan, 0.20448800921440125], 'val_fr_phase_loss_30': [nan, 0.25174379348754883, nan, 0.26234227418899536], 'val_fr_phase_loss_40': [nan, 0.21394701302051544, nan, 0.17359039187431335], 'val_fr_phase_loss_50': [nan, 0.20918887853622437]}
Saved artifacts to: runs/tuning/study_lstm_lvl1/trial_0026
