--- Number of Windows for Train = 9880
--- Number of Windows for Val = 3040
--- Number of Windows for Test = 2280
--- Curriculum = [5, 5, 12, 12, 18, 18, 25, 25, 38, 38, 50, 50]
--- fr_curve Outsteps = [10, 20, 30, 50]

--- Training: lstm_fullseq_30ep [LSTM/FC/FULL_SEQ]  ---

======================================================================
   PHASE 1/12: teacher_forcing
   Epochs: 2
   Learning Rate: 0.0004636057439438941
   Clipping Norm: 0.1518747922672247
   Horizon (train loss): 5
   Output timesteps (val_loss and fr_loss): 50
======================================================================

Epoch 1/30
309/309 ━━━━━━━━━━━━━━━━━━━━ 15s 27ms/step - mae: 0.5160 - mse: 0.4223 - loss: 0.6005 - val_loss: 0.4223
Epoch 2/30
309/309 ━━━━━━━━━━━━━━━━━━━━ 11s 36ms/step - mae: 0.3930 - mse: 0.2448 - loss: 0.3054 - val_loss: 0.2448 - val_fr_phase_loss_5: 0.2789 - val_fr_target_loss_50: 0.9412 - val_fr_curve_loss_10: 0.3497 - val_fr_curve_loss_20: 0.5313 - val_fr_curve_loss_30: 0.6966 - val_fr_curve_loss_50: 0.9306
[Optuna] trial=2 epoch=2 val_fr_phase_loss_5=0.278914 | median=0.673531 (n=2, p25=0.581766, p75=0.765296) | margin=-0.394617 (-58.59%)

======================================================================
   PHASE 2/12: masked_modeling
   Mask Prob: 0.1
   Mask Scope: time
   Mask Mode: constant
   Mask Value: 0.2
   Noise Sigma: None
   Noise Replace: False
   Epochs: 3
   Learning Rate: 0.0003708845951551153
   Clipping Norm: 0.13668731304050222
   Horizon (train loss): 5
   Output timesteps (val_loss and fr_loss): 50
======================================================================

Epoch 3/30
309/309 ━━━━━━━━━━━━━━━━━━━━ 7s 23ms/step - mae: 0.3173 - mse: 0.1625 - loss: 0.1826 - val_loss: 0.1625
Epoch 4/30
309/309 ━━━━━━━━━━━━━━━━━━━━ 11s 34ms/step - mae: 0.2642 - mse: 0.1145 - loss: 0.1234 - val_loss: 0.1145 - val_fr_phase_loss_5: 0.1393
[Optuna] trial=2 epoch=4 val_fr_phase_loss_5=0.139294 | median=0.550613 (n=2, p25=0.429351, p75=0.671875) | margin=-0.411319 (-74.70%)
Epoch 5/30
309/309 ━━━━━━━━━━━━━━━━━━━━ 11s 35ms/step - mae: 0.2214 - mse: 0.0809 - loss: 0.0872 - val_loss: 0.0809 - val_fr_target_loss_50: 1.1693 - val_fr_curve_loss_10: 0.1801 - val_fr_curve_loss_20: 0.4326 - val_fr_curve_loss_30: 0.7144 - val_fr_curve_loss_50: 1.1501

======================================================================
   PHASE 3/12: teacher_forcing
   Epochs: 2
   Learning Rate: 0.0004636057439438941
   Clipping Norm: 0.1518747922672247
   Horizon (train loss): 12
   Output timesteps (val_loss and fr_loss): 50
======================================================================

Epoch 6/30
309/309 ━━━━━━━━━━━━━━━━━━━━ 7s 23ms/step - mae: 0.1975 - mse: 0.0643 - loss: 0.0727 - val_loss: 0.0643
Epoch 7/30
309/309 ━━━━━━━━━━━━━━━━━━━━ 11s 35ms/step - mae: 0.1601 - mse: 0.0434 - loss: 0.0458 - val_loss: 0.0434 - val_fr_phase_loss_12: 0.1543 - val_fr_target_loss_50: 1.0052 - val_fr_curve_loss_10: 0.1280 - val_fr_curve_loss_20: 0.3132 - val_fr_curve_loss_30: 0.5483 - val_fr_curve_loss_50: 1.0002
[Optuna] trial=2 epoch=7 val_fr_phase_loss_12=0.154333 | median=0.4997 (n=2, p25=0.383923, p75=0.615476) | margin=-0.345367 (-69.11%)

======================================================================
   PHASE 4/12: masked_modeling
   Mask Prob: 0.15
   Mask Scope: time
   Mask Mode: constant
   Mask Value: 0.2
   Noise Sigma: None
   Noise Replace: False
   Epochs: 3
   Learning Rate: 0.00032452402076072585
   Clipping Norm: 0.12909357342714098
   Horizon (train loss): 12
   Output timesteps (val_loss and fr_loss): 50
======================================================================

Epoch 8/30
309/309 ━━━━━━━━━━━━━━━━━━━━ 7s 23ms/step - mae: 0.1701 - mse: 0.0478 - loss: 0.0546 - val_loss: 0.0478
Epoch 9/30
309/309 ━━━━━━━━━━━━━━━━━━━━ 11s 35ms/step - mae: 0.1649 - mse: 0.0448 - loss: 0.0467 - val_loss: 0.0448 - val_fr_phase_loss_12: 0.1798
[Optuna] trial=2 epoch=9 val_fr_phase_loss_12=0.179754 | median=0.477567 (n=2, p25=0.363972, p75=0.591163) | margin=-0.297814 (-62.36%)
Epoch 10/30
309/309 ━━━━━━━━━━━━━━━━━━━━ 11s 35ms/step - mae: 0.1538 - mse: 0.0390 - loss: 0.0420 - val_loss: 0.0390 - val_fr_target_loss_50: 1.2346 - val_fr_curve_loss_10: 0.1225 - val_fr_curve_loss_20: 0.3489 - val_fr_curve_loss_30: 0.6413 - val_fr_curve_loss_50: 1.2197

======================================================================
   PHASE 5/12: teacher_forcing
   Epochs: 2
   Learning Rate: 0.0004636057439438941
   Clipping Norm: 0.1518747922672247
   Horizon (train loss): 18
   Output timesteps (val_loss and fr_loss): 50
======================================================================

Epoch 11/30
309/309 ━━━━━━━━━━━━━━━━━━━━ 7s 23ms/step - mae: 0.1219 - mse: 0.0249 - loss: 0.0264 - val_loss: 0.0249
Epoch 12/30
309/309 ━━━━━━━━━━━━━━━━━━━━ 11s 34ms/step - mae: 0.1048 - mse: 0.0187 - loss: 0.0183 - val_loss: 0.0187 - val_fr_phase_loss_18: 0.2420 - val_fr_target_loss_50: 1.0206 - val_fr_curve_loss_10: 0.1025 - val_fr_curve_loss_20: 0.2897 - val_fr_curve_loss_30: 0.5327 - val_fr_curve_loss_50: 1.0097
[Optuna] trial=2 epoch=12 val_fr_phase_loss_18=0.241964 | median=0.490467 (n=2, p25=0.388169, p75=0.592766) | margin=-0.248503 (-50.67%)

======================================================================
   PHASE 6/12: masked_modeling
   Mask Prob: 0.2
   Mask Scope: time
   Mask Mode: constant
   Mask Value: 0.2
   Noise Sigma: None
   Noise Replace: False
   Epochs: 3
   Learning Rate: 0.0002781634463663364
   Clipping Norm: 0.12149983381377977
   Horizon (train loss): 18
   Output timesteps (val_loss and fr_loss): 50
======================================================================

Epoch 13/30
309/309 ━━━━━━━━━━━━━━━━━━━━ 7s 23ms/step - mae: 0.1551 - mse: 0.0392 - loss: 0.0470 - val_loss: 0.0392
Epoch 14/30
309/309 ━━━━━━━━━━━━━━━━━━━━ 11s 35ms/step - mae: 0.1519 - mse: 0.0376 - loss: 0.0386 - val_loss: 0.0376 - val_fr_phase_loss_18: 0.3478
[Optuna] trial=2 epoch=14 val_fr_phase_loss_18=0.347767 | median=0.528002 (n=2, p25=0.449362, p75=0.606642) | margin=-0.180235 (-34.14%)
Epoch 15/30
309/309 ━━━━━━━━━━━━━━━━━━━━ 11s 35ms/step - mae: 0.1474 - mse: 0.0353 - loss: 0.0354 - val_loss: 0.0353 - val_fr_target_loss_50: 1.2801 - val_fr_curve_loss_10: 0.1267 - val_fr_curve_loss_20: 0.3698 - val_fr_curve_loss_30: 0.6730 - val_fr_curve_loss_50: 1.2588

======================================================================
   PHASE 7/12: teacher_forcing
   Epochs: 2
   Learning Rate: 0.0004636057439438941
   Clipping Norm: 0.1518747922672247
   Horizon (train loss): 25
   Output timesteps (val_loss and fr_loss): 50
======================================================================

Epoch 16/30
309/309 ━━━━━━━━━━━━━━━━━━━━ 7s 23ms/step - mae: 0.0943 - mse: 0.0144 - loss: 0.0162 - val_loss: 0.0144
Epoch 17/30
309/309 ━━━━━━━━━━━━━━━━━━━━ 11s 34ms/step - mae: 0.0811 - mse: 0.0107 - loss: 0.0103 - val_loss: 0.0107 - val_fr_phase_loss_25: 0.3863 - val_fr_target_loss_50: 1.0038 - val_fr_curve_loss_10: 0.0912 - val_fr_curve_loss_20: 0.2741 - val_fr_curve_loss_30: 0.5150 - val_fr_curve_loss_50: 0.9966
[Optuna] trial=2 epoch=17 val_fr_phase_loss_25=0.386318 | median=0.55105 (n=2, p25=0.47531, p75=0.626791) | margin=-0.164733 (-29.89%)

======================================================================
   PHASE 8/12: masked_modeling
   Mask Prob: 0.2
   Mask Scope: time
   Mask Mode: noise
   Mask Value: None
   Noise Sigma: 0.1
   Noise Replace: False
   Epochs: 3
   Learning Rate: 0.00023180287197194704
   Clipping Norm: 0.11390609420041853
   Horizon (train loss): 25
   Output timesteps (val_loss and fr_loss): 50
======================================================================

Epoch 18/30
309/309 ━━━━━━━━━━━━━━━━━━━━ 7s 23ms/step - mae: 0.0739 - mse: 0.0089 - loss: 0.0083 - val_loss: 0.0089
Epoch 19/30
309/309 ━━━━━━━━━━━━━━━━━━━━ 11s 35ms/step - mae: 0.0700 - mse: 0.0080 - loss: 0.0075 - val_loss: 0.0080 - val_fr_phase_loss_25: 0.3400
[Optuna] trial=2 epoch=19 val_fr_phase_loss_25=0.33997 | median=0.546707 (n=2, p25=0.473012, p75=0.620401) | margin=-0.206737 (-37.81%)
Epoch 20/30
309/309 ━━━━━━━━━━━━━━━━━━━━ 11s 35ms/step - mae: 0.0666 - mse: 0.0072 - loss: 0.0069 - val_loss: 0.0072 - val_fr_target_loss_50: 0.8897 - val_fr_curve_loss_10: 0.0779 - val_fr_curve_loss_20: 0.2360 - val_fr_curve_loss_30: 0.4476 - val_fr_curve_loss_50: 0.8773

======================================================================
   PHASE 9/12: teacher_forcing
   Epochs: 2
   Learning Rate: 0.0004636057439438941
   Clipping Norm: 0.1518747922672247
   Horizon (train loss): 38
   Output timesteps (val_loss and fr_loss): 50
======================================================================

Epoch 21/30
309/309 ━━━━━━━━━━━━━━━━━━━━ 7s 23ms/step - mae: 0.0621 - mse: 0.0063 - loss: 0.0057 - val_loss: 0.0063
Epoch 22/30
309/309 ━━━━━━━━━━━━━━━━━━━━ 11s 35ms/step - mae: 0.0580 - mse: 0.0055 - loss: 0.0049 - val_loss: 0.0055 - val_fr_phase_loss_38: 0.6885 - val_fr_target_loss_50: 0.9723 - val_fr_curve_loss_10: 0.0834 - val_fr_curve_loss_20: 0.2606 - val_fr_curve_loss_30: 0.4971 - val_fr_curve_loss_50: 0.9707
[Optuna] trial=2 epoch=22 val_fr_phase_loss_38=0.688537 | median=0.742957 (n=2, p25=0.715643, p75=0.770271) | margin=-0.0544203 (-7.32%)

======================================================================
   PHASE 10/12: masked_modeling
   Mask Prob: 0.25
   Mask Scope: time
   Mask Mode: noise
   Mask Value: None
   Noise Sigma: 0.1
   Noise Replace: False
   Epochs: 3
   Learning Rate: 0.00018544229757755764
   Clipping Norm: 0.10631235458705728
   Horizon (train loss): 38
   Output timesteps (val_loss and fr_loss): 50
======================================================================

Epoch 23/30
309/309 ━━━━━━━━━━━━━━━━━━━━ 8s 24ms/step - mae: 0.0540 - mse: 0.0048 - loss: 0.0052 - val_loss: 0.0048
Epoch 24/30
309/309 ━━━━━━━━━━━━━━━━━━━━ 11s 36ms/step - mae: 0.0531 - mse: 0.0046 - loss: 0.0051 - val_loss: 0.0046 - val_fr_phase_loss_38: 0.5958
[Optuna] trial=2 epoch=24 val_fr_phase_loss_38=0.595817 | median=0.743443 (n=2, p25=0.7172, p75=0.769686) | margin=-0.147626 (-19.86%)
Epoch 25/30
309/309 ━━━━━━━━━━━━━━━━━━━━ 11s 36ms/step - mae: 0.0520 - mse: 0.0044 - loss: 0.0050 - val_loss: 0.0044 - val_fr_target_loss_50: 0.8384 - val_fr_curve_loss_10: 0.0698 - val_fr_curve_loss_20: 0.2173 - val_fr_curve_loss_30: 0.4164 - val_fr_curve_loss_50: 0.8221

======================================================================
   PHASE 11/12: teacher_forcing
   Epochs: 2
   Learning Rate: 0.0004636057439438941
   Clipping Norm: 0.1518747922672247
   Horizon (train loss): 50
   Output timesteps (val_loss and fr_loss): 50
======================================================================

Epoch 26/30
309/309 ━━━━━━━━━━━━━━━━━━━━ 8s 24ms/step - mae: 0.0517 - mse: 0.0044 - loss: 0.0037 - val_loss: 0.0044
Epoch 27/30
309/309 ━━━━━━━━━━━━━━━━━━━━ 11s 36ms/step - mae: 0.0488 - mse: 0.0039 - loss: 0.0033 - val_loss: 0.0039 - val_fr_phase_loss_50: 1.0965 - val_fr_target_loss_50: 1.1217 - val_fr_curve_loss_10: 0.0856 - val_fr_curve_loss_20: 0.2880 - val_fr_curve_loss_30: 0.5640 - val_fr_curve_loss_50: 1.1098
[Optuna] trial=2 epoch=27 val_fr_phase_loss_50=1.09654 | median=0.919371 (n=2, p25=0.907283, p75=0.931458) | margin=+0.177173 (+19.27%)

======================================================================
   PHASE 12/12: masked_modeling
   Mask Prob: 0.25
   Mask Scope: time
   Mask Mode: noise
   Mask Value: None
   Noise Sigma: 0.1
   Noise Replace: True
   Epochs: 3
   Learning Rate: 0.00016689806781980187
   Clipping Norm: 0.09871861497369605
   Horizon (train loss): 50
   Output timesteps (val_loss and fr_loss): 50
======================================================================

Epoch 28/30
309/309 ━━━━━━━━━━━━━━━━━━━━ 8s 24ms/step - mae: 0.2099 - mse: 0.0707 - loss: 0.0831 - val_loss: 0.0707
Epoch 29/30
309/309 ━━━━━━━━━━━━━━━━━━━━ 11s 36ms/step - mae: 0.2028 - mse: 0.0664 - loss: 0.0536 - val_loss: 0.0664 - val_fr_phase_loss_50: 1.9511
[Optuna] trial=2 epoch=29 val_fr_phase_loss_50=1.95111 | median=1.34535 (n=2, p25=1.2044, p75=1.4863) | margin=+0.605757 (+45.03%)
Epoch 30/30
309/309 ━━━━━━━━━━━━━━━━━━━━ 12s 39ms/step - mae: 0.2013 - mse: 0.0656 - loss: 0.0494 - val_loss: 0.0656 - val_fr_target_loss_50: 1.7620 - val_fr_curve_loss_10: 0.1690 - val_fr_curve_loss_20: 0.5211 - val_fr_curve_loss_30: 0.9454 - val_fr_curve_loss_50: 1.7406
Final loss: 0.0494
Predicting all test samples in free_running mode...
  X shape: (2280, 200, 55)
  Y shape: (2280, 50, 55)
  Pred shape: (2280, 50, 55)

 step | target                | pred                  | abs_err
------|-----------------------|-----------------------|----------------------
   25 | [ 4.139746e-01  2.252291e+00  7.680922e-02 -1.082321e+00  1.330184e-01
 -2.749080e-01  6.398940e-01 -1.222357e+00  1.964076e+00  2.024013e-01
 -1.249584e+00  1.684962e-01  6.261574e-01  7.681609e-01 -1.833026e+00
  4.305243e-01 -6.649562e-01  3.213241e-02 -4.315943e-01 -9.406051e-01
 -3.335454e-01  8.885246e-01  1.287808e+00  7.899810e-01 -2.762157e-01
  1.005897e+00 -2.825402e-01 -5.396542e-01 -1.754732e-01  2.526159e-01
 -1.215466e+00 -7.651589e-01 -1.200358e-01  4.952903e-01 -4.308359e-01
 -7.325999e-01  1.170439e+00  1.235309e+00 -8.311886e-01 -7.979621e-01
 -9.821695e-01  2.076884e-01  3.238765e-01 -1.923588e-01 -4.145486e-01
 -3.828006e-01 -3.487313e-02  1.245124e-03  1.581712e-01  5.641804e-01
  2.155083e-01 -1.144052e-01 -1.354365e+00 -3.214316e-01 -1.550427e+00] | [-2.645175e-01  2.830930e+00  1.138379e+00 -2.638490e+00  7.420897e-01
 -4.532916e-01 -8.812382e-01 -2.267802e+00  2.299931e+00  5.011731e-01
 -1.902627e+00  3.116026e+00  1.853054e+00 -1.384738e+00  1.970868e+00
 -1.676319e+00  1.015677e+00  2.783515e-01 -1.290987e+00 -1.393474e+00
 -1.757155e+00  1.659712e+00  1.469006e+00  1.046500e+00  8.744980e-01
  1.037922e+00 -1.519751e+00 -1.190632e+00 -6.510338e-01  3.177434e-01
 -1.526497e+00 -3.924202e-01  2.310063e+00 -9.860203e-02 -4.669008e-02
 -1.257953e+00  8.466547e-01  1.522536e+00  3.163499e+00 -2.645262e+00
 -1.534321e+00 -2.665874e-03  2.184232e+00 -4.506750e-01  4.424361e+00
  6.456817e-01 -1.416666e+00  6.735994e-01  1.981251e-02  1.395716e+00
 -1.097324e+00  1.881389e+00 -3.465262e-01  2.522195e-01 -1.618678e+00] | [0.678492 0.578639 1.061569 1.556169 0.609071 0.178384 1.521132 1.045446
 0.335855 0.298772 0.653044 2.94753  1.226896 2.152899 3.803894 2.106843
 1.680634 0.246219 0.859392 0.452869 1.42361  0.771187 0.181198 0.256519
 1.150714 0.032025 1.237211 0.650978 0.475561 0.065128 0.311031 0.372739
 2.430099 0.593892 0.384146 0.525353 0.323784 0.287227 3.994688 1.847299
 0.552152 0.210354 1.860355 0.258316 4.83891  1.028482 1.381793 0.672354
 0.138359 0.831536 1.312833 1.995794 1.007839 0.573651 0.06825 ]
   26 | [ 0.433902  2.276946  0.062718 -1.073421  0.149295 -0.261739  0.66411
 -1.190588  1.970693  0.211786 -1.280325  0.091743  0.630177  0.811665
 -1.905444  0.590891 -0.648677  0.010101 -0.341095 -0.950394 -0.271225
  0.842781  1.340023  0.789891 -0.296955  0.983707 -0.332591 -0.535192
 -0.171397  0.217021 -1.236176 -0.75049  -0.169815  0.501318 -0.449502
 -0.772153  1.203705  1.218394 -0.873595 -0.731515 -1.003057  0.192291
  0.338178 -0.172599 -0.562203 -0.409968  0.071482 -0.035004  0.178969
  0.522649  0.281281 -0.172402 -1.38113  -0.280718 -1.561255] | [-0.258009  2.880512  1.171839 -2.613545  0.745813 -0.411421 -0.901151
 -2.264319  2.338272  0.49178  -1.938236  3.139769  1.84514  -1.404539
  1.975194 -1.678477  1.044662  0.218905 -1.286403 -1.434337 -1.751896
  1.640448  1.524393  1.073309  0.868604  1.067901 -1.543494 -1.283992
 -0.608902  0.275866 -1.490863 -0.362946  2.316974 -0.11182  -0.061343
 -1.248067  0.811309  1.522019  3.229586 -2.680959 -1.553279 -0.022502
  2.187408 -0.441686  4.360088  0.617347 -1.429379  0.683337  0.037535
  1.373592 -1.075732  1.841685 -0.33833   0.274874 -1.666559] | [0.691911 0.603567 1.109121 1.540124 0.596519 0.149683 1.565261 1.073731
 0.367579 0.279993 0.657911 3.048026 1.214963 2.216204 3.880638 2.269368
 1.69334  0.208804 0.945308 0.483942 1.480672 0.797668 0.18437  0.283418
 1.16556  0.084194 1.210903 0.7488   0.437505 0.058845 0.254686 0.387544
 2.486789 0.613138 0.388159 0.475914 0.392396 0.303625 4.103181 1.949445
 0.550223 0.214793 1.84923  0.269087 4.922291 1.027315 1.500862 0.718341
 0.141434 0.850943 1.357013 2.014087 1.0428   0.555592 0.105304]
   27 | [ 0.45137   2.29779   0.046898 -1.065959  0.163722 -0.251176  0.686906
 -1.158318  1.973541  0.218812 -1.306769  0.020961  0.635355  0.846673
 -1.973424  0.752938 -0.63128  -0.009811 -0.250043 -0.95588  -0.208485
  0.794828  1.389242  0.786713 -0.314912  0.961981 -0.384025 -0.528408
 -0.166389  0.176889 -1.255981 -0.733755 -0.216556  0.503603 -0.465744
 -0.812322  1.237801  1.200935 -0.913572 -0.661274 -1.020813  0.176508
  0.350492 -0.15451  -0.707661 -0.434216  0.179125 -0.073381  0.197581
  0.481679  0.341621 -0.226467 -1.405437 -0.237464 -1.567991] | [-0.253304  2.927678  1.204642 -2.585453  0.747852 -0.37051  -0.921202
 -2.259789  2.377009  0.481261 -1.972098  3.162759  1.837564 -1.428457
  1.978112 -1.680839  1.071542  0.15906  -1.283302 -1.474781 -1.747073
  1.619732  1.578488  1.101126  0.862182  1.099245 -1.567235 -1.37895
 -0.56437   0.228005 -1.455128 -0.331614  2.323817 -0.120065 -0.076335
 -1.238106  0.77585   1.520675  3.291623 -2.715681 -1.571425 -0.039927
  2.189159 -0.43141   4.292033  0.589055 -1.441933  0.695503  0.053576
  1.350912 -1.056253  1.802298 -0.330149  0.295344 -1.714677] | [0.704674 0.629889 1.157744 1.519494 0.58413  0.119334 1.608108 1.101472
 0.403467 0.262449 0.665329 3.141798 1.202209 2.275129 3.951536 2.433777
 1.702822 0.168871 1.033259 0.518902 1.538587 0.824904 0.189246 0.314413
 1.177094 0.137264 1.183211 0.850541 0.397981 0.051116 0.199147 0.402141
 2.540374 0.623668 0.389409 0.425783 0.461951 0.31974  4.205195 2.054407
 0.550612 0.216435 1.838666 0.2769   4.999694 1.023271 1.621058 0.768884
 0.144005 0.869233 1.397874 2.028766 1.075288 0.532808 0.146685]
   28 | [ 0.466327  2.314783  0.029422 -1.059933  0.176249 -0.243234  0.708319
 -1.125542  1.97265   0.223477 -1.328843 -0.043589  0.641445  0.873025
 -2.036825  0.915869 -0.612772 -0.027353 -0.158771 -0.957077 -0.145636
  0.744967  1.435167  0.780424 -0.32991   0.940997 -0.436465 -0.519352
 -0.160183  0.132539 -1.274543 -0.714768 -0.260126  0.501926 -0.479514
 -0.852827  1.272629  1.183048 -0.950983 -0.587688 -1.035382  0.160153
  0.360566 -0.138091 -0.850494 -0.455552  0.287429 -0.113708  0.214089
  0.44125   0.396277 -0.27644  -1.427296 -0.191884 -1.570648] | [-0.250323  2.972441  1.236695 -2.554404  0.748458 -0.33066  -0.941493
 -2.254304  2.416176  0.469696 -2.004455  3.184871  1.830473 -1.456128
  1.979617 -1.683749  1.096454  0.099321 -1.28154  -1.514882 -1.742356
  1.598056  1.631557  1.130251  0.855469  1.131848 -1.59098  -1.475118
 -0.517885  0.174419 -1.419523 -0.29848   2.330701 -0.123453 -0.091607
 -1.228032  0.740224  1.518279  3.349744 -2.749419 -1.589061 -0.055081
  2.189772 -0.419751  4.220565  0.560636 -1.454454  0.710399  0.067971
  1.327765 -1.038296  1.763248 -0.32201   0.313467 -1.762761] | [0.71665  0.657658 1.207273 1.494471 0.572209 0.087426 1.649812 1.128763
 0.443526 0.24622  0.675612 3.228461 1.189028 2.329154 4.016441 2.599618
 1.709226 0.126674 1.122769 0.557805 1.59672  0.85309  0.19639  0.349827
 1.185379 0.19085  1.154515 0.955766 0.357702 0.04188  0.14498  0.416288
 2.590827 0.625379 0.387907 0.375205 0.532406 0.335231 4.300727 2.161731
 0.553678 0.215234 1.829206 0.28166  5.071059 1.016188 1.741883 0.824107
 0.146119 0.886515 1.434572 2.039688 1.105286 0.505351 0.192113]
   29 | [ 0.478732  2.32789   0.010362 -1.055353  0.186818 -0.237931  0.728378
 -1.09227   1.968046  0.225786 -1.346491 -0.1017    0.648197  0.890628
 -2.095523  1.078877 -0.593175 -0.042284 -0.067607 -0.95402  -0.082985
  0.693516  1.47754   0.771024 -0.341791  0.921028 -0.489508 -0.508082
 -0.152506  0.084329 -1.291529 -0.693373 -0.30041   0.496102 -0.49077
 -0.893374  1.308082  1.164834 -0.985713 -0.511238 -1.046716  0.143051
  0.368166 -0.123325 -0.990295 -0.473989  0.395794 -0.155784  0.228586
  0.401343  0.445038 -0.322183 -1.446722 -0.144214 -1.56925 ] | [-0.249043  3.014751  1.267933 -2.520626  0.747843 -0.292005 -0.962069
 -2.247932  2.455757  0.457076 -2.035427  3.206084  1.823971 -1.487243
  1.979639 -1.687547  1.119526  0.040088 -1.280966 -1.55465  -1.737464
  1.575848  1.68374   1.160931  0.848586  1.165561 -1.614626 -1.572107
 -0.469749  0.115406 -1.384151 -0.263722  2.337723 -0.122083 -0.107099
 -1.217864  0.704422  1.514668  3.403995 -2.782187 -1.606437 -0.068142
  2.189536 -0.4065    4.146017  0.531943 -1.466916  0.728278  0.080727
  1.304273 -1.021405  1.724632 -0.31399   0.329043 -1.810521] | [0.727775 0.686861 1.257571 1.465273 0.561025 0.054074 1.690447 1.155662
 0.487711 0.23129  0.688936 3.307784 1.175774 2.377871 4.075161 2.766425
 1.7127   0.082372 1.213359 0.60063  1.654479 0.882332 0.2062   0.389907
 1.190377 0.244533 1.125118 1.064026 0.317243 0.031077 0.092622 0.429651
 2.638133 0.618185 0.383671 0.32449  0.60366  0.349835 4.389708 2.270949
 0.559721 0.211193 1.82137  0.283174 5.136312 1.005932 1.86271  0.884061
 0.147858 0.902931 1.466443 2.046814 1.132732 0.473257 0.241271]
model built: True
num weights: 38
{'mae': [0.515958309173584, 0.3929654061794281, 0.3172627091407776, 0.2642127275466919, 0.22135521471500397, 0.1974591165781021, 0.16008836030960083, 0.17010244727134705, 0.16487562656402588, 0.1538332998752594, 0.1219157874584198, 0.1047910824418068, 0.15510207414627075, 0.15191732347011566, 0.14738920331001282, 0.09431368857622147, 0.08114618062973022, 0.07391905784606934, 0.06999713182449341, 0.06659787148237228, 0.062099240720272064, 0.058016642928123474, 0.05404280126094818, 0.05312180891633034, 0.05204949527978897, 0.05170435085892677, 0.04878288134932518, 0.2099023163318634, 0.20276813209056854, 0.20134051144123077], 'mse': [0.42225566506385803, 0.24477766454219818, 0.1625402867794037, 0.11450756341218948, 0.08087806403636932, 0.06434278190135956, 0.04340283200144768, 0.04781253635883331, 0.04479072988033295, 0.03897121548652649, 0.02492438815534115, 0.018714506179094315, 0.039184022694826126, 0.03757476434111595, 0.03531516343355179, 0.014364326372742653, 0.010680990293622017, 0.008872974663972855, 0.007962639443576336, 0.007222131825983524, 0.006284682545810938, 0.00549899460747838, 0.004789410624653101, 0.004623201675713062, 0.0044393097050487995, 0.004351199138909578, 0.003878568299114704, 0.07066464424133301, 0.0663953572511673, 0.065630704164505], 'loss': [0.6004626750946045, 0.30538198351860046, 0.18260693550109863, 0.12336380034685135, 0.0872071385383606, 0.07270443439483643, 0.04575969651341438, 0.054596107453107834, 0.046689797192811966, 0.04198940470814705, 0.026363493874669075, 0.018251683562994003, 0.04696785658597946, 0.038606543093919754, 0.03535753861069679, 0.01616116613149643, 0.010279610753059387, 0.008315234445035458, 0.007495290599763393, 0.0068925730884075165, 0.005722091533243656, 0.004888404160737991, 0.005245580337941647, 0.005091201514005661, 0.004968876019120216, 0.0037239601369947195, 0.0032572646159678698, 0.0831073597073555, 0.05356992781162262, 0.0494372621178627], 'val_loss': [0.42225566506385803, 0.24477766454219818, 0.1625402718782425, 0.11450756341218948, 0.08087804913520813, 0.06434278935194016, 0.04340282827615738, 0.047812532633543015, 0.04479072988033295, 0.03897121548652649, 0.02492438815534115, 0.018714506179094315, 0.039184022694826126, 0.03757476434111595, 0.03531516343355179, 0.014364326372742653, 0.010680989362299442, 0.008872974663972855, 0.007962639443576336, 0.007222131825983524, 0.006284682545810938, 0.005498994141817093, 0.004789410624653101, 0.004623201210051775, 0.0044393097050487995, 0.004351199138909578, 0.003878568299114704, 0.07066464424133301, 0.0663953572511673, 0.065630704164505], 'val_fr_phase_loss_5': [nan, 0.2789142429828644, nan, 0.1392938643693924, nan], 'val_fr_target_loss_50': [nan, 0.9411684274673462, nan, nan, 1.16926109790802, nan, 1.0052233934402466, nan, nan, 1.2346320152282715, nan, 1.0205810070037842, nan, nan, 1.2801064252853394, nan, 1.0037578344345093, nan, nan, 0.8897305130958557, nan, 0.9722849726676941, nan, nan, 0.8383934497833252, nan, 1.1217340230941772, nan, nan, 1.7619688510894775], 'val_fr_curve_loss_10': [nan, 0.34969377517700195, nan, nan, 0.18006037175655365, nan, 0.12799830734729767, nan, nan, 0.12247195094823837, nan, 0.10248730331659317, nan, nan, 0.12666097283363342, nan, 0.09123420715332031, nan, nan, 0.07790423929691315, nan, 0.08340182900428772, nan, nan, 0.06975976377725601, nan, 0.0855514407157898, nan, nan, 0.1689927577972412], 'val_fr_curve_loss_20': [nan, 0.531317412853241, nan, nan, 0.43264102935791016, nan, 0.313242644071579, nan, nan, 0.3488594591617584, nan, 0.2896840274333954, nan, nan, 0.3698009252548218, nan, 0.2740596830844879, nan, nan, 0.2359793484210968, nan, 0.26062047481536865, nan, nan, 0.21728406846523285, nan, 0.2880334258079529, nan, nan, 0.5210794806480408], 'val_fr_curve_loss_30': [nan, 0.6965606808662415, nan, nan, 0.7143878936767578, nan, 0.5482634902000427, nan, nan, 0.6413466930389404, nan, 0.5326874256134033, nan, nan, 0.6730270385742188, nan, 0.5149500966072083, nan, nan, 0.44759830832481384, nan, 0.49714693427085876, nan, nan, 0.41639527678489685, nan, 0.56397944688797, nan, nan, 0.9454284906387329], 'val_fr_curve_loss_50': [nan, 0.9305746555328369, nan, nan, 1.1501271724700928, nan, 1.0002087354660034, nan, nan, 1.2197245359420776, nan, 1.0096821784973145, nan, nan, 1.2587502002716064, nan, 0.9966206550598145, nan, nan, 0.8773239254951477, nan, 0.9706841707229614, nan, nan, 0.8221473097801208, nan, 1.1097887754440308, nan, nan, 1.7406293153762817], 'val_fr_phase_loss_12': [nan, 0.15433278679847717, nan, 0.17975394427776337, nan], 'val_fr_phase_loss_18': [nan, 0.24196410179138184, nan, 0.34776681661605835, nan], 'val_fr_phase_loss_25': [nan, 0.38631752133369446, nan, 0.33996960520744324, nan], 'val_fr_phase_loss_38': [nan, 0.6885366439819336, nan, 0.5958166122436523, nan], 'val_fr_phase_loss_50': [nan, 1.0965434312820435, nan, 1.9511076211929321, nan]}
Saved artifacts to: runs/tuning/full_seq_lstm_lvl1/trial_0002
