--- Number of Windows for Train = 9880
--- Number of Windows for Val = 3040
--- Number of Windows for Test = 2280
--- Curriculum = [5, 5, 12, 12, 18, 18, 25, 25, 38, 38, 50, 50]
--- fr_curve Outsteps = [10, 20, 30, 50]

--- Training: lstm_fullseq_30ep [LSTM/FC/FULL_SEQ]  ---

======================================================================
   PHASE 1/12: teacher_forcing
   Epochs: 2
   Learning Rate: 0.00045816469972127604
   Clipping Norm: 0.8698645886602424
   Horizon (train loss): 5
   Output timesteps (val_loss and fr_loss): 50
======================================================================

Epoch 1/30
309/309 ━━━━━━━━━━━━━━━━━━━━ 18s 39ms/step - mae: 0.1688 - mse: 0.0457 - loss: 0.2185 - val_loss: 0.0457
Epoch 2/30
309/309 ━━━━━━━━━━━━━━━━━━━━ 15s 48ms/step - mae: 0.1157 - mse: 0.0216 - loss: 0.0265 - val_loss: 0.0216 - val_fr_phase_loss_5: 0.0398 - val_fr_target_loss_50: 1.2228 - val_fr_curve_loss_10: 0.1029 - val_fr_curve_loss_20: 0.3381 - val_fr_curve_loss_30: 0.6459 - val_fr_curve_loss_50: 1.2046
[Optuna] trial=23 epoch=2 val_fr_phase_loss_5=0.0398418 | median=0.0621262 (n=20, p25=0.0485879, p75=0.223738) | margin=-0.0222844 (-35.87%)

======================================================================
   PHASE 2/12: masked_modeling
   Mask Prob: 0.1
   Mask Scope: time
   Mask Mode: constant
   Mask Value: 0.2
   Noise Sigma: None
   Noise Replace: False
   Epochs: 3
   Learning Rate: 0.00036653175977702083
   Clipping Norm: 0.7828781297942182
   Horizon (train loss): 5
   Output timesteps (val_loss and fr_loss): 50
======================================================================

Epoch 3/30
309/309 ━━━━━━━━━━━━━━━━━━━━ 11s 35ms/step - mae: 0.1131 - mse: 0.0207 - loss: 0.0251 - val_loss: 0.0207
Epoch 4/30
309/309 ━━━━━━━━━━━━━━━━━━━━ 14s 47ms/step - mae: 0.1032 - mse: 0.0174 - loss: 0.0188 - val_loss: 0.0174 - val_fr_phase_loss_5: 0.0290
[Optuna] trial=23 epoch=4 val_fr_phase_loss_5=0.0289865 | median=0.0361978 (n=20, p25=0.0324227, p75=0.108662) | margin=-0.00721128 (-19.92%)
Epoch 5/30
309/309 ━━━━━━━━━━━━━━━━━━━━ 14s 46ms/step - mae: 0.1015 - mse: 0.0167 - loss: 0.0151 - val_loss: 0.0167 - val_fr_target_loss_50: 0.9572 - val_fr_curve_loss_10: 0.0757 - val_fr_curve_loss_20: 0.2605 - val_fr_curve_loss_30: 0.5011 - val_fr_curve_loss_50: 0.9398

======================================================================
   PHASE 3/12: teacher_forcing
   Epochs: 2
   Learning Rate: 0.00045816469972127604
   Clipping Norm: 0.8698645886602424
   Horizon (train loss): 12
   Output timesteps (val_loss and fr_loss): 50
======================================================================

Epoch 6/30
309/309 ━━━━━━━━━━━━━━━━━━━━ 11s 35ms/step - mae: 0.0981 - mse: 0.0157 - loss: 0.0209 - val_loss: 0.0157
Epoch 7/30
309/309 ━━━━━━━━━━━━━━━━━━━━ 14s 46ms/step - mae: 0.0776 - mse: 0.0097 - loss: 0.0095 - val_loss: 0.0097 - val_fr_phase_loss_12: 0.1046 - val_fr_target_loss_50: 0.9934 - val_fr_curve_loss_10: 0.0744 - val_fr_curve_loss_20: 0.2579 - val_fr_curve_loss_30: 0.5032 - val_fr_curve_loss_50: 0.9758
[Optuna] trial=23 epoch=7 val_fr_phase_loss_12=0.10456 | median=0.155052 (n=20, p25=0.109765, p75=0.197505) | margin=-0.0504916 (-32.56%)

======================================================================
   PHASE 4/12: masked_modeling
   Mask Prob: 0.15
   Mask Scope: time
   Mask Mode: constant
   Mask Value: 0.2
   Noise Sigma: None
   Noise Replace: False
   Epochs: 3
   Learning Rate: 0.0003207152898048932
   Clipping Norm: 0.7393849003612061
   Horizon (train loss): 12
   Output timesteps (val_loss and fr_loss): 50
======================================================================

Epoch 8/30
309/309 ━━━━━━━━━━━━━━━━━━━━ 11s 36ms/step - mae: 0.1150 - mse: 0.0220 - loss: 0.0241 - val_loss: 0.0220
Epoch 9/30
309/309 ━━━━━━━━━━━━━━━━━━━━ 14s 47ms/step - mae: 0.1121 - mse: 0.0209 - loss: 0.0184 - val_loss: 0.0209 - val_fr_phase_loss_12: 0.0907
[Optuna] trial=23 epoch=9 val_fr_phase_loss_12=0.0906786 | median=0.120869 (n=20, p25=0.106621, p75=0.156854) | margin=-0.03019 (-24.98%)
Epoch 10/30
309/309 ━━━━━━━━━━━━━━━━━━━━ 14s 47ms/step - mae: 0.1075 - mse: 0.0192 - loss: 0.0161 - val_loss: 0.0192 - val_fr_target_loss_50: 0.8916 - val_fr_curve_loss_10: 0.0662 - val_fr_curve_loss_20: 0.2162 - val_fr_curve_loss_30: 0.4271 - val_fr_curve_loss_50: 0.8710

======================================================================
   PHASE 5/12: teacher_forcing
   Epochs: 2
   Learning Rate: 0.00045816469972127604
   Clipping Norm: 0.8698645886602424
   Horizon (train loss): 18
   Output timesteps (val_loss and fr_loss): 50
======================================================================

Epoch 11/30
309/309 ━━━━━━━━━━━━━━━━━━━━ 11s 35ms/step - mae: 0.0681 - mse: 0.0075 - loss: 0.0085 - val_loss: 0.0075
Epoch 12/30
309/309 ━━━━━━━━━━━━━━━━━━━━ 14s 47ms/step - mae: 0.0557 - mse: 0.0050 - loss: 0.0042 - val_loss: 0.0050 - val_fr_phase_loss_18: 0.2237 - val_fr_target_loss_50: 1.0571 - val_fr_curve_loss_10: 0.0680 - val_fr_curve_loss_20: 0.2764 - val_fr_curve_loss_30: 0.5511 - val_fr_curve_loss_50: 1.0370
[Optuna] trial=23 epoch=12 val_fr_phase_loss_18=0.223738 | median=0.267758 (n=20, p25=0.23188, p75=0.459394) | margin=-0.0440196 (-16.44%)

======================================================================
   PHASE 6/12: masked_modeling
   Mask Prob: 0.2
   Mask Scope: time
   Mask Mode: constant
   Mask Value: 0.2
   Noise Sigma: None
   Noise Replace: False
   Epochs: 3
   Learning Rate: 0.0002748988198327656
   Clipping Norm: 0.6958916709281939
   Horizon (train loss): 18
   Output timesteps (val_loss and fr_loss): 50
======================================================================

Epoch 13/30
309/309 ━━━━━━━━━━━━━━━━━━━━ 11s 35ms/step - mae: 0.1090 - mse: 0.0201 - loss: 0.0212 - val_loss: 0.0201
Epoch 14/30
309/309 ━━━━━━━━━━━━━━━━━━━━ 14s 46ms/step - mae: 0.1057 - mse: 0.0191 - loss: 0.0152 - val_loss: 0.0191 - val_fr_phase_loss_18: 0.1732
[Optuna] trial=23 epoch=14 val_fr_phase_loss_18=0.173179 | median=0.234368 (n=20, p25=0.205618, p75=0.34815) | margin=-0.0611889 (-26.11%)
Epoch 15/30
309/309 ━━━━━━━━━━━━━━━━━━━━ 14s 46ms/step - mae: 0.1014 - mse: 0.0178 - loss: 0.0131 - val_loss: 0.0178 - val_fr_target_loss_50: 0.8628 - val_fr_curve_loss_10: 0.0612 - val_fr_curve_loss_20: 0.2070 - val_fr_curve_loss_30: 0.4129 - val_fr_curve_loss_50: 0.8417

======================================================================
   PHASE 7/12: teacher_forcing
   Epochs: 2
   Learning Rate: 0.00045816469972127604
   Clipping Norm: 0.8698645886602424
   Horizon (train loss): 25
   Output timesteps (val_loss and fr_loss): 50
======================================================================

Epoch 16/30
309/309 ━━━━━━━━━━━━━━━━━━━━ 11s 34ms/step - mae: 0.0531 - mse: 0.0046 - loss: 0.0056 - val_loss: 0.0046
Epoch 17/30
309/309 ━━━━━━━━━━━━━━━━━━━━ 15s 48ms/step - mae: 0.0443 - mse: 0.0032 - loss: 0.0026 - val_loss: 0.0032 - val_fr_phase_loss_25: 0.4074 - val_fr_target_loss_50: 1.0360 - val_fr_curve_loss_10: 0.0658 - val_fr_curve_loss_20: 0.2793 - val_fr_curve_loss_30: 0.5541 - val_fr_curve_loss_50: 1.0146
[Optuna] trial=23 epoch=17 val_fr_phase_loss_25=0.407372 | median=0.462788 (n=20, p25=0.396257, p75=0.700143) | margin=-0.0554152 (-11.97%)

======================================================================
   PHASE 8/12: masked_modeling
   Mask Prob: 0.2
   Mask Scope: time
   Mask Mode: noise
   Mask Value: None
   Noise Sigma: 0.1
   Noise Replace: False
   Epochs: 3
   Learning Rate: 0.00022908234986063802
   Clipping Norm: 0.6523984414951818
   Horizon (train loss): 25
   Output timesteps (val_loss and fr_loss): 50
======================================================================

Epoch 18/30
309/309 ━━━━━━━━━━━━━━━━━━━━ 11s 35ms/step - mae: 0.0404 - mse: 0.0027 - loss: 0.0028 - val_loss: 0.0027
Epoch 19/30
309/309 ━━━━━━━━━━━━━━━━━━━━ 15s 47ms/step - mae: 0.0396 - mse: 0.0026 - loss: 0.0027 - val_loss: 0.0026 - val_fr_phase_loss_25: 0.2751
[Optuna] trial=23 epoch=19 val_fr_phase_loss_25=0.275101 | median=0.31397 (n=20, p25=0.278595, p75=0.344522) | margin=-0.0388687 (-12.38%)
Epoch 20/30
309/309 ━━━━━━━━━━━━━━━━━━━━ 15s 47ms/step - mae: 0.0393 - mse: 0.0025 - loss: 0.0026 - val_loss: 0.0025 - val_fr_target_loss_50: 0.7752 - val_fr_curve_loss_10: 0.0435 - val_fr_curve_loss_20: 0.1808 - val_fr_curve_loss_30: 0.3816 - val_fr_curve_loss_50: 0.7716

======================================================================
   PHASE 9/12: teacher_forcing
   Epochs: 2
   Learning Rate: 0.00045816469972127604
   Clipping Norm: 0.8698645886602424
   Horizon (train loss): 38
   Output timesteps (val_loss and fr_loss): 50
======================================================================

Epoch 21/30
309/309 ━━━━━━━━━━━━━━━━━━━━ 11s 35ms/step - mae: 0.0389 - mse: 0.0025 - loss: 0.0022 - val_loss: 0.0025
Epoch 22/30
309/309 ━━━━━━━━━━━━━━━━━━━━ 14s 47ms/step - mae: 0.0351 - mse: 0.0020 - loss: 0.0016 - val_loss: 0.0020 - val_fr_phase_loss_38: 0.8439 - val_fr_target_loss_50: 1.1031 - val_fr_curve_loss_10: 0.0710 - val_fr_curve_loss_20: 0.3208 - val_fr_curve_loss_30: 0.6272 - val_fr_curve_loss_50: 1.0942
[Optuna] trial=23 epoch=22 val_fr_phase_loss_38=0.843942 | median=0.885217 (n=20, p25=0.770326, p75=1.15301) | margin=-0.0412758 (-4.66%)

======================================================================
   PHASE 10/12: masked_modeling
   Mask Prob: 0.25
   Mask Scope: time
   Mask Mode: noise
   Mask Value: None
   Noise Sigma: 0.1
   Noise Replace: False
   Epochs: 3
   Learning Rate: 0.00018326587988851042
   Clipping Norm: 0.6089052120621696
   Horizon (train loss): 38
   Output timesteps (val_loss and fr_loss): 50
======================================================================

Epoch 23/30
309/309 ━━━━━━━━━━━━━━━━━━━━ 11s 35ms/step - mae: 0.0338 - mse: 0.0019 - loss: 0.0026 - val_loss: 0.0019
Epoch 24/30
309/309 ━━━━━━━━━━━━━━━━━━━━ 14s 47ms/step - mae: 0.0337 - mse: 0.0019 - loss: 0.0024 - val_loss: 0.0019 - val_fr_phase_loss_38: 0.4867
[Optuna] trial=23 epoch=24 val_fr_phase_loss_38=0.486658 | median=0.558513 (n=20, p25=0.500261, p75=0.581285) | margin=-0.071855 (-12.87%)
Epoch 25/30
309/309 ━━━━━━━━━━━━━━━━━━━━ 14s 46ms/step - mae: 0.0336 - mse: 0.0019 - loss: 0.0023 - val_loss: 0.0019 - val_fr_target_loss_50: 0.7138 - val_fr_curve_loss_10: 0.0352 - val_fr_curve_loss_20: 0.1508 - val_fr_curve_loss_30: 0.3334 - val_fr_curve_loss_50: 0.7085

======================================================================
   PHASE 11/12: teacher_forcing
   Epochs: 2
   Learning Rate: 0.00045816469972127604
   Clipping Norm: 0.8698645886602424
   Horizon (train loss): 50
   Output timesteps (val_loss and fr_loss): 50
======================================================================

Epoch 26/30
309/309 ━━━━━━━━━━━━━━━━━━━━ 11s 35ms/step - mae: 0.0337 - mse: 0.0019 - loss: 0.0018 - val_loss: 0.0019
Epoch 27/30
309/309 ━━━━━━━━━━━━━━━━━━━━ 14s 47ms/step - mae: 0.0292 - mse: 0.0014 - loss: 0.0012 - val_loss: 0.0014 - val_fr_phase_loss_50: 1.1948 - val_fr_target_loss_50: 1.1889 - val_fr_curve_loss_10: 0.0670 - val_fr_curve_loss_20: 0.3272 - val_fr_curve_loss_30: 0.6644 - val_fr_curve_loss_50: 1.1877
[Optuna] trial=23 epoch=27 val_fr_phase_loss_50=1.1948 | median=1.20651 (n=20, p25=1.01268, p75=1.53238) | margin=-0.011708 (-0.97%)

======================================================================
   PHASE 12/12: masked_modeling
   Mask Prob: 0.25
   Mask Scope: time
   Mask Mode: noise
   Mask Value: None
   Noise Sigma: 0.1
   Noise Replace: True
   Epochs: 3
   Learning Rate: 0.00016493929189965938
   Clipping Norm: 0.5654119826291576
   Horizon (train loss): 50
   Output timesteps (val_loss and fr_loss): 50
======================================================================

Epoch 28/30
309/309 ━━━━━━━━━━━━━━━━━━━━ 11s 35ms/step - mae: 0.1241 - mse: 0.0258 - loss: 0.0342 - val_loss: 0.0258
Epoch 29/30
309/309 ━━━━━━━━━━━━━━━━━━━━ 14s 46ms/step - mae: 0.1120 - mse: 0.0209 - loss: 0.0191 - val_loss: 0.0209 - val_fr_phase_loss_50: 0.7484
[Optuna] trial=23 epoch=29 val_fr_phase_loss_50=0.748372 | median=1.01665 (n=20, p25=0.847968, p75=1.22154) | margin=-0.268278 (-26.39%)
Epoch 30/30
309/309 ━━━━━━━━━━━━━━━━━━━━ 14s 46ms/step - mae: 0.1054 - mse: 0.0185 - loss: 0.0159 - val_loss: 0.0185 - val_fr_target_loss_50: 0.7243 - val_fr_curve_loss_10: 0.0493 - val_fr_curve_loss_20: 0.1636 - val_fr_curve_loss_30: 0.3361 - val_fr_curve_loss_50: 0.7206
Final loss: 0.0159
Predicting all test samples in free_running mode...
  X shape: (2280, 200, 55)
  Y shape: (2280, 50, 55)
  Pred shape: (2280, 50, 55)

 step | target                | pred                  | abs_err
------|-----------------------|-----------------------|----------------------
   25 | [ 4.139746e-01  2.252291e+00  7.680922e-02 -1.082321e+00  1.330184e-01
 -2.749080e-01  6.398940e-01 -1.222357e+00  1.964076e+00  2.024013e-01
 -1.249584e+00  1.684962e-01  6.261574e-01  7.681609e-01 -1.833026e+00
  4.305243e-01 -6.649562e-01  3.213241e-02 -4.315943e-01 -9.406051e-01
 -3.335454e-01  8.885246e-01  1.287808e+00  7.899810e-01 -2.762157e-01
  1.005897e+00 -2.825402e-01 -5.396542e-01 -1.754732e-01  2.526159e-01
 -1.215466e+00 -7.651589e-01 -1.200358e-01  4.952903e-01 -4.308359e-01
 -7.325999e-01  1.170439e+00  1.235309e+00 -8.311886e-01 -7.979621e-01
 -9.821695e-01  2.076884e-01  3.238765e-01 -1.923588e-01 -4.145486e-01
 -3.828006e-01 -3.487313e-02  1.245124e-03  1.581712e-01  5.641804e-01
  2.155083e-01 -1.144052e-01 -1.354365e+00 -3.214316e-01 -1.550427e+00] | [ 0.76958   2.166363 -0.255222 -1.040663 -0.268095 -0.531608  0.126438
 -1.369115  2.468363 -0.068462 -1.457084  2.684685  0.215001 -1.078733
  1.211969 -0.60569   0.598767 -0.373747 -1.761852 -0.768876 -1.034011
  1.192075  0.775723  0.213384  0.577557  1.182281 -0.723221 -0.620135
 -0.737604  0.301246 -0.500871 -0.069831  0.521313  0.051058 -0.316753
  0.265284  0.449102  0.792085  0.178684 -0.112494 -0.372071  1.070834
  1.01596  -0.966526  2.815064  0.31035   0.839697  0.296378 -0.15072
  0.77749  -2.290173  1.298034 -0.991187  0.492045 -0.914752] | [0.355605 0.085928 0.332031 0.041659 0.401113 0.2567   0.513456 0.146758
 0.504287 0.270864 0.2075   2.516189 0.411156 1.846894 3.044995 1.036214
 1.263723 0.40588  1.330257 0.171729 0.700466 0.30355  0.512084 0.576597
 0.853773 0.176384 0.44068  0.080481 0.562131 0.04863  0.714595 0.695328
 0.641348 0.444233 0.114083 0.997884 0.721337 0.443223 1.009873 0.685468
 0.610098 0.863146 0.692084 0.774167 3.229613 0.69315  0.87457  0.295133
 0.308891 0.21331  2.505682 1.412439 0.363178 0.813477 0.635675]
   26 | [ 0.433902  2.276946  0.062718 -1.073421  0.149295 -0.261739  0.66411
 -1.190588  1.970693  0.211786 -1.280325  0.091743  0.630177  0.811665
 -1.905444  0.590891 -0.648677  0.010101 -0.341095 -0.950394 -0.271225
  0.842781  1.340023  0.789891 -0.296955  0.983707 -0.332591 -0.535192
 -0.171397  0.217021 -1.236176 -0.75049  -0.169815  0.501318 -0.449502
 -0.772153  1.203705  1.218394 -0.873595 -0.731515 -1.003057  0.192291
  0.338178 -0.172599 -0.562203 -0.409968  0.071482 -0.035004  0.178969
  0.522649  0.281281 -0.172402 -1.38113  -0.280718 -1.561255] | [ 0.784807  2.178242 -0.263169 -1.01529  -0.260114 -0.509763  0.145858
 -1.347692  2.488721 -0.059855 -1.485316  2.692592  0.159835 -1.071996
  1.226732 -0.525389  0.63224  -0.433974 -1.752156 -0.776791 -1.048821
  1.183914  0.781683  0.208181  0.559128  1.196614 -0.747393 -0.629447
 -0.762494  0.294195 -0.49471  -0.021877  0.497167  0.034397 -0.350645
  0.276952  0.395584  0.795431  0.169747 -0.052368 -0.396265  1.100563
  1.037727 -0.984314  2.773055  0.264832  0.883988  0.271165 -0.174331
  0.730303 -2.309102  1.263546 -1.010846  0.518107 -0.927069] | [0.350904 0.098704 0.325887 0.058131 0.409409 0.248025 0.518252 0.157104
 0.518028 0.271642 0.204991 2.600849 0.470342 1.883662 3.132176 1.116281
 1.280918 0.444075 1.411061 0.173603 0.777596 0.341133 0.558341 0.581709
 0.856084 0.212907 0.414802 0.094255 0.591097 0.077173 0.741466 0.728612
 0.666982 0.466921 0.098857 1.049106 0.808121 0.422963 1.043342 0.679147
 0.606791 0.908272 0.699549 0.811716 3.335258 0.674799 0.812506 0.306169
 0.3533   0.207655 2.590383 1.435948 0.370284 0.798825 0.634186]
   27 | [ 0.45137   2.29779   0.046898 -1.065959  0.163722 -0.251176  0.686906
 -1.158318  1.973541  0.218812 -1.306769  0.020961  0.635355  0.846673
 -1.973424  0.752938 -0.63128  -0.009811 -0.250043 -0.95588  -0.208485
  0.794828  1.389242  0.786713 -0.314912  0.961981 -0.384025 -0.528408
 -0.166389  0.176889 -1.255981 -0.733755 -0.216556  0.503603 -0.465744
 -0.812322  1.237801  1.200935 -0.913572 -0.661274 -1.020813  0.176508
  0.350492 -0.15451  -0.707661 -0.434216  0.179125 -0.073381  0.197581
  0.481679  0.341621 -0.226467 -1.405437 -0.237464 -1.567991] | [ 0.79875   2.187507 -0.269886 -0.990434 -0.253068 -0.487904  0.165511
 -1.325206  2.505501 -0.052743 -1.509616  2.699749  0.103724 -1.066302
  1.240186 -0.444726  0.662705 -0.493325 -1.740311 -0.783709 -1.065504
  1.173179  0.786467  0.203976  0.540202  1.212127 -0.768986 -0.639543
 -0.788863  0.284931 -0.490136  0.025237  0.473712  0.018909 -0.382899
  0.288354  0.34176   0.798499  0.159313  0.01015  -0.420353  1.132081
  1.057156 -1.001513  2.728115  0.218766  0.926632  0.243466 -0.201133
  0.68272  -2.328331  1.228422 -1.028356  0.54275  -0.937403] | [0.347381 0.110282 0.316784 0.075525 0.416791 0.236728 0.521395 0.166888
 0.53196  0.271554 0.202847 2.678788 0.531631 1.912974 3.21361  1.197664
 1.293985 0.483513 1.490268 0.172171 0.857019 0.378351 0.602775 0.582738
 0.855114 0.250146 0.384961 0.111135 0.622474 0.108042 0.765846 0.758992
 0.690268 0.484694 0.082845 1.100676 0.896041 0.402436 1.072884 0.671423
 0.60046  0.955573 0.706664 0.847002 3.435776 0.652982 0.747508 0.316846
 0.398714 0.201041 2.669952 1.45489  0.377081 0.780214 0.630588]
   28 | [ 0.466327  2.314783  0.029422 -1.059933  0.176249 -0.243234  0.708319
 -1.125542  1.97265   0.223477 -1.328843 -0.043589  0.641445  0.873025
 -2.036825  0.915869 -0.612772 -0.027353 -0.158771 -0.957077 -0.145636
  0.744967  1.435167  0.780424 -0.32991   0.940997 -0.436465 -0.519352
 -0.160183  0.132539 -1.274543 -0.714768 -0.260126  0.501926 -0.479514
 -0.852827  1.272629  1.183048 -0.950983 -0.587688 -1.035382  0.160153
  0.360566 -0.138091 -0.850494 -0.455552  0.287429 -0.113708  0.214089
  0.44125   0.396277 -0.27644  -1.427296 -0.191884 -1.570648] | [ 0.811142  2.193717 -0.274812 -0.965842 -0.246951 -0.466127  0.18483
 -1.30144   2.518488 -0.046885 -1.530119  2.705424  0.04715  -1.061395
  1.252129 -0.364069  0.690119 -0.551742 -1.726317 -0.789772 -1.083692
  1.159736  0.790223  0.200307  0.520843  1.228259 -0.787677 -0.650012
 -0.816703  0.273897 -0.486797  0.071697  0.450666  0.005219 -0.413483
  0.298766  0.287973  0.800825  0.147768  0.07497  -0.444263  1.164954
  1.073948 -1.017572  2.680213  0.172774  0.967828  0.213568 -0.230939
  0.634542 -2.347018  1.192899 -1.043609  0.566278 -0.945623] | [0.344814 0.121066 0.304235 0.094091 0.4232   0.222893 0.523489 0.175898
 0.545838 0.270361 0.201276 2.749013 0.594295 1.93442  3.288954 1.279939
 1.302892 0.52439  1.567545 0.167305 0.938056 0.41477  0.644944 0.580117
 0.850754 0.287261 0.351212 0.13066  0.65652  0.141357 0.787746 0.786465
 0.710792 0.496706 0.06603  1.151593 0.984656 0.382223 1.098751 0.662658
 0.59112  1.004801 0.713382 0.879481 3.530708 0.628326 0.680399 0.327276
 0.445029 0.193292 2.743295 1.46934  0.383687 0.758162 0.625025]
   29 | [ 0.478732  2.32789   0.010362 -1.055353  0.186818 -0.237931  0.728378
 -1.09227   1.968046  0.225786 -1.346491 -0.1017    0.648197  0.890628
 -2.095523  1.078877 -0.593175 -0.042284 -0.067607 -0.95402  -0.082985
  0.693516  1.47754   0.771024 -0.341791  0.921028 -0.489508 -0.508082
 -0.152506  0.084329 -1.291529 -0.693373 -0.30041   0.496102 -0.49077
 -0.893374  1.308082  1.164834 -0.985713 -0.511238 -1.046716  0.143051
  0.368166 -0.123325 -0.990295 -0.473989  0.395794 -0.155784  0.228586
  0.401343  0.445038 -0.322183 -1.446722 -0.144214 -1.56925 ] | [ 0.821618  2.196361 -0.277273 -0.941242 -0.241774 -0.444585  0.203105
 -1.276173  2.527519 -0.041865 -1.547102  2.708748 -0.009305 -1.05704
  1.262368 -0.283861  0.714542 -0.609255 -1.71028  -0.795181 -1.10297
  1.143477  0.793135  0.196539  0.501099  1.244276 -0.803132 -0.660312
 -0.846008  0.261632 -0.484216  0.117781  0.427654 -0.005968 -0.442369
  0.307291  0.234556  0.801926  0.135629  0.141922 -0.467934  1.198697
  1.087774 -1.031929  2.629435  0.127645  1.007895  0.181905 -0.263555
  0.585535 -2.364179  1.157311 -1.056551  0.589111 -0.951672] | [0.342887 0.131529 0.287635 0.114112 0.428592 0.206654 0.525273 0.183903
 0.559473 0.26765  0.200612 2.810448 0.657502 1.947668 3.357891 1.362738
 1.307717 0.56697  1.642673 0.158839 1.019985 0.449961 0.684406 0.574485
 0.84289  0.323248 0.313624 0.15223  0.693502 0.177302 0.807314 0.811154
 0.728064 0.50207  0.048401 1.200665 1.073526 0.362908 1.121342 0.65316
 0.578782 1.055646 0.719608 0.908604 3.61973  0.601634 0.612101 0.337689
 0.49214  0.184192 2.809217 1.479493 0.390171 0.733325 0.617578]
model built: True
num weights: 38
{'mae': [0.16876395046710968, 0.1156763806939125, 0.11306905001401901, 0.10321132093667984, 0.10151909291744232, 0.09810557961463928, 0.07758637517690659, 0.11504568159580231, 0.11210200935602188, 0.10753240436315536, 0.06814111769199371, 0.05566782131791115, 0.10904555022716522, 0.10565890371799469, 0.10142014920711517, 0.053074534982442856, 0.04429301247000694, 0.040375061333179474, 0.0396299734711647, 0.03927870839834213, 0.03885401785373688, 0.03510945290327072, 0.03378995880484581, 0.03374491259455681, 0.03356066718697548, 0.03368605673313141, 0.029241718351840973, 0.12405428290367126, 0.11204251646995544, 0.10542773455381393], 'mse': [0.04569142311811447, 0.021638503298163414, 0.020680047571659088, 0.01736653596162796, 0.01669912412762642, 0.015744648873806, 0.009732075035572052, 0.021990502253174782, 0.020872564986348152, 0.019211294129490852, 0.007476413156837225, 0.004990952555090189, 0.02012377604842186, 0.019135627895593643, 0.017845064401626587, 0.004565761424601078, 0.003198529127985239, 0.0026818118058145046, 0.002586998278275132, 0.002536993706598878, 0.002459353767335415, 0.0020184461027383804, 0.0018898819107562304, 0.0018852759385481477, 0.0018616141751408577, 0.0018634236184880137, 0.0014114276273176074, 0.025756556540727615, 0.02092481032013893, 0.018473681062459946], 'loss': [0.21845902502536774, 0.026537522673606873, 0.025082938373088837, 0.018773866817355156, 0.015060344710946083, 0.0209257323294878, 0.009531021118164062, 0.024084806442260742, 0.018389619886875153, 0.016067609190940857, 0.008474200032651424, 0.0041650328785181046, 0.021205583587288857, 0.015236812643706799, 0.013127855025231838, 0.005622078664600849, 0.0025843502953648567, 0.0028183411341160536, 0.0026772196870297194, 0.002590357093140483, 0.0021821106784045696, 0.00161751511041075, 0.002580281812697649, 0.00240155728533864, 0.0023291115649044514, 0.00176760193426162, 0.0011911301407963037, 0.0342404767870903, 0.01908106543123722, 0.015915533527731895], 'val_loss': [0.04569142311811447, 0.021638503298163414, 0.020680047571659088, 0.01736653596162796, 0.01669912412762642, 0.015744648873806, 0.009732075035572052, 0.021990502253174782, 0.020872564986348152, 0.019211295992136, 0.007476413156837225, 0.004990952555090189, 0.02012377604842186, 0.019135627895593643, 0.017845064401626587, 0.004565761424601078, 0.0031985288951545954, 0.002681812271475792, 0.0025869980454444885, 0.0025369939394295216, 0.002459353767335415, 0.0020184461027383804, 0.001889882143586874, 0.0018852759385481477, 0.0018616141751408577, 0.0018634236184880137, 0.0014114277437329292, 0.025756556540727615, 0.02092481032013893, 0.018473681062459946], 'val_fr_phase_loss_5': [nan, 0.039841800928115845, nan, 0.028986528515815735, nan], 'val_fr_target_loss_50': [nan, 1.2228089570999146, nan, nan, 0.9571554660797119, nan, 0.9933562874794006, nan, nan, 0.8915979862213135, nan, 1.0570979118347168, nan, nan, 0.8627884387969971, nan, 1.0360416173934937, nan, nan, 0.7752233147621155, nan, 1.1031146049499512, nan, nan, 0.713789701461792, nan, 1.1888645887374878, nan, nan, 0.7243197560310364], 'val_fr_curve_loss_10': [nan, 0.10289403051137924, nan, nan, 0.07571413367986679, nan, 0.07437711954116821, nan, nan, 0.06622961908578873, nan, 0.0680025964975357, nan, nan, 0.0611971914768219, nan, 0.06581375747919083, nan, nan, 0.0434972308576107, nan, 0.07104069739580154, nan, nan, 0.03520034998655319, nan, 0.0670279711484909, nan, nan, 0.04925311356782913], 'val_fr_curve_loss_20': [nan, 0.3381442725658417, nan, nan, 0.2605333626270294, nan, 0.25794124603271484, nan, nan, 0.21620404720306396, nan, 0.27638906240463257, nan, nan, 0.20701119303703308, nan, 0.27928608655929565, nan, nan, 0.18081225454807281, nan, 0.32076552510261536, nan, nan, 0.15081077814102173, nan, 0.32718655467033386, nan, nan, 0.1636466681957245], 'val_fr_curve_loss_30': [nan, 0.6458500623703003, nan, nan, 0.501146137714386, nan, 0.5032071471214294, nan, nan, 0.4270657002925873, nan, 0.5511475801467896, nan, nan, 0.4128919243812561, nan, 0.554144024848938, nan, nan, 0.38160082697868347, nan, 0.6272421479225159, nan, nan, 0.3334200978279114, nan, 0.6644214391708374, nan, nan, 0.33611148595809937], 'val_fr_curve_loss_50': [nan, 1.2045987844467163, nan, nan, 0.939831018447876, nan, 0.9758381843566895, nan, nan, 0.8710319399833679, nan, 1.0369988679885864, nan, nan, 0.8417242169380188, nan, 1.0146108865737915, nan, nan, 0.7715786695480347, nan, 1.0942378044128418, nan, nan, 0.7084718346595764, nan, 1.1876943111419678, nan, nan, 0.720649778842926], 'val_fr_phase_loss_12': [nan, 0.10456029325723648, nan, 0.09067855775356293, nan], 'val_fr_phase_loss_18': [nan, 0.22373831272125244, nan, 0.17317935824394226, nan], 'val_fr_phase_loss_25': [nan, 0.4073724150657654, nan, 0.2751011252403259, nan], 'val_fr_phase_loss_38': [nan, 0.8439415693283081, nan, 0.48665785789489746, nan], 'val_fr_phase_loss_50': [nan, 1.1948044300079346, nan, 0.7483723759651184, nan]}
Saved artifacts to: runs/tuning/full_seq_lstm_lvl1/trial_0023
