--- Number of Windows for Train = 9880
--- Number of Windows for Val = 3040
--- Number of Windows for Test = 2280
--- Curriculum = [5, 5, 12, 12, 18, 18, 25, 25, 38, 38, 50, 50]
--- fr_curve Outsteps = [10, 20, 30, 50]

--- Training: lstm_fullseq_30ep [LSTM/FC/FULL_SEQ]  ---

======================================================================
   PHASE 1/12: teacher_forcing
   Epochs: 2
   Learning Rate: 0.0004959476665921214
   Clipping Norm: 1.460035586837448
   Horizon (train loss): 5
   Output timesteps (val_loss and fr_loss): 50
======================================================================

Epoch 1/30
309/309 ━━━━━━━━━━━━━━━━━━━━ 18s 39ms/step - mae: 0.1629 - mse: 0.0426 - loss: 0.2098 - val_loss: 0.0426
Epoch 2/30
309/309 ━━━━━━━━━━━━━━━━━━━━ 15s 48ms/step - mae: 0.1143 - mse: 0.0211 - loss: 0.0252 - val_loss: 0.0211 - val_fr_phase_loss_5: 0.0402 - val_fr_target_loss_50: 1.2195 - val_fr_curve_loss_10: 0.1040 - val_fr_curve_loss_20: 0.3377 - val_fr_curve_loss_30: 0.6436 - val_fr_curve_loss_50: 1.2026
[Optuna] trial=20 epoch=2 val_fr_phase_loss_5=0.0402351 | median=0.0671088 (n=18, p25=0.0498426, p75=0.260522) | margin=-0.0268738 (-40.05%)

======================================================================
   PHASE 2/12: masked_modeling
   Mask Prob: 0.1
   Mask Scope: time
   Mask Mode: constant
   Mask Value: 0.2
   Noise Sigma: None
   Noise Replace: False
   Epochs: 3
   Learning Rate: 0.00039675813327369713
   Clipping Norm: 1.3140320281537032
   Horizon (train loss): 5
   Output timesteps (val_loss and fr_loss): 50
======================================================================

Epoch 3/30
309/309 ━━━━━━━━━━━━━━━━━━━━ 11s 34ms/step - mae: 0.1124 - mse: 0.0204 - loss: 0.0249 - val_loss: 0.0204
Epoch 4/30
309/309 ━━━━━━━━━━━━━━━━━━━━ 14s 46ms/step - mae: 0.1031 - mse: 0.0173 - loss: 0.0186 - val_loss: 0.0173 - val_fr_phase_loss_5: 0.0291
[Optuna] trial=20 epoch=4 val_fr_phase_loss_5=0.0291353 | median=0.0370184 (n=18, p25=0.0329755, p75=0.129083) | margin=-0.00788312 (-21.30%)
Epoch 5/30
309/309 ━━━━━━━━━━━━━━━━━━━━ 14s 46ms/step - mae: 0.1004 - mse: 0.0164 - loss: 0.0148 - val_loss: 0.0164 - val_fr_target_loss_50: 0.9375 - val_fr_curve_loss_10: 0.0752 - val_fr_curve_loss_20: 0.2578 - val_fr_curve_loss_30: 0.4932 - val_fr_curve_loss_50: 0.9204

======================================================================
   PHASE 3/12: teacher_forcing
   Epochs: 2
   Learning Rate: 0.0004959476665921214
   Clipping Norm: 1.460035586837448
   Horizon (train loss): 12
   Output timesteps (val_loss and fr_loss): 50
======================================================================

Epoch 6/30
309/309 ━━━━━━━━━━━━━━━━━━━━ 11s 34ms/step - mae: 0.0963 - mse: 0.0152 - loss: 0.0206 - val_loss: 0.0152
Epoch 7/30
309/309 ━━━━━━━━━━━━━━━━━━━━ 14s 46ms/step - mae: 0.0759 - mse: 0.0093 - loss: 0.0091 - val_loss: 0.0093 - val_fr_phase_loss_12: 0.1085 - val_fr_target_loss_50: 1.0254 - val_fr_curve_loss_10: 0.0771 - val_fr_curve_loss_20: 0.2697 - val_fr_curve_loss_30: 0.5236 - val_fr_curve_loss_50: 1.0048
[Optuna] trial=20 epoch=7 val_fr_phase_loss_12=0.108462 | median=0.157386 (n=18, p25=0.123686, p75=0.198116) | margin=-0.048924 (-31.09%)

======================================================================
   PHASE 4/12: masked_modeling
   Mask Prob: 0.15
   Mask Scope: time
   Mask Mode: constant
   Mask Value: 0.2
   Noise Sigma: None
   Noise Replace: False
   Epochs: 3
   Learning Rate: 0.00034716336661448497
   Clipping Norm: 1.2410302488118308
   Horizon (train loss): 12
   Output timesteps (val_loss and fr_loss): 50
======================================================================

Epoch 8/30
309/309 ━━━━━━━━━━━━━━━━━━━━ 11s 35ms/step - mae: 0.1147 - mse: 0.0219 - loss: 0.0239 - val_loss: 0.0219
Epoch 9/30
309/309 ━━━━━━━━━━━━━━━━━━━━ 14s 46ms/step - mae: 0.1114 - mse: 0.0206 - loss: 0.0180 - val_loss: 0.0206 - val_fr_phase_loss_12: 0.0915
[Optuna] trial=20 epoch=9 val_fr_phase_loss_12=0.0914831 | median=0.127242 (n=18, p25=0.111786, p75=0.172121) | margin=-0.035759 (-28.10%)
Epoch 10/30
309/309 ━━━━━━━━━━━━━━━━━━━━ 14s 46ms/step - mae: 0.1060 - mse: 0.0187 - loss: 0.0157 - val_loss: 0.0187 - val_fr_target_loss_50: 0.8869 - val_fr_curve_loss_10: 0.0661 - val_fr_curve_loss_20: 0.2158 - val_fr_curve_loss_30: 0.4257 - val_fr_curve_loss_50: 0.8667

======================================================================
   PHASE 5/12: teacher_forcing
   Epochs: 2
   Learning Rate: 0.0004959476665921214
   Clipping Norm: 1.460035586837448
   Horizon (train loss): 18
   Output timesteps (val_loss and fr_loss): 50
======================================================================

Epoch 11/30
309/309 ━━━━━━━━━━━━━━━━━━━━ 11s 34ms/step - mae: 0.0668 - mse: 0.0072 - loss: 0.0081 - val_loss: 0.0072
Epoch 12/30
309/309 ━━━━━━━━━━━━━━━━━━━━ 14s 46ms/step - mae: 0.0540 - mse: 0.0047 - loss: 0.0039 - val_loss: 0.0047 - val_fr_phase_loss_18: 0.2329 - val_fr_target_loss_50: 1.0757 - val_fr_curve_loss_10: 0.0699 - val_fr_curve_loss_20: 0.2863 - val_fr_curve_loss_30: 0.5673 - val_fr_curve_loss_50: 1.0568
[Optuna] trial=20 epoch=12 val_fr_phase_loss_18=0.232884 | median=0.296246 (n=18, p25=0.233358, p75=0.462981) | margin=-0.0633625 (-21.39%)

======================================================================
   PHASE 6/12: masked_modeling
   Mask Prob: 0.2
   Mask Scope: time
   Mask Mode: constant
   Mask Value: 0.2
   Noise Sigma: None
   Noise Replace: False
   Epochs: 3
   Learning Rate: 0.0002975685999552728
   Clipping Norm: 1.1680284694699583
   Horizon (train loss): 18
   Output timesteps (val_loss and fr_loss): 50
======================================================================

Epoch 13/30
309/309 ━━━━━━━━━━━━━━━━━━━━ 11s 35ms/step - mae: 0.1068 - mse: 0.0193 - loss: 0.0205 - val_loss: 0.0193
Epoch 14/30
309/309 ━━━━━━━━━━━━━━━━━━━━ 14s 46ms/step - mae: 0.1035 - mse: 0.0184 - loss: 0.0146 - val_loss: 0.0184 - val_fr_phase_loss_18: 0.1764
[Optuna] trial=20 epoch=14 val_fr_phase_loss_18=0.176414 | median=0.237369 (n=18, p25=0.218249, p75=0.348916) | margin=-0.0609545 (-25.68%)
Epoch 15/30
309/309 ━━━━━━━━━━━━━━━━━━━━ 14s 46ms/step - mae: 0.0989 - mse: 0.0170 - loss: 0.0125 - val_loss: 0.0170 - val_fr_target_loss_50: 0.8780 - val_fr_curve_loss_10: 0.0622 - val_fr_curve_loss_20: 0.2116 - val_fr_curve_loss_30: 0.4218 - val_fr_curve_loss_50: 0.8567

======================================================================
   PHASE 7/12: teacher_forcing
   Epochs: 2
   Learning Rate: 0.0004959476665921214
   Clipping Norm: 1.460035586837448
   Horizon (train loss): 25
   Output timesteps (val_loss and fr_loss): 50
======================================================================

Epoch 16/30
309/309 ━━━━━━━━━━━━━━━━━━━━ 11s 34ms/step - mae: 0.0515 - mse: 0.0043 - loss: 0.0054 - val_loss: 0.0043
Epoch 17/30
309/309 ━━━━━━━━━━━━━━━━━━━━ 14s 46ms/step - mae: 0.0431 - mse: 0.0030 - loss: 0.0024 - val_loss: 0.0030 - val_fr_phase_loss_25: 0.4205 - val_fr_target_loss_50: 1.0492 - val_fr_curve_loss_10: 0.0684 - val_fr_curve_loss_20: 0.2890 - val_fr_curve_loss_30: 0.5673 - val_fr_curve_loss_50: 1.0286
[Optuna] trial=20 epoch=17 val_fr_phase_loss_25=0.420484 | median=0.526443 (n=18, p25=0.389631, p75=0.701735) | margin=-0.10596 (-20.13%)

======================================================================
   PHASE 8/12: masked_modeling
   Mask Prob: 0.2
   Mask Scope: time
   Mask Mode: noise
   Mask Value: None
   Noise Sigma: 0.1
   Noise Replace: False
   Epochs: 3
   Learning Rate: 0.0002479738332960607
   Clipping Norm: 1.095026690128086
   Horizon (train loss): 25
   Output timesteps (val_loss and fr_loss): 50
======================================================================

Epoch 18/30
309/309 ━━━━━━━━━━━━━━━━━━━━ 11s 34ms/step - mae: 0.0394 - mse: 0.0026 - loss: 0.0028 - val_loss: 0.0026
Epoch 19/30
309/309 ━━━━━━━━━━━━━━━━━━━━ 14s 46ms/step - mae: 0.0388 - mse: 0.0025 - loss: 0.0026 - val_loss: 0.0025 - val_fr_phase_loss_25: 0.2726
[Optuna] trial=20 epoch=19 val_fr_phase_loss_25=0.272623 | median=0.325259 (n=18, p25=0.309754, p75=0.348617) | margin=-0.0526359 (-16.18%)
Epoch 20/30
309/309 ━━━━━━━━━━━━━━━━━━━━ 14s 46ms/step - mae: 0.0387 - mse: 0.0025 - loss: 0.0025 - val_loss: 0.0025 - val_fr_target_loss_50: 0.7756 - val_fr_curve_loss_10: 0.0428 - val_fr_curve_loss_20: 0.1795 - val_fr_curve_loss_30: 0.3807 - val_fr_curve_loss_50: 0.7711

======================================================================
   PHASE 9/12: teacher_forcing
   Epochs: 2
   Learning Rate: 0.0004959476665921214
   Clipping Norm: 1.460035586837448
   Horizon (train loss): 38
   Output timesteps (val_loss and fr_loss): 50
======================================================================

Epoch 21/30
309/309 ━━━━━━━━━━━━━━━━━━━━ 11s 34ms/step - mae: 0.0384 - mse: 0.0024 - loss: 0.0021 - val_loss: 0.0024
Epoch 22/30
309/309 ━━━━━━━━━━━━━━━━━━━━ 15s 47ms/step - mae: 0.0352 - mse: 0.0020 - loss: 0.0016 - val_loss: 0.0020 - val_fr_phase_loss_38: 0.8985 - val_fr_target_loss_50: 1.1817 - val_fr_curve_loss_10: 0.0746 - val_fr_curve_loss_20: 0.3445 - val_fr_curve_loss_30: 0.6749 - val_fr_curve_loss_50: 1.1752
[Optuna] trial=20 epoch=22 val_fr_phase_loss_38=0.898519 | median=0.859853 (n=18, p25=0.715806, p75=1.17274) | margin=+0.0386658 (+4.50%)

======================================================================
   PHASE 10/12: masked_modeling
   Mask Prob: 0.25
   Mask Scope: time
   Mask Mode: noise
   Mask Value: None
   Noise Sigma: 0.1
   Noise Replace: False
   Epochs: 3
   Learning Rate: 0.00019837906663684857
   Clipping Norm: 1.0220249107862136
   Horizon (train loss): 38
   Output timesteps (val_loss and fr_loss): 50
======================================================================

Epoch 23/30
309/309 ━━━━━━━━━━━━━━━━━━━━ 11s 36ms/step - mae: 0.0335 - mse: 0.0019 - loss: 0.0026 - val_loss: 0.0019
Epoch 24/30
309/309 ━━━━━━━━━━━━━━━━━━━━ 14s 46ms/step - mae: 0.0335 - mse: 0.0019 - loss: 0.0024 - val_loss: 0.0019 - val_fr_phase_loss_38: 0.4818
[Optuna] trial=20 epoch=24 val_fr_phase_loss_38=0.481847 | median=0.560617 (n=18, p25=0.511009, p75=0.588734) | margin=-0.0787704 (-14.05%)
Epoch 25/30
309/309 ━━━━━━━━━━━━━━━━━━━━ 14s 47ms/step - mae: 0.0333 - mse: 0.0018 - loss: 0.0023 - val_loss: 0.0018 - val_fr_target_loss_50: 0.7080 - val_fr_curve_loss_10: 0.0342 - val_fr_curve_loss_20: 0.1471 - val_fr_curve_loss_30: 0.3273 - val_fr_curve_loss_50: 0.7021

======================================================================
   PHASE 11/12: teacher_forcing
   Epochs: 2
   Learning Rate: 0.0004959476665921214
   Clipping Norm: 1.460035586837448
   Horizon (train loss): 50
   Output timesteps (val_loss and fr_loss): 50
======================================================================

Epoch 26/30
309/309 ━━━━━━━━━━━━━━━━━━━━ 11s 34ms/step - mae: 0.0340 - mse: 0.0019 - loss: 0.0018 - val_loss: 0.0019
Epoch 27/30
309/309 ━━━━━━━━━━━━━━━━━━━━ 15s 47ms/step - mae: 0.0292 - mse: 0.0014 - loss: 0.0011 - val_loss: 0.0014 - val_fr_phase_loss_50: 1.2086 - val_fr_target_loss_50: 1.2014 - val_fr_curve_loss_10: 0.0700 - val_fr_curve_loss_20: 0.3439 - val_fr_curve_loss_30: 0.6862 - val_fr_curve_loss_50: 1.2024
[Optuna] trial=20 epoch=27 val_fr_phase_loss_50=1.20861 | median=1.19336 (n=18, p25=0.975259, p75=1.5762) | margin=+0.0152581 (+1.28%)

======================================================================
   PHASE 12/12: masked_modeling
   Mask Prob: 0.25
   Mask Scope: time
   Mask Mode: noise
   Mask Value: None
   Noise Sigma: 0.1
   Noise Replace: True
   Epochs: 3
   Learning Rate: 0.0001785411599731637
   Clipping Norm: 0.9490231314443411
   Horizon (train loss): 50
   Output timesteps (val_loss and fr_loss): 50
======================================================================

Epoch 28/30
309/309 ━━━━━━━━━━━━━━━━━━━━ 11s 34ms/step - mae: 0.1204 - mse: 0.0243 - loss: 0.0332 - val_loss: 0.0243
Epoch 29/30
309/309 ━━━━━━━━━━━━━━━━━━━━ 14s 46ms/step - mae: 0.1079 - mse: 0.0194 - loss: 0.0181 - val_loss: 0.0194 - val_fr_phase_loss_50: 0.7454
[Optuna] trial=20 epoch=29 val_fr_phase_loss_50=0.745449 | median=1.0897 (n=18, p25=0.860413, p75=1.26905) | margin=-0.344251 (-31.59%)
Epoch 30/30
309/309 ━━━━━━━━━━━━━━━━━━━━ 14s 46ms/step - mae: 0.1012 - mse: 0.0170 - loss: 0.0150 - val_loss: 0.0170 - val_fr_target_loss_50: 0.7242 - val_fr_curve_loss_10: 0.0481 - val_fr_curve_loss_20: 0.1627 - val_fr_curve_loss_30: 0.3361 - val_fr_curve_loss_50: 0.7214
Final loss: 0.0150
Predicting all test samples in free_running mode...
  X shape: (2280, 200, 55)
  Y shape: (2280, 50, 55)
  Pred shape: (2280, 50, 55)

 step | target                | pred                  | abs_err
------|-----------------------|-----------------------|----------------------
   25 | [ 4.139746e-01  2.252291e+00  7.680922e-02 -1.082321e+00  1.330184e-01
 -2.749080e-01  6.398940e-01 -1.222357e+00  1.964076e+00  2.024013e-01
 -1.249584e+00  1.684962e-01  6.261574e-01  7.681609e-01 -1.833026e+00
  4.305243e-01 -6.649562e-01  3.213241e-02 -4.315943e-01 -9.406051e-01
 -3.335454e-01  8.885246e-01  1.287808e+00  7.899810e-01 -2.762157e-01
  1.005897e+00 -2.825402e-01 -5.396542e-01 -1.754732e-01  2.526159e-01
 -1.215466e+00 -7.651589e-01 -1.200358e-01  4.952903e-01 -4.308359e-01
 -7.325999e-01  1.170439e+00  1.235309e+00 -8.311886e-01 -7.979621e-01
 -9.821695e-01  2.076884e-01  3.238765e-01 -1.923588e-01 -4.145486e-01
 -3.828006e-01 -3.487313e-02  1.245124e-03  1.581712e-01  5.641804e-01
  2.155083e-01 -1.144052e-01 -1.354365e+00 -3.214316e-01 -1.550427e+00] | [ 0.686106  2.213003 -0.255245 -1.250098 -0.256755 -0.483048  0.180015
 -1.243197  2.535664 -0.204976 -1.343881  2.692587  0.334836 -0.991408
  1.075454 -0.538861  0.440427 -0.375253 -1.652491 -0.795289 -0.83978
  1.293512  0.810231  0.156222  0.497404  1.055451 -0.728759 -0.518418
 -0.643561  0.226542 -0.445017 -0.037725  0.466133 -0.014476 -0.294889
  0.168832  0.493794  0.693646  0.117059 -0.116446 -0.340095  1.23165
  1.16437  -0.969959  2.838162  0.382702  0.838251  0.318605 -0.087697
  0.713252 -2.230345  1.417981 -1.005987  0.594698 -1.021534] | [0.272131 0.039288 0.332054 0.167776 0.389774 0.20814  0.459879 0.02084
 0.571587 0.407377 0.094297 2.524091 0.291321 1.759569 2.90848  0.969385
 1.105383 0.407385 1.220897 0.145316 0.506235 0.404987 0.477576 0.633759
 0.77362  0.049554 0.446218 0.021236 0.468087 0.026074 0.770449 0.727434
 0.586169 0.509767 0.135947 0.901432 0.676645 0.541663 0.948248 0.681517
 0.642075 1.023961 0.840493 0.7776   3.252711 0.765503 0.873124 0.31736
 0.245868 0.149072 2.445853 1.532386 0.348378 0.916129 0.528893]
   26 | [ 0.433902  2.276946  0.062718 -1.073421  0.149295 -0.261739  0.66411
 -1.190588  1.970693  0.211786 -1.280325  0.091743  0.630177  0.811665
 -1.905444  0.590891 -0.648677  0.010101 -0.341095 -0.950394 -0.271225
  0.842781  1.340023  0.789891 -0.296955  0.983707 -0.332591 -0.535192
 -0.171397  0.217021 -1.236176 -0.75049  -0.169815  0.501318 -0.449502
 -0.772153  1.203705  1.218394 -0.873595 -0.731515 -1.003057  0.192291
  0.338178 -0.172599 -0.562203 -0.409968  0.071482 -0.035004  0.178969
  0.522649  0.281281 -0.172402 -1.38113  -0.280718 -1.561255] | [ 0.702186  2.230249 -0.26241  -1.236391 -0.245426 -0.455434  0.199714
 -1.21763   2.562415 -0.203821 -1.373751  2.703559  0.287886 -0.988163
  1.087373 -0.456056  0.466109 -0.442736 -1.644562 -0.803736 -0.841192
  1.285591  0.81784   0.149845  0.473021  1.06157  -0.757026 -0.52035
 -0.669675  0.215484 -0.430155  0.017215  0.442807 -0.038483 -0.327832
  0.181328  0.444762  0.692474  0.106412 -0.064279 -0.368711  1.264751
  1.199791 -0.989941  2.792882  0.335967  0.880547  0.294513 -0.111941
  0.661275 -2.245775  1.390552 -1.031542  0.629095 -1.039333] | [2.682840e-01 4.669642e-02 3.251286e-01 1.629701e-01 3.947209e-01
 1.936954e-01 4.643964e-01 2.704167e-02 5.917218e-01 4.156072e-01
 9.342599e-02 2.611816e+00 3.422910e-01 1.799828e+00 2.992817e+00
 1.046948e+00 1.114786e+00 4.528375e-01 1.303467e+00 1.466581e-01
 5.699676e-01 4.428108e-01 5.221837e-01 6.400459e-01 7.699761e-01
 7.786310e-02 4.244355e-01 1.484185e-02 4.982783e-01 1.537710e-03
 8.060217e-01 7.677044e-01 6.126225e-01 5.398006e-01 1.216704e-01
 9.534817e-01 7.589431e-01 5.259197e-01 9.800066e-01 6.672358e-01
 6.343451e-01 1.072460e+00 8.616128e-01 8.173417e-01 3.355085e+00
 7.459348e-01 8.090652e-01 3.295172e-01 2.909097e-01 1.386259e-01
 2.527056e+00 1.562954e+00 3.495878e-01 9.098133e-01 5.219225e-01]
   27 | [ 0.45137   2.29779   0.046898 -1.065959  0.163722 -0.251176  0.686906
 -1.158318  1.973541  0.218812 -1.306769  0.020961  0.635355  0.846673
 -1.973424  0.752938 -0.63128  -0.009811 -0.250043 -0.95588  -0.208485
  0.794828  1.389242  0.786713 -0.314912  0.961981 -0.384025 -0.528408
 -0.166389  0.176889 -1.255981 -0.733755 -0.216556  0.503603 -0.465744
 -0.812322  1.237801  1.200935 -0.913572 -0.661274 -1.020813  0.176508
  0.350492 -0.15451  -0.707661 -0.434216  0.179125 -0.073381  0.197581
  0.481679  0.341621 -0.226467 -1.405437 -0.237464 -1.567991] | [ 0.717241  2.245012 -0.268322 -1.223261 -0.234844 -0.427369  0.220073
 -1.191152  2.586076 -0.204108 -1.400263  2.713859  0.239794 -0.986125
  1.098186 -0.372863  0.488916 -0.509648 -1.635109 -0.811347 -0.844644
  1.274993  0.824091  0.144209  0.447875  1.068647 -0.783002 -0.522905
 -0.697563  0.202143 -0.416282  0.071227  0.419461 -0.061626 -0.359418
  0.193589  0.395212  0.690836  0.094317 -0.010728 -0.39784   1.299166
  1.233059 -1.009831  2.744462  0.288208  0.920902  0.268002 -0.139503
  0.608906 -2.261899  1.362063 -1.055341  0.66181  -1.055273] | [0.265872 0.052777 0.31522  0.157302 0.398567 0.176193 0.466832 0.032834
 0.612535 0.422919 0.093494 2.692898 0.395561 1.832797 3.07161  1.125801
 1.120196 0.499837 1.385066 0.144533 0.636159 0.480165 0.565151 0.642504
 0.762788 0.106666 0.398977 0.005504 0.531174 0.025254 0.839699 0.804982
 0.636017 0.565229 0.106326 1.005911 0.842589 0.510099 1.007888 0.650546
 0.622974 1.122658 0.882567 0.855321 3.452123 0.722423 0.741778 0.341383
 0.337084 0.127228 2.60352  1.58853  0.350096 0.899274 0.512719]
   28 | [ 0.466327  2.314783  0.029422 -1.059933  0.176249 -0.243234  0.708319
 -1.125542  1.97265   0.223477 -1.328843 -0.043589  0.641445  0.873025
 -2.036825  0.915869 -0.612772 -0.027353 -0.158771 -0.957077 -0.145636
  0.744967  1.435167  0.780424 -0.32991   0.940997 -0.436465 -0.519352
 -0.160183  0.132539 -1.274543 -0.714768 -0.260126  0.501926 -0.479514
 -0.852827  1.272629  1.183048 -0.950983 -0.587688 -1.035382  0.160153
  0.360566 -0.138091 -0.850494 -0.455552  0.287429 -0.113708  0.214089
  0.44125   0.396277 -0.27644  -1.427296 -0.191884 -1.570648] | [ 0.731359  2.257179 -0.272954 -1.210563 -0.224944 -0.398843  0.240967
 -1.163728  2.606357 -0.206056 -1.423171  2.723125  0.190752 -0.985037
  1.107704 -0.289462  0.508674 -0.575552 -1.623942 -0.81811  -0.84993
  1.261578  0.829053  0.139323  0.422185  1.076734 -0.806483 -0.526201
 -0.727148  0.186781 -0.403536  0.124298  0.39617  -0.083597 -0.389649
  0.205334  0.34553   0.688455  0.080833  0.044209 -0.427342  1.334513
  1.263906 -1.029238  2.692806  0.239565  0.959064  0.23896  -0.170198
  0.556263 -2.278342  1.332549 -1.077261  0.692731 -1.069132] | [0.265031 0.057604 0.302377 0.15063  0.401193 0.155609 0.467352 0.038186
 0.633706 0.429533 0.094328 2.766715 0.450693 1.858062 3.144528 1.205332
 1.121446 0.5482   1.46517  0.138968 0.704294 0.516611 0.606115 0.641101
 0.752095 0.135736 0.370018 0.006849 0.566966 0.054241 0.871007 0.839065
 0.656296 0.585523 0.089864 1.058161 0.9271   0.494593 1.031815 0.631898
 0.60804  1.17436  0.90334  0.891147 3.5433   0.695117 0.671635 0.352668
 0.384288 0.115013 2.674618 1.608989 0.350035 0.884615 0.501516]
   29 | [ 0.478732  2.32789   0.010362 -1.055353  0.186818 -0.237931  0.728378
 -1.09227   1.968046  0.225786 -1.346491 -0.1017    0.648197  0.890628
 -2.095523  1.078877 -0.593175 -0.042284 -0.067607 -0.95402  -0.082985
  0.693516  1.47754   0.771024 -0.341791  0.921028 -0.489508 -0.508082
 -0.152506  0.084329 -1.291529 -0.693373 -0.30041   0.496102 -0.49077
 -0.893374  1.308082  1.164834 -0.985713 -0.511238 -1.046716  0.143051
  0.368166 -0.123325 -0.990295 -0.473989  0.395794 -0.155784  0.228586
  0.401343  0.445038 -0.322183 -1.446722 -0.144214 -1.56925 ] | [ 0.74462   2.266681 -0.276295 -1.198139 -0.215663 -0.369869  0.262261
 -1.135367  2.622999 -0.209878 -1.442273  2.731017  0.140986 -0.984666
  1.115731 -0.206086  0.52524  -0.640011 -1.61089  -0.824026 -0.856844
  1.245253  0.832812  0.13519   0.396215  1.085866 -0.827298 -0.530349
 -0.75834   0.169707 -0.392056  0.176431  0.373031 -0.104103 -0.418548
  0.21628   0.296136  0.685103  0.066042  0.100501 -0.457063  1.37039
  1.292083 -1.047807  2.637876  0.190199  0.994764  0.207315 -0.203829
  0.503484 -2.294724  1.302091 -1.097194  0.721768 -1.08071 ] | [0.265888 0.061209 0.286657 0.142786 0.40248  0.131937 0.466117 0.043097
 0.654953 0.435664 0.095783 2.832718 0.50721  1.875294 3.211254 1.284963
 1.118415 0.597727 1.543284 0.129994 0.773858 0.551737 0.644728 0.635835
 0.738006 0.164838 0.33779  0.022268 0.605834 0.085377 0.899474 0.869803
 0.67344  0.600205 0.072222 1.109654 1.011946 0.47973  1.051756 0.611739
 0.589653 1.227339 0.923917 0.924482 3.62817  0.664188 0.59897  0.363098
 0.432414 0.102141 2.739762 1.624274 0.349528 0.865982 0.488541]
model built: True
num weights: 38
{'mae': [0.16293689608573914, 0.11426680535078049, 0.11242851614952087, 0.10309438407421112, 0.10043097287416458, 0.09633603692054749, 0.07590573281049728, 0.11468175798654556, 0.11141964048147202, 0.10601595789194107, 0.06676633656024933, 0.05398399010300636, 0.10679943859577179, 0.10347669571638107, 0.09885933250188828, 0.05148429423570633, 0.04314243420958519, 0.03941633179783821, 0.03882234916090965, 0.03868314251303673, 0.038360729813575745, 0.035225629806518555, 0.03347295522689819, 0.03345024585723877, 0.03325701877474785, 0.03403390571475029, 0.029192781075835228, 0.12041498720645905, 0.10786329209804535, 0.10120593756437302], 'mse': [0.04257034510374069, 0.02110738679766655, 0.020429039373993874, 0.01732132025063038, 0.016362924128770828, 0.015178067609667778, 0.00930607970803976, 0.02188076451420784, 0.02062142826616764, 0.018687643110752106, 0.007162179332226515, 0.004694522358477116, 0.019316954538226128, 0.01835835725069046, 0.017001088708639145, 0.00430633220821619, 0.003039988921955228, 0.002559927524998784, 0.002484583994373679, 0.0024609044194221497, 0.002390466630458832, 0.0020332324784249067, 0.0018546869978308678, 0.0018527236534282565, 0.001827261527068913, 0.001900164526887238, 0.0014043537667021155, 0.02433614246547222, 0.01941361464560032, 0.017022501677274704], 'loss': [0.2097550928592682, 0.025174932554364204, 0.02492668479681015, 0.018553467467427254, 0.01481701247394085, 0.020575353875756264, 0.009141157381236553, 0.02386852353811264, 0.01804540306329727, 0.015675785019993782, 0.00813833624124527, 0.0039275288581848145, 0.020465482026338577, 0.014557948336005211, 0.012513676658272743, 0.005432041361927986, 0.0024447282776236534, 0.0027557818684726954, 0.002613005694001913, 0.002533508464694023, 0.0021041755098849535, 0.001638304442167282, 0.0025569081772118807, 0.00236319936811924, 0.0022907545790076256, 0.0018158664461225271, 0.0011359445052221417, 0.03322916850447655, 0.018138503655791283, 0.015027637593448162], 'val_loss': [0.04257034510374069, 0.02110738679766655, 0.020429041236639023, 0.01732132025063038, 0.016362924128770828, 0.015178066678345203, 0.00930607970803976, 0.02188076451420784, 0.02062142826616764, 0.018687643110752106, 0.007162180263549089, 0.004694521892815828, 0.01931695267558098, 0.01835835911333561, 0.017001088708639145, 0.00430633220821619, 0.003039988921955228, 0.002559927524998784, 0.002484584227204323, 0.0024609044194221497, 0.002390466397628188, 0.0020332324784249067, 0.0018546869978308678, 0.0018527236534282565, 0.001827261527068913, 0.001900164526887238, 0.0014043537667021155, 0.02433614432811737, 0.019413618370890617, 0.017022503539919853], 'val_fr_phase_loss_5': [nan, 0.04023505002260208, nan, 0.029135283082723618, nan], 'val_fr_target_loss_50': [nan, 1.2195085287094116, nan, nan, 0.9375202059745789, nan, 1.0253959894180298, nan, nan, 0.8869400024414062, nan, 1.0757023096084595, nan, nan, 0.8780012130737305, nan, 1.0492196083068848, nan, nan, 0.7756003141403198, nan, 1.1816751956939697, nan, nan, 0.708039402961731, nan, 1.201426386833191, nan, nan, 0.7241986393928528], 'val_fr_curve_loss_10': [nan, 0.10400888323783875, nan, nan, 0.07517722994089127, nan, 0.07705346494913101, nan, nan, 0.06605742871761322, nan, 0.06993737816810608, nan, nan, 0.0622214674949646, nan, 0.06835860759019852, nan, nan, 0.042802780866622925, nan, 0.0745590478181839, nan, nan, 0.034220702946186066, nan, 0.07004984468221664, nan, nan, 0.048146288841962814], 'val_fr_curve_loss_20': [nan, 0.33773136138916016, nan, nan, 0.257840096950531, nan, 0.26973259449005127, nan, nan, 0.21582666039466858, nan, 0.2863214313983917, nan, nan, 0.21158820390701294, nan, 0.2890341579914093, nan, nan, 0.179532989859581, nan, 0.3444608449935913, nan, nan, 0.1471487134695053, nan, 0.34394198656082153, nan, nan, 0.16270610690116882], 'val_fr_curve_loss_30': [nan, 0.643578052520752, nan, nan, 0.4932264983654022, nan, 0.5236265063285828, nan, nan, 0.42573922872543335, nan, 0.5672717690467834, nan, nan, 0.42180222272872925, nan, 0.5673078298568726, nan, nan, 0.38070905208587646, nan, 0.674927830696106, nan, nan, 0.32733049988746643, nan, 0.6862379908561707, nan, nan, 0.33613312244415283], 'val_fr_curve_loss_50': [nan, 1.2025604248046875, nan, nan, 0.9204094409942627, nan, 1.0048195123672485, nan, nan, 0.866658627986908, nan, 1.0568485260009766, nan, nan, 0.8567489981651306, nan, 1.0285569429397583, nan, nan, 0.7710609436035156, nan, 1.175166368484497, nan, nan, 0.7020940184593201, nan, 1.2024470567703247, nan, nan, 0.7214352488517761], 'val_fr_phase_loss_12': [nan, 0.10846198350191116, nan, 0.09148306399583817, nan], 'val_fr_phase_loss_18': [nan, 0.2328835129737854, nan, 0.1764143407344818, nan], 'val_fr_phase_loss_25': [nan, 0.4204835295677185, nan, 0.2726232409477234, nan], 'val_fr_phase_loss_38': [nan, 0.8985191583633423, nan, 0.48184657096862793, nan], 'val_fr_phase_loss_50': [nan, 1.2086143493652344, nan, 0.7454493641853333, nan]}
Saved artifacts to: runs/tuning/full_seq_lstm_lvl1/trial_0020
