--- Number of Windows for Train = 9880
--- Number of Windows for Val = 3040
--- Number of Windows for Test = 2280
--- Curriculum = [10, 15, 20, 25, 35, 45]
--- fr_curve Outsteps = [10, 20, 30]

--- Training: prova1 [LSTM/FC/STEP_WISE]  ---

======================================================================
   PHASE 1/6: teacher_forcing
   Epochs: 6
   Learning Rate: 6.490613932620334e-05
   Clipping Norm: 0.22544116997360486
   Horizon (train loss): 10
   Output timesteps (val_loss and fr_loss): 50
======================================================================

Epoch 1/20
309/309 ━━━━━━━━━━━━━━━━━━━━ 95s 290ms/step - mae: 0.4904 - loss: 0.6303 - val_loss: 0.3806
Epoch 2/20
309/309 ━━━━━━━━━━━━━━━━━━━━ 94s 304ms/step - mae: 0.3518 - loss: 0.2631 - val_loss: 0.1976 - val_fr_phase_loss_10: 0.2659
[Optuna] trial=6 epoch=2 val_fr_phase_loss_10=0.265864 | median=0.256052 (n=1, p25=0.256052, p75=0.256052) | margin=+0.00981182 (+3.83%)
Epoch 3/20
309/309 ━━━━━━━━━━━━━━━━━━━━ 89s 289ms/step - mae: 0.2732 - loss: 0.1438 - val_loss: 0.1199
Epoch 4/20
309/309 ━━━━━━━━━━━━━━━━━━━━ 92s 298ms/step - mae: 0.2235 - loss: 0.0894 - val_loss: 0.0805 - val_fr_phase_loss_10: 0.1396
[Optuna] trial=6 epoch=4 val_fr_phase_loss_10=0.139555 | median=0.254447 (n=1, p25=0.254447, p75=0.254447) | margin=-0.114892 (-45.15%)
Epoch 5/20
309/309 ━━━━━━━━━━━━━━━━━━━━ 89s 287ms/step - mae: 0.1910 - loss: 0.0612 - val_loss: 0.0589
Epoch 6/20
309/309 ━━━━━━━━━━━━━━━━━━━━ 92s 298ms/step - mae: 0.1678 - loss: 0.0450 - val_loss: 0.0454 - val_fr_phase_loss_10: 0.1015 - val_fr_target_loss_50: 0.9750 - val_fr_curve_loss_10: 0.1035 - val_fr_curve_loss_20: 0.2614 - val_fr_curve_loss_30: 0.4906
[Optuna] trial=6 epoch=6 val_fr_phase_loss_10=0.101485 | median=0.259543 (n=1, p25=0.259543, p75=0.259543) | margin=-0.158057 (-60.90%)

======================================================================
   PHASE 2/6: masked_modeling
   Mask Prob: 0.15
   Mask Scope: time
   Mask Mode: constant
   Mask Value: 0.2
   Noise Sigma: None
   Noise Replace: False
   Epochs: 4
   Learning Rate: 5.192491146096268e-05
   Clipping Norm: 0.20289705297624439
   Horizon (train loss): 15
   Output timesteps (val_loss and fr_loss): 50
======================================================================

Epoch 7/20
309/309 ━━━━━━━━━━━━━━━━━━━━ 91s 295ms/step - mae: 0.1763 - loss: 0.0493 - val_loss: 0.0501
Epoch 8/20
309/309 ━━━━━━━━━━━━━━━━━━━━ 95s 307ms/step - mae: 0.1659 - loss: 0.0425 - val_loss: 0.0444 - val_fr_phase_loss_15: 0.1791
[Optuna] trial=6 epoch=8 val_fr_phase_loss_15=0.179074 | median=0.263597 (n=1, p25=0.263597, p75=0.263597) | margin=-0.084523 (-32.07%)
Epoch 9/20
309/309 ━━━━━━━━━━━━━━━━━━━━ 91s 295ms/step - mae: 0.1572 - loss: 0.0379 - val_loss: 0.0399
Epoch 10/20
309/309 ━━━━━━━━━━━━━━━━━━━━ 95s 308ms/step - mae: 0.1504 - loss: 0.0344 - val_loss: 0.0366 - val_fr_phase_loss_15: 0.1674 - val_fr_target_loss_50: 0.9864 - val_fr_curve_loss_10: 0.0922 - val_fr_curve_loss_20: 0.2611 - val_fr_curve_loss_30: 0.4920
[Optuna] trial=6 epoch=10 val_fr_phase_loss_15=0.167368 | median=0.239663 (n=1, p25=0.239663, p75=0.239663) | margin=-0.0722954 (-30.17%)

======================================================================
   PHASE 3/6: masked_modeling
   Mask Prob: 0.2
   Mask Scope: time
   Mask Mode: noise
   Mask Value: None
   Noise Sigma: 0.1
   Noise Replace: False
   Epochs: 4
   Learning Rate: 3.8943683595722004e-05
   Clipping Norm: 0.1803529359788839
   Horizon (train loss): 20
   Output timesteps (val_loss and fr_loss): 50
======================================================================

Epoch 11/20
309/309 ━━━━━━━━━━━━━━━━━━━━ 92s 298ms/step - mae: 0.1330 - loss: 0.0264 - val_loss: 0.0286
Epoch 12/20
309/309 ━━━━━━━━━━━━━━━━━━━━ 97s 314ms/step - mae: 0.1221 - loss: 0.0214 - val_loss: 0.0240 - val_fr_phase_loss_20: 0.1990
[Optuna] trial=6 epoch=12 val_fr_phase_loss_20=0.198997 | median=0.307397 (n=1, p25=0.307397, p75=0.307397) | margin=-0.1084 (-35.26%)
Epoch 13/20
309/309 ━━━━━━━━━━━━━━━━━━━━ 94s 303ms/step - mae: 0.1126 - loss: 0.0179 - val_loss: 0.0204
Epoch 14/20
309/309 ━━━━━━━━━━━━━━━━━━━━ 95s 308ms/step - mae: 0.1042 - loss: 0.0152 - val_loss: 0.0175 - val_fr_phase_loss_20: 0.2045 - val_fr_target_loss_50: 0.7445 - val_fr_curve_loss_10: 0.0731 - val_fr_curve_loss_20: 0.2046 - val_fr_curve_loss_30: 0.3797
[Optuna] trial=6 epoch=14 val_fr_phase_loss_20=0.204547 | median=0.356436 (n=1, p25=0.356436, p75=0.356436) | margin=-0.151889 (-42.61%)

======================================================================
   PHASE 4/6: scheduled_sampling
   Tf Ratio Start: 1.0
   Tf Ratio End: 0.4
   Per Feature: True
   Stop Grad Pred: True
   Ratio Mode: sigmoid
   Mid Point: 0.6
   Sharpness: 10.0
   Power Value: 2.0
   Epochs: 2
   Learning Rate: 4.5434297528342335e-05
   Clipping Norm: 0.1803529359788839
   Horizon (train loss): 25
   Output timesteps (val_loss and fr_loss): 50
======================================================================

Epoch 15/20
309/309 ━━━━━━━━━━━━━━━━━━━━ 93s 302ms/step - mae: 0.0963 - loss: 0.0128 - val_loss: 0.0149
Epoch 16/20
309/309 ━━━━━━━━━━━━━━━━━━━━ 97s 315ms/step - mae: 0.0926 - loss: 0.0396 - val_loss: 0.0139 - val_fr_phase_loss_25: 0.2819 - val_fr_target_loss_50: 0.7075 - val_fr_curve_loss_10: 0.0702 - val_fr_curve_loss_20: 0.2001 - val_fr_curve_loss_30: 0.3696
[Optuna] trial=6 epoch=16 val_fr_phase_loss_25=0.281918 | median=0.586315 (n=1, p25=0.586315, p75=0.586315) | margin=-0.304398 (-51.92%)

======================================================================
   PHASE 5/6: full_autoregressive
   Gradient Through Time: False
   Epochs: 2
   Learning Rate: 3.245306966310167e-05
   Clipping Norm: 0.15780881898152338
   Horizon (train loss): 35
   Output timesteps (val_loss and fr_loss): 50
======================================================================

Epoch 17/20
309/309 ━━━━━━━━━━━━━━━━━━━━ 89s 290ms/step - mae: 0.1116 - loss: 0.2933 - val_loss: 0.0203
Epoch 18/20
309/309 ━━━━━━━━━━━━━━━━━━━━ 93s 302ms/step - mae: 0.1138 - loss: 0.2796 - val_loss: 0.0211 - val_fr_phase_loss_35: 0.3311 - val_fr_target_loss_50: 0.4559 - val_fr_curve_loss_10: 0.0692 - val_fr_curve_loss_20: 0.1696 - val_fr_curve_loss_30: 0.2779
[Optuna] trial=6 epoch=18 val_fr_phase_loss_35=0.331133 | median=0.310901 (n=1, p25=0.310901, p75=0.310901) | margin=+0.0202323 (+6.51%)

======================================================================
   PHASE 6/6: full_autoregressive
   Gradient Through Time: True
   Epochs: 2
   Learning Rate: 1.9471841797861002e-05
   Clipping Norm: 0.1352647019841629
   Horizon (train loss): 45
   Output timesteps (val_loss and fr_loss): 50
======================================================================

Epoch 19/20
309/309 ━━━━━━━━━━━━━━━━━━━━ 90s 292ms/step - mae: 0.1203 - loss: 0.3277 - val_loss: 0.0236
Epoch 20/20
309/309 ━━━━━━━━━━━━━━━━━━━━ 93s 302ms/step - mae: 0.1211 - loss: 0.3141 - val_loss: 0.0239 - val_fr_phase_loss_45: 0.3878 - val_fr_target_loss_50: 0.4198 - val_fr_curve_loss_10: 0.0755 - val_fr_curve_loss_20: 0.1707 - val_fr_curve_loss_30: 0.2676
[Optuna] trial=6 epoch=20 val_fr_phase_loss_45=0.387777 | median=0.345108 (n=1, p25=0.345108, p75=0.345108) | margin=+0.0426686 (+12.36%)
Final loss: 0.3141
Predicting all test samples in free_running mode...
  X shape: (2280, 200, 55)
  Y shape: (2280, 50, 55)
  Pred shape: (2280, 50, 55)

 step | target                | pred                  | abs_err
------|-----------------------|-----------------------|----------------------
   25 | [ 4.139746e-01  2.252291e+00  7.680922e-02 -1.082321e+00  1.330184e-01
 -2.749080e-01  6.398940e-01 -1.222357e+00  1.964076e+00  2.024013e-01
 -1.249584e+00  1.684962e-01  6.261574e-01  7.681609e-01 -1.833026e+00
  4.305243e-01 -6.649562e-01  3.213241e-02 -4.315943e-01 -9.406051e-01
 -3.335454e-01  8.885246e-01  1.287808e+00  7.899810e-01 -2.762157e-01
  1.005897e+00 -2.825402e-01 -5.396542e-01 -1.754732e-01  2.526159e-01
 -1.215466e+00 -7.651589e-01 -1.200358e-01  4.952903e-01 -4.308359e-01
 -7.325999e-01  1.170439e+00  1.235309e+00 -8.311886e-01 -7.979621e-01
 -9.821695e-01  2.076884e-01  3.238765e-01 -1.923588e-01 -4.145486e-01
 -3.828006e-01 -3.487313e-02  1.245124e-03  1.581712e-01  5.641804e-01
  2.155083e-01 -1.144052e-01 -1.354365e+00 -3.214316e-01 -1.550427e+00] | [ 0.800716  2.33258  -0.310033 -0.248039  0.016019  0.105596  1.095499
 -1.331183  2.090014  0.543886 -1.620788  0.452058 -0.661467  0.493157
 -0.090038 -1.079368  0.436283 -0.120719  0.538202 -1.027581  0.029737
  0.386859  0.658495  0.117378 -0.259991  1.280064 -0.44573  -0.92363
 -0.603384  0.652194 -0.067587  0.276551  0.022308  0.225007 -0.730063
 -0.654794  1.356055  0.993817  0.276875 -1.017408 -1.072941  0.127773
  1.047119  0.112219  0.552545 -0.262393 -0.158951  0.05813   0.932973
  0.084818 -0.920952 -0.470176 -1.495369  0.18612  -1.799218] | [0.386741 0.080289 0.386842 0.834283 0.117    0.380504 0.455605 0.108826
 0.125938 0.341485 0.371204 0.283562 1.287624 0.275004 1.742988 1.509893
 1.10124  0.152851 0.969796 0.086976 0.363282 0.501666 0.629313 0.672603
 0.016225 0.274167 0.16319  0.383976 0.427911 0.399579 1.147879 1.04171
 0.142344 0.270283 0.299227 0.077806 0.185616 0.241491 1.108063 0.219446
 0.090771 0.079916 0.723243 0.304578 0.967094 0.120407 0.124078 0.056885
 0.774802 0.479362 1.13646  0.355771 0.141004 0.507552 0.24879 ]
   26 | [ 0.433902  2.276946  0.062718 -1.073421  0.149295 -0.261739  0.66411
 -1.190588  1.970693  0.211786 -1.280325  0.091743  0.630177  0.811665
 -1.905444  0.590891 -0.648677  0.010101 -0.341095 -0.950394 -0.271225
  0.842781  1.340023  0.789891 -0.296955  0.983707 -0.332591 -0.535192
 -0.171397  0.217021 -1.236176 -0.75049  -0.169815  0.501318 -0.449502
 -0.772153  1.203705  1.218394 -0.873595 -0.731515 -1.003057  0.192291
  0.338178 -0.172599 -0.562203 -0.409968  0.071482 -0.035004  0.178969
  0.522649  0.281281 -0.172402 -1.38113  -0.280718 -1.561255] | [ 0.815762  2.349041 -0.328126 -0.215278  0.008047  0.105502  1.11512
 -1.32439   2.0878    0.557177 -1.635547  0.442032 -0.713365  0.533875
 -0.14     -1.026315  0.454468 -0.143516  0.587025 -1.031222  0.048948
  0.353102  0.68713   0.119922 -0.268455  1.289354 -0.448646 -0.920545
 -0.562583  0.659803 -0.027181  0.331157  0.004814  0.221208 -0.739425
 -0.636425  1.366729  1.001262  0.268119 -0.975505 -1.064501  0.116229
  1.039751  0.136698  0.484684 -0.269451 -0.120336  0.03461   0.969417
  0.073661 -0.899349 -0.534616 -1.501179  0.203246 -1.807869] | [0.381859 0.072095 0.390844 0.858143 0.141248 0.367241 0.45101  0.133802
 0.117107 0.34539  0.355222 0.350289 1.343542 0.27779  1.765444 1.617206
 1.103146 0.153618 0.92812  0.080827 0.320173 0.489679 0.652894 0.669969
 0.028501 0.305647 0.116055 0.385353 0.391186 0.442782 1.208996 1.081647
 0.174629 0.28011  0.289923 0.135729 0.163024 0.217132 1.141714 0.24399
 0.061445 0.076062 0.701573 0.309296 1.046887 0.140517 0.191818 0.069614
 0.790448 0.448988 1.18063  0.362215 0.120049 0.483965 0.246614]
   27 | [ 0.45137   2.29779   0.046898 -1.065959  0.163722 -0.251176  0.686906
 -1.158318  1.973541  0.218812 -1.306769  0.020961  0.635355  0.846673
 -1.973424  0.752938 -0.63128  -0.009811 -0.250043 -0.95588  -0.208485
  0.794828  1.389242  0.786713 -0.314912  0.961981 -0.384025 -0.528408
 -0.166389  0.176889 -1.255981 -0.733755 -0.216556  0.503603 -0.465744
 -0.812322  1.237801  1.200935 -0.913572 -0.661274 -1.020813  0.176508
  0.350492 -0.15451  -0.707661 -0.434216  0.179125 -0.073381  0.197581
  0.481679  0.341621 -0.226467 -1.405437 -0.237464 -1.567991] | [ 8.285924e-01  2.361259e+00 -3.458277e-01 -1.836850e-01 -1.373031e-03
  1.033193e-01  1.132223e+00 -1.318206e+00  2.082474e+00  5.673690e-01
 -1.646035e+00  4.337246e-01 -7.614231e-01  5.705470e-01 -1.908104e-01
 -9.716822e-01  4.696637e-01 -1.655911e-01  6.342553e-01 -1.032054e+00
  6.556419e-02  3.195155e-01  7.147129e-01  1.220808e-01 -2.744418e-01
  1.298025e+00 -4.508632e-01 -9.161747e-01 -5.213223e-01  6.642796e-01
  1.157390e-02  3.832068e-01 -1.015306e-02  2.164679e-01 -7.473876e-01
 -6.170929e-01  1.375874e+00  1.007750e+00  2.579553e-01 -9.308847e-01
 -1.053633e+00  1.053626e-01  1.028906e+00  1.597198e-01  4.183257e-01
 -2.741548e-01 -8.152020e-02  1.100297e-02  1.001662e+00  6.448127e-02
 -8.795195e-01 -5.953450e-01 -1.504032e+00  2.200877e-01 -1.812508e+00] | [0.377223 0.063469 0.392726 0.882274 0.165095 0.354495 0.445318 0.159888
 0.108933 0.348557 0.339266 0.412764 1.396778 0.276126 1.782614 1.72462
 1.100944 0.15578  0.884299 0.076174 0.27405  0.475313 0.674529 0.664632
 0.04047  0.336044 0.066839 0.387766 0.354933 0.48739  1.267555 1.116961
 0.206403 0.287135 0.281644 0.195229 0.138073 0.193185 1.171527 0.269611
 0.03282  0.071146 0.678414 0.31423  1.125987 0.160061 0.260645 0.084384
 0.804081 0.417197 1.221141 0.368878 0.098595 0.457552 0.244517]
   28 | [ 0.466327  2.314783  0.029422 -1.059933  0.176249 -0.243234  0.708319
 -1.125542  1.97265   0.223477 -1.328843 -0.043589  0.641445  0.873025
 -2.036825  0.915869 -0.612772 -0.027353 -0.158771 -0.957077 -0.145636
  0.744967  1.435167  0.780424 -0.32991   0.940997 -0.436465 -0.519352
 -0.160183  0.132539 -1.274543 -0.714768 -0.260126  0.501926 -0.479514
 -0.852827  1.272629  1.183048 -0.950983 -0.587688 -1.035382  0.160153
  0.360566 -0.138091 -0.850494 -0.455552  0.287429 -0.113708  0.214089
  0.44125   0.396277 -0.27644  -1.427296 -0.191884 -1.570648] | [ 0.839299  2.369407 -0.363084 -0.153283 -0.012115  0.099141  1.146889
 -1.312638  2.074182  0.574588 -1.652433  0.427093 -0.805649  0.603205
 -0.242352 -0.915561  0.481917 -0.186814  0.680006 -1.030276  0.079606
  0.286104  0.741164  0.123778 -0.278053  1.306091 -0.452466 -0.910685
 -0.479935  0.665718  0.048686  0.432682 -0.022689  0.210821 -0.75395
 -0.597009  1.383623  1.013225  0.246457 -0.883822 -1.040588  0.095021
  1.014886  0.181365  0.353504 -0.276609 -0.042712 -0.012603  1.029876
  0.057052 -0.861494 -0.652358 -1.504117  0.236666 -1.813268] | [0.372971 0.054624 0.392506 0.90665  0.188364 0.342374 0.43857  0.187096
 0.101532 0.351111 0.32359  0.470683 1.447094 0.269821 1.794472 1.83143
 1.094689 0.159461 0.838778 0.073199 0.225242 0.458862 0.694003 0.656646
 0.051857 0.365094 0.016001 0.391333 0.319752 0.533179 1.323229 1.147449
 0.237437 0.291105 0.274437 0.255818 0.110993 0.169823 1.197439 0.296133
 0.005206 0.065133 0.65432  0.319456 1.203998 0.178943 0.330141 0.101105
 0.815786 0.384198 1.257771 0.375918 0.076821 0.42855  0.24262 ]
   29 | [ 0.478732  2.32789   0.010362 -1.055353  0.186818 -0.237931  0.728378
 -1.09227   1.968046  0.225786 -1.346491 -0.1017    0.648197  0.890628
 -2.095523  1.078877 -0.593175 -0.042284 -0.067607 -0.95402  -0.082985
  0.693516  1.47754   0.771024 -0.341791  0.921028 -0.489508 -0.508082
 -0.152506  0.084329 -1.291529 -0.693373 -0.30041   0.496102 -0.49077
 -0.893374  1.308082  1.164834 -0.985713 -0.511238 -1.046716  0.143051
  0.368166 -0.123325 -0.990295 -0.473989  0.395794 -0.155784  0.228586
  0.401343  0.445038 -0.322183 -1.446722 -0.144214 -1.56925 ] | [ 0.84796   2.373667 -0.379861 -0.124093 -0.024067  0.093063  1.159196
 -1.30769   2.063068  0.578955 -1.654912  0.422095 -0.846072  0.631894
 -0.294497 -0.858052  0.491279 -0.207056  0.724364 -1.02607   0.091096
  0.252866  0.7664    0.124954 -0.279397  1.313557 -0.453511 -0.904223
 -0.438717  0.664217  0.084189  0.479585 -0.03289   0.20429  -0.75911
 -0.576376  1.390097  1.01765   0.233696 -0.834584 -1.025601  0.085057
  0.997992  0.201696  0.290245 -0.276925 -0.004109 -0.036135  1.054219
  0.051166 -0.845305 -0.705675 -1.501616  0.252999 -1.810281] | [0.369229 0.045777 0.390223 0.931261 0.210885 0.330995 0.430818 0.21542
 0.095022 0.353169 0.308421 0.523795 1.494268 0.258734 1.801026 1.93693
 1.084454 0.164772 0.791971 0.07205  0.174081 0.440651 0.71114  0.64607
 0.062394 0.392529 0.035997 0.396142 0.286211 0.579888 1.375718 1.172958
 0.26752  0.291812 0.268341 0.316998 0.082015 0.147184 1.219409 0.323346
 0.021116 0.057994 0.629825 0.325021 1.28054  0.197065 0.399903 0.119649
 0.825633 0.350177 1.290343 0.383493 0.054895 0.397213 0.24103 ]
model built: True
num weights: 38
{'mae': [0.4903670847415924, 0.35182470083236694, 0.2732178866863251, 0.22352975606918335, 0.19097332656383514, 0.16777834296226501, 0.17625050246715546, 0.16589483618736267, 0.15722686052322388, 0.15036942064762115, 0.13304345309734344, 0.12211574614048004, 0.11258628964424133, 0.10418227314949036, 0.09632234275341034, 0.09260465949773788, 0.11158805340528488, 0.11376892775297165, 0.12033427506685257, 0.12113091349601746], 'loss': [0.6302642226219177, 0.26308950781822205, 0.14383262395858765, 0.08943688869476318, 0.061234842985868454, 0.04499970003962517, 0.04931040108203888, 0.042546212673187256, 0.03792552277445793, 0.0343981608748436, 0.026429129764437675, 0.021447548642754555, 0.017945365980267525, 0.015190481208264828, 0.012843426316976547, 0.03955734893679619, 0.2933008372783661, 0.279581755399704, 0.3276536464691162, 0.3140546679496765], 'val_loss': [0.3805621564388275, 0.19758155941963196, 0.11992509663105011, 0.08051615953445435, 0.05885765701532364, 0.04542737081646919, 0.05006934329867363, 0.04442053288221359, 0.0399356484413147, 0.03655383363366127, 0.028561435639858246, 0.02403411827981472, 0.020410588011145592, 0.01747458428144455, 0.014926429837942123, 0.013866490684449673, 0.0202930998057127, 0.021114427596330643, 0.023559657856822014, 0.02385661192238331], 'val_fr_phase_loss_10': [nan, 0.2658635675907135, nan, 0.13955460488796234, nan, 0.10148525983095169], 'val_fr_target_loss_50': [nan, nan, nan, nan, nan, 0.9750087261199951, nan, nan, nan, 0.986355185508728, nan, nan, nan, 0.7444686889648438, nan, 0.7075095176696777, nan, 0.4558781683444977, nan, 0.4198097288608551], 'val_fr_curve_loss_10': [nan, nan, nan, nan, nan, 0.10354016721248627, nan, nan, nan, 0.09221316874027252, nan, nan, nan, 0.07313672453165054, nan, 0.07018181681632996, nan, 0.06924208253622055, nan, 0.07554894685745239], 'val_fr_curve_loss_20': [nan, nan, nan, nan, nan, 0.2614324688911438, nan, nan, nan, 0.26110389828681946, nan, nan, nan, 0.20455552637577057, nan, 0.2001294642686844, nan, 0.1695786863565445, nan, 0.17074382305145264], 'val_fr_curve_loss_30': [nan, nan, nan, nan, nan, 0.49061813950538635, nan, nan, nan, 0.49195459485054016, nan, nan, nan, 0.3796757161617279, nan, 0.3695617616176605, nan, 0.27791962027549744, nan, 0.26761677861213684], 'val_fr_phase_loss_15': [nan, 0.17907436192035675, nan, 0.16736790537834167], 'val_fr_phase_loss_20': [nan, 0.19899733364582062, nan, 0.2045474350452423], 'val_fr_phase_loss_25': [nan, 0.2819175124168396], 'val_fr_phase_loss_35': [nan, 0.33113282918930054], 'val_fr_phase_loss_45': [nan, 0.38777661323547363]}
Saved artifacts to: runs/tuning/step_wise_lstm_lvl1/trial_0006
