--- Number of Windows for Train = 9880
--- Number of Windows for Val = 3040
--- Number of Windows for Test = 2280
--- Curriculum = [10, 15, 20, 30, 40, 50]
--- fr_curve Outsteps = [1, 2, 3]

--- Training: prova1 [LSTM/FC/HYBRID]  ---

======================================================================
   PHASE 1/6: teacher_forcing
   Epochs: 6
   Learning Rate: 0.0009716208895380814
   Clipping Norm: 0.6470376604234769
   Horizon (train loss): 10
   Output timesteps (val_loss and fr_loss): 50
======================================================================

Epoch 1/30
309/309 ━━━━━━━━━━━━━━━━━━━━ 20s 44ms/step - mae: 0.1175 - loss: 0.1312 - val_loss: 0.0223
Epoch 2/30
309/309 ━━━━━━━━━━━━━━━━━━━━ 18s 58ms/step - mae: 0.0755 - loss: 0.0120 - val_loss: 0.0091 - val_fr_phase_loss_10: 0.1125
[Optuna] trial=8 epoch=2 val_fr_phase_loss_10=0.112472 | median=0.281194 (n=6, p25=0.200765, p75=0.701587) | margin=-0.168723 (-60.00%)
Epoch 3/30
309/309 ━━━━━━━━━━━━━━━━━━━━ 13s 41ms/step - mae: 0.0575 - loss: 0.0058 - val_loss: 0.0053
Epoch 4/30
309/309 ━━━━━━━━━━━━━━━━━━━━ 17s 56ms/step - mae: 0.0494 - loss: 0.0038 - val_loss: 0.0039 - val_fr_phase_loss_10: 0.1212
[Optuna] trial=8 epoch=4 val_fr_phase_loss_10=0.121161 | median=0.153109 (n=6, p25=0.117324, p75=0.584012) | margin=-0.0319477 (-20.87%)
Epoch 5/30
309/309 ━━━━━━━━━━━━━━━━━━━━ 12s 40ms/step - mae: 0.0450 - loss: 0.0031 - val_loss: 0.0033
Epoch 6/30
309/309 ━━━━━━━━━━━━━━━━━━━━ 17s 55ms/step - mae: 0.0417 - loss: 0.0025 - val_loss: 0.0028 - val_fr_phase_loss_10: 0.1460 - val_fr_target_loss_50: 1.2314 - val_fr_curve_loss_1: 0.0035 - val_fr_curve_loss_2: 0.0072 - val_fr_curve_loss_3: 0.0133
[Optuna] trial=8 epoch=6 val_fr_phase_loss_10=0.146017 | median=0.121489 (n=6, p25=0.110112, p75=0.526951) | margin=+0.0245281 (+20.19%)

======================================================================
   PHASE 2/6: masked_modeling
   Mask Prob: 0.15
   Mask Scope: time
   Mask Mode: constant
   Mask Value: 0.2
   Noise Sigma: None
   Noise Replace: False
   Epochs: 6
   Learning Rate: 0.0007772967116304652
   Clipping Norm: 0.5823338943811293
   Horizon (train loss): 15
   Output timesteps (val_loss and fr_loss): 50
======================================================================

Epoch 7/30
309/309 ━━━━━━━━━━━━━━━━━━━━ 13s 41ms/step - mae: 0.1231 - loss: 0.0340 - val_loss: 0.0244
Epoch 8/30
309/309 ━━━━━━━━━━━━━━━━━━━━ 17s 56ms/step - mae: 0.1073 - loss: 0.0219 - val_loss: 0.0188 - val_fr_phase_loss_15: 0.1689
[Optuna] trial=8 epoch=8 val_fr_phase_loss_15=0.168855 | median=0.226365 (n=6, p25=0.217184, p75=0.543095) | margin=-0.0575099 (-25.41%)
Epoch 9/30
309/309 ━━━━━━━━━━━━━━━━━━━━ 13s 40ms/step - mae: 0.0945 - loss: 0.0162 - val_loss: 0.0148
Epoch 10/30
309/309 ━━━━━━━━━━━━━━━━━━━━ 18s 57ms/step - mae: 0.0872 - loss: 0.0128 - val_loss: 0.0128 - val_fr_phase_loss_15: 0.1481
[Optuna] trial=8 epoch=10 val_fr_phase_loss_15=0.14813 | median=0.203554 (n=6, p25=0.201724, p75=0.492479) | margin=-0.0554243 (-27.23%)
Epoch 11/30
309/309 ━━━━━━━━━━━━━━━━━━━━ 13s 41ms/step - mae: 0.0811 - loss: 0.0106 - val_loss: 0.0111
Epoch 12/30
309/309 ━━━━━━━━━━━━━━━━━━━━ 17s 55ms/step - mae: 0.0744 - loss: 0.0090 - val_loss: 0.0096 - val_fr_phase_loss_15: 0.1455 - val_fr_target_loss_50: 0.9734 - val_fr_curve_loss_1: 0.0070 - val_fr_curve_loss_2: 0.0092 - val_fr_curve_loss_3: 0.0127
[Optuna] trial=8 epoch=12 val_fr_phase_loss_15=0.145496 | median=0.187606 (n=6, p25=0.177866, p75=0.454354) | margin=-0.0421103 (-22.45%)

======================================================================
   PHASE 3/6: scheduled_sampling
   Tf Ratio Start: 1.0
   Tf Ratio End: 0.35
   Per Feature: True
   Stop Grad Pred: True
   Ratio Mode: sigmoid
   Mid Point: 0.6
   Sharpness: 10.0
   Power Value: 2.0
   Epochs: 8
   Learning Rate: 0.000680134622676657
   Clipping Norm: 0.5499820113599553
   Horizon (train loss): 20
   Output timesteps (val_loss and fr_loss): 50
======================================================================

Epoch 13/30
309/309 ━━━━━━━━━━━━━━━━━━━━ 165s 536ms/step - mae: 0.0414 - loss: 0.0033 - val_loss: 0.0028
Epoch 14/30
309/309 ━━━━━━━━━━━━━━━━━━━━ 205s 547ms/step - mae: 0.0342 - loss: 0.0016 - val_loss: 0.0019 - val_fr_phase_loss_20: 0.2550
[Optuna] trial=8 epoch=14 val_fr_phase_loss_20=0.255019 | median=0.219638 (n=6, p25=0.217129, p75=0.475352) | margin=+0.0353807 (+16.11%)
Epoch 15/30
309/309 ━━━━━━━━━━━━━━━━━━━━ 165s 534ms/step - mae: 0.0300 - loss: 0.0012 - val_loss: 0.0015
Epoch 16/30
309/309 ━━━━━━━━━━━━━━━━━━━━ 170s 549ms/step - mae: 0.0282 - loss: 0.0013 - val_loss: 0.0013 - val_fr_phase_loss_20: 0.3100
[Optuna] trial=8 epoch=16 val_fr_phase_loss_20=0.310024 | median=0.227034 (n=6, p25=0.219966, p75=0.457706) | margin=+0.0829899 (+36.55%)
Epoch 17/30
309/309 ━━━━━━━━━━━━━━━━━━━━ 165s 534ms/step - mae: 0.0395 - loss: 0.0032 - val_loss: 0.0026
Epoch 18/30
309/309 ━━━━━━━━━━━━━━━━━━━━ 169s 547ms/step - mae: 0.0451 - loss: 0.0143 - val_loss: 0.0033 - val_fr_phase_loss_20: 0.2775
[Optuna] trial=8 epoch=18 val_fr_phase_loss_20=0.27751 | median=0.230662 (n=6, p25=0.213905, p75=0.432603) | margin=+0.046848 (+20.31%)
Epoch 19/30
309/309 ━━━━━━━━━━━━━━━━━━━━ 165s 535ms/step - mae: 0.0537 - loss: 0.0223 - val_loss: 0.0048
Epoch 20/30
309/309 ━━━━━━━━━━━━━━━━━━━━ 170s 551ms/step - mae: 0.0485 - loss: 0.0212 - val_loss: 0.0039 - val_fr_phase_loss_20: 0.2136 - val_fr_target_loss_50: 0.8952 - val_fr_curve_loss_1: 0.0044 - val_fr_curve_loss_2: 0.0058 - val_fr_curve_loss_3: 0.0081
[Optuna] trial=8 epoch=20 val_fr_phase_loss_20=0.213643 | median=0.218999 (n=6, p25=0.204135, p75=0.409581) | margin=-0.00535589 (-2.45%)

======================================================================
   PHASE 4/6: masked_modeling
   Mask Prob: 0.2
   Mask Scope: time
   Mask Mode: noise
   Mask Value: None
   Noise Sigma: 0.1
   Noise Replace: False
   Epochs: 4
   Learning Rate: 0.0005829725337228489
   Clipping Norm: 0.5176301283387815
   Horizon (train loss): 30
   Output timesteps (val_loss and fr_loss): 50
======================================================================

Epoch 21/30
309/309 ━━━━━━━━━━━━━━━━━━━━ 13s 41ms/step - mae: 0.0280 - loss: 0.0021 - val_loss: 0.0013
Epoch 22/30
309/309 ━━━━━━━━━━━━━━━━━━━━ 18s 57ms/step - mae: 0.0269 - loss: 0.0017 - val_loss: 0.0012 - val_fr_phase_loss_30: 0.2543
[Optuna] trial=8 epoch=22 val_fr_phase_loss_30=0.254337 | median=0.433628 (n=6, p25=0.411188, p75=0.562293) | margin=-0.179291 (-41.35%)
Epoch 23/30
309/309 ━━━━━━━━━━━━━━━━━━━━ 13s 41ms/step - mae: 0.0264 - loss: 0.0017 - val_loss: 0.0012
Epoch 24/30
309/309 ━━━━━━━━━━━━━━━━━━━━ 18s 57ms/step - mae: 0.0263 - loss: 0.0017 - val_loss: 0.0012 - val_fr_phase_loss_30: 0.2671 - val_fr_target_loss_50: 0.6630 - val_fr_curve_loss_1: 0.0016 - val_fr_curve_loss_2: 0.0022 - val_fr_curve_loss_3: 0.0032
[Optuna] trial=8 epoch=24 val_fr_phase_loss_30=0.267124 | median=0.434368 (n=6, p25=0.416531, p75=0.559245) | margin=-0.167244 (-38.50%)

======================================================================
   PHASE 5/6: full_autoregressive
   Gradient Through Time: False
   Epochs: 4
   Learning Rate: 0.0004858104447690407
   Clipping Norm: 0.48527824531760766
   Horizon (train loss): 40
   Output timesteps (val_loss and fr_loss): 50
======================================================================

Epoch 25/30
309/309 ━━━━━━━━━━━━━━━━━━━━ 153s 496ms/step - mae: 0.3498 - loss: 0.3659 - val_loss: 0.2245
Epoch 26/30
309/309 ━━━━━━━━━━━━━━━━━━━━ 157s 510ms/step - mae: 0.3079 - loss: 0.2102 - val_loss: 0.1826 - val_fr_phase_loss_40: 0.2144
[Optuna] trial=8 epoch=26 val_fr_phase_loss_40=0.214396 | median=0.453698 (n=6, p25=0.409892, p75=0.549661) | margin=-0.239302 (-52.74%)
Epoch 27/30
309/309 ━━━━━━━━━━━━━━━━━━━━ 152s 491ms/step - mae: 0.2871 - loss: 0.1677 - val_loss: 0.1620
Epoch 28/30
309/309 ━━━━━━━━━━━━━━━━━━━━ 156s 505ms/step - mae: 0.2718 - loss: 0.1420 - val_loss: 0.1469 - val_fr_phase_loss_40: 0.1764 - val_fr_target_loss_50: 0.2451 - val_fr_curve_loss_1: 0.0355 - val_fr_curve_loss_2: 0.0331 - val_fr_curve_loss_3: 0.0317
[Optuna] trial=8 epoch=28 val_fr_phase_loss_40=0.176405 | median=0.38215 (n=6, p25=0.379563, p75=0.52208) | margin=-0.205745 (-53.84%)

======================================================================
   PHASE 6/6: full_autoregressive
   Gradient Through Time: True
   Epochs: 2
   Learning Rate: 0.00029148626686142443
   Clipping Norm: 0.3882225962540861
   Horizon (train loss): 50
   Output timesteps (val_loss and fr_loss): 50
======================================================================

Epoch 29/30
309/309 ━━━━━━━━━━━━━━━━━━━━ 152s 493ms/step - mae: 0.2954 - loss: 0.1646 - val_loss: 0.1718
Epoch 30/30
309/309 ━━━━━━━━━━━━━━━━━━━━ 157s 508ms/step - mae: 0.2865 - loss: 0.1462 - val_loss: 0.1625 - val_fr_phase_loss_50: 0.2114 - val_fr_target_loss_50: 0.2198 - val_fr_curve_loss_1: 0.0396 - val_fr_curve_loss_2: 0.0365 - val_fr_curve_loss_3: 0.0344
[Optuna] trial=8 epoch=30 val_fr_phase_loss_50=0.211389 | median=0.400586 (n=6, p25=0.387999, p75=0.54988) | margin=-0.189197 (-47.23%)
Final loss: 0.1462
Predicting all test samples in free_running mode...
  X shape: (2280, 200, 36)
  Y shape: (2280, 50, 36)
  Pred shape: (2280, 50, 36)

 step | target                | pred                  | abs_err
------|-----------------------|-----------------------|----------------------
   25 | [ 0.413975  2.252291  0.076809 -1.082321  0.133018 -0.274908  0.639894
 -1.222357 -1.249584  0.168496  0.626157  0.768161 -1.833026  0.430524
 -0.664956 -0.940605 -0.333545  0.888525  1.287808  0.789981 -0.276216
 -0.539654 -0.175473  0.252616 -1.215466 -0.765159 -0.430836 -0.7326
  1.170439  1.235309 -0.98217   0.207688  0.323877 -0.382801 -0.034873
  0.56418 ] | [ 0.715984  2.463569  0.365405 -0.442313 -0.465981 -0.308303  0.672393
 -1.006943 -1.421331 -0.17694   0.257009  1.074919 -1.135161 -0.516367
  0.259045 -1.259262  0.055182  0.647693  0.746589  0.732025  0.381398
 -0.917778 -0.296106  0.490542 -0.517282 -0.42831  -0.470408 -0.344842
  1.355287  1.519538 -0.585398  0.840557  0.409947 -0.087048 -0.637565
  0.533141] | [0.302009 0.211278 0.288596 0.640009 0.598999 0.033395 0.032499 0.215413
 0.171747 0.345436 0.369149 0.306758 0.697865 0.946891 0.924002 0.318657
 0.388728 0.240832 0.541219 0.057956 0.657614 0.378123 0.120633 0.237926
 0.698184 0.336849 0.039572 0.387758 0.184848 0.28423  0.396772 0.632868
 0.086071 0.295753 0.602691 0.031039]
   26 | [ 0.433902  2.276946  0.062718 -1.073421  0.149295 -0.261739  0.66411
 -1.190588 -1.280325  0.091743  0.630177  0.811665 -1.905444  0.590891
 -0.648677 -0.950394 -0.271225  0.842781  1.340023  0.789891 -0.296955
 -0.535192 -0.171397  0.217021 -1.236176 -0.75049  -0.449502 -0.772153
  1.203705  1.218394 -1.003057  0.192291  0.338178 -0.409968  0.071482
  0.522649] | [ 0.729037  2.480307  0.36082  -0.410264 -0.456696 -0.305366  0.697961
 -0.981741 -1.442044 -0.259433  0.211073  1.161473 -1.189054 -0.442122
  0.283889 -1.279595  0.108782  0.609336  0.78671   0.730683  0.37776
 -0.9235   -0.260893  0.490298 -0.488565 -0.390184 -0.497833 -0.348174
  1.355132  1.534355 -0.597233  0.837226  0.393735 -0.106771 -0.576502
  0.499998] | [0.295135 0.203361 0.298102 0.663157 0.605991 0.043627 0.033851 0.208847
 0.161719 0.351176 0.419104 0.349808 0.71639  1.033014 0.932566 0.329201
 0.380006 0.233445 0.553313 0.059208 0.674715 0.388308 0.089496 0.273277
 0.747612 0.360306 0.048331 0.423979 0.151427 0.315961 0.405824 0.644935
 0.055558 0.303197 0.647984 0.022651]
   27 | [ 0.45137   2.29779   0.046898 -1.065959  0.163722 -0.251176  0.686906
 -1.158318 -1.306769  0.020961  0.635355  0.846673 -1.973424  0.752938
 -0.63128  -0.95588  -0.208485  0.794828  1.389242  0.786713 -0.314912
 -0.528408 -0.166389  0.176889 -1.255981 -0.733755 -0.465744 -0.812322
  1.237801  1.200935 -1.020813  0.176508  0.350492 -0.434216  0.179125
  0.481679] | [ 0.738461  2.493426  0.354167 -0.380464 -0.449266 -0.304568  0.723896
 -0.957339 -1.458093 -0.337853  0.166428  1.242786 -1.241025 -0.36844
  0.30658  -1.294295  0.160917  0.570118  0.82419   0.727267  0.374021
 -0.926008 -0.224797  0.486567 -0.459481 -0.352428 -0.523815 -0.350541
  1.35362   1.54763  -0.607551  0.832861  0.375315 -0.125172 -0.515243
  0.467769] | [0.287091 0.195637 0.307269 0.685495 0.612988 0.053392 0.03699  0.200979
 0.151324 0.358814 0.468927 0.396113 0.732399 1.121378 0.93786  0.338416
 0.369403 0.22471  0.565053 0.059446 0.688933 0.3976   0.058408 0.309678
 0.7965   0.381327 0.058071 0.461782 0.115819 0.346696 0.413262 0.656353
 0.024823 0.309044 0.694368 0.01391 ]
   28 | [ 0.466327  2.314783  0.029422 -1.059933  0.176249 -0.243234  0.708319
 -1.125542 -1.328843 -0.043589  0.641445  0.873025 -2.036825  0.915869
 -0.612772 -0.957077 -0.145636  0.744967  1.435167  0.780424 -0.32991
 -0.519352 -0.160183  0.132539 -1.274543 -0.714768 -0.479514 -0.852827
  1.272629  1.183048 -1.035382  0.160153  0.360566 -0.455552  0.287429
  0.44125 ] | [ 0.744166  2.50282   0.345443 -0.352995 -0.443658 -0.305732  0.750068
 -0.933792 -1.46936  -0.411952  0.123109  1.318385 -1.290801 -0.295819
  0.327227 -1.303209  0.211342  0.530046  0.858507  0.721855  0.370626
 -0.92543  -0.188065  0.479307 -0.430106 -0.315119 -0.5483   -0.351983
  1.350616  1.559273 -0.6165    0.827683  0.354649 -0.142444 -0.454053
  0.436261] | [0.277839 0.188037 0.316021 0.706939 0.619907 0.062498 0.041749 0.191749
 0.140517 0.368363 0.518336 0.44536  0.746024 1.211688 0.94     0.346132
 0.356978 0.21492  0.57666  0.05857  0.700536 0.406078 0.027883 0.346768
 0.844437 0.399649 0.068786 0.500844 0.077987 0.376225 0.418883 0.66753
 0.005917 0.313108 0.741482 0.004988]
   29 | [ 0.478732  2.32789   0.010362 -1.055353  0.186818 -0.237931  0.728378
 -1.09227  -1.346491 -0.1017    0.648197  0.890628 -2.095523  1.078877
 -0.593175 -0.95402  -0.082985  0.693516  1.47754   0.771024 -0.341791
 -0.508082 -0.152506  0.084329 -1.291529 -0.693373 -0.49077  -0.893374
  1.308082  1.164834 -1.046716  0.143051  0.368166 -0.473989  0.395794
  0.401343] | [ 0.745886  2.50813   0.334664 -0.328214 -0.440094 -0.308942  0.776164
 -0.911329 -1.475604 -0.481203  0.081023  1.387943 -1.338092 -0.224691
  0.345476 -1.306607  0.259556  0.489247  0.889666  0.714367  0.367836
 -0.921822 -0.151092  0.468683 -0.400857 -0.278522 -0.570892 -0.352167
  1.346188  1.569023 -0.624141  0.822113  0.331666 -0.158978 -0.392861
  0.405438] | [0.267155 0.180239 0.324302 0.72714  0.626912 0.071011 0.047786 0.180941
 0.129113 0.379503 0.567174 0.497314 0.757431 1.303569 0.938651 0.352586
 0.342542 0.204269 0.587874 0.056657 0.709627 0.413741 0.001414 0.384354
 0.890673 0.414851 0.080123 0.541207 0.038106 0.404189 0.422576 0.679062
 0.036501 0.315011 0.788655 0.004095]
model built: True
num weights: 38
{'mae': [0.11749051511287689, 0.07554939389228821, 0.05749033764004707, 0.04935724288225174, 0.045029714703559875, 0.04165003076195717, 0.12306109815835953, 0.10734245926141739, 0.09448745846748352, 0.08722342550754547, 0.08110116422176361, 0.07441914081573486, 0.04137537255883217, 0.03418632224202156, 0.030002586543560028, 0.028187908232212067, 0.0394737645983696, 0.04508105292916298, 0.05374455824494362, 0.048548731952905655, 0.02795405127108097, 0.026870248839259148, 0.02643025480210781, 0.026272961869835854, 0.3498249351978302, 0.3078984022140503, 0.28709495067596436, 0.271770715713501, 0.2953778803348541, 0.2864842116832733], 'loss': [0.1311921775341034, 0.012046798132359982, 0.0057759713381528854, 0.0037919958122074604, 0.0030684329103678465, 0.002546768169850111, 0.03404881805181503, 0.021861130371689796, 0.016168370842933655, 0.012757927179336548, 0.010606886819005013, 0.009004928171634674, 0.003306756028905511, 0.0015918512362986803, 0.0011872421018779278, 0.0013161589158698916, 0.0032348320819437504, 0.014251576736569405, 0.022254489362239838, 0.021168487146496773, 0.0021169825922697783, 0.0017303108470514417, 0.0016698692925274372, 0.0016529674176126719, 0.36589887738227844, 0.21019981801509857, 0.16767527163028717, 0.1419849991798401, 0.16462869942188263, 0.14622756838798523], 'val_loss': [0.02230253256857395, 0.009143000468611717, 0.005325368605554104, 0.003924178425222635, 0.00328354025259614, 0.002825463190674782, 0.02442549727857113, 0.018845530226826668, 0.014784361235797405, 0.01284943986684084, 0.011147930286824703, 0.009596768766641617, 0.002843289403244853, 0.0019387856591492891, 0.0015041782753542066, 0.001335426582954824, 0.002565082861110568, 0.0033466906752437353, 0.004821754526346922, 0.003929831553250551, 0.0013263834407553077, 0.0012254496105015278, 0.0011816079495474696, 0.0011661483440548182, 0.22448411583900452, 0.18257319927215576, 0.16196465492248535, 0.14693637192249298, 0.17183689773082733, 0.16249297559261322], 'val_fr_phase_loss_10': [nan, 0.11247169226408005, nan, 0.1211608275771141, nan, 0.14601677656173706], 'val_fr_target_loss_50': [nan, nan, nan, nan, nan, 1.231436014175415, nan, nan, nan, nan, nan, 0.9734176993370056, nan, nan, nan, nan, nan, nan, nan, 0.89524245262146, nan, nan, nan, 0.6630340218544006, nan, nan, nan, 0.24513307213783264, nan, 0.21982932090759277], 'val_fr_curve_loss_1': [nan, nan, nan, nan, nan, 0.003513507079333067, nan, nan, nan, nan, nan, 0.007008600514382124, nan, nan, nan, nan, nan, nan, nan, 0.004401151090860367, nan, nan, nan, 0.0016454398864880204, nan, nan, nan, 0.03553537651896477, nan, 0.039636027067899704], 'val_fr_curve_loss_2': [nan, nan, nan, nan, nan, 0.007211203686892986, nan, nan, nan, nan, nan, 0.009172031655907631, nan, nan, nan, nan, nan, nan, nan, 0.00575390737503767, nan, nan, nan, 0.0021947401110082865, nan, nan, nan, 0.03305138647556305, nan, 0.03648381307721138], 'val_fr_curve_loss_3': [nan, nan, nan, nan, nan, 0.013344662263989449, nan, nan, nan, nan, nan, 0.012663031928241253, nan, nan, nan, nan, nan, nan, nan, 0.008133276365697384, nan, nan, nan, 0.003169392701238394, nan, nan, nan, 0.03166959434747696, nan, 0.03439906984567642], 'val_fr_phase_loss_15': [nan, 0.168854758143425, nan, 0.14813007414340973, nan, 0.14549550414085388], 'val_fr_phase_loss_20': [nan, 0.2550186514854431, nan, 0.31002387404441833, nan, 0.27751046419143677, nan, 0.2136431634426117], 'val_fr_phase_loss_30': [nan, 0.2543373107910156, nan, 0.2671237885951996], 'val_fr_phase_loss_40': [nan, 0.21439552307128906, nan, 0.1764048933982849], 'val_fr_phase_loss_50': [nan, 0.21138930320739746]}
Saved artifacts to: runs/tuning/study_lstm_lvl1/trial_0008
