--- Number of Windows for Train = 9880
--- Number of Windows for Val = 3040
--- Number of Windows for Test = 2280
--- Curriculum = [10, 15, 20, 25, 35, 45]
--- fr_curve Outsteps = [10, 20, 30]

--- Training: prova1 [LSTM/FC/STEP_WISE]  ---

======================================================================
   PHASE 1/6: teacher_forcing
   Epochs: 6
   Learning Rate: 0.0017834613081981088
   Clipping Norm: 1.0196967939171486
   Horizon (train loss): 10
   Output timesteps (val_loss and fr_loss): 50
======================================================================

Epoch 1/20
309/309 ━━━━━━━━━━━━━━━━━━━━ 91s 277ms/step - mae: 0.3037 - loss: 0.3643 - val_loss: 0.1509
Epoch 2/20
309/309 ━━━━━━━━━━━━━━━━━━━━ 89s 289ms/step - mae: 0.1681 - loss: 0.0759 - val_loss: 0.0500 - val_fr_phase_loss_10: 0.2561
[Optuna] trial=5 epoch=2 val_fr_phase_loss_10=0.256052 | no history yet
Epoch 3/20
309/309 ━━━━━━━━━━━━━━━━━━━━ 85s 275ms/step - mae: 0.1192 - loss: 0.0293 - val_loss: 0.0266
Epoch 4/20
309/309 ━━━━━━━━━━━━━━━━━━━━ 89s 287ms/step - mae: 0.0930 - loss: 0.0172 - val_loss: 0.0143 - val_fr_phase_loss_10: 0.2544
[Optuna] trial=5 epoch=4 val_fr_phase_loss_10=0.254447 | no history yet
Epoch 5/20
309/309 ━━━━━━━━━━━━━━━━━━━━ 85s 275ms/step - mae: 0.0800 - loss: 0.0093 - val_loss: 0.0104
Epoch 6/20
309/309 ━━━━━━━━━━━━━━━━━━━━ 89s 286ms/step - mae: 0.0730 - loss: 0.0072 - val_loss: 0.0087 - val_fr_phase_loss_10: 0.2595 - val_fr_target_loss_50: 1.9350 - val_fr_curve_loss_10: 0.2510 - val_fr_curve_loss_20: 0.7407 - val_fr_curve_loss_30: 1.2182
[Optuna] trial=5 epoch=6 val_fr_phase_loss_10=0.259543 | no history yet

======================================================================
   PHASE 2/6: masked_modeling
   Mask Prob: 0.15
   Mask Scope: time
   Mask Mode: constant
   Mask Value: 0.2
   Noise Sigma: None
   Noise Replace: False
   Epochs: 4
   Learning Rate: 0.0014267690465584871
   Clipping Norm: 0.9177271145254338
   Horizon (train loss): 15
   Output timesteps (val_loss and fr_loss): 50
======================================================================

Epoch 7/20
309/309 ━━━━━━━━━━━━━━━━━━━━ 88s 284ms/step - mae: 0.1357 - loss: 0.0457 - val_loss: 0.0298
Epoch 8/20
309/309 ━━━━━━━━━━━━━━━━━━━━ 91s 295ms/step - mae: 0.1228 - loss: 0.0290 - val_loss: 0.0246 - val_fr_phase_loss_15: 0.2636
[Optuna] trial=5 epoch=8 val_fr_phase_loss_15=0.263597 | no history yet
Epoch 9/20
309/309 ━━━━━━━━━━━━━━━━━━━━ 88s 284ms/step - mae: 0.1162 - loss: 0.0246 - val_loss: 0.0221
Epoch 10/20
309/309 ━━━━━━━━━━━━━━━━━━━━ 91s 294ms/step - mae: 0.1067 - loss: 0.0215 - val_loss: 0.0187 - val_fr_phase_loss_15: 0.2397 - val_fr_target_loss_50: 1.2629 - val_fr_curve_loss_10: 0.1236 - val_fr_curve_loss_20: 0.3758 - val_fr_curve_loss_30: 0.6834
[Optuna] trial=5 epoch=10 val_fr_phase_loss_15=0.239663 | no history yet

======================================================================
   PHASE 3/6: masked_modeling
   Mask Prob: 0.2
   Mask Scope: time
   Mask Mode: noise
   Mask Value: None
   Noise Sigma: 0.1
   Noise Replace: False
   Epochs: 4
   Learning Rate: 0.0010700767849188652
   Clipping Norm: 0.8157574351337189
   Horizon (train loss): 20
   Output timesteps (val_loss and fr_loss): 50
======================================================================

Epoch 11/20
309/309 ━━━━━━━━━━━━━━━━━━━━ 88s 284ms/step - mae: 0.0629 - loss: 0.0088 - val_loss: 0.0065
Epoch 12/20
309/309 ━━━━━━━━━━━━━━━━━━━━ 92s 296ms/step - mae: 0.0551 - loss: 0.0057 - val_loss: 0.0050 - val_fr_phase_loss_20: 0.3074
[Optuna] trial=5 epoch=12 val_fr_phase_loss_20=0.307397 | no history yet
Epoch 13/20
309/309 ━━━━━━━━━━━━━━━━━━━━ 89s 287ms/step - mae: 0.0527 - loss: 0.0051 - val_loss: 0.0045
Epoch 14/20
309/309 ━━━━━━━━━━━━━━━━━━━━ 92s 298ms/step - mae: 0.0523 - loss: 0.0049 - val_loss: 0.0045 - val_fr_phase_loss_20: 0.3564 - val_fr_target_loss_50: 1.1097 - val_fr_curve_loss_10: 0.1080 - val_fr_curve_loss_20: 0.3585 - val_fr_curve_loss_30: 0.6507
[Optuna] trial=5 epoch=14 val_fr_phase_loss_20=0.356436 | no history yet

======================================================================
   PHASE 4/6: scheduled_sampling
   Tf Ratio Start: 1.0
   Tf Ratio End: 0.4
   Per Feature: True
   Stop Grad Pred: True
   Ratio Mode: sigmoid
   Mid Point: 0.6
   Sharpness: 10.0
   Power Value: 2.0
   Epochs: 2
   Learning Rate: 0.0012484229157386762
   Clipping Norm: 0.8157574351337189
   Horizon (train loss): 25
   Output timesteps (val_loss and fr_loss): 50
======================================================================

Epoch 15/20
309/309 ━━━━━━━━━━━━━━━━━━━━ 90s 292ms/step - mae: 0.0464 - loss: 0.0033 - val_loss: 0.0035
Epoch 16/20
309/309 ━━━━━━━━━━━━━━━━━━━━ 94s 304ms/step - mae: 0.0729 - loss: 0.0488 - val_loss: 0.0087 - val_fr_phase_loss_25: 0.5863 - val_fr_target_loss_50: 1.1980 - val_fr_curve_loss_10: 0.1386 - val_fr_curve_loss_20: 0.4268 - val_fr_curve_loss_30: 0.7424
[Optuna] trial=5 epoch=16 val_fr_phase_loss_25=0.586315 | no history yet

======================================================================
   PHASE 5/6: full_autoregressive
   Gradient Through Time: False
   Epochs: 2
   Learning Rate: 0.0008917306540990544
   Clipping Norm: 0.713787755742004
   Horizon (train loss): 35
   Output timesteps (val_loss and fr_loss): 50
======================================================================

Epoch 17/20
309/309 ━━━━━━━━━━━━━━━━━━━━ 87s 280ms/step - mae: 0.2965 - loss: 0.4958 - val_loss: 0.1447
Epoch 18/20
309/309 ━━━━━━━━━━━━━━━━━━━━ 90s 292ms/step - mae: 0.3550 - loss: 0.3370 - val_loss: 0.2217 - val_fr_phase_loss_35: 0.3109 - val_fr_target_loss_50: 0.4133 - val_fr_curve_loss_10: 0.0813 - val_fr_curve_loss_20: 0.1672 - val_fr_curve_loss_30: 0.2637
[Optuna] trial=5 epoch=18 val_fr_phase_loss_35=0.310901 | no history yet

======================================================================
   PHASE 6/6: full_autoregressive
   Gradient Through Time: True
   Epochs: 2
   Learning Rate: 0.0005350383924594326
   Clipping Norm: 0.6118180763502892
   Horizon (train loss): 45
   Output timesteps (val_loss and fr_loss): 50
======================================================================

Epoch 19/20
309/309 ━━━━━━━━━━━━━━━━━━━━ 86s 279ms/step - mae: 0.3759 - loss: 0.3475 - val_loss: 0.2482
Epoch 20/20
309/309 ━━━━━━━━━━━━━━━━━━━━ 90s 290ms/step - mae: 0.3698 - loss: 0.3190 - val_loss: 0.2418 - val_fr_phase_loss_45: 0.3451 - val_fr_target_loss_50: 0.3718 - val_fr_curve_loss_10: 0.0710 - val_fr_curve_loss_20: 0.1454 - val_fr_curve_loss_30: 0.2337
[Optuna] trial=5 epoch=20 val_fr_phase_loss_45=0.345108 | no history yet
Final loss: 0.3190
Predicting all test samples in free_running mode...
  X shape: (2280, 200, 55)
  Y shape: (2280, 50, 55)
  Pred shape: (2280, 50, 55)

 step | target                | pred                  | abs_err
------|-----------------------|-----------------------|----------------------
   25 | [ 4.139746e-01  2.252291e+00  7.680922e-02 -1.082321e+00  1.330184e-01
 -2.749080e-01  6.398940e-01 -1.222357e+00  1.964076e+00  2.024013e-01
 -1.249584e+00  1.684962e-01  6.261574e-01  7.681609e-01 -1.833026e+00
  4.305243e-01 -6.649562e-01  3.213241e-02 -4.315943e-01 -9.406051e-01
 -3.335454e-01  8.885246e-01  1.287808e+00  7.899810e-01 -2.762157e-01
  1.005897e+00 -2.825402e-01 -5.396542e-01 -1.754732e-01  2.526159e-01
 -1.215466e+00 -7.651589e-01 -1.200358e-01  4.952903e-01 -4.308359e-01
 -7.325999e-01  1.170439e+00  1.235309e+00 -8.311886e-01 -7.979621e-01
 -9.821695e-01  2.076884e-01  3.238765e-01 -1.923588e-01 -4.145486e-01
 -3.828006e-01 -3.487313e-02  1.245124e-03  1.581712e-01  5.641804e-01
  2.155083e-01 -1.144052e-01 -1.354365e+00 -3.214316e-01 -1.550427e+00] | [ 0.741369  2.976121 -0.139015 -0.235199  0.445019 -0.223335  1.020977
 -1.319996  2.646336  0.457992 -1.989519  0.872509 -0.353723  0.553209
 -0.321565 -0.771553  0.494632 -0.400928  0.688411 -1.15987  -0.045882
  0.501556  0.638232  0.307633 -0.485742  1.439268 -0.858534 -0.648515
 -0.009776  0.582862 -0.211705 -0.192824 -0.094887  0.710854 -0.873351
 -0.475728  0.885232  0.990489  0.456472 -0.701058 -0.760165  0.274955
  1.359047  0.075979  1.055791 -0.53854  -0.098807 -0.016159  1.032103
  0.360182 -0.802917  0.201263 -1.767596 -0.127941 -2.185033] | [0.327395 0.72383  0.215824 0.847123 0.312    0.051573 0.381083 0.097639
 0.682259 0.255591 0.739936 0.704013 0.97988  0.214952 1.511461 1.202077
 1.159588 0.43306  1.120006 0.219265 0.287664 0.386968 0.649575 0.482348
 0.209527 0.433371 0.575994 0.10886  0.165698 0.330246 1.003761 0.572335
 0.025149 0.215564 0.442515 0.256872 0.285207 0.24482  1.28766  0.096904
 0.222005 0.067267 1.03517  0.268338 1.470339 0.15574  0.063934 0.017404
 0.873931 0.203998 1.018425 0.315668 0.413231 0.193491 0.634606]
   26 | [ 0.433902  2.276946  0.062718 -1.073421  0.149295 -0.261739  0.66411
 -1.190588  1.970693  0.211786 -1.280325  0.091743  0.630177  0.811665
 -1.905444  0.590891 -0.648677  0.010101 -0.341095 -0.950394 -0.271225
  0.842781  1.340023  0.789891 -0.296955  0.983707 -0.332591 -0.535192
 -0.171397  0.217021 -1.236176 -0.75049  -0.169815  0.501318 -0.449502
 -0.772153  1.203705  1.218394 -0.873595 -0.731515 -1.003057  0.192291
  0.338178 -0.172599 -0.562203 -0.409968  0.071482 -0.035004  0.178969
  0.522649  0.281281 -0.172402 -1.38113  -0.280718 -1.561255] | [ 0.763275  3.004334 -0.133009 -0.190022  0.439938 -0.229588  1.057881
 -1.288572  2.651654  0.477477 -2.002167  0.848962 -0.398467  0.618673
 -0.374695 -0.690684  0.511806 -0.437778  0.760404 -1.175384 -0.042074
  0.44597   0.664556  0.292685 -0.504027  1.468212 -0.884788 -0.655668
  0.044009  0.576854 -0.191036 -0.162787 -0.116595  0.702907 -0.900702
 -0.465756  0.900198  0.974917  0.429672 -0.626291 -0.766969  0.240983
  1.363184  0.11676   0.941608 -0.565783 -0.054753 -0.031139  1.073578
  0.32211  -0.770341  0.137823 -1.777581 -0.090382 -2.187213] | [0.329372 0.727388 0.195727 0.883399 0.290643 0.032151 0.393771 0.097983
 0.680961 0.26569  0.721842 0.757219 1.028644 0.192992 1.530749 1.281575
 1.160484 0.447879 1.101499 0.224989 0.22915  0.396811 0.675467 0.497206
 0.207072 0.484505 0.552197 0.120476 0.215406 0.359833 1.04514  0.587703
 0.05322  0.201589 0.451199 0.306398 0.303507 0.243477 1.303267 0.105224
 0.236088 0.048692 1.025006 0.289358 1.503811 0.155815 0.126236 0.003865
 0.894609 0.200539 1.051622 0.310225 0.396451 0.190336 0.625958]
   27 | [ 0.45137   2.29779   0.046898 -1.065959  0.163722 -0.251176  0.686906
 -1.158318  1.973541  0.218812 -1.306769  0.020961  0.635355  0.846673
 -1.973424  0.752938 -0.63128  -0.009811 -0.250043 -0.95588  -0.208485
  0.794828  1.389242  0.786713 -0.314912  0.961981 -0.384025 -0.528408
 -0.166389  0.176889 -1.255981 -0.733755 -0.216556  0.503603 -0.465744
 -0.812322  1.237801  1.200935 -0.913572 -0.661274 -1.020813  0.176508
  0.350492 -0.15451  -0.707661 -0.434216  0.179125 -0.073381  0.197581
  0.481679  0.341621 -0.226467 -1.405437 -0.237464 -1.567991] | [ 0.782806  3.025751 -0.126659 -0.144539  0.432183 -0.238618  1.092872
 -1.256211  2.651277  0.493997 -2.009746  0.826255 -0.440664  0.679232
 -0.428553 -0.606756  0.523796 -0.47362   0.828513 -1.187592 -0.04185
  0.388916  0.691573  0.276227 -0.520647  1.495102 -0.907779 -0.662528
  0.098204  0.567212 -0.172577 -0.134007 -0.135543  0.69159  -0.926247
 -0.456874  0.91282   0.957032  0.400409 -0.546923 -0.772101  0.205485
  1.362151  0.157599  0.826214 -0.589374 -0.011414 -0.04716   1.111462
  0.28511  -0.741661  0.07725  -1.782724 -0.054292 -2.184157] | [0.331437 0.727961 0.173557 0.92142  0.26846  0.012558 0.405966 0.097893
 0.677736 0.275186 0.702977 0.805294 1.076019 0.167441 1.544872 1.359694
 1.155076 0.463808 1.078557 0.231712 0.166636 0.405912 0.697669 0.510486
 0.205735 0.533121 0.523755 0.13412  0.264594 0.390323 1.083405 0.599747
 0.081013 0.187987 0.460503 0.355448 0.324981 0.243903 1.313981 0.114351
 0.248712 0.028977 1.011659 0.312109 1.533875 0.155158 0.190538 0.026221
 0.91388  0.196568 1.083282 0.303717 0.377288 0.183172 0.616166]
   28 | [ 0.466327  2.314783  0.029422 -1.059933  0.176249 -0.243234  0.708319
 -1.125542  1.97265   0.223477 -1.328843 -0.043589  0.641445  0.873025
 -2.036825  0.915869 -0.612772 -0.027353 -0.158771 -0.957077 -0.145636
  0.744967  1.435167  0.780424 -0.32991   0.940997 -0.436465 -0.519352
 -0.160183  0.132539 -1.274543 -0.714768 -0.260126  0.501926 -0.479514
 -0.852827  1.272629  1.183048 -0.950983 -0.587688 -1.035382  0.160153
  0.360566 -0.138091 -0.850494 -0.455552  0.287429 -0.113708  0.214089
  0.44125   0.396277 -0.27644  -1.427296 -0.191884 -1.570648] | [ 0.799866  3.040046 -0.120173 -0.098942  0.421906 -0.250295  1.125839
 -1.223149  2.645342  0.507617 -2.012287  0.804667 -0.480211  0.734531
 -0.482914 -0.520318  0.530767 -0.50836   0.892644 -1.19627  -0.045206
  0.330531  0.7191    0.258295 -0.535634  1.519575 -0.927382 -0.669092
  0.152518  0.554015 -0.156311 -0.106462 -0.151885  0.677203 -0.949824
 -0.448805  0.923239  0.936963  0.368756 -0.463455 -0.77546   0.168891
  1.355934  0.198039  0.710278 -0.609229  0.031084 -0.064304  1.145503
  0.249286 -0.717018  0.019625 -1.783119 -0.019715 -2.175885] | [0.333539 0.725263 0.149596 0.960991 0.245657 0.007062 0.41752  0.097608
 0.672692 0.284141 0.683444 0.848256 1.121656 0.138494 1.55391  1.436187
 1.143539 0.481008 1.051416 0.239193 0.10043  0.414436 0.716067 0.522129
 0.205724 0.578577 0.490917 0.14974  0.312701 0.421476 1.118232 0.608306
 0.108242 0.175277 0.47031  0.404022 0.349391 0.246084 1.319739 0.124233
 0.259922 0.008738 0.995368 0.33613  1.560772 0.153677 0.256345 0.049404
 0.931414 0.191963 1.113294 0.296065 0.355823 0.172169 0.605237]
   29 | [ 0.478732  2.32789   0.010362 -1.055353  0.186818 -0.237931  0.728378
 -1.09227   1.968046  0.225786 -1.346491 -0.1017    0.648197  0.890628
 -2.095523  1.078877 -0.593175 -0.042284 -0.067607 -0.95402  -0.082985
  0.693516  1.47754   0.771024 -0.341791  0.921028 -0.489508 -0.508082
 -0.152506  0.084329 -1.291529 -0.693373 -0.30041   0.496102 -0.49077
 -0.893374  1.308082  1.164834 -0.985713 -0.511238 -1.046716  0.143051
  0.368166 -0.123325 -0.990295 -0.473989  0.395794 -0.155784  0.228586
  0.401343  0.445038 -0.322183 -1.446722 -0.144214 -1.56925 ] | [ 0.81338   3.045744 -0.114193 -0.051969  0.411554 -0.265894  1.157167
 -1.192327  2.631838  0.517188 -2.008086  0.783229 -0.517013  0.783702
 -0.537805 -0.433163  0.535495 -0.539531  0.952998 -1.199998 -0.050746
  0.270608  0.746913  0.240881 -0.548032  1.542832 -0.940944 -0.674773
  0.206862  0.538786 -0.140977 -0.077552 -0.164226  0.659628 -0.969537
 -0.441021  0.930809  0.916838  0.333964 -0.378383 -0.776218  0.132879
  1.342675  0.239209  0.595933 -0.624441  0.07287  -0.080933  1.17617
  0.21456  -0.69473  -0.033918 -1.777764  0.013808 -2.161814] | [0.334649 0.717853 0.124555 1.003384 0.224736 0.027963 0.428789 0.100057
 0.663792 0.291402 0.661595 0.88493  1.165209 0.106927 1.557718 1.51204
 1.12867  0.497247 1.020605 0.245977 0.032239 0.422909 0.730628 0.530143
 0.206241 0.621804 0.451437 0.166692 0.359368 0.454457 1.150552 0.61582
 0.136184 0.163526 0.478767 0.452352 0.377273 0.247996 1.319678 0.132855
 0.270498 0.010172 0.974509 0.362534 1.586228 0.150452 0.322924 0.07485
 0.947584 0.186783 1.139768 0.288264 0.331042 0.158023 0.592563]
model built: True
num weights: 38
{'mae': [0.30367761850357056, 0.16811640560626984, 0.11919532716274261, 0.09300979971885681, 0.07998927682638168, 0.07301235944032669, 0.1356847733259201, 0.122783362865448, 0.11616310477256775, 0.10670925676822662, 0.06286994367837906, 0.05514528229832649, 0.05266154557466507, 0.05231621861457825, 0.04636625945568085, 0.07291847467422485, 0.2964697480201721, 0.35503801703453064, 0.37588202953338623, 0.3697570264339447], 'loss': [0.364300936460495, 0.07587430626153946, 0.02931474708020687, 0.017200175672769547, 0.00932982936501503, 0.007221474777907133, 0.04570285230875015, 0.02902364917099476, 0.024603532627224922, 0.021466095000505447, 0.008805717341601849, 0.0056921509094536304, 0.0050985547713935375, 0.004926535300910473, 0.003255485789850354, 0.04882511869072914, 0.49576157331466675, 0.33695894479751587, 0.34750571846961975, 0.31901422142982483], 'val_loss': [0.15087157487869263, 0.04998905211687088, 0.02663167379796505, 0.01425607968121767, 0.010369496420025826, 0.008652407675981522, 0.029840627685189247, 0.024608943611383438, 0.022078704088926315, 0.018699608743190765, 0.006475508213043213, 0.0049851094372570515, 0.004535390995442867, 0.004450047854334116, 0.003520386526361108, 0.008656758815050125, 0.14471469819545746, 0.22170713543891907, 0.24823831021785736, 0.24182277917861938], 'val_fr_phase_loss_10': [nan, 0.2560517489910126, nan, 0.2544470429420471, nan, 0.2595427334308624], 'val_fr_target_loss_50': [nan, nan, nan, nan, nan, 1.935007929801941, nan, nan, nan, 1.2629462480545044, nan, nan, nan, 1.109657645225525, nan, 1.1979652643203735, nan, 0.4132983386516571, nan, 0.37179943919181824], 'val_fr_curve_loss_10': [nan, nan, nan, nan, nan, 0.2510143220424652, nan, nan, nan, 0.12359257787466049, nan, nan, nan, 0.10804959386587143, nan, 0.13863973319530487, nan, 0.08126143366098404, nan, 0.07102447003126144], 'val_fr_curve_loss_20': [nan, nan, nan, nan, nan, 0.7406793832778931, nan, nan, nan, 0.37577176094055176, nan, nan, nan, 0.35852211713790894, nan, 0.42679134011268616, nan, 0.16721315681934357, nan, 0.14538320899009705], 'val_fr_curve_loss_30': [nan, nan, nan, nan, nan, 1.2181702852249146, nan, nan, nan, 0.6834008097648621, nan, nan, nan, 0.6506608128547668, nan, 0.7423809766769409, nan, 0.2636931836605072, nan, 0.23367111384868622], 'val_fr_phase_loss_15': [nan, 0.26359739899635315, nan, 0.23966331779956818], 'val_fr_phase_loss_20': [nan, 0.3073972165584564, nan, 0.35643643140792847], 'val_fr_phase_loss_25': [nan, 0.5863151550292969], 'val_fr_phase_loss_35': [nan, 0.31090056896209717], 'val_fr_phase_loss_45': [nan, 0.3451080024242401]}
Saved artifacts to: runs/tuning/step_wise_lstm_lvl1/trial_0005
