--- Number of Windows for Train = 9880
--- Number of Windows for Val = 3040
--- Number of Windows for Test = 2280
--- Curriculum = [5, 5, 12, 12, 18, 18, 25, 25, 38, 38, 50, 50]
--- fr_curve Outsteps = [10, 20, 30, 50]

--- Training: lstm_fullseq_30ep [LSTM/FC/FULL_SEQ]  ---

======================================================================
   PHASE 1/12: teacher_forcing
   Epochs: 2
   Learning Rate: 0.00020860514991068123
   Clipping Norm: 0.57526694689779
   Horizon (train loss): 5
   Output timesteps (val_loss and fr_loss): 50
======================================================================

Epoch 1/30
309/309 ━━━━━━━━━━━━━━━━━━━━ 18s 38ms/step - mae: 0.2456 - mse: 0.0967 - loss: 0.3374 - val_loss: 0.0967
Epoch 2/30
309/309 ━━━━━━━━━━━━━━━━━━━━ 15s 47ms/step - mae: 0.1589 - mse: 0.0406 - loss: 0.0555 - val_loss: 0.0406 - val_fr_phase_loss_5: 0.0571 - val_fr_target_loss_50: 1.0932 - val_fr_curve_loss_10: 0.1271 - val_fr_curve_loss_20: 0.3753 - val_fr_curve_loss_30: 0.6520 - val_fr_curve_loss_50: 1.0708
[Optuna] trial=19 epoch=2 val_fr_phase_loss_5=0.057102 | median=0.070168 (n=17, p25=0.0493212, p75=0.278914) | margin=-0.013066 (-18.62%)

======================================================================
   PHASE 2/12: masked_modeling
   Mask Prob: 0.1
   Mask Scope: time
   Mask Mode: constant
   Mask Value: 0.2
   Noise Sigma: None
   Noise Replace: False
   Epochs: 3
   Learning Rate: 0.000166884119928545
   Clipping Norm: 0.517740252208011
   Horizon (train loss): 5
   Output timesteps (val_loss and fr_loss): 50
======================================================================

Epoch 3/30
309/309 ━━━━━━━━━━━━━━━━━━━━ 11s 34ms/step - mae: 0.1366 - mse: 0.0300 - loss: 0.0336 - val_loss: 0.0300
Epoch 4/30
309/309 ━━━━━━━━━━━━━━━━━━━━ 14s 46ms/step - mae: 0.1223 - mse: 0.0242 - loss: 0.0250 - val_loss: 0.0242 - val_fr_phase_loss_5: 0.0366
[Optuna] trial=19 epoch=4 val_fr_phase_loss_5=0.0365713 | median=0.0374655 (n=17, p25=0.0326265, p75=0.139294) | margin=-0.000894122 (-2.39%)
Epoch 5/30
309/309 ━━━━━━━━━━━━━━━━━━━━ 14s 46ms/step - mae: 0.1118 - mse: 0.0203 - loss: 0.0204 - val_loss: 0.0203 - val_fr_target_loss_50: 1.0168 - val_fr_curve_loss_10: 0.0844 - val_fr_curve_loss_20: 0.2920 - val_fr_curve_loss_30: 0.5560 - val_fr_curve_loss_50: 0.9907

======================================================================
   PHASE 3/12: teacher_forcing
   Epochs: 2
   Learning Rate: 0.00020860514991068123
   Clipping Norm: 0.57526694689779
   Horizon (train loss): 12
   Output timesteps (val_loss and fr_loss): 50
======================================================================

Epoch 6/30
309/309 ━━━━━━━━━━━━━━━━━━━━ 11s 34ms/step - mae: 0.1202 - mse: 0.0237 - loss: 0.0271 - val_loss: 0.0237
Epoch 7/30
309/309 ━━━━━━━━━━━━━━━━━━━━ 14s 46ms/step - mae: 0.0986 - mse: 0.0158 - loss: 0.0158 - val_loss: 0.0158 - val_fr_phase_loss_12: 0.0859 - val_fr_target_loss_50: 0.8670 - val_fr_curve_loss_10: 0.0654 - val_fr_curve_loss_20: 0.2063 - val_fr_curve_loss_30: 0.4113 - val_fr_curve_loss_50: 0.8621
[Optuna] trial=19 epoch=7 val_fr_phase_loss_12=0.0859022 | median=0.159098 (n=17, p25=0.146374, p75=0.198421) | margin=-0.0731963 (-46.01%)

======================================================================
   PHASE 4/12: masked_modeling
   Mask Prob: 0.15
   Mask Scope: time
   Mask Mode: constant
   Mask Value: 0.2
   Noise Sigma: None
   Noise Replace: False
   Epochs: 3
   Learning Rate: 0.00014602360493747686
   Clipping Norm: 0.4889769048631215
   Horizon (train loss): 12
   Output timesteps (val_loss and fr_loss): 50
======================================================================

Epoch 8/30
309/309 ━━━━━━━━━━━━━━━━━━━━ 11s 35ms/step - mae: 0.1238 - mse: 0.0252 - loss: 0.0269 - val_loss: 0.0252
Epoch 9/30
309/309 ━━━━━━━━━━━━━━━━━━━━ 14s 46ms/step - mae: 0.1214 - mse: 0.0242 - loss: 0.0231 - val_loss: 0.0242 - val_fr_phase_loss_12: 0.1028
[Optuna] trial=19 epoch=9 val_fr_phase_loss_12=0.102761 | median=0.128112 (n=17, p25=0.112273, p75=0.179754) | margin=-0.0253507 (-19.79%)
Epoch 10/30
309/309 ━━━━━━━━━━━━━━━━━━━━ 14s 46ms/step - mae: 0.1191 - mse: 0.0234 - loss: 0.0211 - val_loss: 0.0234 - val_fr_target_loss_50: 0.9029 - val_fr_curve_loss_10: 0.0696 - val_fr_curve_loss_20: 0.2228 - val_fr_curve_loss_30: 0.4397 - val_fr_curve_loss_50: 0.8991

======================================================================
   PHASE 5/12: teacher_forcing
   Epochs: 2
   Learning Rate: 0.00020860514991068123
   Clipping Norm: 0.57526694689779
   Horizon (train loss): 18
   Output timesteps (val_loss and fr_loss): 50
======================================================================

Epoch 11/30
309/309 ━━━━━━━━━━━━━━━━━━━━ 11s 34ms/step - mae: 0.0867 - mse: 0.0121 - loss: 0.0128 - val_loss: 0.0121
Epoch 12/30
309/309 ━━━━━━━━━━━━━━━━━━━━ 14s 46ms/step - mae: 0.0734 - mse: 0.0087 - loss: 0.0076 - val_loss: 0.0087 - val_fr_phase_loss_18: 0.1661 - val_fr_target_loss_50: 0.7981 - val_fr_curve_loss_10: 0.0600 - val_fr_curve_loss_20: 0.2041 - val_fr_curve_loss_30: 0.4031 - val_fr_curve_loss_50: 0.8067
[Optuna] trial=19 epoch=12 val_fr_phase_loss_18=0.166116 | median=0.306622 (n=17, p25=0.241753, p75=0.464775) | margin=-0.140506 (-45.82%)

======================================================================
   PHASE 6/12: masked_modeling
   Mask Prob: 0.2
   Mask Scope: time
   Mask Mode: constant
   Mask Value: 0.2
   Noise Sigma: None
   Noise Replace: False
   Epochs: 3
   Learning Rate: 0.00012516308994640874
   Clipping Norm: 0.460213557518232
   Horizon (train loss): 18
   Output timesteps (val_loss and fr_loss): 50
======================================================================

Epoch 13/30
309/309 ━━━━━━━━━━━━━━━━━━━━ 11s 34ms/step - mae: 0.1254 - mse: 0.0260 - loss: 0.0280 - val_loss: 0.0260
Epoch 14/30
309/309 ━━━━━━━━━━━━━━━━━━━━ 14s 46ms/step - mae: 0.1270 - mse: 0.0272 - loss: 0.0224 - val_loss: 0.0272 - val_fr_phase_loss_18: 0.2028
[Optuna] trial=19 epoch=14 val_fr_phase_loss_18=0.202769 | median=0.240099 (n=17, p25=0.226521, p75=0.349299) | margin=-0.0373293 (-15.55%)
Epoch 15/30
309/309 ━━━━━━━━━━━━━━━━━━━━ 14s 46ms/step - mae: 0.1236 - mse: 0.0259 - loss: 0.0201 - val_loss: 0.0259 - val_fr_target_loss_50: 0.8628 - val_fr_curve_loss_10: 0.0682 - val_fr_curve_loss_20: 0.2153 - val_fr_curve_loss_30: 0.4199 - val_fr_curve_loss_50: 0.8520

======================================================================
   PHASE 7/12: teacher_forcing
   Epochs: 2
   Learning Rate: 0.00020860514991068123
   Clipping Norm: 0.57526694689779
   Horizon (train loss): 25
   Output timesteps (val_loss and fr_loss): 50
======================================================================

Epoch 16/30
309/309 ━━━━━━━━━━━━━━━━━━━━ 11s 34ms/step - mae: 0.0725 - mse: 0.0085 - loss: 0.0092 - val_loss: 0.0085
Epoch 17/30
309/309 ━━━━━━━━━━━━━━━━━━━━ 14s 47ms/step - mae: 0.0623 - mse: 0.0063 - loss: 0.0052 - val_loss: 0.0063 - val_fr_phase_loss_25: 0.2971 - val_fr_target_loss_50: 0.8028 - val_fr_curve_loss_10: 0.0570 - val_fr_curve_loss_20: 0.2055 - val_fr_curve_loss_30: 0.4106 - val_fr_curve_loss_50: 0.8085
[Optuna] trial=19 epoch=17 val_fr_phase_loss_25=0.297095 | median=0.552836 (n=17, p25=0.39957, p75=0.702531) | margin=-0.255741 (-46.26%)

======================================================================
   PHASE 8/12: masked_modeling
   Mask Prob: 0.2
   Mask Scope: time
   Mask Mode: noise
   Mask Value: None
   Noise Sigma: 0.1
   Noise Replace: False
   Epochs: 3
   Learning Rate: 0.00010430257495534061
   Clipping Norm: 0.4314502101733425
   Horizon (train loss): 25
   Output timesteps (val_loss and fr_loss): 50
======================================================================

Epoch 18/30
309/309 ━━━━━━━━━━━━━━━━━━━━ 11s 35ms/step - mae: 0.0564 - mse: 0.0052 - loss: 0.0044 - val_loss: 0.0052
Epoch 19/30
309/309 ━━━━━━━━━━━━━━━━━━━━ 14s 46ms/step - mae: 0.0539 - mse: 0.0047 - loss: 0.0040 - val_loss: 0.0047 - val_fr_phase_loss_25: 0.2716
[Optuna] trial=19 epoch=19 val_fr_phase_loss_25=0.271591 | median=0.336031 (n=17, p25=0.310663, p75=0.350665) | margin=-0.0644396 (-19.18%)
Epoch 20/30
309/309 ━━━━━━━━━━━━━━━━━━━━ 14s 46ms/step - mae: 0.0517 - mse: 0.0044 - loss: 0.0038 - val_loss: 0.0044 - val_fr_target_loss_50: 0.7711 - val_fr_curve_loss_10: 0.0509 - val_fr_curve_loss_20: 0.1880 - val_fr_curve_loss_30: 0.3827 - val_fr_curve_loss_50: 0.7704

======================================================================
   PHASE 9/12: teacher_forcing
   Epochs: 2
   Learning Rate: 0.00020860514991068123
   Clipping Norm: 0.57526694689779
   Horizon (train loss): 38
   Output timesteps (val_loss and fr_loss): 50
======================================================================

Epoch 21/30
309/309 ━━━━━━━━━━━━━━━━━━━━ 11s 34ms/step - mae: 0.0485 - mse: 0.0038 - loss: 0.0031 - val_loss: 0.0038
Epoch 22/30
309/309 ━━━━━━━━━━━━━━━━━━━━ 15s 47ms/step - mae: 0.0449 - mse: 0.0033 - loss: 0.0025 - val_loss: 0.0033 - val_fr_phase_loss_38: 0.6850 - val_fr_target_loss_50: 0.9730 - val_fr_curve_loss_10: 0.0609 - val_fr_curve_loss_20: 0.2433 - val_fr_curve_loss_30: 0.4971 - val_fr_curve_loss_50: 0.9596
[Optuna] trial=19 epoch=22 val_fr_phase_loss_38=0.685026 | median=0.871916 (n=17, p25=0.797586, p75=1.1826) | margin=-0.18689 (-21.43%)

======================================================================
   PHASE 10/12: masked_modeling
   Mask Prob: 0.25
   Mask Scope: time
   Mask Mode: noise
   Mask Value: None
   Noise Sigma: 0.1
   Noise Replace: False
   Epochs: 3
   Learning Rate: 8.34420599642725e-05
   Clipping Norm: 0.402686862828453
   Horizon (train loss): 38
   Output timesteps (val_loss and fr_loss): 50
======================================================================

Epoch 23/30
309/309 ━━━━━━━━━━━━━━━━━━━━ 11s 34ms/step - mae: 0.0417 - mse: 0.0029 - loss: 0.0030 - val_loss: 0.0029
Epoch 24/30
309/309 ━━━━━━━━━━━━━━━━━━━━ 14s 46ms/step - mae: 0.0409 - mse: 0.0028 - loss: 0.0030 - val_loss: 0.0028 - val_fr_phase_loss_38: 0.5335
[Optuna] trial=19 epoch=24 val_fr_phase_loss_38=0.533457 | median=0.562093 (n=17, p25=0.510458, p75=0.592459) | margin=-0.0286358 (-5.09%)
Epoch 25/30
309/309 ━━━━━━━━━━━━━━━━━━━━ 14s 46ms/step - mae: 0.0405 - mse: 0.0027 - loss: 0.0029 - val_loss: 0.0027 - val_fr_target_loss_50: 0.7682 - val_fr_curve_loss_10: 0.0475 - val_fr_curve_loss_20: 0.1839 - val_fr_curve_loss_30: 0.3814 - val_fr_curve_loss_50: 0.7677

======================================================================
   PHASE 11/12: teacher_forcing
   Epochs: 2
   Learning Rate: 0.00020860514991068123
   Clipping Norm: 0.57526694689779
   Horizon (train loss): 50
   Output timesteps (val_loss and fr_loss): 50
======================================================================

Epoch 26/30
309/309 ━━━━━━━━━━━━━━━━━━━━ 11s 34ms/step - mae: 0.0391 - mse: 0.0025 - loss: 0.0020 - val_loss: 0.0025
Epoch 27/30
309/309 ━━━━━━━━━━━━━━━━━━━━ 14s 46ms/step - mae: 0.0365 - mse: 0.0022 - loss: 0.0017 - val_loss: 0.0022 - val_fr_phase_loss_50: 0.9566 - val_fr_target_loss_50: 0.9618 - val_fr_curve_loss_10: 0.0586 - val_fr_curve_loss_20: 0.2445 - val_fr_curve_loss_30: 0.5027 - val_fr_curve_loss_50: 0.9577
[Optuna] trial=19 epoch=27 val_fr_phase_loss_50=0.956551 | median=1.20441 (n=17, p25=1.03138, p75=1.59811) | margin=-0.247859 (-20.58%)

======================================================================
   PHASE 12/12: masked_modeling
   Mask Prob: 0.25
   Mask Scope: time
   Mask Mode: noise
   Mask Value: None
   Noise Sigma: 0.1
   Noise Replace: True
   Epochs: 3
   Learning Rate: 7.509785396784524e-05
   Clipping Norm: 0.3739235154835635
   Horizon (train loss): 50
   Output timesteps (val_loss and fr_loss): 50
======================================================================

Epoch 28/30
309/309 ━━━━━━━━━━━━━━━━━━━━ 11s 34ms/step - mae: 0.1626 - mse: 0.0435 - loss: 0.0455 - val_loss: 0.0435
Epoch 29/30
309/309 ━━━━━━━━━━━━━━━━━━━━ 14s 46ms/step - mae: 0.1500 - mse: 0.0372 - loss: 0.0317 - val_loss: 0.0372 - val_fr_phase_loss_50: 0.9698
[Optuna] trial=19 epoch=29 val_fr_phase_loss_50=0.969846 | median=1.11595 (n=17, p25=0.858999, p75=1.2928) | margin=-0.146099 (-13.09%)
Epoch 30/30
309/309 ━━━━━━━━━━━━━━━━━━━━ 14s 46ms/step - mae: 0.1430 - mse: 0.0339 - loss: 0.0275 - val_loss: 0.0339 - val_fr_target_loss_50: 0.8729 - val_fr_curve_loss_10: 0.0762 - val_fr_curve_loss_20: 0.2245 - val_fr_curve_loss_30: 0.4298 - val_fr_curve_loss_50: 0.8687
Final loss: 0.0275
Predicting all test samples in free_running mode...
  X shape: (2280, 200, 55)
  Y shape: (2280, 50, 55)
  Pred shape: (2280, 50, 55)

 step | target                | pred                  | abs_err
------|-----------------------|-----------------------|----------------------
   25 | [ 4.139746e-01  2.252291e+00  7.680922e-02 -1.082321e+00  1.330184e-01
 -2.749080e-01  6.398940e-01 -1.222357e+00  1.964076e+00  2.024013e-01
 -1.249584e+00  1.684962e-01  6.261574e-01  7.681609e-01 -1.833026e+00
  4.305243e-01 -6.649562e-01  3.213241e-02 -4.315943e-01 -9.406051e-01
 -3.335454e-01  8.885246e-01  1.287808e+00  7.899810e-01 -2.762157e-01
  1.005897e+00 -2.825402e-01 -5.396542e-01 -1.754732e-01  2.526159e-01
 -1.215466e+00 -7.651589e-01 -1.200358e-01  4.952903e-01 -4.308359e-01
 -7.325999e-01  1.170439e+00  1.235309e+00 -8.311886e-01 -7.979621e-01
 -9.821695e-01  2.076884e-01  3.238765e-01 -1.923588e-01 -4.145486e-01
 -3.828006e-01 -3.487313e-02  1.245124e-03  1.581712e-01  5.641804e-01
  2.155083e-01 -1.144052e-01 -1.354365e+00 -3.214316e-01 -1.550427e+00] | [ 0.833074  2.029537 -0.350199 -1.545273 -0.422214 -0.905881 -0.280676
 -1.611533  2.463119  0.146885 -1.068199  2.483637  0.419187 -0.67937
  0.905949 -0.680864  0.230857 -0.053004 -1.865889 -0.659851 -1.134292
  1.267584  0.47047  -0.009505  0.156062  1.598671 -0.770801 -0.269881
 -1.05736   1.080078 -0.622847 -1.372523  0.2474    0.048209 -0.310063
 -0.023246  1.099468  1.519265  1.040142 -0.670087  0.048558  1.546663
  1.093446 -0.392201  3.150015  1.555065  0.825654  0.24419   0.396281
  1.469764 -2.019905  1.316904 -0.594098  0.330695 -1.103332] | [0.419099 0.222754 0.427008 0.462952 0.555232 0.630973 0.92057  0.389176
 0.499042 0.055517 0.181385 2.315141 0.20697  1.447531 2.738975 1.111389
 0.895813 0.085137 1.434294 0.280754 0.800746 0.379059 0.817338 0.799486
 0.432278 0.592774 0.488261 0.269773 0.881887 0.827462 0.592619 0.607364
 0.367435 0.447081 0.120773 0.709354 0.070971 0.283956 1.871331 0.127875
 1.030727 1.338975 0.76957  0.199842 3.564564 1.937865 0.860527 0.242945
 0.23811  0.905584 2.235413 1.431309 0.760268 0.652127 0.447095]
   26 | [ 0.433902  2.276946  0.062718 -1.073421  0.149295 -0.261739  0.66411
 -1.190588  1.970693  0.211786 -1.280325  0.091743  0.630177  0.811665
 -1.905444  0.590891 -0.648677  0.010101 -0.341095 -0.950394 -0.271225
  0.842781  1.340023  0.789891 -0.296955  0.983707 -0.332591 -0.535192
 -0.171397  0.217021 -1.236176 -0.75049  -0.169815  0.501318 -0.449502
 -0.772153  1.203705  1.218394 -0.873595 -0.731515 -1.003057  0.192291
  0.338178 -0.172599 -0.562203 -0.409968  0.071482 -0.035004  0.178969
  0.522649  0.281281 -0.172402 -1.38113  -0.280718 -1.561255] | [ 8.546214e-01  2.028509e+00 -3.650473e-01 -1.518636e+00 -4.276908e-01
 -9.147224e-01 -2.674171e-01 -1.596952e+00  2.477190e+00  1.804717e-01
 -1.082851e+00  2.480610e+00  3.637528e-01 -6.443581e-01  9.001742e-01
 -6.036038e-01  2.545412e-01 -8.264174e-02 -1.842389e+00 -6.747941e-01
 -1.146484e+00  1.270696e+00  4.596335e-01  2.289810e-03  1.437607e-01
  1.621606e+00 -7.951882e-01 -2.832055e-01 -1.063690e+00  1.103287e+00
 -5.998467e-01 -1.351563e+00  1.981838e-01  6.694327e-02 -3.333490e-01
 -2.631644e-02  1.067305e+00  1.542323e+00  1.076617e+00 -6.392025e-01
  6.437953e-02  1.576351e+00  1.112300e+00 -3.718324e-01  3.123394e+00
  1.562384e+00  8.759798e-01  2.178030e-01  4.351310e-01  1.446505e+00
 -2.026974e+00  1.275451e+00 -6.037919e-01  3.393057e-01 -1.119734e+00] | [0.420719 0.248437 0.427765 0.445215 0.576985 0.652984 0.931527 0.406363
 0.506497 0.031315 0.197474 2.388867 0.266424 1.456023 2.805618 1.194495
 0.903219 0.092743 1.501294 0.2756   0.87526  0.427916 0.88039  0.787601
 0.440716 0.637899 0.462597 0.251987 0.892293 0.886265 0.63633  0.601074
 0.367999 0.434374 0.116153 0.745837 0.1364   0.323929 1.950212 0.092312
 1.067436 1.38406  0.774122 0.199234 3.685596 1.972352 0.804497 0.252807
 0.256162 0.923856 2.308255 1.447852 0.777338 0.620024 0.441521]
   27 | [ 0.45137   2.29779   0.046898 -1.065959  0.163722 -0.251176  0.686906
 -1.158318  1.973541  0.218812 -1.306769  0.020961  0.635355  0.846673
 -1.973424  0.752938 -0.63128  -0.009811 -0.250043 -0.95588  -0.208485
  0.794828  1.389242  0.786713 -0.314912  0.961981 -0.384025 -0.528408
 -0.166389  0.176889 -1.255981 -0.733755 -0.216556  0.503603 -0.465744
 -0.812322  1.237801  1.200935 -0.913572 -0.661274 -1.020813  0.176508
  0.350492 -0.15451  -0.707661 -0.434216  0.179125 -0.073381  0.197581
  0.481679  0.341621 -0.226467 -1.405437 -0.237464 -1.567991] | [ 0.874742  2.024833 -0.379365 -1.49147  -0.433546 -0.924412 -0.253358
 -1.582032  2.489067  0.213062 -1.094754  2.477269  0.307159 -0.610775
  0.893857 -0.52757   0.276475 -0.112237 -1.818403 -0.689163 -1.159304
  1.272312  0.446932  0.015086  0.132799  1.643446 -0.817251 -0.297439
 -1.068881  1.122935 -0.577064 -1.329549  0.150333  0.086905 -0.356012
 -0.028942  1.03415   1.564179  1.112321 -0.6059    0.080407  1.60594
  1.128718 -0.351798  3.094495  1.56825   0.924575  0.190414  0.471802
  1.423352 -2.032233  1.233684 -0.612458  0.346606 -1.135224] | [0.423373 0.272957 0.426263 0.425511 0.597268 0.673236 0.940264 0.423715
 0.515526 0.005749 0.212015 2.456308 0.328196 1.457448 2.867282 1.280507
 0.907755 0.102426 1.56836  0.266716 0.950818 0.477484 0.94231  0.771627
 0.447711 0.681465 0.433226 0.230969 0.902492 0.946046 0.678918 0.595794
 0.366889 0.416698 0.109732 0.78338  0.203651 0.363244 2.025893 0.055373
 1.10122  1.429432 0.778226 0.197288 3.802156 2.002466 0.74545  0.263795
 0.274221 0.941673 2.373854 1.460152 0.792978 0.58407  0.432768]
   28 | [ 0.466327  2.314783  0.029422 -1.059933  0.176249 -0.243234  0.708319
 -1.125542  1.97265   0.223477 -1.328843 -0.043589  0.641445  0.873025
 -2.036825  0.915869 -0.612772 -0.027353 -0.158771 -0.957077 -0.145636
  0.744967  1.435167  0.780424 -0.32991   0.940997 -0.436465 -0.519352
 -0.160183  0.132539 -1.274543 -0.714768 -0.260126  0.501926 -0.479514
 -0.852827  1.272629  1.183048 -0.950983 -0.587688 -1.035382  0.160153
  0.360566 -0.138091 -0.850494 -0.455552  0.287429 -0.113708  0.214089
  0.44125   0.396277 -0.27644  -1.427296 -0.191884 -1.570648] | [ 0.893587  2.018718 -0.39308  -1.463828 -0.439631 -0.934803 -0.238677
 -1.566888  2.498854  0.244488 -1.104073  2.473621  0.249628 -0.57862
  0.88704  -0.453126  0.296693 -0.141671 -1.794218 -0.703004 -1.172712
  1.272382  0.432485  0.028696  0.12316   1.664187 -0.836876 -0.312456
 -1.073037  1.139026 -0.554559 -1.306747  0.103997  0.107839 -0.378087
 -0.031083  1.000404  1.584723  1.147234 -0.570253  0.096431  1.635315
  1.142774 -0.332098  3.063507  1.572677  0.971384  0.162229  0.506345
  1.400486 -2.035583  1.191873 -0.619988  0.352526 -1.149741] | [0.427259 0.296065 0.422503 0.403895 0.61588  0.691569 0.946996 0.441346
 0.526203 0.021011 0.22477  2.51721  0.391817 1.451646 2.923864 1.368995
 0.909465 0.114319 1.635447 0.254074 1.027076 0.527416 1.002682 0.751728
 0.45307  0.723189 0.400411 0.206896 0.912855 1.006486 0.719985 0.591979
 0.364123 0.394086 0.101427 0.821744 0.272225 0.401675 2.098217 0.017435
 1.131814 1.475162 0.782208 0.194006 3.914001 2.028229 0.683955 0.275938
 0.292256 0.959236 2.43186  1.468313 0.807308 0.54441  0.420907]
   29 | [ 0.478732  2.32789   0.010362 -1.055353  0.186818 -0.237931  0.728378
 -1.09227   1.968046  0.225786 -1.346491 -0.1017    0.648197  0.890628
 -2.095523  1.078877 -0.593175 -0.042284 -0.067607 -0.95402  -0.082985
  0.693516  1.47754   0.771024 -0.341791  0.921028 -0.489508 -0.508082
 -0.152506  0.084329 -1.291529 -0.693373 -0.30041   0.496102 -0.49077
 -0.893374  1.308082  1.164834 -0.985713 -0.511238 -1.046716  0.143051
  0.368166 -0.123325 -0.990295 -0.473989  0.395794 -0.155784  0.228586
  0.401343  0.445038 -0.322183 -1.446722 -0.144214 -1.56925 ] | [ 0.91129   2.010373 -0.406134 -1.435766 -0.4458   -0.945744 -0.223561
 -1.551628  2.506658  0.274594 -1.110988  2.469674  0.19139  -0.547886
  0.879754 -0.380587  0.315234 -0.170821 -1.770097 -0.716347 -1.186675
  1.270877  0.416432  0.042931  0.114813  1.683833 -0.853988 -0.328127
 -1.076261  1.151601 -0.53238  -1.283425  0.059317  0.12949  -0.399606
 -0.032704  0.966442  1.603868  1.181343 -0.53235   0.112259  1.664376
  1.154559 -0.312732  3.030624  1.575715  1.016366  0.133437  0.538822
  1.378076 -2.036972  1.150271 -0.626288  0.357009 -1.163228] | [0.432558 0.317518 0.416496 0.380413 0.632617 0.707813 0.951939 0.459358
 0.538612 0.048809 0.235502 2.571374 0.456806 1.438514 2.975277 1.459465
 0.908409 0.128537 1.702491 0.237673 1.10369  0.577361 1.061109 0.728093
 0.456604 0.762805 0.36448  0.179955 0.923755 1.067271 0.759149 0.590052
 0.359726 0.366612 0.091163 0.86067  0.34164  0.439034 2.167056 0.021112
 1.158975 1.521325 0.786393 0.189407 4.020919 2.049705 0.620573 0.289221
 0.310236 0.976733 2.48201  1.472453 0.820434 0.501223 0.406022]
model built: True
num weights: 38
{'mae': [0.2456195205450058, 0.1588505059480667, 0.13659758865833282, 0.12232023477554321, 0.11183946579694748, 0.12021782249212265, 0.09860796481370926, 0.1238056868314743, 0.12136854231357574, 0.11912563443183899, 0.0866876170039177, 0.0733916312456131, 0.1253862828016281, 0.126998633146286, 0.1236226037144661, 0.0725497305393219, 0.062287475913763046, 0.05635381117463112, 0.053858038038015366, 0.05171007290482521, 0.048548780381679535, 0.04494069889187813, 0.04167412221431732, 0.040947526693344116, 0.0405031181871891, 0.0391143336892128, 0.03653594106435776, 0.16259603202342987, 0.1500295251607895, 0.14302131533622742], 'mse': [0.09674840420484543, 0.040571846067905426, 0.030035313218832016, 0.024187332019209862, 0.020318638533353806, 0.02373042330145836, 0.015772514045238495, 0.02517084591090679, 0.02422501891851425, 0.023366523906588554, 0.012139015831053257, 0.008689172565937042, 0.02603476494550705, 0.027224892750382423, 0.02592333033680916, 0.008490829728543758, 0.006262131035327911, 0.0051602087914943695, 0.004721102304756641, 0.004354768432676792, 0.0038292654789984226, 0.003290558699518442, 0.002860519103705883, 0.0027597115840762854, 0.00269694603048265, 0.0025023247580975294, 0.0021956241689622402, 0.043496016412973404, 0.03716431185603142, 0.03387024253606796], 'loss': [0.3373618721961975, 0.055511314421892166, 0.033571235835552216, 0.02502400614321232, 0.0203680619597435, 0.02705364115536213, 0.015754597261548042, 0.026949530467391014, 0.023136155679821968, 0.021099066361784935, 0.012844526208937168, 0.00763233657926321, 0.027967950329184532, 0.02243253029882908, 0.020110558718442917, 0.009185651317238808, 0.005155906546860933, 0.004375176038593054, 0.004025889560580254, 0.003760186256840825, 0.003073632251471281, 0.0025237849913537502, 0.0030429025646299124, 0.002952535869553685, 0.002890343777835369, 0.0019929518457502127, 0.0016645387513563037, 0.04547634720802307, 0.031673479825258255, 0.027531305328011513], 'val_loss': [0.09674840420484543, 0.040571846067905426, 0.030035313218832016, 0.024187332019209862, 0.020318640395998955, 0.02373042330145836, 0.015772514045238495, 0.02517084591090679, 0.02422501891851425, 0.023366523906588554, 0.012139013968408108, 0.008689172565937042, 0.02603476494550705, 0.027224892750382423, 0.02592333033680916, 0.008490829728543758, 0.006262131035327911, 0.0051602087914943695, 0.004721102304756641, 0.004354768432676792, 0.0038292654789984226, 0.0032905584666877985, 0.0028605188708752394, 0.0027597115840762854, 0.00269694603048265, 0.002502324990928173, 0.0021956241689622402, 0.043496016412973404, 0.03716431185603142, 0.03387024253606796], 'val_fr_phase_loss_5': [nan, 0.057101983577013016, nan, 0.03657133877277374, nan], 'val_fr_target_loss_50': [nan, 1.093179702758789, nan, nan, 1.0167614221572876, nan, 0.8669841289520264, nan, nan, 0.9029418230056763, nan, 0.7981409430503845, nan, nan, 0.8627604246139526, nan, 0.8028317093849182, nan, nan, 0.7710742354393005, nan, 0.9730128645896912, nan, nan, 0.7681731581687927, nan, 0.9618254899978638, nan, nan, 0.8729038238525391], 'val_fr_curve_loss_10': [nan, 0.12705941498279572, nan, nan, 0.0843510776758194, nan, 0.06542200595140457, nan, nan, 0.06964921951293945, nan, 0.06002231314778328, nan, nan, 0.06820829212665558, nan, 0.05699627846479416, nan, nan, 0.05086689814925194, nan, 0.06090940162539482, nan, nan, 0.04750065132975578, nan, 0.058576904237270355, nan, nan, 0.0762292891740799], 'val_fr_curve_loss_20': [nan, 0.375279039144516, nan, nan, 0.2919626235961914, nan, 0.20634905993938446, nan, nan, 0.22276324033737183, nan, 0.20411665737628937, nan, nan, 0.2152632474899292, nan, 0.20545269548892975, nan, nan, 0.1880332976579666, nan, 0.24329540133476257, nan, nan, 0.18392795324325562, nan, 0.244502454996109, nan, nan, 0.22450734674930573], 'val_fr_curve_loss_30': [nan, 0.6520363092422485, nan, nan, 0.556032657623291, nan, 0.4112820327281952, nan, nan, 0.4396741986274719, nan, 0.40305331349372864, nan, nan, 0.4199233055114746, nan, 0.41061609983444214, nan, nan, 0.3827083706855774, nan, 0.497080534696579, nan, nan, 0.3813903331756592, nan, 0.5026624202728271, nan, nan, 0.42984578013420105], 'val_fr_curve_loss_50': [nan, 1.0708152055740356, nan, nan, 0.9906505942344666, nan, 0.8621117472648621, nan, nan, 0.899109423160553, nan, 0.806746244430542, nan, nan, 0.8519697785377502, nan, 0.8084873557090759, nan, nan, 0.7704187035560608, nan, 0.9596219658851624, nan, nan, 0.7677459120750427, nan, 0.9576658606529236, nan, nan, 0.8686839938163757], 'val_fr_phase_loss_12': [nan, 0.08590222895145416, nan, 0.10276081413030624, nan], 'val_fr_phase_loss_18': [nan, 0.16611596941947937, nan, 0.202769473195076, nan], 'val_fr_phase_loss_25': [nan, 0.29709458351135254, nan, 0.2715914845466614, nan], 'val_fr_phase_loss_38': [nan, 0.6850256323814392, nan, 0.5334569215774536, nan], 'val_fr_phase_loss_50': [nan, 0.956551194190979, nan, 0.9698461890220642, nan]}
Saved artifacts to: runs/tuning/full_seq_lstm_lvl1/trial_0019
