--- Number of Windows for Train = 9880
--- Number of Windows for Val = 3040
--- Number of Windows for Test = 2280
--- Curriculum = [5, 5, 12, 12, 18, 18, 25, 25, 38, 38, 50, 50]
--- fr_curve Outsteps = [10, 20, 30, 50]

--- Training: lstm_fullseq_30ep [LSTM/FC/FULL_SEQ]  ---

======================================================================
   PHASE 1/12: teacher_forcing
   Epochs: 2
   Learning Rate: 0.0005102570524628178
   Clipping Norm: 1.4411947601070252
   Horizon (train loss): 5
   Output timesteps (val_loss and fr_loss): 50
======================================================================

Epoch 1/30
309/309 ━━━━━━━━━━━━━━━━━━━━ 18s 39ms/step - mae: 0.1610 - mse: 0.0416 - loss: 0.2067 - val_loss: 0.0416
Epoch 2/30
309/309 ━━━━━━━━━━━━━━━━━━━━ 15s 48ms/step - mae: 0.1138 - mse: 0.0209 - loss: 0.0247 - val_loss: 0.0209 - val_fr_phase_loss_5: 0.0404 - val_fr_target_loss_50: 1.2173 - val_fr_curve_loss_10: 0.1044 - val_fr_curve_loss_20: 0.3377 - val_fr_curve_loss_30: 0.6425 - val_fr_curve_loss_50: 1.2007
[Optuna] trial=21 epoch=2 val_fr_phase_loss_5=0.0404049 | median=0.0640497 (n=19, p25=0.049184, p75=0.24213) | margin=-0.0236448 (-36.92%)

======================================================================
   PHASE 2/12: masked_modeling
   Mask Prob: 0.1
   Mask Scope: time
   Mask Mode: constant
   Mask Value: 0.2
   Noise Sigma: None
   Noise Replace: False
   Epochs: 3
   Learning Rate: 0.00040820564197025427
   Clipping Norm: 1.2970752840963227
   Horizon (train loss): 5
   Output timesteps (val_loss and fr_loss): 50
======================================================================

Epoch 3/30
309/309 ━━━━━━━━━━━━━━━━━━━━ 11s 34ms/step - mae: 0.1124 - mse: 0.0204 - loss: 0.0249 - val_loss: 0.0204
Epoch 4/30
309/309 ━━━━━━━━━━━━━━━━━━━━ 14s 47ms/step - mae: 0.1033 - mse: 0.0174 - loss: 0.0185 - val_loss: 0.0174 - val_fr_phase_loss_5: 0.0293
[Optuna] trial=21 epoch=4 val_fr_phase_loss_5=0.0293173 | median=0.0365713 (n=19, p25=0.0325678, p75=0.118873) | margin=-0.00725408 (-19.84%)
Epoch 5/30
309/309 ━━━━━━━━━━━━━━━━━━━━ 14s 46ms/step - mae: 0.1002 - mse: 0.0163 - loss: 0.0147 - val_loss: 0.0163 - val_fr_target_loss_50: 0.9331 - val_fr_curve_loss_10: 0.0751 - val_fr_curve_loss_20: 0.2573 - val_fr_curve_loss_30: 0.4915 - val_fr_curve_loss_50: 0.9160

======================================================================
   PHASE 3/12: teacher_forcing
   Epochs: 2
   Learning Rate: 0.0005102570524628178
   Clipping Norm: 1.4411947601070252
   Horizon (train loss): 12
   Output timesteps (val_loss and fr_loss): 50
======================================================================

Epoch 6/30
309/309 ━━━━━━━━━━━━━━━━━━━━ 11s 34ms/step - mae: 0.0959 - mse: 0.0150 - loss: 0.0205 - val_loss: 0.0150
Epoch 7/30
309/309 ━━━━━━━━━━━━━━━━━━━━ 14s 46ms/step - mae: 0.0753 - mse: 0.0092 - loss: 0.0090 - val_loss: 0.0092 - val_fr_phase_loss_12: 0.1102 - val_fr_target_loss_50: 1.0393 - val_fr_curve_loss_10: 0.0783 - val_fr_curve_loss_20: 0.2750 - val_fr_curve_loss_30: 0.5328 - val_fr_curve_loss_50: 1.0179
[Optuna] trial=21 epoch=7 val_fr_phase_loss_12=0.1102 | median=0.155673 (n=19, p25=0.112292, p75=0.19781) | margin=-0.0454735 (-29.21%)

======================================================================
   PHASE 4/12: masked_modeling
   Mask Prob: 0.15
   Mask Scope: time
   Mask Mode: constant
   Mask Value: 0.2
   Noise Sigma: None
   Noise Replace: False
   Epochs: 3
   Learning Rate: 0.0003571799367239724
   Clipping Norm: 1.2250155460909713
   Horizon (train loss): 12
   Output timesteps (val_loss and fr_loss): 50
======================================================================

Epoch 8/30
309/309 ━━━━━━━━━━━━━━━━━━━━ 11s 35ms/step - mae: 0.1146 - mse: 0.0219 - loss: 0.0238 - val_loss: 0.0219
Epoch 9/30
309/309 ━━━━━━━━━━━━━━━━━━━━ 14s 46ms/step - mae: 0.1111 - mse: 0.0205 - loss: 0.0179 - val_loss: 0.0205 - val_fr_phase_loss_12: 0.0919
[Optuna] trial=21 epoch=9 val_fr_phase_loss_12=0.0918517 | median=0.126373 (n=19, p25=0.109766, p75=0.164487) | margin=-0.0345209 (-27.32%)
Epoch 10/30
309/309 ━━━━━━━━━━━━━━━━━━━━ 14s 46ms/step - mae: 0.1055 - mse: 0.0185 - loss: 0.0155 - val_loss: 0.0185 - val_fr_target_loss_50: 0.8855 - val_fr_curve_loss_10: 0.0661 - val_fr_curve_loss_20: 0.2159 - val_fr_curve_loss_30: 0.4255 - val_fr_curve_loss_50: 0.8655

======================================================================
   PHASE 5/12: teacher_forcing
   Epochs: 2
   Learning Rate: 0.0005102570524628178
   Clipping Norm: 1.4411947601070252
   Horizon (train loss): 18
   Output timesteps (val_loss and fr_loss): 50
======================================================================

Epoch 11/30
309/309 ━━━━━━━━━━━━━━━━━━━━ 11s 35ms/step - mae: 0.0660 - mse: 0.0070 - loss: 0.0080 - val_loss: 0.0070
Epoch 12/30
309/309 ━━━━━━━━━━━━━━━━━━━━ 14s 47ms/step - mae: 0.0532 - mse: 0.0046 - loss: 0.0039 - val_loss: 0.0046 - val_fr_phase_loss_18: 0.2323 - val_fr_target_loss_50: 1.0688 - val_fr_curve_loss_10: 0.0698 - val_fr_curve_loss_20: 0.2853 - val_fr_curve_loss_30: 0.5646 - val_fr_curve_loss_50: 1.0507
[Optuna] trial=21 epoch=12 val_fr_phase_loss_18=0.23232 | median=0.28587 (n=19, p25=0.231722, p75=0.461188) | margin=-0.0535506 (-18.73%)

======================================================================
   PHASE 6/12: masked_modeling
   Mask Prob: 0.2
   Mask Scope: time
   Mask Mode: constant
   Mask Value: 0.2
   Noise Sigma: None
   Noise Replace: False
   Epochs: 3
   Learning Rate: 0.0003061542314776907
   Clipping Norm: 1.1529558080856201
   Horizon (train loss): 18
   Output timesteps (val_loss and fr_loss): 50
======================================================================

Epoch 13/30
309/309 ━━━━━━━━━━━━━━━━━━━━ 11s 36ms/step - mae: 0.1060 - mse: 0.0190 - loss: 0.0202 - val_loss: 0.0190
Epoch 14/30
309/309 ━━━━━━━━━━━━━━━━━━━━ 14s 46ms/step - mae: 0.1027 - mse: 0.0181 - loss: 0.0143 - val_loss: 0.0181 - val_fr_phase_loss_18: 0.1780
[Optuna] trial=21 epoch=14 val_fr_phase_loss_18=0.177991 | median=0.234639 (n=19, p25=0.211029, p75=0.348533) | margin=-0.0566477 (-24.14%)
Epoch 15/30
309/309 ━━━━━━━━━━━━━━━━━━━━ 14s 46ms/step - mae: 0.0980 - mse: 0.0167 - loss: 0.0123 - val_loss: 0.0167 - val_fr_target_loss_50: 0.8819 - val_fr_curve_loss_10: 0.0628 - val_fr_curve_loss_20: 0.2138 - val_fr_curve_loss_30: 0.4257 - val_fr_curve_loss_50: 0.8619

======================================================================
   PHASE 7/12: teacher_forcing
   Epochs: 2
   Learning Rate: 0.0005102570524628178
   Clipping Norm: 1.4411947601070252
   Horizon (train loss): 25
   Output timesteps (val_loss and fr_loss): 50
======================================================================

Epoch 16/30
309/309 ━━━━━━━━━━━━━━━━━━━━ 11s 34ms/step - mae: 0.0509 - mse: 0.0042 - loss: 0.0054 - val_loss: 0.0042
Epoch 17/30
309/309 ━━━━━━━━━━━━━━━━━━━━ 14s 46ms/step - mae: 0.0429 - mse: 0.0030 - loss: 0.0024 - val_loss: 0.0030 - val_fr_phase_loss_25: 0.4255 - val_fr_target_loss_50: 1.0555 - val_fr_curve_loss_10: 0.0694 - val_fr_curve_loss_20: 0.2930 - val_fr_curve_loss_30: 0.5727 - val_fr_curve_loss_50: 1.0335
[Optuna] trial=21 epoch=17 val_fr_phase_loss_25=0.425525 | median=0.500051 (n=19, p25=0.392944, p75=0.700939) | margin=-0.0745259 (-14.90%)

======================================================================
   PHASE 8/12: masked_modeling
   Mask Prob: 0.2
   Mask Scope: time
   Mask Mode: noise
   Mask Value: None
   Noise Sigma: 0.1
   Noise Replace: False
   Epochs: 3
   Learning Rate: 0.0002551285262314089
   Clipping Norm: 1.0808960700802688
   Horizon (train loss): 25
   Output timesteps (val_loss and fr_loss): 50
======================================================================

Epoch 18/30
309/309 ━━━━━━━━━━━━━━━━━━━━ 11s 34ms/step - mae: 0.0391 - mse: 0.0025 - loss: 0.0027 - val_loss: 0.0025
Epoch 19/30
309/309 ━━━━━━━━━━━━━━━━━━━━ 14s 46ms/step - mae: 0.0386 - mse: 0.0025 - loss: 0.0026 - val_loss: 0.0025 - val_fr_phase_loss_25: 0.2719
[Optuna] trial=21 epoch=19 val_fr_phase_loss_25=0.271949 | median=0.314487 (n=19, p25=0.294691, p75=0.346569) | margin=-0.042538 (-13.53%)
Epoch 20/30
309/309 ━━━━━━━━━━━━━━━━━━━━ 14s 46ms/step - mae: 0.0385 - mse: 0.0024 - loss: 0.0025 - val_loss: 0.0024 - val_fr_target_loss_50: 0.7760 - val_fr_curve_loss_10: 0.0426 - val_fr_curve_loss_20: 0.1794 - val_fr_curve_loss_30: 0.3810 - val_fr_curve_loss_50: 0.7713

======================================================================
   PHASE 9/12: teacher_forcing
   Epochs: 2
   Learning Rate: 0.0005102570524628178
   Clipping Norm: 1.4411947601070252
   Horizon (train loss): 38
   Output timesteps (val_loss and fr_loss): 50
======================================================================

Epoch 21/30
309/309 ━━━━━━━━━━━━━━━━━━━━ 11s 35ms/step - mae: 0.0383 - mse: 0.0024 - loss: 0.0021 - val_loss: 0.0024
Epoch 22/30
309/309 ━━━━━━━━━━━━━━━━━━━━ 14s 46ms/step - mae: 0.0352 - mse: 0.0020 - loss: 0.0016 - val_loss: 0.0020 - val_fr_phase_loss_38: 0.9156 - val_fr_target_loss_50: 1.1968 - val_fr_curve_loss_10: 0.0767 - val_fr_curve_loss_20: 0.3558 - val_fr_curve_loss_30: 0.6927 - val_fr_curve_loss_50: 1.1931
[Optuna] trial=21 epoch=22 val_fr_phase_loss_38=0.915555 | median=0.871916 (n=19, p25=0.743066, p75=1.16287) | margin=+0.0436391 (+5.00%)

======================================================================
   PHASE 10/12: masked_modeling
   Mask Prob: 0.25
   Mask Scope: time
   Mask Mode: noise
   Mask Value: None
   Noise Sigma: 0.1
   Noise Replace: False
   Epochs: 3
   Learning Rate: 0.00020410282098512714
   Clipping Norm: 1.0088363320749176
   Horizon (train loss): 38
   Output timesteps (val_loss and fr_loss): 50
======================================================================

Epoch 23/30
309/309 ━━━━━━━━━━━━━━━━━━━━ 11s 35ms/step - mae: 0.0333 - mse: 0.0018 - loss: 0.0025 - val_loss: 0.0018
Epoch 24/30
309/309 ━━━━━━━━━━━━━━━━━━━━ 14s 46ms/step - mae: 0.0333 - mse: 0.0018 - loss: 0.0024 - val_loss: 0.0018 - val_fr_phase_loss_38: 0.4794
[Optuna] trial=21 epoch=24 val_fr_phase_loss_38=0.479419 | median=0.559141 (n=19, p25=0.505944, p75=0.58501) | margin=-0.0797222 (-14.26%)
Epoch 25/30
309/309 ━━━━━━━━━━━━━━━━━━━━ 14s 46ms/step - mae: 0.0331 - mse: 0.0018 - loss: 0.0023 - val_loss: 0.0018 - val_fr_target_loss_50: 0.7046 - val_fr_curve_loss_10: 0.0339 - val_fr_curve_loss_20: 0.1459 - val_fr_curve_loss_30: 0.3250 - val_fr_curve_loss_50: 0.6982

======================================================================
   PHASE 11/12: teacher_forcing
   Epochs: 2
   Learning Rate: 0.0005102570524628178
   Clipping Norm: 1.4411947601070252
   Horizon (train loss): 50
   Output timesteps (val_loss and fr_loss): 50
======================================================================

Epoch 26/30
309/309 ━━━━━━━━━━━━━━━━━━━━ 11s 34ms/step - mae: 0.0339 - mse: 0.0019 - loss: 0.0018 - val_loss: 0.0019
Epoch 27/30
309/309 ━━━━━━━━━━━━━━━━━━━━ 15s 47ms/step - mae: 0.0291 - mse: 0.0014 - loss: 0.0011 - val_loss: 0.0014 - val_fr_phase_loss_50: 1.2112 - val_fr_target_loss_50: 1.2033 - val_fr_curve_loss_10: 0.0711 - val_fr_curve_loss_20: 0.3511 - val_fr_curve_loss_30: 0.6950 - val_fr_curve_loss_50: 1.2030
[Optuna] trial=21 epoch=27 val_fr_phase_loss_50=1.21122 | median=1.20441 (n=19, p25=0.993968, p75=1.55429) | margin=+0.00681126 (+0.57%)

======================================================================
   PHASE 12/12: masked_modeling
   Mask Prob: 0.25
   Mask Scope: time
   Mask Mode: noise
   Mask Value: None
   Noise Sigma: 0.1
   Noise Replace: True
   Epochs: 3
   Learning Rate: 0.0001836925388866144
   Clipping Norm: 0.9367765940695664
   Horizon (train loss): 50
   Output timesteps (val_loss and fr_loss): 50
======================================================================

Epoch 28/30
309/309 ━━━━━━━━━━━━━━━━━━━━ 11s 35ms/step - mae: 0.1192 - mse: 0.0239 - loss: 0.0329 - val_loss: 0.0239
Epoch 29/30
309/309 ━━━━━━━━━━━━━━━━━━━━ 14s 47ms/step - mae: 0.1064 - mse: 0.0189 - loss: 0.0178 - val_loss: 0.0189 - val_fr_phase_loss_50: 0.7462
[Optuna] trial=21 epoch=29 val_fr_phase_loss_50=0.74621 | median=1.06346 (n=19, p25=0.857771, p75=1.2453) | margin=-0.317245 (-29.83%)
Epoch 30/30
309/309 ━━━━━━━━━━━━━━━━━━━━ 15s 47ms/step - mae: 0.0997 - mse: 0.0165 - loss: 0.0147 - val_loss: 0.0165 - val_fr_target_loss_50: 0.7255 - val_fr_curve_loss_10: 0.0478 - val_fr_curve_loss_20: 0.1623 - val_fr_curve_loss_30: 0.3363 - val_fr_curve_loss_50: 0.7230
Final loss: 0.0147
Predicting all test samples in free_running mode...
  X shape: (2280, 200, 55)
  Y shape: (2280, 50, 55)
  Pred shape: (2280, 50, 55)

 step | target                | pred                  | abs_err
------|-----------------------|-----------------------|----------------------
   25 | [ 4.139746e-01  2.252291e+00  7.680922e-02 -1.082321e+00  1.330184e-01
 -2.749080e-01  6.398940e-01 -1.222357e+00  1.964076e+00  2.024013e-01
 -1.249584e+00  1.684962e-01  6.261574e-01  7.681609e-01 -1.833026e+00
  4.305243e-01 -6.649562e-01  3.213241e-02 -4.315943e-01 -9.406051e-01
 -3.335454e-01  8.885246e-01  1.287808e+00  7.899810e-01 -2.762157e-01
  1.005897e+00 -2.825402e-01 -5.396542e-01 -1.754732e-01  2.526159e-01
 -1.215466e+00 -7.651589e-01 -1.200358e-01  4.952903e-01 -4.308359e-01
 -7.325999e-01  1.170439e+00  1.235309e+00 -8.311886e-01 -7.979621e-01
 -9.821695e-01  2.076884e-01  3.238765e-01 -1.923588e-01 -4.145486e-01
 -3.828006e-01 -3.487313e-02  1.245124e-03  1.581712e-01  5.641804e-01
  2.155083e-01 -1.144052e-01 -1.354365e+00 -3.214316e-01 -1.550427e+00] | [ 0.657484  2.189749 -0.28766  -1.29215  -0.257718 -0.489076  0.180508
 -1.244432  2.610113 -0.169317 -1.270752  2.586721  0.398564 -0.989691
  0.99661  -0.540821  0.361993 -0.333089 -1.581503 -0.780319 -0.837072
  1.294938  0.843834  0.139542  0.408374  1.003426 -0.717963 -0.514908
 -0.654011  0.223945 -0.418775 -0.032993  0.396475  0.05791  -0.305764
  0.164761  0.486506  0.65867   0.101409 -0.182782 -0.308553  1.190831
  1.190891 -0.941262  2.825703  0.434281  0.855413  0.352896 -0.020501
  0.757885 -2.206336  1.496779 -1.035984  0.603157 -1.089867] | [2.435099e-01 6.254196e-02 3.644688e-01 2.098285e-01 3.907368e-01
 2.141680e-01 4.593856e-01 2.207470e-02 6.460364e-01 3.717178e-01
 2.116823e-02 2.418225e+00 2.275931e-01 1.757852e+00 2.829636e+00
 9.713454e-01 1.026949e+00 3.652211e-01 1.149908e+00 1.602863e-01
 5.035262e-01 4.064130e-01 4.439738e-01 6.504391e-01 6.845895e-01
 2.470851e-03 4.354225e-01 2.474600e-02 4.785382e-01 2.867115e-02
 7.966912e-01 7.321659e-01 5.165109e-01 4.373799e-01 1.250717e-01
 8.973607e-01 6.839328e-01 5.766388e-01 9.325974e-01 6.151798e-01
 6.736169e-01 9.831427e-01 8.670143e-01 7.489033e-01 3.240252e+00
 8.170820e-01 8.902863e-01 3.516506e-01 1.786724e-01 1.937048e-01
 2.421844e+00 1.611184e+00 3.183817e-01 9.245887e-01 4.605600e-01]
   26 | [ 0.433902  2.276946  0.062718 -1.073421  0.149295 -0.261739  0.66411
 -1.190588  1.970693  0.211786 -1.280325  0.091743  0.630177  0.811665
 -1.905444  0.590891 -0.648677  0.010101 -0.341095 -0.950394 -0.271225
  0.842781  1.340023  0.789891 -0.296955  0.983707 -0.332591 -0.535192
 -0.171397  0.217021 -1.236176 -0.75049  -0.169815  0.501318 -0.449502
 -0.772153  1.203705  1.218394 -0.873595 -0.731515 -1.003057  0.192291
  0.338178 -0.172599 -0.562203 -0.409968  0.071482 -0.035004  0.178969
  0.522649  0.281281 -0.172402 -1.38113  -0.280718 -1.561255] | [ 0.674901  2.209657 -0.296655 -1.279781 -0.244454 -0.462021  0.197601
 -1.220892  2.640801 -0.167018 -1.30457   2.59667   0.354508 -0.989127
  1.007208 -0.459473  0.38496  -0.401146 -1.573707 -0.790551 -0.836814
  1.28598   0.852544  0.132319  0.382407  1.009001 -0.748576 -0.516568
 -0.68015   0.214014 -0.401106  0.024355  0.373405  0.034241 -0.341149
  0.177546  0.440712  0.656545  0.089378 -0.137258 -0.339983  1.220818
  1.22948  -0.960074  2.780706  0.390721  0.898832  0.331056 -0.042577
  0.710641 -2.217562  1.47355  -1.064481  0.639377 -1.112989] | [2.409990e-01 6.728888e-02 3.593729e-01 2.063595e-01 3.937490e-01
 2.002822e-01 4.665092e-01 3.030336e-02 6.701086e-01 3.788041e-01
 2.424455e-02 2.504927e+00 2.756692e-01 1.800792e+00 2.912652e+00
 1.050364e+00 1.033637e+00 4.112474e-01 1.232612e+00 1.598437e-01
 5.655895e-01 4.431995e-01 4.874796e-01 6.575717e-01 6.793621e-01
 2.529442e-02 4.159854e-01 1.862466e-02 5.087534e-01 3.007516e-03
 8.350707e-01 7.748452e-01 5.432205e-01 4.670770e-01 1.083532e-01
 9.496992e-01 7.629925e-01 5.618488e-01 9.629731e-01 5.942565e-01
 6.630732e-01 1.028527e+00 8.913018e-01 7.874755e-01 3.342909e+00
 8.006883e-01 8.273492e-01 3.660600e-01 2.215463e-01 1.879917e-01
 2.498843e+00 1.645951e+00 3.166486e-01 9.200957e-01 4.482664e-01]
   27 | [ 0.45137   2.29779   0.046898 -1.065959  0.163722 -0.251176  0.686906
 -1.158318  1.973541  0.218812 -1.306769  0.020961  0.635355  0.846673
 -1.973424  0.752938 -0.63128  -0.009811 -0.250043 -0.95588  -0.208485
  0.794828  1.389242  0.786713 -0.314912  0.961981 -0.384025 -0.528408
 -0.166389  0.176889 -1.255981 -0.733755 -0.216556  0.503603 -0.465744
 -0.812322  1.237801  1.200935 -0.913572 -0.661274 -1.020813  0.176508
  0.350492 -0.15451  -0.707661 -0.434216  0.179125 -0.073381  0.197581
  0.481679  0.341621 -0.226467 -1.405437 -0.237464 -1.567991] | [ 0.691283  2.227313 -0.304374 -1.268152 -0.231733 -0.434498  0.215289
 -1.196492  2.668702 -0.166052 -1.335488  2.606261  0.30933  -0.989818
  1.016775 -0.377831  0.405227 -0.46884  -1.564685 -0.800027 -0.838613
  1.274492  0.859667  0.125632  0.355733  1.015478 -0.777214 -0.518661
 -0.7081    0.20167  -0.384075  0.080721  0.350169  0.010989 -0.37514
  0.190099  0.394252  0.653971  0.076008 -0.090608 -0.372112  1.25211
  1.265977 -0.979258  2.732447  0.346318  0.940333  0.307088 -0.068057
  0.662939 -2.229504  1.448999 -1.091319  0.673855 -1.134389] | [0.239913 0.070477 0.351272 0.202194 0.395455 0.183322 0.471617 0.038174
 0.695161 0.384864 0.028719 2.5853   0.326025 1.836491 2.9902   1.130769
 1.036507 0.459029 1.314642 0.155853 0.630128 0.479664 0.529575 0.661082
 0.670645 0.053497 0.393189 0.009748 0.541711 0.024781 0.871906 0.814476
 0.566726 0.492614 0.090604 1.002421 0.843549 0.546964 0.98958  0.570666
 0.648701 1.075602 0.915485 0.824748 3.440108 0.780534 0.761209 0.380469
 0.265638 0.18126  2.571126 1.675466 0.314117 0.911319 0.433603]
   28 | [ 0.466327  2.314783  0.029422 -1.059933  0.176249 -0.243234  0.708319
 -1.125542  1.97265   0.223477 -1.328843 -0.043589  0.641445  0.873025
 -2.036825  0.915869 -0.612772 -0.027353 -0.158771 -0.957077 -0.145636
  0.744967  1.435167  0.780424 -0.32991   0.940997 -0.436465 -0.519352
 -0.160183  0.132539 -1.274543 -0.714768 -0.260126  0.501926 -0.479514
 -0.852827  1.272629  1.183048 -0.950983 -0.587688 -1.035382  0.160153
  0.360566 -0.138091 -0.850494 -0.455552  0.287429 -0.113708  0.214089
  0.44125   0.396277 -0.27644  -1.427296 -0.191884 -1.570648] | [ 0.706731  2.242566 -0.310762 -1.257175 -0.219538 -0.406478  0.233514
 -1.171215  2.693564 -0.16663  -1.363211  2.615099  0.26317  -0.99149
  1.025182 -0.295986  0.422611 -0.535772 -1.554202 -0.808694 -0.842314
  1.260328  0.86524   0.1195    0.328538  1.022854 -0.803598 -0.52132
 -0.737829  0.187154 -0.367814  0.136042  0.326769 -0.011557 -0.407693
  0.202125  0.347436  0.650726  0.061395 -0.042774 -0.404773  1.284358
  1.300067 -0.998452  2.680876  0.30118   0.979695  0.280889 -0.096736
  0.614844 -2.24189   1.423092 -1.116334  0.706434 -1.153826] | [2.404040e-01 7.221723e-02 3.401845e-01 1.972420e-01 3.957871e-01
 1.632440e-01 4.748046e-01 4.567301e-02 7.209140e-01 3.901065e-01
 3.436756e-02 2.658688e+00 3.782745e-01 1.864515e+00 3.062007e+00
 1.211855e+00 1.035383e+00 5.084196e-01 1.395431e+00 1.483829e-01
 6.966776e-01 5.153618e-01 5.699278e-01 6.609242e-01 6.584483e-01
 8.185649e-02 3.671327e-01 1.968265e-03 5.776460e-01 5.461523e-02
 9.067295e-01 8.508095e-01 5.868958e-01 5.134830e-01 7.182047e-02
 1.054952e+00 9.251933e-01 5.323217e-01 1.012377e+00 5.449138e-01
 6.306098e-01 1.124204e+00 9.395009e-01 8.603605e-01 3.531370e+00
 7.567319e-01 6.922657e-01 3.945967e-01 3.108252e-01 1.735947e-01
 2.638167e+00 1.699532e+00 3.109621e-01 8.983176e-01 4.168221e-01]
   29 | [ 0.478732  2.32789   0.010362 -1.055353  0.186818 -0.237931  0.728378
 -1.09227   1.968046  0.225786 -1.346491 -0.1017    0.648197  0.890628
 -2.095523  1.078877 -0.593175 -0.042284 -0.067607 -0.95402  -0.082985
  0.693516  1.47754   0.771024 -0.341791  0.921028 -0.489508 -0.508082
 -0.152506  0.084329 -1.291529 -0.693373 -0.30041   0.496102 -0.49077
 -0.893374  1.308082  1.164834 -0.985713 -0.511238 -1.046716  0.143051
  0.368166 -0.123325 -0.990295 -0.473989  0.395794 -0.155784  0.228586
  0.401343  0.445038 -0.322183 -1.446722 -0.144214 -1.56925 ] | [ 0.721337  2.255313 -0.315775 -1.246741 -0.207865 -0.377945  0.252222
 -1.145086  2.715157 -0.168961 -1.387468  2.62279   0.216199 -0.993885
  1.032292 -0.214057  0.436953 -0.601542 -1.542021 -0.816508 -0.847767
  1.243379  0.869311  0.11394   0.301041  1.031106 -0.827468 -0.524677
 -0.769292  0.170766 -0.352461  0.190267  0.303226 -0.033112 -0.438791
  0.213318  0.300612  0.646637  0.045654  0.006279 -0.437769  1.317182
  1.331445 -1.017326  2.626012  0.255421  1.016657  0.252387 -0.128392
  0.566439 -2.254447  1.395838 -1.139367  0.736972 -1.171064] | [0.242605 0.072578 0.326137 0.191388 0.394682 0.140014 0.476156 0.052816
 0.747111 0.394747 0.040978 2.72449  0.431997 1.884513 3.127815 1.292934
 1.030128 0.559258 1.474414 0.137512 0.764781 0.549863 0.608229 0.657084
 0.642832 0.110079 0.33796  0.016596 0.616787 0.086437 0.939068 0.88364
 0.603636 0.529214 0.051979 1.106692 1.00747  0.518196 1.031367 0.517516
 0.608947 1.174131 0.963279 0.894001 3.616307 0.72941  0.620863 0.408171
 0.356978 0.165097 2.699486 1.718021 0.307354 0.881187 0.398186]
model built: True
num weights: 38
{'mae': [0.16099537909030914, 0.11378119885921478, 0.11241256445646286, 0.10328233987092972, 0.10017837584018707, 0.09590750932693481, 0.07532578706741333, 0.11458483338356018, 0.111149363219738, 0.10549594461917877, 0.06603074073791504, 0.05318450555205345, 0.10599743574857712, 0.10271762311458588, 0.09795214980840683, 0.050946466624736786, 0.04286525025963783, 0.03908907249569893, 0.03855938836932182, 0.03847777843475342, 0.03825002536177635, 0.035230379551649094, 0.03332667052745819, 0.03332456946372986, 0.033135730773210526, 0.03392285481095314, 0.02907422184944153, 0.11916492134332657, 0.106389619410038, 0.09969975054264069], 'mse': [0.041569583117961884, 0.02092624083161354, 0.020412392914295197, 0.017380503937602043, 0.016288036480545998, 0.015041527338325977, 0.009159023873507977, 0.02185000665485859, 0.020523643121123314, 0.018512064591050148, 0.007006753236055374, 0.00455934414640069, 0.019037259742617607, 0.018093695864081383, 0.01670481450855732, 0.004218127112835646, 0.0030010666232556105, 0.0025188627187162638, 0.0024512235540896654, 0.0024344841949641705, 0.0023805226664990187, 0.0020275863353163004, 0.0018387946765869856, 0.001838554861024022, 0.0018140460597351193, 0.0018893434898927808, 0.0013922725338488817, 0.023860961198806763, 0.01889663189649582, 0.016524268314242363], 'loss': [0.20672596991062164, 0.02471992000937462, 0.024897372350096703, 0.01848684437572956, 0.014745826832950115, 0.020452845841646194, 0.009013786911964417, 0.023794421926140785, 0.017921753227710724, 0.015532717108726501, 0.008024315349757671, 0.0038563201669603586, 0.020192043855786324, 0.01431556511670351, 0.012289175763726234, 0.005374059081077576, 0.0024025016464293003, 0.0027366040740162134, 0.0025926476810127497, 0.0025153583846986294, 0.002089796122163534, 0.0016424740897491574, 0.0025492720305919647, 0.002350046532228589, 0.002276983577758074, 0.0018081741873174906, 0.0011275755241513252, 0.032880716025829315, 0.017804881557822227, 0.014706861227750778], 'val_loss': [0.041569583117961884, 0.02092624083161354, 0.020412392914295197, 0.017380503937602043, 0.016288036480545998, 0.015041527338325977, 0.009159023873507977, 0.02185000851750374, 0.020523643121123314, 0.018512064591050148, 0.007006753236055374, 0.00455934414640069, 0.019037263467907906, 0.018093695864081383, 0.01670481264591217, 0.004218126647174358, 0.0030010666232556105, 0.0025188627187162638, 0.0024512235540896654, 0.0024344841949641705, 0.0023805226664990187, 0.0020275863353163004, 0.0018387946765869856, 0.001838554977439344, 0.0018140460597351193, 0.0018893434898927808, 0.0013922725338488817, 0.02386096492409706, 0.01889663189649582, 0.016524268314242363], 'val_fr_phase_loss_5': [nan, 0.040404900908470154, nan, 0.029317254200577736, nan], 'val_fr_target_loss_50': [nan, 1.2173458337783813, nan, nan, 0.933138906955719, nan, 1.0392870903015137, nan, nan, 0.8855100274085999, nan, 1.0687872171401978, nan, nan, 0.8819195628166199, nan, 1.0554970502853394, nan, nan, 0.7760396003723145, nan, 1.196769118309021, nan, nan, 0.70460045337677, nan, 1.203266978263855, nan, nan, 0.7254718542098999], 'val_fr_curve_loss_10': [nan, 0.10444747656583786, nan, nan, 0.07512612640857697, nan, 0.07826405018568039, nan, nan, 0.06611870974302292, nan, 0.06982870399951935, nan, nan, 0.06281106919050217, nan, 0.06935688853263855, nan, nan, 0.04263290762901306, nan, 0.07666191458702087, nan, nan, 0.033895280212163925, nan, 0.0711197778582573, nan, nan, 0.04777201637625694], 'val_fr_curve_loss_20': [nan, 0.3377004563808441, nan, nan, 0.2572821080684662, nan, 0.2749508321285248, nan, nan, 0.21592186391353607, nan, 0.28534960746765137, nan, nan, 0.21382945775985718, nan, 0.29296332597732544, nan, nan, 0.17941701412200928, nan, 0.3557792007923126, nan, nan, 0.14589937031269073, nan, 0.35105425119400024, nan, nan, 0.16232959926128387], 'val_fr_curve_loss_30': [nan, 0.6425341367721558, nan, nan, 0.4914594292640686, nan, 0.5328158140182495, nan, nan, 0.4255020022392273, nan, 0.5646422505378723, nan, nan, 0.42569321393966675, nan, 0.5726613998413086, nan, nan, 0.381002277135849, nan, 0.6927272081375122, nan, nan, 0.3249872624874115, nan, 0.6949533820152283, nan, nan, 0.3362717926502228], 'val_fr_curve_loss_50': [nan, 1.200684905052185, nan, nan, 0.9160408973693848, nan, 1.0178861618041992, nan, nan, 0.8654618263244629, nan, 1.0506802797317505, nan, nan, 0.8619492053985596, nan, 1.033490777015686, nan, nan, 0.7713032364845276, nan, 1.1931297779083252, nan, nan, 0.6981929540634155, nan, 1.202954888343811, nan, nan, 0.7229607701301575], 'val_fr_phase_loss_12': [nan, 0.11019997298717499, nan, 0.09185165166854858, nan], 'val_fr_phase_loss_18': [nan, 0.2323198765516281, nan, 0.17799125611782074, nan], 'val_fr_phase_loss_25': [nan, 0.42552462220191956, nan, 0.2719492018222809, nan], 'val_fr_phase_loss_38': [nan, 0.9155545830726624, nan, 0.4794189929962158, nan], 'val_fr_phase_loss_50': [nan, 1.211221694946289, nan, 0.7462100386619568, nan]}
Saved artifacts to: runs/tuning/full_seq_lstm_lvl1/trial_0021
