--- Number of Windows for Train = 9880
--- Number of Windows for Val = 3040
--- Number of Windows for Test = 2280
--- Curriculum = [10, 15, 20, 30, 40, 50]
--- fr_curve Outsteps = [1, 2, 3]

--- Training: prova1 [LSTM/FC/HYBRID]  ---

======================================================================
   PHASE 1/6: teacher_forcing
   Epochs: 6
   Learning Rate: 0.0004523527799911889
   Clipping Norm: 0.1666698328606642
   Horizon (train loss): 10
   Output timesteps (val_loss and fr_loss): 50
======================================================================

Epoch 1/30
309/309 ━━━━━━━━━━━━━━━━━━━━ 21s 48ms/step - mae: 0.4226 - loss: 0.5046 - val_loss: 0.2836
Epoch 2/30
309/309 ━━━━━━━━━━━━━━━━━━━━ 20s 66ms/step - mae: 0.2517 - loss: 0.1625 - val_loss: 0.1036 - val_fr_phase_loss_10: 0.2034
[Optuna] trial=3 epoch=2 val_fr_phase_loss_10=0.203407 | median=0.358982 (n=3, p25=0.279433, p75=0.600686) | margin=-0.155575 (-43.34%)
Epoch 3/30
309/309 ━━━━━━━━━━━━━━━━━━━━ 14s 44ms/step - mae: 0.1507 - loss: 0.0569 - val_loss: 0.0371
Epoch 4/30
309/309 ━━━━━━━━━━━━━━━━━━━━ 19s 62ms/step - mae: 0.1109 - loss: 0.0238 - val_loss: 0.0202 - val_fr_phase_loss_10: 0.1174
[Optuna] trial=3 epoch=4 val_fr_phase_loss_10=0.117415 | median=0.188802 (n=3, p25=0.153048, p75=0.472011) | margin=-0.0713869 (-37.81%)
Epoch 5/30
309/309 ━━━━━━━━━━━━━━━━━━━━ 14s 45ms/step - mae: 0.0916 - loss: 0.0143 - val_loss: 0.0138
Epoch 6/30
309/309 ━━━━━━━━━━━━━━━━━━━━ 19s 63ms/step - mae: 0.0798 - loss: 0.0102 - val_loss: 0.0105 - val_fr_phase_loss_10: 0.1106 - val_fr_target_loss_50: 1.1090 - val_fr_curve_loss_1: 0.0130 - val_fr_curve_loss_2: 0.0180 - val_fr_curve_loss_3: 0.0246
[Optuna] trial=3 epoch=6 val_fr_phase_loss_10=0.110551 | median=0.132426 (n=3, p25=0.121196, p75=0.401693) | margin=-0.0218751 (-16.52%)

======================================================================
   PHASE 2/6: masked_modeling
   Mask Prob: 0.15
   Mask Scope: time
   Mask Mode: constant
   Mask Value: 0.2
   Noise Sigma: None
   Noise Replace: False
   Epochs: 6
   Learning Rate: 0.00036188222399295114
   Clipping Norm: 0.15000284957459778
   Horizon (train loss): 15
   Output timesteps (val_loss and fr_loss): 50
======================================================================

Epoch 7/30
309/309 ━━━━━━━━━━━━━━━━━━━━ 14s 44ms/step - mae: 0.1319 - loss: 0.0431 - val_loss: 0.0278
Epoch 8/30
309/309 ━━━━━━━━━━━━━━━━━━━━ 19s 63ms/step - mae: 0.1282 - loss: 0.0328 - val_loss: 0.0264 - val_fr_phase_loss_15: 0.2267
[Optuna] trial=3 epoch=8 val_fr_phase_loss_15=0.226744 | median=0.225985 (n=3, p25=0.220118, p75=0.437265) | margin=+0.000759199 (+0.34%)
Epoch 9/30
309/309 ━━━━━━━━━━━━━━━━━━━━ 14s 45ms/step - mae: 0.1244 - loss: 0.0300 - val_loss: 0.0250
Epoch 10/30
309/309 ━━━━━━━━━━━━━━━━━━━━ 19s 61ms/step - mae: 0.1234 - loss: 0.0281 - val_loss: 0.0247 - val_fr_phase_loss_15: 0.2024
[Optuna] trial=3 epoch=10 val_fr_phase_loss_15=0.202414 | median=0.204694 (n=3, p25=0.203094, p75=0.396551) | margin=-0.00227997 (-1.11%)
Epoch 11/30
309/309 ━━━━━━━━━━━━━━━━━━━━ 14s 45ms/step - mae: 0.1229 - loss: 0.0264 - val_loss: 0.0245
Epoch 12/30
309/309 ━━━━━━━━━━━━━━━━━━━━ 19s 63ms/step - mae: 0.1167 - loss: 0.0250 - val_loss: 0.0223 - val_fr_phase_loss_15: 0.1786 - val_fr_target_loss_50: 1.1045 - val_fr_curve_loss_1: 0.0145 - val_fr_curve_loss_2: 0.0173 - val_fr_curve_loss_3: 0.0218
[Optuna] trial=3 epoch=12 val_fr_phase_loss_15=0.178624 | median=0.196588 (n=3, p25=0.187101, p75=0.368432) | margin=-0.0179645 (-9.14%)

======================================================================
   PHASE 3/6: scheduled_sampling
   Tf Ratio Start: 1.0
   Tf Ratio End: 0.35
   Per Feature: True
   Stop Grad Pred: True
   Ratio Mode: sigmoid
   Mid Point: 0.6
   Sharpness: 10.0
   Power Value: 2.0
   Epochs: 8
   Learning Rate: 0.00031664694599383217
   Clipping Norm: 0.14166935793156457
   Horizon (train loss): 20
   Output timesteps (val_loss and fr_loss): 50
======================================================================

Epoch 13/30
309/309 ━━━━━━━━━━━━━━━━━━━━ 174s 563ms/step - mae: 0.0766 - loss: 0.0109 - val_loss: 0.0096
Epoch 14/30
309/309 ━━━━━━━━━━━━━━━━━━━━ 182s 590ms/step - mae: 0.0672 - loss: 0.0071 - val_loss: 0.0074 - val_fr_phase_loss_20: 0.2166
[Optuna] trial=3 epoch=14 val_fr_phase_loss_20=0.216626 | median=0.220636 (n=3, p25=0.219638, p75=0.390447) | margin=-0.00401038 (-1.82%)
Epoch 15/30
309/309 ━━━━━━━━━━━━━━━━━━━━ 174s 562ms/step - mae: 0.0605 - loss: 0.0058 - val_loss: 0.0060
Epoch 16/30
309/309 ━━━━━━━━━━━━━━━━━━━━ 178s 577ms/step - mae: 0.0560 - loss: 0.0056 - val_loss: 0.0051 - val_fr_phase_loss_20: 0.2239
[Optuna] trial=3 epoch=16 val_fr_phase_loss_20=0.223878 | median=0.23019 (n=3, p25=0.224425, p75=0.381867) | margin=-0.0063114 (-2.74%)
Epoch 17/30
309/309 ━━━━━━━━━━━━━━━━━━━━ 180s 583ms/step - mae: 0.0532 - loss: 0.0075 - val_loss: 0.0046
Epoch 18/30
309/309 ━━━━━━━━━━━━━━━━━━━━ 177s 573ms/step - mae: 0.0510 - loss: 0.0129 - val_loss: 0.0043 - val_fr_phase_loss_20: 0.2276
[Optuna] trial=3 epoch=18 val_fr_phase_loss_20=0.227629 | median=0.233696 (n=3, p25=0.221513, p75=0.3663) | margin=-0.00606617 (-2.60%)
Epoch 19/30
309/309 ━━━━━━━━━━━━━━━━━━━━ 173s 560ms/step - mae: 0.0498 - loss: 0.0181 - val_loss: 0.0041
Epoch 20/30
309/309 ━━━━━━━━━━━━━━━━━━━━ 178s 576ms/step - mae: 0.0488 - loss: 0.0201 - val_loss: 0.0039 - val_fr_phase_loss_20: 0.2161 - val_fr_target_loss_50: 0.9009 - val_fr_curve_loss_1: 0.0048 - val_fr_curve_loss_2: 0.0073 - val_fr_curve_loss_3: 0.0108
[Optuna] trial=3 epoch=20 val_fr_phase_loss_20=0.216077 | median=0.221921 (n=3, p25=0.211038, p75=0.347027) | margin=-0.00584437 (-2.63%)

======================================================================
   PHASE 4/6: masked_modeling
   Mask Prob: 0.2
   Mask Scope: time
   Mask Mode: noise
   Mask Value: None
   Noise Sigma: 0.1
   Noise Replace: False
   Epochs: 4
   Learning Rate: 0.0002714116679947133
   Clipping Norm: 0.13333586628853136
   Horizon (train loss): 30
   Output timesteps (val_loss and fr_loss): 50
======================================================================

Epoch 21/30
309/309 ━━━━━━━━━━━━━━━━━━━━ 13s 44ms/step - mae: 0.0444 - loss: 0.0037 - val_loss: 0.0033
Epoch 22/30
309/309 ━━━━━━━━━━━━━━━━━━━━ 19s 60ms/step - mae: 0.0430 - loss: 0.0035 - val_loss: 0.0030 - val_fr_phase_loss_30: 0.4298
[Optuna] trial=3 epoch=22 val_fr_phase_loss_30=0.429757 | median=0.4375 (n=3, p25=0.421249, p75=0.520695) | margin=-0.00774238 (-1.77%)
Epoch 23/30
309/309 ━━━━━━━━━━━━━━━━━━━━ 13s 43ms/step - mae: 0.0416 - loss: 0.0034 - val_loss: 0.0029
Epoch 24/30
309/309 ━━━━━━━━━━━━━━━━━━━━ 19s 61ms/step - mae: 0.0405 - loss: 0.0033 - val_loss: 0.0027 - val_fr_phase_loss_30: 0.4283 - val_fr_target_loss_50: 0.9175 - val_fr_curve_loss_1: 0.0041 - val_fr_curve_loss_2: 0.0063 - val_fr_curve_loss_3: 0.0095
[Optuna] trial=3 epoch=24 val_fr_phase_loss_30=0.428347 | median=0.440388 (n=3, p25=0.42649, p75=0.519626) | margin=-0.0120409 (-2.73%)

======================================================================
   PHASE 5/6: full_autoregressive
   Gradient Through Time: False
   Epochs: 4
   Learning Rate: 0.00022617638999559444
   Clipping Norm: 0.12500237464549815
   Horizon (train loss): 40
   Output timesteps (val_loss and fr_loss): 50
======================================================================

Epoch 25/30
309/309 ━━━━━━━━━━━━━━━━━━━━ 161s 520ms/step - mae: 0.1427 - loss: 0.5024 - val_loss: 0.0331
Epoch 26/30
309/309 ━━━━━━━━━━━━━━━━━━━━ 166s 538ms/step - mae: 0.1365 - loss: 0.4598 - val_loss: 0.0305 - val_fr_phase_loss_40: 0.4515
[Optuna] trial=3 epoch=26 val_fr_phase_loss_40=0.451463 | median=0.455933 (n=3, p25=0.425984, p75=0.518418) | margin=-0.00446993 (-0.98%)
Epoch 27/30
309/309 ━━━━━━━━━━━━━━━━━━━━ 161s 520ms/step - mae: 0.1245 - loss: 0.4081 - val_loss: 0.0257
Epoch 28/30
309/309 ━━━━━━━━━━━━━━━━━━━━ 165s 535ms/step - mae: 0.1219 - loss: 0.3697 - val_loss: 0.0249 - val_fr_phase_loss_40: 0.3834 - val_fr_target_loss_50: 0.4737 - val_fr_curve_loss_1: 0.0147 - val_fr_curve_loss_2: 0.0168 - val_fr_curve_loss_3: 0.0211
[Optuna] trial=3 epoch=28 val_fr_phase_loss_40=0.383392 | median=0.380907 (n=3, p25=0.380011, p75=0.474608) | margin=+0.00248474 (+0.65%)

======================================================================
   PHASE 6/6: full_autoregressive
   Gradient Through Time: True
   Epochs: 2
   Learning Rate: 0.00013570583399735665
   Clipping Norm: 0.10000189971639852
   Horizon (train loss): 50
   Output timesteps (val_loss and fr_loss): 50
======================================================================

Epoch 29/30
309/309 ━━━━━━━━━━━━━━━━━━━━ 160s 518ms/step - mae: 0.1138 - loss: 0.3758 - val_loss: 0.0215
Epoch 30/30
309/309 ━━━━━━━━━━━━━━━━━━━━ 165s 534ms/step - mae: 0.1113 - loss: 0.3565 - val_loss: 0.0205 - val_fr_phase_loss_50: 0.3899 - val_fr_target_loss_50: 0.4016 - val_fr_curve_loss_1: 0.0291 - val_fr_curve_loss_2: 0.0285 - val_fr_curve_loss_3: 0.0307
[Optuna] trial=3 epoch=30 val_fr_phase_loss_50=0.389872 | median=0.411301 (n=3, p25=0.399338, p75=0.503687) | margin=-0.0214287 (-5.21%)
Final loss: 0.3565
Predicting all test samples in free_running mode...
  X shape: (2280, 200, 36)
  Y shape: (2280, 50, 36)
  Pred shape: (2280, 50, 36)

 step | target                | pred                  | abs_err
------|-----------------------|-----------------------|----------------------
   25 | [ 0.413975  2.252291  0.076809 -1.082321  0.133018 -0.274908  0.639894
 -1.222357 -1.249584  0.168496  0.626157  0.768161 -1.833026  0.430524
 -0.664956 -0.940605 -0.333545  0.888525  1.287808  0.789981 -0.276216
 -0.539654 -0.175473  0.252616 -1.215466 -0.765159 -0.430836 -0.7326
  1.170439  1.235309 -0.98217   0.207688  0.323877 -0.382801 -0.034873
  0.56418 ] | [ 0.306102  2.024738 -0.19548  -0.469274 -0.109631 -0.412096  0.923637
 -0.720877 -1.100615  0.413981  0.053294  0.560173 -0.007947 -0.555753
  0.24513  -0.620248 -0.282762  0.708995  0.777477  0.284315 -0.223094
 -0.554598 -0.07184   0.458084 -0.216423 -0.071704 -0.263838 -0.304868
  1.080623  0.83211  -0.814832  0.591344  1.116911 -0.102305  0.205563
  0.334572] | [0.107873 0.227553 0.272289 0.613048 0.24265  0.137188 0.283743 0.50148
 0.148969 0.245485 0.572863 0.207988 1.825079 0.986277 0.910086 0.320357
 0.050784 0.17953  0.510331 0.505666 0.053122 0.014944 0.103634 0.205468
 0.999043 0.693455 0.166998 0.427732 0.089816 0.403198 0.167338 0.383656
 0.793035 0.280496 0.240436 0.229608]
   26 | [ 0.433902  2.276946  0.062718 -1.073421  0.149295 -0.261739  0.66411
 -1.190588 -1.280325  0.091743  0.630177  0.811665 -1.905444  0.590891
 -0.648677 -0.950394 -0.271225  0.842781  1.340023  0.789891 -0.296955
 -0.535192 -0.171397  0.217021 -1.236176 -0.75049  -0.449502 -0.772153
  1.203705  1.218394 -1.003057  0.192291  0.338178 -0.409968  0.071482
  0.522649] | [ 3.226779e-01  2.045012e+00 -1.893931e-01 -4.212811e-01 -9.962957e-02
 -4.078135e-01  9.628088e-01 -7.004006e-01 -1.132785e+00  4.039743e-01
 -1.708135e-03  5.723409e-01 -4.809032e-02 -5.347948e-01  2.619343e-01
 -6.401350e-01 -2.974139e-01  6.512758e-01  7.666456e-01  2.716824e-01
 -2.270729e-01 -5.909179e-01 -5.462710e-02  4.473107e-01 -2.008248e-01
 -3.741183e-02 -2.958370e-01 -3.114721e-01  1.076296e+00  8.332257e-01
 -8.294492e-01  5.800533e-01  1.104851e+00 -1.254312e-01  2.228128e-01
  2.918586e-01] | [0.111224 0.231934 0.252111 0.65214  0.248924 0.146075 0.298699 0.490188
 0.147541 0.312231 0.631885 0.239324 1.857354 1.125686 0.910612 0.310259
 0.026189 0.191505 0.573378 0.518208 0.069883 0.055726 0.11677  0.230289
 1.035351 0.713078 0.153665 0.460681 0.127409 0.385168 0.173607 0.387762
 0.766673 0.284536 0.151331 0.23079 ]
   27 | [ 0.45137   2.29779   0.046898 -1.065959  0.163722 -0.251176  0.686906
 -1.158318 -1.306769  0.020961  0.635355  0.846673 -1.973424  0.752938
 -0.63128  -0.95588  -0.208485  0.794828  1.389242  0.786713 -0.314912
 -0.528408 -0.166389  0.176889 -1.255981 -0.733755 -0.465744 -0.812322
  1.237801  1.200935 -1.020813  0.176508  0.350492 -0.434216  0.179125
  0.481679] | [ 0.337519  2.062951 -0.18462  -0.374052 -0.090098 -0.404496  1.000476
 -0.681528 -1.162056  0.396084 -0.056394  0.581459 -0.088896 -0.513385
  0.276913 -0.657673 -0.314098  0.592191  0.755214  0.258392 -0.229391
 -0.62583  -0.03759   0.43528  -0.185643 -0.004467 -0.326629 -0.317571
  1.071572  0.834698 -0.84309   0.570079  1.089487 -0.146893  0.239334
  0.251053] | [0.11385  0.234838 0.231518 0.691906 0.25382  0.15332  0.313571 0.47679
 0.144713 0.375123 0.691748 0.265213 1.884528 1.266323 0.908193 0.298207
 0.105613 0.202637 0.634028 0.528321 0.085521 0.097422 0.128799 0.258391
 1.070339 0.729288 0.139115 0.494751 0.166229 0.366237 0.177723 0.393571
 0.738994 0.287323 0.06021  0.230626]
   28 | [ 0.466327  2.314783  0.029422 -1.059933  0.176249 -0.243234  0.708319
 -1.125542 -1.328843 -0.043589  0.641445  0.873025 -2.036825  0.915869
 -0.612772 -0.957077 -0.145636  0.744967  1.435167  0.780424 -0.32991
 -0.519352 -0.160183  0.132539 -1.274543 -0.714768 -0.479514 -0.852827
  1.272629  1.183048 -1.035382  0.160153  0.360566 -0.455552  0.287429
  0.44125 ] | [ 0.350666  2.078703 -0.181115 -0.32742  -0.080897 -0.402081  1.036678
 -0.664109 -1.188407  0.390042 -0.110958  0.587613 -0.13026  -0.491687
  0.289763 -0.672875 -0.332819  0.531595  0.743239  0.244388 -0.230464
 -0.659252 -0.021038  0.421948 -0.17081   0.02702  -0.356178 -0.322892
  1.066823  0.836536 -0.855719  0.561561  1.071855 -0.166814  0.255366
  0.211988] | [0.115661 0.23608  0.210537 0.732513 0.257146 0.158847 0.328359 0.461433
 0.140436 0.433631 0.752403 0.285412 1.906565 1.407556 0.902535 0.284203
 0.187183 0.213372 0.691928 0.536036 0.099446 0.1399   0.139144 0.289409
 1.103733 0.741787 0.123336 0.529935 0.205806 0.346512 0.179663 0.401407
 0.711289 0.288738 0.032063 0.229261]
   29 | [ 0.478732  2.32789   0.010362 -1.055353  0.186818 -0.237931  0.728378
 -1.09227  -1.346491 -0.1017    0.648197  0.890628 -2.095523  1.078877
 -0.593175 -0.95402  -0.082985  0.693516  1.47754   0.771024 -0.341791
 -0.508082 -0.152506  0.084329 -1.291529 -0.693373 -0.49077  -0.893374
  1.308082  1.164834 -1.046716  0.143051  0.368166 -0.473989  0.395794
  0.401343] | [ 0.362296  2.09198  -0.178805 -0.281804 -0.072104 -0.4005    1.071836
 -0.648114 -1.212019  0.385355 -0.164689  0.590674 -0.172423 -0.469428
  0.301162 -0.685723 -0.353336  0.469997  0.730815  0.229775 -0.229818
 -0.691352 -0.004732  0.40765  -0.156644  0.057071 -0.384401 -0.327652
  1.061941  0.838682 -0.867412  0.554035  1.05154  -0.185151  0.270764
  0.174495] | [0.116435 0.23591  0.189167 0.77355  0.258922 0.162569 0.343458 0.444156
 0.134472 0.487055 0.812886 0.299954 1.9231   1.548305 0.894337 0.268297
 0.270351 0.223519 0.746725 0.54125  0.111973 0.183271 0.147774 0.32332
 1.134886 0.750444 0.106368 0.565722 0.246141 0.326151 0.179304 0.410984
 0.683374 0.288838 0.12503  0.226848]
model built: True
num weights: 38
{'mae': [0.4225657880306244, 0.25173676013946533, 0.15066637098789215, 0.11091478914022446, 0.0915747582912445, 0.0797688439488411, 0.13189515471458435, 0.12820376455783844, 0.12440574169158936, 0.12339970469474792, 0.12290309369564056, 0.11674515902996063, 0.07656959444284439, 0.06719662249088287, 0.06053784862160683, 0.05602171644568443, 0.05315163731575012, 0.05099126324057579, 0.04977172613143921, 0.048765115439891815, 0.044427767395973206, 0.04300612583756447, 0.04158512130379677, 0.04053343087434769, 0.14268170297145844, 0.1365395337343216, 0.12445545196533203, 0.12190794944763184, 0.11382614821195602, 0.1112544909119606], 'loss': [0.5045959949493408, 0.16253125667572021, 0.056888777762651443, 0.023771723732352257, 0.014340386725962162, 0.010182440280914307, 0.0430835485458374, 0.03277529031038284, 0.030043423175811768, 0.028142133727669716, 0.026410356163978577, 0.024950135499238968, 0.010885994881391525, 0.007115383166819811, 0.005774310324341059, 0.00560912536457181, 0.007515518460422754, 0.012852633371949196, 0.01814679428935051, 0.02007191628217697, 0.0036569691728800535, 0.0035163823049515486, 0.0034192074090242386, 0.0033151928801089525, 0.5024168491363525, 0.45977240800857544, 0.4080910384654999, 0.3696858882904053, 0.37580031156539917, 0.3564679026603699], 'val_loss': [0.2835920453071594, 0.10359663516283035, 0.037101805210113525, 0.020192595198750496, 0.01378791593015194, 0.010477022267878056, 0.02783002331852913, 0.02642982080578804, 0.024972541257739067, 0.024703124538064003, 0.024513468146324158, 0.022274333983659744, 0.00960391666740179, 0.007394212298095226, 0.006003959104418755, 0.0051431674510240555, 0.004630404524505138, 0.00427745096385479, 0.0040783085860311985, 0.00393257150426507, 0.00325499358586967, 0.0030464944429695606, 0.0028506244998425245, 0.0027086029294878244, 0.03306253254413605, 0.030514737591147423, 0.025692906230688095, 0.024934828281402588, 0.021482069045305252, 0.020546719431877136], 'val_fr_phase_loss_10': [nan, 0.2034066617488861, nan, 0.11741510033607483, nan, 0.11055111885070801], 'val_fr_target_loss_50': [nan, nan, nan, nan, nan, 1.1090407371520996, nan, nan, nan, nan, nan, 1.1044745445251465, nan, nan, nan, nan, nan, nan, nan, 0.9009014964103699, nan, nan, nan, 0.917532742023468, nan, nan, nan, 0.47369638085365295, nan, 0.40156078338623047], 'val_fr_curve_loss_1': [nan, nan, nan, nan, nan, 0.013035234995186329, nan, nan, nan, nan, nan, 0.01446677464991808, nan, nan, nan, nan, nan, nan, nan, 0.004783624317497015, nan, nan, nan, 0.00405942602083087, nan, nan, nan, 0.014709639362990856, nan, 0.02912534773349762], 'val_fr_curve_loss_2': [nan, nan, nan, nan, nan, 0.017951061949133873, nan, nan, nan, nan, nan, 0.01727324165403843, nan, nan, nan, nan, nan, nan, nan, 0.0072957552038133144, nan, nan, nan, 0.006339797750115395, nan, nan, nan, 0.016838863492012024, nan, 0.02847430855035782], 'val_fr_curve_loss_3': [nan, nan, nan, nan, nan, 0.024615686386823654, nan, nan, nan, nan, nan, 0.021840380504727364, nan, nan, nan, nan, nan, nan, nan, 0.010775794275105, nan, nan, nan, 0.009468595497310162, nan, nan, nan, 0.021087683737277985, nan, 0.030714498832821846], 'val_fr_phase_loss_15': [nan, 0.22674421966075897, nan, 0.2024143487215042, nan, 0.1786235272884369], 'val_fr_phase_loss_20': [nan, 0.21662597358226776, nan, 0.22387829422950745, nan, 0.22762934863567352, nan, 0.21607686579227448], 'val_fr_phase_loss_30': [nan, 0.4297572672367096, nan, 0.4283471405506134], 'val_fr_phase_loss_40': [nan, 0.45146268606185913, nan, 0.38339200615882874], 'val_fr_phase_loss_50': [nan, 0.3898720145225525]}
Saved artifacts to: runs/tuning/study_lstm_lvl1/trial_0003
