--- Number of Windows for Train = 9880
--- Number of Windows for Val = 3040
--- Number of Windows for Test = 2280
--- Curriculum = [10, 15, 20, 30, 40, 50]
--- fr_curve Outsteps = [1, 2, 3]

--- Training: prova1 [LSTM/FC/HYBRID]  ---

======================================================================
   PHASE 1/6: teacher_forcing
   Epochs: 6
   Learning Rate: 6.834651106118182e-05
   Clipping Norm: 0.1040263412882208
   Horizon (train loss): 10
   Output timesteps (val_loss and fr_loss): 50
======================================================================

Epoch 1/30
309/309 ━━━━━━━━━━━━━━━━━━━━ 21s 46ms/step - mae: 0.3703 - loss: 0.5140 - val_loss: 0.2184
Epoch 2/30
309/309 ━━━━━━━━━━━━━━━━━━━━ 19s 61ms/step - mae: 0.2277 - loss: 0.1271 - val_loss: 0.0842 - val_fr_phase_loss_10: 0.1398
[Optuna] trial=12 epoch=2 val_fr_phase_loss_10=0.139772 | median=0.201646 (n=8, p25=0.151163, p75=0.473184) | margin=-0.0618732 (-30.68%)
Epoch 3/30
309/309 ━━━━━━━━━━━━━━━━━━━━ 14s 44ms/step - mae: 0.1748 - loss: 0.0594 - val_loss: 0.0497
Epoch 4/30
309/309 ━━━━━━━━━━━━━━━━━━━━ 18s 59ms/step - mae: 0.1441 - loss: 0.0368 - val_loss: 0.0338 - val_fr_phase_loss_10: 0.0797
[Optuna] trial=12 epoch=4 val_fr_phase_loss_10=0.0797497 | median=0.119288 (n=8, p25=0.109577, p75=0.320539) | margin=-0.0395382 (-33.15%)
Epoch 5/30
309/309 ━━━━━━━━━━━━━━━━━━━━ 14s 44ms/step - mae: 0.1230 - loss: 0.0253 - val_loss: 0.0247
Epoch 6/30
309/309 ━━━━━━━━━━━━━━━━━━━━ 18s 58ms/step - mae: 0.1076 - loss: 0.0184 - val_loss: 0.0189 - val_fr_phase_loss_10: 0.0578 - val_fr_target_loss_50: 0.8940 - val_fr_curve_loss_1: 0.0245 - val_fr_curve_loss_2: 0.0233 - val_fr_curve_loss_3: 0.0245
[Optuna] trial=12 epoch=6 val_fr_phase_loss_10=0.0578094 | median=0.121489 (n=8, p25=0.0980193, p75=0.274127) | margin=-0.0636793 (-52.42%)

======================================================================
   PHASE 2/6: masked_modeling
   Mask Prob: 0.15
   Mask Scope: time
   Mask Mode: constant
   Mask Value: 0.2
   Noise Sigma: None
   Noise Replace: False
   Epochs: 6
   Learning Rate: 5.4677208848945454e-05
   Clipping Norm: 0.09362370715939873
   Horizon (train loss): 15
   Output timesteps (val_loss and fr_loss): 50
======================================================================

Epoch 7/30
309/309 ━━━━━━━━━━━━━━━━━━━━ 14s 44ms/step - mae: 0.1342 - loss: 0.0321 - val_loss: 0.0294
Epoch 8/30
309/309 ━━━━━━━━━━━━━━━━━━━━ 18s 58ms/step - mae: 0.1306 - loss: 0.0282 - val_loss: 0.0278 - val_fr_phase_loss_15: 0.1368
[Optuna] trial=12 epoch=8 val_fr_phase_loss_15=0.13682 | median=0.220118 (n=8, p25=0.16144, p75=0.332194) | margin=-0.0832983 (-37.84%)
Epoch 9/30
309/309 ━━━━━━━━━━━━━━━━━━━━ 14s 44ms/step - mae: 0.1263 - loss: 0.0263 - val_loss: 0.0261
Epoch 10/30
309/309 ━━━━━━━━━━━━━━━━━━━━ 18s 59ms/step - mae: 0.1244 - loss: 0.0247 - val_loss: 0.0255 - val_fr_phase_loss_15: 0.1251
[Optuna] trial=12 epoch=10 val_fr_phase_loss_15=0.125058 | median=0.201954 (n=8, p25=0.143357, p75=0.300622) | margin=-0.0768961 (-38.08%)
Epoch 11/30
309/309 ━━━━━━━━━━━━━━━━━━━━ 13s 41ms/step - mae: 0.1239 - loss: 0.0232 - val_loss: 0.0252
Epoch 12/30
309/309 ━━━━━━━━━━━━━━━━━━━━ 19s 60ms/step - mae: 0.1182 - loss: 0.0220 - val_loss: 0.0231 - val_fr_phase_loss_15: 0.1125 - val_fr_target_loss_50: 0.8207 - val_fr_curve_loss_1: 0.0157 - val_fr_curve_loss_2: 0.0162 - val_fr_curve_loss_3: 0.0182
[Optuna] trial=12 epoch=12 val_fr_phase_loss_15=0.112534 | median=0.178119 (n=8, p25=0.138731, p75=0.28251) | margin=-0.0655847 (-36.82%)

======================================================================
   PHASE 3/6: scheduled_sampling
   Tf Ratio Start: 1.0
   Tf Ratio End: 0.35
   Per Feature: True
   Stop Grad Pred: True
   Ratio Mode: sigmoid
   Mid Point: 0.6
   Sharpness: 10.0
   Power Value: 2.0
   Epochs: 8
   Learning Rate: 4.784255774282727e-05
   Clipping Norm: 0.08842239009498767
   Horizon (train loss): 20
   Output timesteps (val_loss and fr_loss): 50
======================================================================

Epoch 13/30
309/309 ━━━━━━━━━━━━━━━━━━━━ 172s 557ms/step - mae: 0.0939 - loss: 0.0135 - val_loss: 0.0145
Epoch 14/30
309/309 ━━━━━━━━━━━━━━━━━━━━ 178s 577ms/step - mae: 0.0850 - loss: 0.0101 - val_loss: 0.0119 - val_fr_phase_loss_20: 0.1213
[Optuna] trial=12 epoch=14 val_fr_phase_loss_20=0.12127 | median=0.219638 (n=8, p25=0.193886, p75=0.331328) | margin=-0.0983675 (-44.79%)
Epoch 15/30
309/309 ━━━━━━━━━━━━━━━━━━━━ 176s 571ms/step - mae: 0.0777 - loss: 0.0085 - val_loss: 0.0099
Epoch 16/30
309/309 ━━━━━━━━━━━━━━━━━━━━ 179s 579ms/step - mae: 0.0718 - loss: 0.0079 - val_loss: 0.0085 - val_fr_phase_loss_20: 0.1215
[Optuna] trial=12 epoch=16 val_fr_phase_loss_20=0.12149 | median=0.227034 (n=8, p25=0.194878, p75=0.365904) | margin=-0.105544 (-46.49%)
Epoch 17/30
309/309 ━━━━━━━━━━━━━━━━━━━━ 172s 558ms/step - mae: 0.0672 - loss: 0.0095 - val_loss: 0.0074
Epoch 18/30
309/309 ━━━━━━━━━━━━━━━━━━━━ 179s 579ms/step - mae: 0.0640 - loss: 0.0139 - val_loss: 0.0067 - val_fr_phase_loss_20: 0.1178
[Optuna] trial=12 epoch=18 val_fr_phase_loss_20=0.117823 | median=0.230662 (n=8, p25=0.18743, p75=0.332859) | margin=-0.11284 (-48.92%)
Epoch 19/30
309/309 ━━━━━━━━━━━━━━━━━━━━ 173s 559ms/step - mae: 0.0617 - loss: 0.0176 - val_loss: 0.0063
Epoch 20/30
309/309 ━━━━━━━━━━━━━━━━━━━━ 177s 574ms/step - mae: 0.0594 - loss: 0.0184 - val_loss: 0.0058 - val_fr_phase_loss_20: 0.1146 - val_fr_target_loss_50: 0.6098 - val_fr_curve_loss_1: 0.0067 - val_fr_curve_loss_2: 0.0070 - val_fr_curve_loss_3: 0.0082
[Optuna] trial=12 epoch=20 val_fr_phase_loss_20=0.114563 | median=0.21486 (n=8, p25=0.179525, p75=0.284474) | margin=-0.100297 (-46.68%)

======================================================================
   PHASE 4/6: masked_modeling
   Mask Prob: 0.2
   Mask Scope: time
   Mask Mode: noise
   Mask Value: None
   Noise Sigma: 0.1
   Noise Replace: False
   Epochs: 4
   Learning Rate: 4.100790663670909e-05
   Clipping Norm: 0.08322107303057664
   Horizon (train loss): 30
   Output timesteps (val_loss and fr_loss): 50
======================================================================

Epoch 21/30
309/309 ━━━━━━━━━━━━━━━━━━━━ 14s 44ms/step - mae: 0.0559 - loss: 0.0044 - val_loss: 0.0051
Epoch 22/30
309/309 ━━━━━━━━━━━━━━━━━━━━ 18s 59ms/step - mae: 0.0525 - loss: 0.0038 - val_loss: 0.0045 - val_fr_phase_loss_30: 0.2719
[Optuna] trial=12 epoch=22 val_fr_phase_loss_30=0.271931 | median=0.417378 (n=8, p25=0.26294, p75=0.479097) | margin=-0.145447 (-34.85%)
Epoch 23/30
309/309 ━━━━━━━━━━━━━━━━━━━━ 14s 45ms/step - mae: 0.0498 - loss: 0.0035 - val_loss: 0.0041
Epoch 24/30
309/309 ━━━━━━━━━━━━━━━━━━━━ 18s 60ms/step - mae: 0.0474 - loss: 0.0032 - val_loss: 0.0037 - val_fr_phase_loss_30: 0.2840 - val_fr_target_loss_50: 0.6620 - val_fr_curve_loss_1: 0.0048 - val_fr_curve_loss_2: 0.0053 - val_fr_curve_loss_3: 0.0065
[Optuna] trial=12 epoch=24 val_fr_phase_loss_30=0.283956 | median=0.42047 (n=8, p25=0.269285, p75=0.480007) | margin=-0.136513 (-32.47%)

======================================================================
   PHASE 5/6: full_autoregressive
   Gradient Through Time: False
   Epochs: 4
   Learning Rate: 3.417325553059091e-05
   Clipping Norm: 0.0780197559661656
   Horizon (train loss): 40
   Output timesteps (val_loss and fr_loss): 50
======================================================================

Epoch 25/30
309/309 ━━━━━━━━━━━━━━━━━━━━ 161s 521ms/step - mae: 0.0647 - loss: 0.2812 - val_loss: 0.0070
Epoch 26/30
309/309 ━━━━━━━━━━━━━━━━━━━━ 166s 537ms/step - mae: 0.0666 - loss: 0.2533 - val_loss: 0.0074 - val_fr_phase_loss_40: 0.3021
[Optuna] trial=12 epoch=26 val_fr_phase_loss_40=0.302057 | median=0.423749 (n=8, p25=0.304071, p75=0.487175) | margin=-0.121692 (-28.72%)
Epoch 27/30
309/309 ━━━━━━━━━━━━━━━━━━━━ 161s 520ms/step - mae: 0.0683 - loss: 0.2457 - val_loss: 0.0078
Epoch 28/30
309/309 ━━━━━━━━━━━━━━━━━━━━ 166s 539ms/step - mae: 0.0699 - loss: 0.2398 - val_loss: 0.0082 - val_fr_phase_loss_40: 0.2871 - val_fr_target_loss_50: 0.3688 - val_fr_curve_loss_1: 0.0073 - val_fr_curve_loss_2: 0.0077 - val_fr_curve_loss_3: 0.0090
[Optuna] trial=12 epoch=28 val_fr_phase_loss_40=0.28707 | median=0.380011 (n=8, p25=0.290961, p75=0.429621) | margin=-0.092941 (-24.46%)

======================================================================
   PHASE 6/6: full_autoregressive
   Gradient Through Time: True
   Epochs: 2
   Learning Rate: 2.0503953318354545e-05
   Clipping Norm: 0.06241580477293248
   Horizon (train loss): 50
   Output timesteps (val_loss and fr_loss): 50
======================================================================

Epoch 29/30
309/309 ━━━━━━━━━━━━━━━━━━━━ 160s 518ms/step - mae: 0.0705 - loss: 0.2768 - val_loss: 0.0083
Epoch 30/30
309/309 ━━━━━━━━━━━━━━━━━━━━ 164s 532ms/step - mae: 0.0703 - loss: 0.2640 - val_loss: 0.0082 - val_fr_phase_loss_50: 0.3340 - val_fr_target_loss_50: 0.3407 - val_fr_curve_loss_1: 0.0100 - val_fr_curve_loss_2: 0.0108 - val_fr_curve_loss_3: 0.0128
[Optuna] trial=12 epoch=30 val_fr_phase_loss_50=0.334028 | median=0.388624 (n=8, p25=0.337803, p75=0.457494) | margin=-0.0545961 (-14.05%)
Final loss: 0.2640
Predicting all test samples in free_running mode...
  X shape: (2280, 200, 36)
  Y shape: (2280, 50, 36)
  Pred shape: (2280, 50, 36)

 step | target                | pred                  | abs_err
------|-----------------------|-----------------------|----------------------
   25 | [ 0.413975  2.252291  0.076809 -1.082321  0.133018 -0.274908  0.639894
 -1.222357 -1.249584  0.168496  0.626157  0.768161 -1.833026  0.430524
 -0.664956 -0.940605 -0.333545  0.888525  1.287808  0.789981 -0.276216
 -0.539654 -0.175473  0.252616 -1.215466 -0.765159 -0.430836 -0.7326
  1.170439  1.235309 -0.98217   0.207688  0.323877 -0.382801 -0.034873
  0.56418 ] | [ 0.667394  2.227973 -0.195273 -0.674646  0.236899 -0.338152  0.988456
 -0.589333 -1.487769  0.25419  -0.091406  0.609828 -0.551608 -1.061359
  0.269041 -0.792049 -0.446674  0.488711  0.94644   0.263961 -0.821352
 -0.175267 -0.284765  0.422329 -0.280931 -0.535086 -0.484476 -0.211656
  1.66143   1.203745 -0.889335  0.123557  0.493691 -0.286423 -0.914585
  0.220156] | [0.253419 0.024318 0.272082 0.407676 0.103881 0.063244 0.348562 0.633024
 0.238185 0.085694 0.717564 0.158333 1.281418 1.491883 0.933997 0.148556
 0.113128 0.399813 0.341368 0.52602  0.545136 0.364387 0.109292 0.169714
 0.934535 0.230072 0.05364  0.520943 0.490991 0.031564 0.092835 0.084132
 0.169814 0.096377 0.879712 0.344025]
   26 | [ 0.433902  2.276946  0.062718 -1.073421  0.149295 -0.261739  0.66411
 -1.190588 -1.280325  0.091743  0.630177  0.811665 -1.905444  0.590891
 -0.648677 -0.950394 -0.271225  0.842781  1.340023  0.789891 -0.296955
 -0.535192 -0.171397  0.217021 -1.236176 -0.75049  -0.449502 -0.772153
  1.203705  1.218394 -1.003057  0.192291  0.338178 -0.409968  0.071482
  0.522649] | [ 0.679669  2.24834  -0.189291 -0.63614   0.250105 -0.332432  1.016714
 -0.559717 -1.511745  0.213583 -0.138837  0.638397 -0.598022 -1.041571
  0.297547 -0.808086 -0.437254  0.44441   0.952498  0.258561 -0.82514
 -0.197625 -0.271467  0.439837 -0.256606 -0.500823 -0.51632  -0.223694
  1.670558  1.19876  -0.903515  0.112176  0.500966 -0.315405 -0.889185
  0.18004 ] | [0.245766 0.028606 0.252009 0.437281 0.10081  0.070694 0.352604 0.630871
 0.23142  0.12184  0.769014 0.173268 1.307422 1.632462 0.946224 0.142308
 0.166029 0.398371 0.387526 0.53133  0.528184 0.337567 0.10007  0.222816
 0.979571 0.249667 0.066818 0.548459 0.466853 0.019634 0.099541 0.080115
 0.162788 0.094563 0.960667 0.342609]
   27 | [ 0.45137   2.29779   0.046898 -1.065959  0.163722 -0.251176  0.686906
 -1.158318 -1.306769  0.020961  0.635355  0.846673 -1.973424  0.752938
 -0.63128  -0.95588  -0.208485  0.794828  1.389242  0.786713 -0.314912
 -0.528408 -0.166389  0.176889 -1.255981 -0.733755 -0.465744 -0.812322
  1.237801  1.200935 -1.020813  0.176508  0.350492 -0.434216  0.179125
  0.481679] | [ 0.68827   2.264108 -0.184351 -0.598687  0.261514 -0.328309  1.04399
 -0.532264 -1.530154  0.179029 -0.186306  0.662031 -0.643635 -1.022901
  0.322709 -0.819676 -0.429118  0.398395  0.956158  0.252425 -0.825969
 -0.218636 -0.259353  0.453009 -0.233257 -0.46677  -0.545585 -0.235186
  1.676201  1.192759 -0.914459  0.101278  0.50408  -0.342116 -0.863068
  0.142364] | [0.2369   0.033681 0.231249 0.467272 0.097792 0.077133 0.357085 0.626054
 0.223385 0.158068 0.821661 0.184641 1.329789 1.775839 0.953989 0.136203
 0.220632 0.396433 0.433084 0.534288 0.511057 0.309772 0.092963 0.27612
 1.022724 0.266985 0.079841 0.577136 0.4384   0.008176 0.106355 0.07523
 0.153587 0.0921   1.042193 0.339315]
   28 | [ 0.466327  2.314783  0.029422 -1.059933  0.176249 -0.243234  0.708319
 -1.125542 -1.328843 -0.043589  0.641445  0.873025 -2.036825  0.915869
 -0.612772 -0.957077 -0.145636  0.744967  1.435167  0.780424 -0.32991
 -0.519352 -0.160183  0.132539 -1.274543 -0.714768 -0.479514 -0.852827
  1.272629  1.183048 -1.035382  0.160153  0.360566 -0.455552  0.287429
  0.44125 ] | [ 0.693557  2.27549  -0.180405 -0.562536  0.271274 -0.325709  1.069854
 -0.507107 -1.543001  0.149918 -0.233641  0.68094  -0.688128 -1.004517
  0.344567 -0.826869 -0.422001  0.351023  0.957269  0.245785 -0.824165
 -0.23804  -0.248247  0.462004 -0.210987 -0.433031 -0.572468 -0.246106
  1.6782    1.185899 -0.922485  0.090914  0.502837 -0.36636  -0.836478
  0.107058] | [0.22723  0.039293 0.209827 0.497397 0.095025 0.082475 0.361535 0.618434
 0.214158 0.193507 0.875085 0.192086 1.348697 1.920386 0.957339 0.130209
 0.276365 0.393944 0.477899 0.534639 0.494255 0.281312 0.088064 0.329465
 1.063556 0.281736 0.092955 0.606721 0.40557  0.002851 0.112897 0.069239
 0.142271 0.089192 1.123907 0.334191]
   29 | [ 0.478732  2.32789   0.010362 -1.055353  0.186818 -0.237931  0.728378
 -1.09227  -1.346491 -0.1017    0.648197  0.890628 -2.095523  1.078877
 -0.593175 -0.95402  -0.082985  0.693516  1.47754   0.771024 -0.341791
 -0.508082 -0.152506  0.084329 -1.291529 -0.693373 -0.49077  -0.893374
  1.308082  1.164834 -1.046716  0.143051  0.368166 -0.473989  0.395794
  0.401343] | [ 0.695359  2.282657 -0.177416 -0.528108  0.279214 -0.324795  1.094472
 -0.484039 -1.550282  0.126402 -0.281117  0.69529  -0.731685 -0.987111
  0.363215 -0.829746 -0.416386  0.302706  0.955737  0.238522 -0.820013
 -0.255813 -0.238119  0.466847 -0.190172 -0.39943  -0.596585 -0.25609
  1.676676  1.178179 -0.927734  0.080757  0.497849 -0.388271 -0.809353
  0.074207] | [0.216627 0.045234 0.187778 0.527245 0.092396 0.086864 0.366094 0.608231
 0.203791 0.228102 0.929313 0.195338 1.363838 2.065988 0.95639  0.124274
 0.333401 0.390811 0.521803 0.532502 0.478222 0.252268 0.085614 0.382518
 1.101358 0.293943 0.105815 0.637284 0.368594 0.013345 0.118982 0.062294
 0.129683 0.085718 1.205147 0.327135]
model built: True
num weights: 38
{'mae': [0.37029361724853516, 0.22765804827213287, 0.1748259961605072, 0.1441381275653839, 0.12304694205522537, 0.1076141893863678, 0.13418644666671753, 0.1305510401725769, 0.12634295225143433, 0.12440085411071777, 0.12387663125991821, 0.11819610744714737, 0.09393727034330368, 0.08497845381498337, 0.07774178683757782, 0.07183916866779327, 0.06722322106361389, 0.06399886310100555, 0.0616767443716526, 0.05940945819020271, 0.055922966450452805, 0.05254232883453369, 0.04976896941661835, 0.047443415969610214, 0.06465912610292435, 0.06657376885414124, 0.06828133761882782, 0.06989342719316483, 0.07054390013217926, 0.07032591849565506], 'loss': [0.513950765132904, 0.12714757025241852, 0.05940892919898033, 0.03677041828632355, 0.02525477670133114, 0.018388809636235237, 0.03205034136772156, 0.028223780915141106, 0.026297513395547867, 0.024672741070389748, 0.023179009556770325, 0.022003455087542534, 0.013503414578735828, 0.010115586221218109, 0.00845557451248169, 0.007914731279015541, 0.009462088346481323, 0.013921939767897129, 0.01755526289343834, 0.01840304024517536, 0.004355217795819044, 0.0038356618024408817, 0.0034765719901770353, 0.0031947086099535227, 0.2812128961086273, 0.25330156087875366, 0.2457103580236435, 0.23975014686584473, 0.2768106162548065, 0.26396963000297546], 'val_loss': [0.21841374039649963, 0.08420360088348389, 0.04965315759181976, 0.033768538385629654, 0.024660596624016762, 0.01890365593135357, 0.029396405443549156, 0.027806535363197327, 0.026127716526389122, 0.025453168898820877, 0.025239620357751846, 0.023074841126799583, 0.01452548522502184, 0.011862163431942463, 0.009915579110383987, 0.008466183207929134, 0.0074197412468492985, 0.006738435477018356, 0.006263498216867447, 0.005818134639412165, 0.0051323180086910725, 0.004540211521089077, 0.0040788291953504086, 0.003713166806846857, 0.00697289127856493, 0.007400948088616133, 0.007783651351928711, 0.008161094971001148, 0.008283916860818863, 0.008231302723288536], 'val_fr_phase_loss_10': [nan, 0.13977232575416565, nan, 0.07974972575902939, nan, 0.05780939385294914], 'val_fr_target_loss_50': [nan, nan, nan, nan, nan, 0.8939934372901917, nan, nan, nan, nan, nan, 0.8207046389579773, nan, nan, nan, nan, nan, nan, nan, 0.6098414659500122, nan, nan, nan, 0.662039041519165, nan, nan, nan, 0.36878204345703125, nan, 0.3407067656517029], 'val_fr_curve_loss_1': [nan, nan, nan, nan, nan, 0.024485185742378235, nan, nan, nan, nan, nan, 0.015749063342809677, nan, nan, nan, nan, nan, nan, nan, 0.006676226854324341, nan, nan, nan, 0.004828266333788633, nan, nan, nan, 0.007306546904146671, nan, 0.010014737956225872], 'val_fr_curve_loss_2': [nan, nan, nan, nan, nan, 0.02329312637448311, nan, nan, nan, nan, nan, 0.016187161207199097, nan, nan, nan, nan, nan, nan, nan, 0.007029748056083918, nan, nan, nan, 0.005348428152501583, nan, nan, nan, 0.007707139477133751, nan, 0.010819219052791595], 'val_fr_curve_loss_3': [nan, nan, nan, nan, nan, 0.024517470970749855, nan, nan, nan, nan, nan, 0.01820717379450798, nan, nan, nan, nan, nan, nan, nan, 0.008203612640500069, nan, nan, nan, 0.006538138259202242, nan, nan, nan, 0.0089792525395751, nan, 0.012777370400726795], 'val_fr_phase_loss_15': [nan, 0.13681958615779877, nan, 0.12505784630775452, nan, 0.1125340536236763], 'val_fr_phase_loss_20': [nan, 0.12127044051885605, nan, 0.121490478515625, nan, 0.11782252788543701, nan, 0.11456286907196045], 'val_fr_phase_loss_30': [nan, 0.2719314992427826, nan, 0.2839561402797699], 'val_fr_phase_loss_40': [nan, 0.30205702781677246, nan, 0.28706982731819153], 'val_fr_phase_loss_50': [nan, 0.33402755856513977]}
Saved artifacts to: runs/tuning/study_lstm_lvl1/trial_0012
