--- Number of Windows for Train = 9880
--- Number of Windows for Val = 3040
--- Number of Windows for Test = 2280
--- Curriculum = [5, 5, 12, 12, 18, 18, 25, 25, 38, 38, 50, 50]
--- fr_curve Outsteps = [10, 20, 30, 50]

--- Training: lstm_fullseq_30ep [LSTM/FC/FULL_SEQ]  ---

======================================================================
   PHASE 1/12: teacher_forcing
   Epochs: 2
   Learning Rate: 2.0058733363444943e-05
   Clipping Norm: 0.44079840381692426
   Horizon (train loss): 5
   Output timesteps (val_loss and fr_loss): 50
======================================================================

Epoch 1/30
309/309 ━━━━━━━━━━━━━━━━━━━━ 15s 27ms/step - mae: 0.7458 - mse: 0.8721 - loss: 0.9046 - val_loss: 0.8721
Epoch 2/30
309/309 ━━━━━━━━━━━━━━━━━━━━ 11s 37ms/step - mae: 0.7218 - mse: 0.8211 - loss: 0.8623 - val_loss: 0.8211 - val_fr_phase_loss_5: 0.8290 - val_fr_target_loss_50: 0.9031 - val_fr_curve_loss_10: 0.8429 - val_fr_curve_loss_20: 0.8630 - val_fr_curve_loss_30: 0.8785 - val_fr_curve_loss_50: 0.8958
[Optuna] trial=4 epoch=2 val_fr_phase_loss_5=0.829045 | median=0.38594 (n=4, p25=0.281137, p75=0.581766) | margin=+0.443105 (+114.81%)

======================================================================
   PHASE 2/12: masked_modeling
   Mask Prob: 0.1
   Mask Scope: time
   Mask Mode: constant
   Mask Value: 0.2
   Noise Sigma: None
   Noise Replace: False
   Epochs: 3
   Learning Rate: 1.6046986690755954e-05
   Clipping Norm: 0.3967185634352318
   Horizon (train loss): 5
   Output timesteps (val_loss and fr_loss): 50
======================================================================

Epoch 3/30
309/309 ━━━━━━━━━━━━━━━━━━━━ 8s 24ms/step - mae: 0.6985 - mse: 0.7734 - loss: 0.8087 - val_loss: 0.7734
Epoch 4/30
309/309 ━━━━━━━━━━━━━━━━━━━━ 11s 35ms/step - mae: 0.6788 - mse: 0.7334 - loss: 0.7623 - val_loss: 0.7334 - val_fr_phase_loss_5: 0.7440
[Optuna] trial=4 epoch=4 val_fr_phase_loss_5=0.743982 | median=0.225001 (n=4, p25=0.141258, p75=0.429351) | margin=+0.518981 (+230.66%)
Epoch 5/30
309/309 ━━━━━━━━━━━━━━━━━━━━ 11s 36ms/step - mae: 0.6632 - mse: 0.7022 - loss: 0.7246 - val_loss: 0.7022 - val_fr_target_loss_50: 1.0614 - val_fr_curve_loss_10: 0.7386 - val_fr_curve_loss_20: 0.8092 - val_fr_curve_loss_30: 0.8955 - val_fr_curve_loss_50: 1.0593

======================================================================
   PHASE 3/12: teacher_forcing
   Epochs: 2
   Learning Rate: 2.0058733363444943e-05
   Clipping Norm: 0.44079840381692426
   Horizon (train loss): 12
   Output timesteps (val_loss and fr_loss): 50
======================================================================

Epoch 6/30
309/309 ━━━━━━━━━━━━━━━━━━━━ 7s 24ms/step - mae: 0.6507 - mse: 0.6771 - loss: 0.6972 - val_loss: 0.6771
Epoch 7/30
309/309 ━━━━━━━━━━━━━━━━━━━━ 11s 35ms/step - mae: 0.6394 - mse: 0.6541 - loss: 0.6676 - val_loss: 0.6541 - val_fr_phase_loss_12: 0.6999 - val_fr_target_loss_50: 0.9567 - val_fr_curve_loss_10: 0.6946 - val_fr_curve_loss_20: 0.7492 - val_fr_curve_loss_30: 0.8130 - val_fr_curve_loss_50: 0.9451
[Optuna] trial=4 epoch=7 val_fr_phase_loss_12=0.699861 | median=0.211288 (n=4, p25=0.154406, p75=0.383923) | margin=+0.488573 (+231.24%)

======================================================================
   PHASE 4/12: masked_modeling
   Mask Prob: 0.15
   Mask Scope: time
   Mask Mode: constant
   Mask Value: 0.2
   Noise Sigma: None
   Noise Replace: False
   Epochs: 3
   Learning Rate: 1.4041113354411459e-05
   Clipping Norm: 0.3746786432443856
   Horizon (train loss): 12
   Output timesteps (val_loss and fr_loss): 50
======================================================================

Epoch 8/30
309/309 ━━━━━━━━━━━━━━━━━━━━ 7s 24ms/step - mae: 0.6325 - mse: 0.6400 - loss: 0.6492 - val_loss: 0.6400
Epoch 9/30
309/309 ━━━━━━━━━━━━━━━━━━━━ 11s 35ms/step - mae: 0.6258 - mse: 0.6263 - loss: 0.6335 - val_loss: 0.6263 - val_fr_phase_loss_12: 0.6816
[Optuna] trial=4 epoch=9 val_fr_phase_loss_12=0.681553 | median=0.215557 (n=4, p25=0.180492, p75=0.363972) | margin=+0.465996 (+216.18%)
Epoch 10/30
309/309 ━━━━━━━━━━━━━━━━━━━━ 11s 35ms/step - mae: 0.6190 - mse: 0.6125 - loss: 0.6181 - val_loss: 0.6125 - val_fr_target_loss_50: 0.9683 - val_fr_curve_loss_10: 0.6665 - val_fr_curve_loss_20: 0.7348 - val_fr_curve_loss_30: 0.8095 - val_fr_curve_loss_50: 0.9559

======================================================================
   PHASE 5/12: teacher_forcing
   Epochs: 2
   Learning Rate: 2.0058733363444943e-05
   Clipping Norm: 0.44079840381692426
   Horizon (train loss): 18
   Output timesteps (val_loss and fr_loss): 50
======================================================================

Epoch 11/30
309/309 ━━━━━━━━━━━━━━━━━━━━ 7s 24ms/step - mae: 0.6115 - mse: 0.5975 - loss: 0.6032 - val_loss: 0.5975
Epoch 12/30
309/309 ━━━━━━━━━━━━━━━━━━━━ 11s 35ms/step - mae: 0.6015 - mse: 0.5776 - loss: 0.5806 - val_loss: 0.5776 - val_fr_phase_loss_18: 0.6878 - val_fr_target_loss_50: 0.9387 - val_fr_curve_loss_10: 0.6398 - val_fr_curve_loss_20: 0.7111 - val_fr_curve_loss_30: 0.7891 - val_fr_curve_loss_50: 0.9325
[Optuna] trial=4 epoch=12 val_fr_phase_loss_18=0.687752 | median=0.263917 (n=4, p25=0.241911, p75=0.388169) | margin=+0.423835 (+160.59%)

======================================================================
   PHASE 6/12: masked_modeling
   Mask Prob: 0.2
   Mask Scope: time
   Mask Mode: constant
   Mask Value: 0.2
   Noise Sigma: None
   Noise Replace: False
   Epochs: 3
   Learning Rate: 1.2035240018066966e-05
   Clipping Norm: 0.35263872305353944
   Horizon (train loss): 18
   Output timesteps (val_loss and fr_loss): 50
======================================================================

Epoch 13/30
309/309 ━━━━━━━━━━━━━━━━━━━━ 7s 24ms/step - mae: 0.5965 - mse: 0.5677 - loss: 0.5660 - val_loss: 0.5677
Epoch 14/30
309/309 ━━━━━━━━━━━━━━━━━━━━ 11s 35ms/step - mae: 0.5913 - mse: 0.5576 - loss: 0.5536 - val_loss: 0.5576 - val_fr_phase_loss_18: 0.6888
[Optuna] trial=4 epoch=14 val_fr_phase_loss_18=0.688784 | median=0.36001 (n=4, p25=0.348916, p75=0.449362) | margin=+0.328774 (+91.32%)
Epoch 15/30
309/309 ━━━━━━━━━━━━━━━━━━━━ 11s 35ms/step - mae: 0.5863 - mse: 0.5480 - loss: 0.5426 - val_loss: 0.5480 - val_fr_target_loss_50: 0.9934 - val_fr_curve_loss_10: 0.6225 - val_fr_curve_loss_20: 0.7123 - val_fr_curve_loss_30: 0.8091 - val_fr_curve_loss_50: 0.9871

======================================================================
   PHASE 7/12: teacher_forcing
   Epochs: 2
   Learning Rate: 2.0058733363444943e-05
   Clipping Norm: 0.44079840381692426
   Horizon (train loss): 25
   Output timesteps (val_loss and fr_loss): 50
======================================================================

Epoch 16/30
309/309 ━━━━━━━━━━━━━━━━━━━━ 7s 24ms/step - mae: 0.5802 - mse: 0.5362 - loss: 0.5326 - val_loss: 0.5362
Epoch 17/30
309/309 ━━━━━━━━━━━━━━━━━━━━ 11s 36ms/step - mae: 0.5719 - mse: 0.5208 - loss: 0.5151 - val_loss: 0.5208 - val_fr_phase_loss_25: 0.7216 - val_fr_target_loss_50: 0.9405 - val_fr_curve_loss_10: 0.5983 - val_fr_curve_loss_20: 0.6815 - val_fr_curve_loss_30: 0.7722 - val_fr_curve_loss_50: 0.9342
[Optuna] trial=4 epoch=17 val_fr_phase_loss_25=0.721632 | median=0.392944 (n=4, p25=0.386151, p75=0.47531) | margin=+0.328688 (+83.65%)

======================================================================
   PHASE 8/12: masked_modeling
   Mask Prob: 0.2
   Mask Scope: time
   Mask Mode: noise
   Mask Value: None
   Noise Sigma: 0.1
   Noise Replace: False
   Epochs: 3
   Learning Rate: 1.0029366681722471e-05
   Clipping Norm: 0.33059880286269316
   Horizon (train loss): 25
   Output timesteps (val_loss and fr_loss): 50
======================================================================

Epoch 18/30
309/309 ━━━━━━━━━━━━━━━━━━━━ 7s 24ms/step - mae: 0.5679 - mse: 0.5135 - loss: 0.5028 - val_loss: 0.5135
Epoch 19/30
309/309 ━━━━━━━━━━━━━━━━━━━━ 11s 35ms/step - mae: 0.5641 - mse: 0.5065 - loss: 0.4952 - val_loss: 0.5065 - val_fr_phase_loss_25: 0.7171
[Optuna] trial=4 epoch=19 val_fr_phase_loss_25=0.717058 | median=0.369644 (n=4, p25=0.338985, p75=0.473012) | margin=+0.347415 (+93.99%)
Epoch 20/30
309/309 ━━━━━━━━━━━━━━━━━━━━ 11s 36ms/step - mae: 0.5604 - mse: 0.4997 - loss: 0.4879 - val_loss: 0.4997 - val_fr_target_loss_50: 0.9444 - val_fr_curve_loss_10: 0.5844 - val_fr_curve_loss_20: 0.6725 - val_fr_curve_loss_30: 0.7685 - val_fr_curve_loss_50: 0.9381

======================================================================
   PHASE 9/12: teacher_forcing
   Epochs: 2
   Learning Rate: 2.0058733363444943e-05
   Clipping Norm: 0.44079840381692426
   Horizon (train loss): 38
   Output timesteps (val_loss and fr_loss): 50
======================================================================

Epoch 21/30
309/309 ━━━━━━━━━━━━━━━━━━━━ 7s 24ms/step - mae: 0.5554 - mse: 0.4908 - loss: 0.4821 - val_loss: 0.4908
Epoch 22/30
309/309 ━━━━━━━━━━━━━━━━━━━━ 11s 36ms/step - mae: 0.5475 - mse: 0.4768 - loss: 0.4669 - val_loss: 0.4768 - val_fr_phase_loss_38: 0.8370 - val_fr_target_loss_50: 0.9478 - val_fr_curve_loss_10: 0.5715 - val_fr_curve_loss_20: 0.6645 - val_fr_curve_loss_30: 0.7653 - val_fr_curve_loss_50: 0.9407
[Optuna] trial=4 epoch=22 val_fr_phase_loss_38=0.837034 | median=0.688541 (n=4, p25=0.688485, p75=0.715806) | margin=+0.148492 (+21.57%)

======================================================================
   PHASE 10/12: masked_modeling
   Mask Prob: 0.25
   Mask Scope: time
   Mask Mode: noise
   Mask Value: None
   Noise Sigma: 0.1
   Noise Replace: False
   Epochs: 3
   Learning Rate: 8.023493345377977e-06
   Clipping Norm: 0.30855888267184695
   Horizon (train loss): 38
   Output timesteps (val_loss and fr_loss): 50
======================================================================

Epoch 23/30
309/309 ━━━━━━━━━━━━━━━━━━━━ 7s 24ms/step - mae: 0.5444 - mse: 0.4713 - loss: 0.4565 - val_loss: 0.4713
Epoch 24/30
309/309 ━━━━━━━━━━━━━━━━━━━━ 11s 35ms/step - mae: 0.5413 - mse: 0.4660 - loss: 0.4508 - val_loss: 0.4660 - val_fr_phase_loss_38: 0.8371
[Optuna] trial=4 epoch=24 val_fr_phase_loss_38=0.83712 | median=0.643387 (n=4, p25=0.594977, p75=0.7172) | margin=+0.193733 (+30.11%)
Epoch 25/30
309/309 ━━━━━━━━━━━━━━━━━━━━ 11s 36ms/step - mae: 0.5383 - mse: 0.4607 - loss: 0.4452 - val_loss: 0.4607 - val_fr_target_loss_50: 0.9535 - val_fr_curve_loss_10: 0.5620 - val_fr_curve_loss_20: 0.6589 - val_fr_curve_loss_30: 0.7641 - val_fr_curve_loss_50: 0.9473

======================================================================
   PHASE 11/12: teacher_forcing
   Epochs: 2
   Learning Rate: 2.0058733363444943e-05
   Clipping Norm: 0.44079840381692426
   Horizon (train loss): 50
   Output timesteps (val_loss and fr_loss): 50
======================================================================

Epoch 26/30
309/309 ━━━━━━━━━━━━━━━━━━━━ 7s 24ms/step - mae: 0.5313 - mse: 0.4489 - loss: 0.4368 - val_loss: 0.4489
Epoch 27/30
309/309 ━━━━━━━━━━━━━━━━━━━━ 11s 36ms/step - mae: 0.5235 - mse: 0.4356 - loss: 0.4226 - val_loss: 0.4356 - val_fr_phase_loss_50: 0.9489 - val_fr_target_loss_50: 0.9620 - val_fr_curve_loss_10: 0.5487 - val_fr_curve_loss_20: 0.6527 - val_fr_curve_loss_30: 0.7648 - val_fr_curve_loss_50: 0.9571
[Optuna] trial=4 epoch=27 val_fr_phase_loss_50=0.948948 | median=1.02004 (n=4, p25=0.931458, p75=1.09855) | margin=-0.0710966 (-6.97%)

======================================================================
   PHASE 12/12: masked_modeling
   Mask Prob: 0.25
   Mask Scope: time
   Mask Mode: noise
   Mask Value: None
   Noise Sigma: 0.1
   Noise Replace: True
   Epochs: 3
   Learning Rate: 7.221144010840179e-06
   Clipping Norm: 0.2865189624810008
   Horizon (train loss): 50
   Output timesteps (val_loss and fr_loss): 50
======================================================================

Epoch 28/30
309/309 ━━━━━━━━━━━━━━━━━━━━ 8s 24ms/step - mae: 0.5234 - mse: 0.4352 - loss: 0.4219 - val_loss: 0.4352
Epoch 29/30
309/309 ━━━━━━━━━━━━━━━━━━━━ 11s 35ms/step - mae: 0.5222 - mse: 0.4329 - loss: 0.4147 - val_loss: 0.4329 - val_fr_phase_loss_50: 1.1655
[Optuna] trial=4 epoch=29 val_fr_phase_loss_50=1.16547 | median=1.7856 (n=4, p25=1.4863, p75=1.94574) | margin=-0.620122 (-34.73%)
Epoch 30/30
309/309 ━━━━━━━━━━━━━━━━━━━━ 11s 35ms/step - mae: 0.5203 - mse: 0.4296 - loss: 0.4093 - val_loss: 0.4296 - val_fr_target_loss_50: 1.2018 - val_fr_curve_loss_10: 0.5747 - val_fr_curve_loss_20: 0.7358 - val_fr_curve_loss_30: 0.9000 - val_fr_curve_loss_50: 1.2002
Final loss: 0.4093
Predicting all test samples in free_running mode...
  X shape: (2280, 200, 55)
  Y shape: (2280, 50, 55)
  Pred shape: (2280, 50, 55)

 step | target                | pred                  | abs_err
------|-----------------------|-----------------------|----------------------
   25 | [ 4.139746e-01  2.252291e+00  7.680922e-02 -1.082321e+00  1.330184e-01
 -2.749080e-01  6.398940e-01 -1.222357e+00  1.964076e+00  2.024013e-01
 -1.249584e+00  1.684962e-01  6.261574e-01  7.681609e-01 -1.833026e+00
  4.305243e-01 -6.649562e-01  3.213241e-02 -4.315943e-01 -9.406051e-01
 -3.335454e-01  8.885246e-01  1.287808e+00  7.899810e-01 -2.762157e-01
  1.005897e+00 -2.825402e-01 -5.396542e-01 -1.754732e-01  2.526159e-01
 -1.215466e+00 -7.651589e-01 -1.200358e-01  4.952903e-01 -4.308359e-01
 -7.325999e-01  1.170439e+00  1.235309e+00 -8.311886e-01 -7.979621e-01
 -9.821695e-01  2.076884e-01  3.238765e-01 -1.923588e-01 -4.145486e-01
 -3.828006e-01 -3.487313e-02  1.245124e-03  1.581712e-01  5.641804e-01
  2.155083e-01 -1.144052e-01 -1.354365e+00 -3.214316e-01 -1.550427e+00] | [-0.073805  0.195072 -0.248677 -0.05132   0.212425 -0.66253  -0.493949
 -1.256127  0.250056 -0.492836  0.118155 -0.396376  1.482558  1.00748
  0.894573 -1.77877   0.589825  0.463436 -0.094531  0.16316   0.03931
  1.69919   0.359815  0.286964  0.749998 -0.046434  0.90502   0.521575
  0.445768  0.429827 -0.490367 -0.771464 -1.448594  0.149102  0.731448
 -0.296639  0.114337 -0.019623  0.460302 -1.681301  0.360681 -1.464864
  0.91343  -0.46718   1.652643  0.872354 -0.487568  1.501941  1.656147
  0.867605  0.87416   1.283252  0.397955 -1.06644  -0.23481 ] | [0.48778  2.057219 0.325487 1.031001 0.079407 0.387622 1.133843 0.03377
 1.71402  0.695238 1.367738 0.564872 0.8564   0.239319 2.727599 2.209294
 1.254782 0.431303 0.337063 1.103765 0.372855 0.810666 0.927993 0.503017
 1.026214 1.052331 1.187561 1.061229 0.621241 0.177211 0.725099 0.006305
 1.328558 0.346188 1.162284 0.435961 1.056102 1.254932 1.291491 0.883338
 1.342851 1.672553 0.589553 0.274821 2.067192 1.255154 0.452695 1.500695
 1.497976 0.303424 0.658652 1.397658 1.75232  0.745009 1.315617]
   26 | [ 0.433902  2.276946  0.062718 -1.073421  0.149295 -0.261739  0.66411
 -1.190588  1.970693  0.211786 -1.280325  0.091743  0.630177  0.811665
 -1.905444  0.590891 -0.648677  0.010101 -0.341095 -0.950394 -0.271225
  0.842781  1.340023  0.789891 -0.296955  0.983707 -0.332591 -0.535192
 -0.171397  0.217021 -1.236176 -0.75049  -0.169815  0.501318 -0.449502
 -0.772153  1.203705  1.218394 -0.873595 -0.731515 -1.003057  0.192291
  0.338178 -0.172599 -0.562203 -0.409968  0.071482 -0.035004  0.178969
  0.522649  0.281281 -0.172402 -1.38113  -0.280718 -1.561255] | [-0.081042  0.185336 -0.238449 -0.055413  0.235846 -0.669725 -0.494302
 -1.250572  0.24754  -0.49496   0.130678 -0.388104  1.478596  1.0212
  0.885763 -1.779534  0.60979   0.471947 -0.083127  0.175418  0.069371
  1.704115  0.395352  0.3221    0.765382 -0.024762  0.927593  0.52234
  0.483756  0.433535 -0.466535 -0.765412 -1.418911  0.170602  0.755257
 -0.314858  0.125755 -0.014558  0.502418 -1.683508  0.368814 -1.480952
  0.89887  -0.459011  1.636374  0.884503 -0.465422  1.496086  1.680418
  0.882007  0.895548  1.277854  0.39337  -1.061241 -0.221375] | [0.514944 2.09161  0.301168 1.018008 0.086551 0.407987 1.158412 0.059984
 1.723153 0.706746 1.411004 0.479847 0.848419 0.209535 2.791207 2.370425
 1.258467 0.461845 0.257968 1.125812 0.340596 0.861334 0.944672 0.46779
 1.062338 1.008469 1.260184 1.057532 0.655153 0.216514 0.769641 0.014922
 1.249095 0.330716 1.204759 0.457295 1.07795  1.232952 1.376013 0.951993
 1.371871 1.673243 0.560692 0.286413 2.198577 1.29447  0.536904 1.53109
 1.501449 0.359358 0.614267 1.450256 1.7745   0.780522 1.33988 ]
   27 | [ 0.45137   2.29779   0.046898 -1.065959  0.163722 -0.251176  0.686906
 -1.158318  1.973541  0.218812 -1.306769  0.020961  0.635355  0.846673
 -1.973424  0.752938 -0.63128  -0.009811 -0.250043 -0.95588  -0.208485
  0.794828  1.389242  0.786713 -0.314912  0.961981 -0.384025 -0.528408
 -0.166389  0.176889 -1.255981 -0.733755 -0.216556  0.503603 -0.465744
 -0.812322  1.237801  1.200935 -0.913572 -0.661274 -1.020813  0.176508
  0.350492 -0.15451  -0.707661 -0.434216  0.179125 -0.073381  0.197581
  0.481679  0.341621 -0.226467 -1.405437 -0.237464 -1.567991] | [-0.090226  0.174145 -0.231041 -0.058682  0.255898 -0.675586 -0.491588
 -1.243427  0.243657 -0.499013  0.144936 -0.381573  1.474589  1.03261
  0.87598  -1.778895  0.627334  0.482382 -0.072652  0.188622  0.095645
  1.707998  0.426998  0.356158  0.783037 -0.005862  0.949832  0.524734
  0.519346  0.435222 -0.442375 -0.759712 -1.387081  0.191454  0.777519
 -0.333363  0.135756 -0.011703  0.542006 -1.681959  0.3767   -1.498148
  0.882488 -0.450559  1.621622  0.895988 -0.443507  1.489505  1.700309
  0.895895  0.913829  1.273535  0.391584 -1.057559 -0.206466] | [0.541596 2.123644 0.277939 1.007276 0.092176 0.42441  1.178494 0.085109
 1.729884 0.717825 1.451705 0.402534 0.839234 0.185938 2.849404 2.531833
 1.258614 0.492193 0.177391 1.144501 0.304131 0.91317  0.962244 0.430555
 1.09795  0.967843 1.333857 1.053143 0.685735 0.258332 0.813606 0.025957
 1.170525 0.312149 1.243263 0.478959 1.102045 1.212637 1.455578 1.020685
 1.397513 1.674656 0.531996 0.296049 2.329283 1.330204 0.622631 1.562886
 1.502728 0.414216 0.572208 1.500002 1.79702  0.820095 1.361526]
   28 | [ 0.466327  2.314783  0.029422 -1.059933  0.176249 -0.243234  0.708319
 -1.125542  1.97265   0.223477 -1.328843 -0.043589  0.641445  0.873025
 -2.036825  0.915869 -0.612772 -0.027353 -0.158771 -0.957077 -0.145636
  0.744967  1.435167  0.780424 -0.32991   0.940997 -0.436465 -0.519352
 -0.160183  0.132539 -1.274543 -0.714768 -0.260126  0.501926 -0.479514
 -0.852827  1.272629  1.183048 -0.950983 -0.587688 -1.035382  0.160153
  0.360566 -0.138091 -0.850494 -0.455552  0.287429 -0.113708  0.214089
  0.44125   0.396277 -0.27644  -1.427296 -0.191884 -1.570648] | [-0.100716  0.161971 -0.225425 -0.060688  0.271916 -0.680896 -0.487148
 -1.235085  0.238731 -0.504755  0.160253 -0.376805  1.470146  1.040978
  0.8646   -1.776892  0.642339  0.494384 -0.063407  0.202255  0.118262
  1.710758  0.455888  0.387771  0.801419  0.010256  0.971704  0.528424
  0.551977  0.436198 -0.41876  -0.754997 -1.354834  0.210985  0.798229
 -0.351538  0.144494 -0.010917  0.578067 -1.677438  0.384925 -1.51664
  0.864663 -0.442126  1.607775  0.907456 -0.423089  1.482664  1.716547
  0.909258  0.929452  1.270943  0.3919   -1.054937 -0.190617] | [0.567044 2.152812 0.254847 0.999245 0.095667 0.437662 1.195467 0.109543
 1.73392  0.728232 1.489096 0.333216 0.828701 0.167952 2.901425 2.692761
 1.255111 0.521737 0.095364 1.159332 0.263898 0.965792 0.979279 0.392653
 1.131329 0.930742 1.408169 1.047776 0.712159 0.303659 0.855783 0.040229
 1.094708 0.290941 1.277743 0.501289 1.128136 1.193965 1.52905  1.08975
 1.420308 1.676794 0.504097 0.304034 2.458269 1.363009 0.710518 1.596372
 1.502458 0.468008 0.533175 1.547383 1.819196 0.863053 1.380031]
   29 | [ 0.478732  2.32789   0.010362 -1.055353  0.186818 -0.237931  0.728378
 -1.09227   1.968046  0.225786 -1.346491 -0.1017    0.648197  0.890628
 -2.095523  1.078877 -0.593175 -0.042284 -0.067607 -0.95402  -0.082985
  0.693516  1.47754   0.771024 -0.341791  0.921028 -0.489508 -0.508082
 -0.152506  0.084329 -1.291529 -0.693373 -0.30041   0.496102 -0.49077
 -0.893374  1.308082  1.164834 -0.985713 -0.511238 -1.046716  0.143051
  0.368166 -0.123325 -0.990295 -0.473989  0.395794 -0.155784  0.228586
  0.401343  0.445038 -0.322183 -1.446722 -0.144214 -1.56925 ] | [-0.112278  0.148987 -0.221394 -0.061471  0.283941 -0.685565 -0.481008
 -1.225821  0.23296  -0.511956  0.176318 -0.373624  1.465355  1.046579
  0.85186  -1.77383   0.654884  0.507443 -0.055354  0.216128  0.137345
  1.712444  0.48201   0.417035  0.820181  0.023717  0.99304   0.53351
  0.581567  0.436521 -0.395762 -0.751097 -1.322452  0.229343  0.817296
 -0.369269  0.152267 -0.012148  0.610617 -1.67029   0.3934   -1.536251
  0.845783 -0.433751  1.59467   0.918764 -0.404366  1.475754  1.729241
  0.922018  0.942495  1.269893  0.394051 -1.053454 -0.174091] | [0.591009 2.178903 0.231756 0.993883 0.097123 0.447634 1.209386 0.133551
 1.735086 0.737742 1.522809 0.271924 0.817158 0.155951 2.947382 2.852707
 1.248059 0.549727 0.012252 1.170148 0.22033  1.018927 0.99553  0.353989
 1.161972 0.897311 1.482548 1.041592 0.734072 0.352191 0.895768 0.057724
 1.022042 0.26676  1.308066 0.524104 1.155815 1.176982 1.59633  1.159052
 1.440117 1.679302 0.477617 0.310425 2.584965 1.392753 0.80016  1.631537
 1.500655 0.520675 0.497457 1.592076 1.840773 0.90924  1.39516 ]
model built: True
num weights: 38
{'mae': [0.7458422183990479, 0.7217651605606079, 0.6984667181968689, 0.6787729263305664, 0.6631738543510437, 0.650719940662384, 0.6393941044807434, 0.6325243711471558, 0.6257935166358948, 0.6189706921577454, 0.6115339398384094, 0.6015071272850037, 0.5964606404304504, 0.5913075804710388, 0.5863420963287354, 0.5801540017127991, 0.5719086527824402, 0.5679264068603516, 0.5641113519668579, 0.5603910684585571, 0.5553948283195496, 0.5475090146064758, 0.5443547964096069, 0.5413047671318054, 0.5382847189903259, 0.5313470959663391, 0.5235458612442017, 0.5234203338623047, 0.5222050547599792, 0.5203173160552979], 'mse': [0.8720629811286926, 0.8211221098899841, 0.7733595371246338, 0.7334303855895996, 0.7021576166152954, 0.6771184802055359, 0.6540665030479431, 0.6400447487831116, 0.6263269186019897, 0.6124997735023499, 0.5974745750427246, 0.5776190757751465, 0.5677429437637329, 0.5576291680335999, 0.5479963421821594, 0.5361548066139221, 0.5207934379577637, 0.5134550333023071, 0.5064608454704285, 0.49967682361602783, 0.4907936155796051, 0.47680526971817017, 0.4712764024734497, 0.4659512937068939, 0.4607064127922058, 0.4488877058029175, 0.4356413185596466, 0.4351801872253418, 0.4329131245613098, 0.4296170771121979], 'loss': [0.90462726354599, 0.8622558116912842, 0.8087477087974548, 0.7622637152671814, 0.7245954275131226, 0.6972187757492065, 0.6675900816917419, 0.6491654515266418, 0.6335071921348572, 0.6180964112281799, 0.6032440066337585, 0.5805783867835999, 0.5659563541412354, 0.5536037087440491, 0.5426241755485535, 0.5326404571533203, 0.5150703191757202, 0.5028160810470581, 0.49521738290786743, 0.48786941170692444, 0.4821462333202362, 0.4668693244457245, 0.456476092338562, 0.4507933557033539, 0.4452044665813446, 0.4368387758731842, 0.4226257801055908, 0.42191579937934875, 0.4146566689014435, 0.409292072057724], 'val_loss': [0.8720629811286926, 0.8211221098899841, 0.7733595371246338, 0.7334303855895996, 0.7021576166152954, 0.6771184802055359, 0.6540665030479431, 0.6400447487831116, 0.6263269186019897, 0.6124997735023499, 0.5974745750427246, 0.5776190757751465, 0.5677429437637329, 0.5576291084289551, 0.5479962825775146, 0.5361548066139221, 0.5207934379577637, 0.5134550333023071, 0.5064608454704285, 0.49967682361602783, 0.4907936453819275, 0.47680532932281494, 0.4712764024734497, 0.4659512937068939, 0.4607064127922058, 0.4488877058029175, 0.4356413185596466, 0.4351801872253418, 0.4329131245613098, 0.42961710691452026], 'val_fr_phase_loss_5': [nan, 0.829044759273529, nan, 0.7439820766448975, nan], 'val_fr_target_loss_50': [nan, 0.9031474590301514, nan, nan, 1.0613807439804077, nan, 0.9566745758056641, nan, nan, 0.9683024287223816, nan, 0.9386627674102783, nan, nan, 0.9933891892433167, nan, 0.9404976963996887, nan, nan, 0.9443845748901367, nan, 0.9478273987770081, nan, nan, 0.9534696936607361, nan, 0.9619777798652649, nan, nan, 1.2018048763275146], 'val_fr_curve_loss_10': [nan, 0.8429391980171204, nan, nan, 0.7385926246643066, nan, 0.6946390867233276, nan, nan, 0.6665207743644714, nan, 0.6398453712463379, nan, nan, 0.6224956512451172, nan, 0.5982567071914673, nan, nan, 0.5843595862388611, nan, 0.5714809894561768, nan, nan, 0.5619523525238037, nan, 0.5486528277397156, nan, nan, 0.5746829509735107], 'val_fr_curve_loss_20': [nan, 0.8629892468452454, nan, nan, 0.8092479705810547, nan, 0.7492354512214661, nan, nan, 0.734753429889679, nan, 0.7111397385597229, nan, nan, 0.7122922539710999, nan, 0.6814702749252319, nan, nan, 0.672467827796936, nan, 0.6644557118415833, nan, nan, 0.6589282751083374, nan, 0.6526860594749451, nan, nan, 0.735842227935791], 'val_fr_curve_loss_30': [nan, 0.8785483241081238, nan, nan, 0.8954946398735046, nan, 0.8130083084106445, nan, nan, 0.8095088601112366, nan, 0.7891488075256348, nan, nan, 0.8091139197349548, nan, 0.7722336053848267, nan, nan, 0.7684634327888489, nan, 0.765277624130249, nan, nan, 0.7641196846961975, nan, 0.7648023366928101, nan, nan, 0.8999699950218201], 'val_fr_curve_loss_50': [nan, 0.8957791924476624, nan, nan, 1.059328317642212, nan, 0.9451037049293518, nan, nan, 0.9559358358383179, nan, 0.9325495958328247, nan, nan, 0.987140417098999, nan, 0.9341575503349304, nan, nan, 0.9380605816841125, nan, 0.9407175183296204, nan, nan, 0.9472867250442505, nan, 0.9571024179458618, nan, nan, 1.2001595497131348], 'val_fr_phase_loss_12': [nan, 0.699861466884613, nan, 0.6815529465675354, nan], 'val_fr_phase_loss_18': [nan, 0.6877521872520447, nan, 0.6887841820716858, nan], 'val_fr_phase_loss_25': [nan, 0.7216321229934692, nan, 0.7170584797859192, nan], 'val_fr_phase_loss_38': [nan, 0.837033748626709, nan, 0.8371199369430542, nan], 'val_fr_phase_loss_50': [nan, 0.9489477276802063, nan, 1.1654735803604126, nan]}
Saved artifacts to: runs/tuning/full_seq_lstm_lvl1/trial_0004
