--- Number of Windows for Train = 9880
--- Number of Windows for Val = 3040
--- Number of Windows for Test = 2280
--- Curriculum = [5, 5, 12, 12, 18, 18, 25, 25, 38, 38, 50, 50]
--- fr_curve Outsteps = [10, 20, 30, 50]

--- Training: lstm_fullseq_30ep [LSTM/FC/FULL_SEQ]  ---

======================================================================
   PHASE 1/12: teacher_forcing
   Epochs: 2
   Learning Rate: 0.0017834613081981088
   Clipping Norm: 1.0196967939171486
   Horizon (train loss): 5
   Output timesteps (val_loss and fr_loss): 50
======================================================================

Epoch 1/30
309/309 ━━━━━━━━━━━━━━━━━━━━ 15s 27ms/step - mae: 0.2948 - mse: 0.1424 - loss: 0.3577 - val_loss: 0.1424
Epoch 2/30
309/309 ━━━━━━━━━━━━━━━━━━━━ 11s 37ms/step - mae: 0.1657 - mse: 0.0470 - loss: 0.0722 - val_loss: 0.0470 - val_fr_phase_loss_5: 0.0837 - val_fr_target_loss_50: 1.1794 - val_fr_curve_loss_10: 0.1710 - val_fr_curve_loss_20: 0.4285 - val_fr_curve_loss_30: 0.7132 - val_fr_curve_loss_50: 1.1693
[Optuna] trial=5 epoch=2 val_fr_phase_loss_5=0.0836981 | median=0.490001 (n=5, p25=0.281878, p75=0.829045) | margin=-0.406303 (-82.92%)

======================================================================
   PHASE 2/12: masked_modeling
   Mask Prob: 0.1
   Mask Scope: time
   Mask Mode: constant
   Mask Value: 0.2
   Noise Sigma: None
   Noise Replace: False
   Epochs: 3
   Learning Rate: 0.0014267690465584871
   Clipping Norm: 0.9177271145254338
   Horizon (train loss): 5
   Output timesteps (val_loss and fr_loss): 50
======================================================================

Epoch 3/30
309/309 ━━━━━━━━━━━━━━━━━━━━ 8s 24ms/step - mae: 0.1361 - mse: 0.0308 - loss: 0.0440 - val_loss: 0.0308
Epoch 4/30
309/309 ━━━━━━━━━━━━━━━━━━━━ 11s 36ms/step - mae: 0.1148 - mse: 0.0215 - loss: 0.0271 - val_loss: 0.0215 - val_fr_phase_loss_5: 0.0347
[Optuna] trial=5 epoch=4 val_fr_phase_loss_5=0.0347013 | median=0.308089 (n=5, p25=0.141913, p75=0.743982) | margin=-0.273388 (-88.74%)
Epoch 5/30
309/309 ━━━━━━━━━━━━━━━━━━━━ 11s 36ms/step - mae: 0.1067 - mse: 0.0185 - loss: 0.0200 - val_loss: 0.0185 - val_fr_target_loss_50: 1.1067 - val_fr_curve_loss_10: 0.0795 - val_fr_curve_loss_20: 0.2701 - val_fr_curve_loss_30: 0.5407 - val_fr_curve_loss_50: 1.1058

======================================================================
   PHASE 3/12: teacher_forcing
   Epochs: 2
   Learning Rate: 0.0017834613081981088
   Clipping Norm: 1.0196967939171486
   Horizon (train loss): 12
   Output timesteps (val_loss and fr_loss): 50
======================================================================

Epoch 6/30
309/309 ━━━━━━━━━━━━━━━━━━━━ 7s 24ms/step - mae: 0.1088 - mse: 0.0193 - loss: 0.0274 - val_loss: 0.0193
Epoch 7/30
309/309 ━━━━━━━━━━━━━━━━━━━━ 11s 35ms/step - mae: 0.0877 - mse: 0.0124 - loss: 0.0140 - val_loss: 0.0124 - val_fr_phase_loss_12: 0.1706 - val_fr_target_loss_50: 1.2115 - val_fr_curve_loss_10: 0.1297 - val_fr_curve_loss_20: 0.4058 - val_fr_curve_loss_30: 0.7182 - val_fr_curve_loss_50: 1.2196
[Optuna] trial=5 epoch=7 val_fr_phase_loss_12=0.170614 | median=0.268146 (n=5, p25=0.15443, p75=0.699861) | margin=-0.0975315 (-36.37%)

======================================================================
   PHASE 4/12: masked_modeling
   Mask Prob: 0.15
   Mask Scope: time
   Mask Mode: constant
   Mask Value: 0.2
   Noise Sigma: None
   Noise Replace: False
   Epochs: 3
   Learning Rate: 0.0012484229157386762
   Clipping Norm: 0.8667422748295763
   Horizon (train loss): 12
   Output timesteps (val_loss and fr_loss): 50
======================================================================

Epoch 8/30
309/309 ━━━━━━━━━━━━━━━━━━━━ 7s 24ms/step - mae: 0.1098 - mse: 0.0200 - loss: 0.0286 - val_loss: 0.0200
Epoch 9/30
309/309 ━━━━━━━━━━━━━━━━━━━━ 11s 35ms/step - mae: 0.1030 - mse: 0.0175 - loss: 0.0208 - val_loss: 0.0175 - val_fr_phase_loss_12: 0.1281
[Optuna] trial=5 epoch=9 val_fr_phase_loss_12=0.128112 | median=0.250377 (n=5, p25=0.180737, p75=0.681553) | margin=-0.122265 (-48.83%)
Epoch 10/30
309/309 ━━━━━━━━━━━━━━━━━━━━ 11s 36ms/step - mae: 0.0965 - mse: 0.0154 - loss: 0.0180 - val_loss: 0.0154 - val_fr_target_loss_50: 1.2332 - val_fr_curve_loss_10: 0.0913 - val_fr_curve_loss_20: 0.3286 - val_fr_curve_loss_30: 0.6401 - val_fr_curve_loss_50: 1.2287

======================================================================
   PHASE 5/12: teacher_forcing
   Epochs: 2
   Learning Rate: 0.0017834613081981088
   Clipping Norm: 1.0196967939171486
   Horizon (train loss): 18
   Output timesteps (val_loss and fr_loss): 50
======================================================================

Epoch 11/30
309/309 ━━━━━━━━━━━━━━━━━━━━ 8s 24ms/step - mae: 0.0712 - mse: 0.0082 - loss: 0.0093 - val_loss: 0.0082
Epoch 12/30
309/309 ━━━━━━━━━━━━━━━━━━━━ 11s 36ms/step - mae: 0.0608 - mse: 0.0060 - loss: 0.0054 - val_loss: 0.0060 - val_fr_phase_loss_18: 0.3968 - val_fr_target_loss_50: 1.4605 - val_fr_curve_loss_10: 0.1254 - val_fr_curve_loss_20: 0.4856 - val_fr_curve_loss_30: 0.8721 - val_fr_curve_loss_50: 1.4493
[Optuna] trial=5 epoch=12 val_fr_phase_loss_18=0.396751 | median=0.28587 (n=5, p25=0.241964, p75=0.687752) | margin=+0.11088 (+38.79%)

======================================================================
   PHASE 6/12: masked_modeling
   Mask Prob: 0.2
   Mask Scope: time
   Mask Mode: constant
   Mask Value: 0.2
   Noise Sigma: None
   Noise Replace: False
   Epochs: 3
   Learning Rate: 0.0010700767849188652
   Clipping Norm: 0.8157574351337189
   Horizon (train loss): 18
   Output timesteps (val_loss and fr_loss): 50
======================================================================

Epoch 13/30
309/309 ━━━━━━━━━━━━━━━━━━━━ 7s 24ms/step - mae: 0.0967 - mse: 0.0158 - loss: 0.0218 - val_loss: 0.0158
Epoch 14/30
309/309 ━━━━━━━━━━━━━━━━━━━━ 11s 36ms/step - mae: 0.0919 - mse: 0.0144 - loss: 0.0169 - val_loss: 0.0144 - val_fr_phase_loss_18: 0.2992
[Optuna] trial=5 epoch=14 val_fr_phase_loss_18=0.299218 | median=0.370721 (n=5, p25=0.349299, p75=0.685282) | margin=-0.0715034 (-19.29%)
Epoch 15/30
309/309 ━━━━━━━━━━━━━━━━━━━━ 11s 35ms/step - mae: 0.0878 - mse: 0.0135 - loss: 0.0150 - val_loss: 0.0135 - val_fr_target_loss_50: 1.2775 - val_fr_curve_loss_10: 0.1074 - val_fr_curve_loss_20: 0.3867 - val_fr_curve_loss_30: 0.7173 - val_fr_curve_loss_50: 1.2753

======================================================================
   PHASE 7/12: teacher_forcing
   Epochs: 2
   Learning Rate: 0.0017834613081981088
   Clipping Norm: 1.0196967939171486
   Horizon (train loss): 25
   Output timesteps (val_loss and fr_loss): 50
======================================================================

Epoch 16/30
309/309 ━━━━━━━━━━━━━━━━━━━━ 7s 24ms/step - mae: 0.0553 - mse: 0.0050 - loss: 0.0053 - val_loss: 0.0050
Epoch 17/30
309/309 ━━━━━━━━━━━━━━━━━━━━ 11s 36ms/step - mae: 0.0494 - mse: 0.0040 - loss: 0.0034 - val_loss: 0.0040 - val_fr_phase_loss_25: 0.9286 - val_fr_target_loss_50: 1.7718 - val_fr_curve_loss_10: 0.1624 - val_fr_curve_loss_20: 0.6802 - val_fr_curve_loss_30: 1.1596 - val_fr_curve_loss_50: 1.7634
[Optuna] trial=5 epoch=17 val_fr_phase_loss_25=0.928606 | median=0.39957 (n=5, p25=0.386318, p75=0.702531) | margin=+0.529035 (+132.40%)

======================================================================
   PHASE 8/12: masked_modeling
   Mask Prob: 0.2
   Mask Scope: time
   Mask Mode: noise
   Mask Value: None
   Noise Sigma: 0.1
   Noise Replace: False
   Epochs: 3
   Learning Rate: 0.0008917306540990544
   Clipping Norm: 0.7647725954378615
   Horizon (train loss): 25
   Output timesteps (val_loss and fr_loss): 50
======================================================================

Epoch 18/30
309/309 ━━━━━━━━━━━━━━━━━━━━ 7s 24ms/step - mae: 0.0451 - mse: 0.0033 - loss: 0.0044 - val_loss: 0.0033
Epoch 19/30
309/309 ━━━━━━━━━━━━━━━━━━━━ 11s 35ms/step - mae: 0.0447 - mse: 0.0033 - loss: 0.0041 - val_loss: 0.0033 - val_fr_phase_loss_25: 0.3507
[Optuna] trial=5 epoch=19 val_fr_phase_loss_25=0.350665 | median=0.399318 (n=5, p25=0.33997, p75=0.694095) | margin=-0.0486538 (-12.18%)
Epoch 20/30
309/309 ━━━━━━━━━━━━━━━━━━━━ 11s 36ms/step - mae: 0.0446 - mse: 0.0033 - loss: 0.0041 - val_loss: 0.0033 - val_fr_target_loss_50: 0.9352 - val_fr_curve_loss_10: 0.0602 - val_fr_curve_loss_20: 0.2385 - val_fr_curve_loss_30: 0.4817 - val_fr_curve_loss_50: 0.9423

======================================================================
   PHASE 9/12: teacher_forcing
   Epochs: 2
   Learning Rate: 0.0017834613081981088
   Clipping Norm: 1.0196967939171486
   Horizon (train loss): 38
   Output timesteps (val_loss and fr_loss): 50
======================================================================

Epoch 21/30
309/309 ━━━━━━━━━━━━━━━━━━━━ 8s 24ms/step - mae: 0.0428 - mse: 0.0030 - loss: 0.0035 - val_loss: 0.0030
Epoch 22/30
309/309 ━━━━━━━━━━━━━━━━━━━━ 11s 36ms/step - mae: 0.0400 - mse: 0.0027 - loss: 0.0023 - val_loss: 0.0027 - val_fr_phase_loss_38: 1.3181 - val_fr_target_loss_50: 1.6915 - val_fr_curve_loss_10: 0.1445 - val_fr_curve_loss_20: 0.6067 - val_fr_curve_loss_30: 1.0457 - val_fr_curve_loss_50: 1.6725
[Optuna] trial=5 epoch=22 val_fr_phase_loss_38=1.31809 | median=0.688546 (n=5, p25=0.688537, p75=0.797586) | margin=+0.629542 (+91.43%)

======================================================================
   PHASE 10/12: masked_modeling
   Mask Prob: 0.25
   Mask Scope: time
   Mask Mode: noise
   Mask Value: None
   Noise Sigma: 0.1
   Noise Replace: False
   Epochs: 3
   Learning Rate: 0.0007133845232792436
   Clipping Norm: 0.713787755742004
   Horizon (train loss): 38
   Output timesteps (val_loss and fr_loss): 50
======================================================================

Epoch 23/30
309/309 ━━━━━━━━━━━━━━━━━━━━ 7s 24ms/step - mae: 0.0404 - mse: 0.0027 - loss: 0.0042 - val_loss: 0.0027
Epoch 24/30
309/309 ━━━━━━━━━━━━━━━━━━━━ 11s 36ms/step - mae: 0.0403 - mse: 0.0027 - loss: 0.0038 - val_loss: 0.0027 - val_fr_phase_loss_38: 0.5700
[Optuna] trial=5 epoch=24 val_fr_phase_loss_38=0.569967 | median=0.690956 (n=5, p25=0.595817, p75=0.79593) | margin=-0.12099 (-17.51%)
Epoch 25/30
309/309 ━━━━━━━━━━━━━━━━━━━━ 11s 35ms/step - mae: 0.0407 - mse: 0.0027 - loss: 0.0038 - val_loss: 0.0027 - val_fr_target_loss_50: 0.8612 - val_fr_curve_loss_10: 0.0529 - val_fr_curve_loss_20: 0.2121 - val_fr_curve_loss_30: 0.4397 - val_fr_curve_loss_50: 0.8734

======================================================================
   PHASE 11/12: teacher_forcing
   Epochs: 2
   Learning Rate: 0.0017834613081981088
   Clipping Norm: 1.0196967939171486
   Horizon (train loss): 50
   Output timesteps (val_loss and fr_loss): 50
======================================================================

Epoch 26/30
309/309 ━━━━━━━━━━━━━━━━━━━━ 8s 25ms/step - mae: 0.0391 - mse: 0.0026 - loss: 0.0027 - val_loss: 0.0026
Epoch 27/30
309/309 ━━━━━━━━━━━━━━━━━━━━ 11s 36ms/step - mae: 0.0342 - mse: 0.0020 - loss: 0.0019 - val_loss: 0.0020 - val_fr_phase_loss_50: 1.5981 - val_fr_target_loss_50: 1.6290 - val_fr_curve_loss_10: 0.1451 - val_fr_curve_loss_20: 0.6263 - val_fr_curve_loss_30: 1.0458 - val_fr_curve_loss_50: 1.5949
[Optuna] trial=5 epoch=27 val_fr_phase_loss_50=1.59811 | median=0.948948 (n=5, p25=0.943545, p75=1.09654) | margin=+0.649167 (+68.41%)

======================================================================
   PHASE 12/12: masked_modeling
   Mask Prob: 0.25
   Mask Scope: time
   Mask Mode: noise
   Mask Value: None
   Noise Sigma: 0.1
   Noise Replace: True
   Epochs: 3
   Learning Rate: 0.0006420460709513191
   Clipping Norm: 0.6628029160461466
   Horizon (train loss): 50
   Output timesteps (val_loss and fr_loss): 50
======================================================================

Epoch 28/30
309/309 ━━━━━━━━━━━━━━━━━━━━ 7s 24ms/step - mae: 0.1425 - mse: 0.0346 - loss: 0.0533 - val_loss: 0.0346
Epoch 29/30
309/309 ━━━━━━━━━━━━━━━━━━━━ 11s 35ms/step - mae: 0.1147 - mse: 0.0225 - loss: 0.0264 - val_loss: 0.0225 - val_fr_phase_loss_50: 1.2928
[Optuna] trial=5 epoch=29 val_fr_phase_loss_50=1.2928 | median=1.62725 (n=5, p25=1.16547, p75=1.94395) | margin=-0.334446 (-20.55%)
Epoch 30/30
309/309 ━━━━━━━━━━━━━━━━━━━━ 11s 35ms/step - mae: 0.0973 - mse: 0.0162 - loss: 0.0199 - val_loss: 0.0162 - val_fr_target_loss_50: 1.1544 - val_fr_curve_loss_10: 0.0627 - val_fr_curve_loss_20: 0.2467 - val_fr_curve_loss_30: 0.5294 - val_fr_curve_loss_50: 1.1562
Final loss: 0.0199
Predicting all test samples in free_running mode...
  X shape: (2280, 200, 55)
  Y shape: (2280, 50, 55)
  Pred shape: (2280, 50, 55)

 step | target                | pred                  | abs_err
------|-----------------------|-----------------------|----------------------
   25 | [ 4.139746e-01  2.252291e+00  7.680922e-02 -1.082321e+00  1.330184e-01
 -2.749080e-01  6.398940e-01 -1.222357e+00  1.964076e+00  2.024013e-01
 -1.249584e+00  1.684962e-01  6.261574e-01  7.681609e-01 -1.833026e+00
  4.305243e-01 -6.649562e-01  3.213241e-02 -4.315943e-01 -9.406051e-01
 -3.335454e-01  8.885246e-01  1.287808e+00  7.899810e-01 -2.762157e-01
  1.005897e+00 -2.825402e-01 -5.396542e-01 -1.754732e-01  2.526159e-01
 -1.215466e+00 -7.651589e-01 -1.200358e-01  4.952903e-01 -4.308359e-01
 -7.325999e-01  1.170439e+00  1.235309e+00 -8.311886e-01 -7.979621e-01
 -9.821695e-01  2.076884e-01  3.238765e-01 -1.923588e-01 -4.145486e-01
 -3.828006e-01 -3.487313e-02  1.245124e-03  1.581712e-01  5.641804e-01
  2.155083e-01 -1.144052e-01 -1.354365e+00 -3.214316e-01 -1.550427e+00] | [ 0.454423  1.721872  0.726936 -1.328372  0.316651 -0.561102 -0.067522
 -2.659383  2.224591  1.477514 -1.422967  1.555289 -0.724657 -1.123989
  0.18537  -2.297398  0.505168 -0.422875 -0.847223 -1.463614 -0.762285
  0.441263  0.978392  1.67603  -0.003555  0.355765 -1.97069  -0.639878
  0.039186 -0.554783  1.236478  0.53531   1.712912  0.448278 -0.223852
  0.330571  2.899676  2.440249  0.823245  0.238248 -0.93903   1.206602
  1.006938 -1.120824  2.66845   0.032901 -1.563706 -0.545929 -1.070561
  1.677774 -1.812604  0.430063 -0.659319 -0.866684 -2.664326] | [0.040449 0.530419 0.650126 0.246051 0.183633 0.286194 0.707416 1.437026
 0.260515 1.275112 0.173384 1.386793 1.350815 1.89215  2.018396 2.727922
 1.170124 0.455008 0.415628 0.523009 0.428739 0.447261 0.309415 0.886049
 0.272661 0.650132 1.688149 0.100224 0.21466  0.807399 2.451944 1.300469
 1.832948 0.047012 0.206984 1.063171 1.729237 1.204941 1.654434 1.03621
 0.043139 0.998914 0.683062 0.928465 3.082998 0.415701 1.528833 0.547175
 1.228732 1.113594 2.028112 0.544468 0.695046 0.545253 1.113899]
   26 | [ 0.433902  2.276946  0.062718 -1.073421  0.149295 -0.261739  0.66411
 -1.190588  1.970693  0.211786 -1.280325  0.091743  0.630177  0.811665
 -1.905444  0.590891 -0.648677  0.010101 -0.341095 -0.950394 -0.271225
  0.842781  1.340023  0.789891 -0.296955  0.983707 -0.332591 -0.535192
 -0.171397  0.217021 -1.236176 -0.75049  -0.169815  0.501318 -0.449502
 -0.772153  1.203705  1.218394 -0.873595 -0.731515 -1.003057  0.192291
  0.338178 -0.172599 -0.562203 -0.409968  0.071482 -0.035004  0.178969
  0.522649  0.281281 -0.172402 -1.38113  -0.280718 -1.561255] | [ 4.748867e-01  1.701135e+00  7.466666e-01 -1.269596e+00  3.115148e-01
 -5.808995e-01 -2.928912e-02 -2.661035e+00  2.206774e+00  1.500611e+00
 -1.453735e+00  1.512829e+00 -8.135511e-01 -1.070932e+00  1.597574e-01
 -2.220184e+00  5.759910e-01 -4.333022e-01 -8.014416e-01 -1.496554e+00
 -7.204478e-01  3.990991e-01  1.023106e+00  1.770363e+00 -1.079097e-02
  2.978630e-01 -2.021795e+00 -6.532226e-01  9.750216e-02 -5.956407e-01
  1.311505e+00  6.125829e-01  1.749233e+00  4.755976e-01 -2.511219e-01
  3.760946e-01  2.951912e+00  2.477513e+00  8.370680e-01  3.609279e-01
 -9.145212e-01  1.224401e+00  9.996732e-01 -1.097226e+00  2.607678e+00
  2.876781e-03 -1.556449e+00 -5.546684e-01 -1.048138e+00  1.650798e+00
 -1.791236e+00  3.568960e-01 -6.372890e-01 -8.128517e-01 -2.706372e+00] | [0.040984 0.575811 0.683948 0.196175 0.16222  0.319161 0.693399 1.470446
 0.236081 1.288825 0.17341  1.421086 1.443728 1.882597 2.065202 2.811076
 1.224668 0.443403 0.460347 0.54616  0.449223 0.443682 0.316917 0.980472
 0.286165 0.685844 1.689204 0.11803  0.268899 0.812662 2.547681 1.363073
 1.919048 0.02572  0.19838  1.148248 1.748207 1.259119 1.710663 1.092443
 0.088535 1.032111 0.661495 0.924628 3.169881 0.412844 1.627931 0.519664
 1.227107 1.128149 2.072517 0.529298 0.743841 0.532133 1.145117]
   27 | [ 0.45137   2.29779   0.046898 -1.065959  0.163722 -0.251176  0.686906
 -1.158318  1.973541  0.218812 -1.306769  0.020961  0.635355  0.846673
 -1.973424  0.752938 -0.63128  -0.009811 -0.250043 -0.95588  -0.208485
  0.794828  1.389242  0.786713 -0.314912  0.961981 -0.384025 -0.528408
 -0.166389  0.176889 -1.255981 -0.733755 -0.216556  0.503603 -0.465744
 -0.812322  1.237801  1.200935 -0.913572 -0.661274 -1.020813  0.176508
  0.350492 -0.15451  -0.707661 -0.434216  0.179125 -0.073381  0.197581
  0.481679  0.341621 -0.226467 -1.405437 -0.237464 -1.567991] | [ 0.49039   1.672766  0.763924 -1.213015  0.3054   -0.608054  0.006055
 -2.660125  2.182685  1.515174 -1.47844   1.4741   -0.898704 -1.016239
  0.137925 -2.140649  0.651449 -0.435532 -0.756347 -1.523479 -0.675241
  0.358762  1.069552  1.862919 -0.017745  0.239745 -2.067274 -0.662848
  0.157908 -0.641546  1.385869  0.685244  1.786845  0.499277 -0.275232
  0.42221   2.993937  2.511752  0.850372  0.481655 -0.884191  1.244622
  0.985738 -1.077375  2.542072 -0.021488 -1.538267 -0.557118 -1.024273
  1.627253 -1.767307  0.284844 -0.609822 -0.755497 -2.738003] | [0.039021 0.625023 0.717026 0.147056 0.141677 0.356878 0.68085  1.501807
 0.209143 1.296362 0.17167  1.453139 1.534059 1.862911 2.111349 2.893587
 1.282729 0.425721 0.506304 0.567599 0.466755 0.436066 0.31969  1.076206
 0.297168 0.722236 1.683249 0.13444  0.324297 0.818436 2.64185  1.418999
 2.003401 0.004326 0.190512 1.234532 1.756136 1.310818 1.763944 1.142929
 0.136622 1.068114 0.635245 0.922865 3.249733 0.412728 1.717391 0.483737
 1.221854 1.145574 2.108928 0.511312 0.795614 0.518032 1.170012]
   28 | [ 0.466327  2.314783  0.029422 -1.059933  0.176249 -0.243234  0.708319
 -1.125542  1.97265   0.223477 -1.328843 -0.043589  0.641445  0.873025
 -2.036825  0.915869 -0.612772 -0.027353 -0.158771 -0.957077 -0.145636
  0.744967  1.435167  0.780424 -0.32991   0.940997 -0.436465 -0.519352
 -0.160183  0.132539 -1.274543 -0.714768 -0.260126  0.501926 -0.479514
 -0.852827  1.272629  1.183048 -0.950983 -0.587688 -1.035382  0.160153
  0.360566 -0.138091 -0.850494 -0.455552  0.287429 -0.113708  0.214089
  0.44125   0.396277 -0.27644  -1.427296 -0.191884 -1.570648] | [ 0.503531  1.639048  0.780181 -1.158631  0.297564 -0.640245  0.038174
 -2.656923  2.153468  1.52259  -1.497522  1.440131 -0.979929 -0.960497
  0.11985  -2.060379  0.73015  -0.43078  -0.712963 -1.543522 -0.626943
  0.319342  1.115534  1.953052 -0.022455  0.183078 -2.106435 -0.671419
  0.219642 -0.690235  1.459138  0.753668  1.825141  0.519838 -0.296564
  0.467649  3.02894   2.544982  0.864167  0.600286 -0.849321  1.267033
  0.968032 -1.06124   2.474685 -0.039994 -1.509594 -0.555816 -0.998498
  1.606243 -1.741309  0.21316  -0.577574 -0.693293 -2.762335] | [0.037204 0.675735 0.750759 0.098698 0.121315 0.397011 0.670146 1.531381
 0.180818 1.299114 0.168679 1.48372  1.621374 1.833523 2.156675 2.976248
 1.342922 0.403428 0.554191 0.586445 0.481307 0.425625 0.319633 1.172628
 0.307455 0.757919 1.66997  0.152067 0.379825 0.822775 2.733681 1.468436
 2.085267 0.017912 0.18295  1.320477 1.756311 1.361935 1.815149 1.187975
 0.186062 1.106879 0.607466 0.923149 3.32518  0.415558 1.797023 0.442108
 1.212587 1.164993 2.137586 0.4896   0.849722 0.501409 1.191687]
   29 | [ 0.478732  2.32789   0.010362 -1.055353  0.186818 -0.237931  0.728378
 -1.09227   1.968046  0.225786 -1.346491 -0.1017    0.648197  0.890628
 -2.095523  1.078877 -0.593175 -0.042284 -0.067607 -0.95402  -0.082985
  0.693516  1.47754   0.771024 -0.341791  0.921028 -0.489508 -0.508082
 -0.152506  0.084329 -1.291529 -0.693373 -0.30041   0.496102 -0.49077
 -0.893374  1.308082  1.164834 -0.985713 -0.511238 -1.046716  0.143051
  0.368166 -0.123325 -0.990295 -0.473989  0.395794 -0.155784  0.228586
  0.401343  0.445038 -0.322183 -1.446722 -0.144214 -1.56925 ] | [ 0.519767  1.602501  0.803822 -1.11172   0.290617 -0.673385  0.076159
 -2.645654  2.11854   1.524079 -1.507444  1.411757 -1.055246 -0.90843
  0.11077  -1.986659  0.804459 -0.418173 -0.670813 -1.551845 -0.578309
  0.280945  1.151207  2.030708 -0.020887  0.139371 -2.130649 -0.689517
  0.286326 -0.740727  1.520485  0.810686  1.85737   0.529554 -0.319377
  0.508368  3.061652  2.575747  0.880674  0.716675 -0.812717  1.294238
  0.955533 -1.047428  2.412495 -0.049213 -1.466615 -0.554859 -0.969039
  1.582926 -1.713215  0.142464 -0.542022 -0.619133 -2.778932] | [0.041035 0.725389 0.79346  0.056367 0.103799 0.435454 0.652219 1.553384
 0.150494 1.298293 0.160953 1.513458 1.703442 1.799059 2.206293 3.065537
 1.397634 0.375889 0.603206 0.597825 0.495324 0.412571 0.326334 1.259683
 0.320904 0.781657 1.641141 0.181436 0.438831 0.825056 2.812015 1.504058
 2.157779 0.033452 0.171392 1.401742 1.75357  1.410914 1.866388 1.227913
 0.233999 1.151187 0.587367 0.924103 3.40279  0.424776 1.862409 0.399076
 1.197625 1.181583 2.158253 0.464646 0.904699 0.474918 1.209682]
model built: True
num weights: 38
{'mae': [0.29483431577682495, 0.16572754085063934, 0.1360888034105301, 0.11475341022014618, 0.10665104538202286, 0.10882247239351273, 0.08765150606632233, 0.10981281846761703, 0.10302191227674484, 0.09650421142578125, 0.07116787135601044, 0.06076803803443909, 0.09672173112630844, 0.0919032171368599, 0.08777190744876862, 0.05532708391547203, 0.04942252114415169, 0.04506411775946617, 0.044724706560373306, 0.044604748487472534, 0.04275761544704437, 0.03998546674847603, 0.040382664650678635, 0.04032256826758385, 0.04073293134570122, 0.03906218335032463, 0.034205202013254166, 0.14253807067871094, 0.1147313192486763, 0.09725885093212128], 'mse': [0.14236220717430115, 0.04696021229028702, 0.030760345980525017, 0.02145099826157093, 0.01851937733590603, 0.019340217113494873, 0.01238938421010971, 0.020015548914670944, 0.017513897269964218, 0.015402472577989101, 0.008204921148717403, 0.0059789568185806274, 0.015775205567479134, 0.01440394762903452, 0.013527769595384598, 0.004977240692824125, 0.004000683315098286, 0.0033263906370848417, 0.003277049632743001, 0.0032520610839128494, 0.0030243336223065853, 0.0026533547788858414, 0.002670787740498781, 0.0026617594994604588, 0.0027062557637691498, 0.0025655010249465704, 0.0019764727912843227, 0.034597352147102356, 0.02247236855328083, 0.016241081058979034], 'loss': [0.35773810744285583, 0.07216668874025345, 0.04401593655347824, 0.02706298418343067, 0.020046085119247437, 0.02736467868089676, 0.013969428837299347, 0.028600599616765976, 0.020811468362808228, 0.01800411008298397, 0.00929333921521902, 0.005437746178358793, 0.021765196695923805, 0.016929946839809418, 0.014971058815717697, 0.005328735802322626, 0.003359860507771373, 0.004430464003235102, 0.004104370251297951, 0.004067970439791679, 0.003450141754001379, 0.002347651869058609, 0.004239371046423912, 0.0038293078541755676, 0.003779719118028879, 0.00273711490444839, 0.0018518209690228105, 0.05329912155866623, 0.026384467259049416, 0.019905081018805504], 'val_loss': [0.14236220717430115, 0.04696021229028702, 0.030760345980525017, 0.02145099826157093, 0.01851937733590603, 0.019340213388204575, 0.01238938421010971, 0.020015548914670944, 0.017513897269964218, 0.015402471646666527, 0.008204920217394829, 0.0059789568185806274, 0.015775205567479134, 0.01440394762903452, 0.013527769595384598, 0.004977241158485413, 0.004000682849436998, 0.003326390404254198, 0.003277049632743001, 0.0032520610839128494, 0.0030243336223065853, 0.0026533547788858414, 0.002670787740498781, 0.0026617594994604588, 0.0027062557637691498, 0.0025655010249465704, 0.001976472558453679, 0.034597355872392654, 0.02247236855328083, 0.016241079196333885], 'val_fr_phase_loss_5': [nan, 0.08369810879230499, nan, 0.034701257944107056, nan], 'val_fr_target_loss_50': [nan, 1.1794095039367676, nan, nan, 1.1067231893539429, nan, 1.2115379571914673, nan, nan, 1.23319673538208, nan, 1.460536241531372, nan, nan, 1.277462363243103, nan, 1.7717983722686768, nan, nan, 0.9352167248725891, nan, 1.6915254592895508, nan, nan, 0.8611907958984375, nan, 1.629001498222351, nan, nan, 1.1543995141983032], 'val_fr_curve_loss_10': [nan, 0.1709507554769516, nan, nan, 0.07947714626789093, nan, 0.12965930998325348, nan, nan, 0.0912807285785675, nan, 0.12543700635433197, nan, nan, 0.1074291244149208, nan, 0.1624266356229782, nan, nan, 0.06017687916755676, nan, 0.1445426642894745, nan, nan, 0.052905432879924774, nan, 0.1451050192117691, nan, nan, 0.06266012787818909], 'val_fr_curve_loss_20': [nan, 0.42847001552581787, nan, nan, 0.27010104060173035, nan, 0.405757874250412, nan, nan, 0.32855644822120667, nan, 0.4855618178844452, nan, nan, 0.38674670457839966, nan, 0.6801586747169495, nan, nan, 0.2384699583053589, nan, 0.6067357063293457, nan, nan, 0.21206088364124298, nan, 0.6262621283531189, nan, nan, 0.24674104154109955], 'val_fr_curve_loss_30': [nan, 0.713193953037262, nan, nan, 0.5407057404518127, nan, 0.7182183265686035, nan, nan, 0.6400927901268005, nan, 0.8721391558647156, nan, nan, 0.7173306941986084, nan, 1.1595944166183472, nan, nan, 0.48165786266326904, nan, 1.0456658601760864, nan, nan, 0.43972763419151306, nan, 1.045795202255249, nan, nan, 0.5293751358985901], 'val_fr_curve_loss_50': [nan, 1.1693342924118042, nan, nan, 1.105818510055542, nan, 1.2195682525634766, nan, nan, 1.2287427186965942, nan, 1.4493242502212524, nan, nan, 1.2752739191055298, nan, 1.76335608959198, nan, nan, 0.9423202276229858, nan, 1.672533631324768, nan, nan, 0.87343829870224, nan, 1.5948740243911743, nan, nan, 1.1562368869781494], 'val_fr_phase_loss_12': [nan, 0.17061440646648407, nan, 0.12811151146888733, nan], 'val_fr_phase_loss_18': [nan, 0.3967505693435669, nan, 0.29921796917915344, nan], 'val_fr_phase_loss_25': [nan, 0.928605854511261, nan, 0.35066452622413635, nan], 'val_fr_phase_loss_38': [nan, 1.318088173866272, nan, 0.5699668526649475, nan], 'val_fr_phase_loss_50': [nan, 1.5981144905090332, nan, 1.2927991151809692, nan]}
Saved artifacts to: runs/tuning/full_seq_lstm_lvl1/trial_0005
