--- Number of Windows for Train = 9880
--- Number of Windows for Val = 3040
--- Number of Windows for Test = 2280
--- Curriculum = [10, 15, 20, 25, 35, 45]
--- fr_curve Outsteps = [10, 20, 30]

--- Training: prova1 [LSTM/FC/STEP_WISE]  ---

======================================================================
   PHASE 1/6: teacher_forcing
   Epochs: 6
   Learning Rate: 0.00010592398260465373
   Clipping Norm: 1.170323598975338
   Horizon (train loss): 10
   Output timesteps (val_loss and fr_loss): 50
======================================================================

Epoch 1/20
309/309 ━━━━━━━━━━━━━━━━━━━━ 95s 290ms/step - mae: 0.4581 - loss: 0.5979 - val_loss: 0.3333
Epoch 2/20
309/309 ━━━━━━━━━━━━━━━━━━━━ 93s 301ms/step - mae: 0.3121 - loss: 0.2149 - val_loss: 0.1556 - val_fr_phase_loss_10: 0.2338
[Optuna] trial=17 epoch=2 val_fr_phase_loss_10=0.233753 | median=0.159531 (n=9, p25=0.146715, p75=0.256052) | margin=+0.0742221 (+46.53%)
Epoch 3/20
309/309 ━━━━━━━━━━━━━━━━━━━━ 89s 288ms/step - mae: 0.2349 - loss: 0.1069 - val_loss: 0.0888
Epoch 4/20
309/309 ━━━━━━━━━━━━━━━━━━━━ 92s 299ms/step - mae: 0.1896 - loss: 0.0633 - val_loss: 0.0580 - val_fr_phase_loss_10: 0.1279
[Optuna] trial=17 epoch=4 val_fr_phase_loss_10=0.127934 | median=0.151861 (n=9, p25=0.139598, p75=0.219854) | margin=-0.0239276 (-15.76%)
Epoch 5/20
309/309 ━━━━━━━━━━━━━━━━━━━━ 89s 288ms/step - mae: 0.1603 - loss: 0.0423 - val_loss: 0.0416
Epoch 6/20
309/309 ━━━━━━━━━━━━━━━━━━━━ 92s 298ms/step - mae: 0.1399 - loss: 0.0307 - val_loss: 0.0316 - val_fr_phase_loss_10: 0.1025 - val_fr_target_loss_50: 0.9699 - val_fr_curve_loss_10: 0.1067 - val_fr_curve_loss_20: 0.2844 - val_fr_curve_loss_30: 0.5159
[Optuna] trial=17 epoch=6 val_fr_phase_loss_10=0.102546 | median=0.176763 (n=9, p25=0.134488, p75=0.259543) | margin=-0.0742179 (-41.99%)

======================================================================
   PHASE 2/6: masked_modeling
   Mask Prob: 0.15
   Mask Scope: time
   Mask Mode: constant
   Mask Value: 0.2
   Noise Sigma: None
   Noise Replace: False
   Epochs: 4
   Learning Rate: 8.473918608372299e-05
   Clipping Norm: 1.0532912390778042
   Horizon (train loss): 15
   Output timesteps (val_loss and fr_loss): 50
======================================================================

Epoch 7/20
309/309 ━━━━━━━━━━━━━━━━━━━━ 90s 293ms/step - mae: 0.1575 - loss: 0.0417 - val_loss: 0.0400
Epoch 8/20
309/309 ━━━━━━━━━━━━━━━━━━━━ 94s 304ms/step - mae: 0.1509 - loss: 0.0369 - val_loss: 0.0368 - val_fr_phase_loss_15: 0.2152
[Optuna] trial=17 epoch=8 val_fr_phase_loss_15=0.21517 | median=0.206395 (n=9, p25=0.200372, p75=0.240817) | margin=+0.00877489 (+4.25%)
Epoch 9/20
309/309 ━━━━━━━━━━━━━━━━━━━━ 90s 292ms/step - mae: 0.1448 - loss: 0.0339 - val_loss: 0.0339
Epoch 10/20
309/309 ━━━━━━━━━━━━━━━━━━━━ 94s 304ms/step - mae: 0.1404 - loss: 0.0317 - val_loss: 0.0319 - val_fr_phase_loss_15: 0.1979 - val_fr_target_loss_50: 1.0848 - val_fr_curve_loss_10: 0.1055 - val_fr_curve_loss_20: 0.3121 - val_fr_curve_loss_30: 0.5720
[Optuna] trial=17 epoch=10 val_fr_phase_loss_15=0.197924 | median=0.175745 (n=9, p25=0.169989, p75=0.202729) | margin=+0.0221789 (+12.62%)

======================================================================
   PHASE 3/6: masked_modeling
   Mask Prob: 0.2
   Mask Scope: time
   Mask Mode: noise
   Mask Value: None
   Noise Sigma: 0.1
   Noise Replace: False
   Epochs: 4
   Learning Rate: 6.355438956279223e-05
   Clipping Norm: 0.9362588791802704
   Horizon (train loss): 20
   Output timesteps (val_loss and fr_loss): 50
======================================================================

Epoch 11/20
309/309 ━━━━━━━━━━━━━━━━━━━━ 91s 295ms/step - mae: 0.1138 - loss: 0.0197 - val_loss: 0.0209
Epoch 12/20
309/309 ━━━━━━━━━━━━━━━━━━━━ 94s 306ms/step - mae: 0.1049 - loss: 0.0157 - val_loss: 0.0178 - val_fr_phase_loss_20: 0.2322
[Optuna] trial=17 epoch=12 val_fr_phase_loss_20=0.232201 | median=0.263948 (n=9, p25=0.262574, p75=0.27866) | margin=-0.0317473 (-12.03%)
Epoch 13/20
309/309 ━━━━━━━━━━━━━━━━━━━━ 91s 295ms/step - mae: 0.0982 - loss: 0.0135 - val_loss: 0.0156
Epoch 14/20
309/309 ━━━━━━━━━━━━━━━━━━━━ 95s 307ms/step - mae: 0.0926 - loss: 0.0119 - val_loss: 0.0139 - val_fr_phase_loss_20: 0.2358 - val_fr_target_loss_50: 0.8479 - val_fr_curve_loss_10: 0.0833 - val_fr_curve_loss_20: 0.2426 - val_fr_curve_loss_30: 0.4455
[Optuna] trial=17 epoch=14 val_fr_phase_loss_20=0.235822 | median=0.277363 (n=9, p25=0.267506, p75=0.332575) | margin=-0.0415409 (-14.98%)

======================================================================
   PHASE 4/6: scheduled_sampling
   Tf Ratio Start: 1.0
   Tf Ratio End: 0.4
   Per Feature: True
   Stop Grad Pred: True
   Ratio Mode: sigmoid
   Mid Point: 0.6
   Sharpness: 10.0
   Power Value: 2.0
   Epochs: 2
   Learning Rate: 7.41467878232576e-05
   Clipping Norm: 0.9362588791802704
   Horizon (train loss): 25
   Output timesteps (val_loss and fr_loss): 50
======================================================================

Epoch 15/20
309/309 ━━━━━━━━━━━━━━━━━━━━ 93s 300ms/step - mae: 0.0872 - loss: 0.0103 - val_loss: 0.0123
Epoch 16/20
309/309 ━━━━━━━━━━━━━━━━━━━━ 96s 311ms/step - mae: 0.0842 - loss: 0.0374 - val_loss: 0.0115 - val_fr_phase_loss_25: 0.3229 - val_fr_target_loss_50: 0.8003 - val_fr_curve_loss_10: 0.0813 - val_fr_curve_loss_20: 0.2358 - val_fr_curve_loss_30: 0.4279
[Optuna] trial=17 epoch=16 val_fr_phase_loss_25=0.322896 | median=0.443996 (n=9, p25=0.441337, p75=0.468748) | margin=-0.1211 (-27.28%)

======================================================================
   PHASE 5/6: full_autoregressive
   Gradient Through Time: False
   Epochs: 2
   Learning Rate: 5.296199130232686e-05
   Clipping Norm: 0.8192265192827366
   Horizon (train loss): 35
   Output timesteps (val_loss and fr_loss): 50
======================================================================

Epoch 17/20
309/309 ━━━━━━━━━━━━━━━━━━━━ 89s 288ms/step - mae: 0.1222 - loss: 0.3772 - val_loss: 0.0245
Epoch 18/20
309/309 ━━━━━━━━━━━━━━━━━━━━ 92s 299ms/step - mae: 0.1242 - loss: 0.3287 - val_loss: 0.0253 - val_fr_phase_loss_35: 0.3620 - val_fr_target_loss_50: 0.4843 - val_fr_curve_loss_10: 0.0794 - val_fr_curve_loss_20: 0.1933 - val_fr_curve_loss_30: 0.3079
[Optuna] trial=17 epoch=18 val_fr_phase_loss_35=0.362033 | median=0.310901 (n=9, p25=0.248868, p75=0.331133) | margin=+0.0511325 (+16.45%)

======================================================================
   PHASE 6/6: full_autoregressive
   Gradient Through Time: True
   Epochs: 2
   Learning Rate: 3.1777194781396115e-05
   Clipping Norm: 0.7021941593852028
   Horizon (train loss): 45
   Output timesteps (val_loss and fr_loss): 50
======================================================================

Epoch 19/20
309/309 ━━━━━━━━━━━━━━━━━━━━ 89s 288ms/step - mae: 0.1277 - loss: 0.3557 - val_loss: 0.0267
Epoch 20/20
309/309 ━━━━━━━━━━━━━━━━━━━━ 93s 301ms/step - mae: 0.1272 - loss: 0.3339 - val_loss: 0.0264 - val_fr_phase_loss_45: 0.3876 - val_fr_target_loss_50: 0.4225 - val_fr_curve_loss_10: 0.0875 - val_fr_curve_loss_20: 0.1826 - val_fr_curve_loss_30: 0.2759
[Optuna] trial=17 epoch=20 val_fr_phase_loss_45=0.387558 | median=0.344565 (n=9, p25=0.300647, p75=0.383659) | margin=+0.0429928 (+12.48%)
Final loss: 0.3339
Predicting all test samples in free_running mode...
  X shape: (2280, 200, 55)
  Y shape: (2280, 50, 55)
  Pred shape: (2280, 50, 55)

 step | target                | pred                  | abs_err
------|-----------------------|-----------------------|----------------------
   25 | [ 4.139746e-01  2.252291e+00  7.680922e-02 -1.082321e+00  1.330184e-01
 -2.749080e-01  6.398940e-01 -1.222357e+00  1.964076e+00  2.024013e-01
 -1.249584e+00  1.684962e-01  6.261574e-01  7.681609e-01 -1.833026e+00
  4.305243e-01 -6.649562e-01  3.213241e-02 -4.315943e-01 -9.406051e-01
 -3.335454e-01  8.885246e-01  1.287808e+00  7.899810e-01 -2.762157e-01
  1.005897e+00 -2.825402e-01 -5.396542e-01 -1.754732e-01  2.526159e-01
 -1.215466e+00 -7.651589e-01 -1.200358e-01  4.952903e-01 -4.308359e-01
 -7.325999e-01  1.170439e+00  1.235309e+00 -8.311886e-01 -7.979621e-01
 -9.821695e-01  2.076884e-01  3.238765e-01 -1.923588e-01 -4.145486e-01
 -3.828006e-01 -3.487313e-02  1.245124e-03  1.581712e-01  5.641804e-01
  2.155083e-01 -1.144052e-01 -1.354365e+00 -3.214316e-01 -1.550427e+00] | [ 0.805131  2.594585 -0.500751 -0.222619 -0.184092 -0.208966  0.935459
 -1.00376   2.07316   0.274952 -1.442667 -0.032106 -0.290027  0.638693
 -0.268602 -1.1313    0.683531 -0.137913  0.609575 -1.00263  -0.044111
  0.666825  0.669664  0.681849 -0.241351  0.95172  -0.739234 -0.443543
  0.443214  0.532489 -0.128976  0.310809  0.04562   0.679952 -0.719742
 -0.913712  0.326255  0.980964  0.377767 -0.753404 -0.70387  -0.346943
  1.202516  0.360436  1.037028 -0.442487  0.048264  0.096025  0.948676
  0.361515 -0.997826 -0.49531  -1.375797  0.228342 -1.719411] | [0.391157 0.342294 0.57756  0.859703 0.31711  0.065942 0.295565 0.218597
 0.109084 0.072551 0.193083 0.200602 0.916184 0.129468 1.564424 1.561825
 1.348487 0.170046 1.041169 0.062025 0.289435 0.2217   0.618144 0.108132
 0.034865 0.054177 0.456694 0.096111 0.618687 0.279874 1.08649  1.075968
 0.165656 0.184661 0.288906 0.181112 0.844185 0.254345 1.208956 0.044558
 0.278299 0.554631 0.878639 0.552795 1.451576 0.059687 0.083137 0.09478
 0.790505 0.202666 1.213334 0.380904 0.021432 0.549773 0.168983]
   26 | [ 0.433902  2.276946  0.062718 -1.073421  0.149295 -0.261739  0.66411
 -1.190588  1.970693  0.211786 -1.280325  0.091743  0.630177  0.811665
 -1.905444  0.590891 -0.648677  0.010101 -0.341095 -0.950394 -0.271225
  0.842781  1.340023  0.789891 -0.296955  0.983707 -0.332591 -0.535192
 -0.171397  0.217021 -1.236176 -0.75049  -0.169815  0.501318 -0.449502
 -0.772153  1.203705  1.218394 -0.873595 -0.731515 -1.003057  0.192291
  0.338178 -0.172599 -0.562203 -0.409968  0.071482 -0.035004  0.178969
  0.522649  0.281281 -0.172402 -1.38113  -0.280718 -1.561255] | [ 0.82193   2.626413 -0.486772 -0.175076 -0.175416 -0.196183  0.974967
 -0.986552  2.07958   0.277929 -1.475138 -0.003901 -0.356298  0.675525
 -0.320311 -1.073006  0.695025 -0.175755  0.682855 -1.033192 -0.04062
  0.608614  0.710343  0.672165 -0.250485  0.957741 -0.750718 -0.464803
  0.470761  0.53568  -0.091917  0.350752  0.024803  0.688001 -0.760223
 -0.903272  0.349802  1.004794  0.371526 -0.712827 -0.700978 -0.365705
  1.1985    0.387593  0.949543 -0.473463  0.088874  0.052529  0.986529
  0.32219  -0.98876  -0.546695 -1.404822  0.264544 -1.746586] | [0.388028 0.349467 0.54949  0.898345 0.324711 0.065556 0.310856 0.204037
 0.108887 0.066142 0.194813 0.095644 0.986475 0.13614  1.585133 1.663897
 1.343702 0.185856 1.02395  0.082797 0.230604 0.234167 0.62968  0.117726
 0.04647  0.025966 0.418127 0.070389 0.642158 0.318659 1.14426  1.101241
 0.194619 0.186683 0.310721 0.131119 0.853903 0.2136   1.245121 0.018688
 0.302078 0.557996 0.860322 0.560192 1.511745 0.063495 0.017392 0.087533
 0.80756  0.200459 1.270041 0.374294 0.023692 0.545262 0.185331]
   27 | [ 0.45137   2.29779   0.046898 -1.065959  0.163722 -0.251176  0.686906
 -1.158318  1.973541  0.218812 -1.306769  0.020961  0.635355  0.846673
 -1.973424  0.752938 -0.63128  -0.009811 -0.250043 -0.95588  -0.208485
  0.794828  1.389242  0.786713 -0.314912  0.961981 -0.384025 -0.528408
 -0.166389  0.176889 -1.255981 -0.733755 -0.216556  0.503603 -0.465744
 -0.812322  1.237801  1.200935 -0.913572 -0.661274 -1.020813  0.176508
  0.350492 -0.15451  -0.707661 -0.434216  0.179125 -0.073381  0.197581
  0.481679  0.341621 -0.226467 -1.405437 -0.237464 -1.567991] | [ 0.8351    2.654782 -0.473563 -0.128091 -0.167199 -0.183842  1.013415
 -0.971026  2.082046  0.278129 -1.503465  0.027138 -0.41893   0.70861
 -0.372626 -1.012361  0.702623 -0.211006  0.753679 -1.060208 -0.041167
  0.548791  0.748445  0.659324 -0.257604  0.963003 -0.760778 -0.484876
  0.49709   0.534978 -0.057446  0.387499  0.006151  0.693311 -0.799728
 -0.893434  0.372574  1.026665  0.361641 -0.669162 -0.696318 -0.385104
  1.191282  0.413386  0.864166 -0.503346  0.128583  0.009034  1.021641
  0.283949 -0.983297 -0.594144 -1.430092  0.300534 -1.769568] | [3.837305e-01 3.569920e-01 5.204608e-01 9.378680e-01 3.309216e-01
 6.733377e-02 3.265090e-01 1.872919e-01 1.085048e-01 5.931751e-02
 1.966956e-01 6.176999e-03 1.054285e+00 1.380628e-01 1.600798e+00
 1.765299e+00 1.333902e+00 2.011944e-01 1.003722e+00 1.043286e-01
 1.673186e-01 2.460365e-01 6.407971e-01 1.273896e-01 5.730832e-02
 1.022339e-03 3.767531e-01 4.353270e-02 6.634794e-01 3.580891e-01
 1.198535e+00 1.121253e+00 2.227073e-01 1.897077e-01 3.339841e-01
 8.111203e-02 8.652269e-01 1.742699e-01 1.275213e+00 7.888198e-03
 3.244951e-01 5.616117e-01 8.407900e-01 5.678961e-01 1.571827e+00
 6.912997e-02 5.054122e-02 8.241487e-02 8.240604e-01 1.977293e-01
 1.324918e+00 3.676767e-01 2.465558e-02 5.379984e-01 2.015769e-01]
   28 | [ 0.466327  2.314783  0.029422 -1.059933  0.176249 -0.243234  0.708319
 -1.125542  1.97265   0.223477 -1.328843 -0.043589  0.641445  0.873025
 -2.036825  0.915869 -0.612772 -0.027353 -0.158771 -0.957077 -0.145636
  0.744967  1.435167  0.780424 -0.32991   0.940997 -0.436465 -0.519352
 -0.160183  0.132539 -1.274543 -0.714768 -0.260126  0.501926 -0.479514
 -0.852827  1.272629  1.183048 -0.950983 -0.587688 -1.035382  0.160153
  0.360566 -0.138091 -0.850494 -0.455552  0.287429 -0.113708  0.214089
  0.44125   0.396277 -0.27644  -1.427296 -0.191884 -1.570648] | [ 0.844605  2.679521 -0.461228 -0.081787 -0.159629 -0.172053  1.050808
 -0.957178  2.080512  0.275549 -1.527586  0.060417 -0.477729  0.738219
 -0.425339 -0.949362  0.706356 -0.24359   0.821842 -1.083609 -0.045502
  0.487704  0.783948  0.643413 -0.26275   0.967421 -0.769569 -0.503727
  0.522295  0.530416 -0.025651  0.421012 -0.010325  0.696123 -0.838039
 -0.884167  0.39442   1.046435  0.34824  -0.62254  -0.689899 -0.405115
  1.181001  0.437945  0.781224 -0.532031  0.167513 -0.03411   1.054195
  0.246785 -0.981139 -0.637616 -1.451555  0.336331 -1.788283] | [0.378278 0.364738 0.490651 0.978146 0.335878 0.071181 0.342489 0.168364
 0.107861 0.052072 0.198743 0.104006 1.119174 0.134806 1.611485 1.865231
 1.319128 0.216238 0.980613 0.126532 0.100134 0.257263 0.65122  0.137011
 0.067161 0.026423 0.333104 0.015625 0.682478 0.397877 1.248892 1.13578
 0.249801 0.194197 0.358526 0.031339 0.87821  0.136613 1.299223 0.034852
 0.345483 0.565268 0.820435 0.576036 1.631718 0.076479 0.119916 0.079598
 0.840106 0.194464 1.377416 0.361176 0.024259 0.528215 0.217635]
   29 | [ 0.478732  2.32789   0.010362 -1.055353  0.186818 -0.237931  0.728378
 -1.09227   1.968046  0.225786 -1.346491 -0.1017    0.648197  0.890628
 -2.095523  1.078877 -0.593175 -0.042284 -0.067607 -0.95402  -0.082985
  0.693516  1.47754   0.771024 -0.341791  0.921028 -0.489508 -0.508082
 -0.152506  0.084329 -1.291529 -0.693373 -0.30041   0.496102 -0.49077
 -0.893374  1.308082  1.164834 -0.985713 -0.511238 -1.046716  0.143051
  0.368166 -0.123325 -0.990295 -0.473989  0.395794 -0.155784  0.228586
  0.401343  0.445038 -0.322183 -1.446722 -0.144214 -1.56925 ] | [ 0.850439  2.700468 -0.449878 -0.036283 -0.152888 -0.160913  1.087143
 -0.94499   2.07496   0.270209 -1.547459  0.09541  -0.532554  0.764577
 -0.478265 -0.884047  0.706282 -0.273456  0.887145 -1.103345 -0.05336
  0.425658  0.816839  0.624551 -0.265986  0.970898 -0.777235 -0.521333
  0.546478  0.522051  0.003431  0.451297 -0.024645  0.696685 -0.874957
 -0.875406  0.415237  1.064022  0.331486 -0.573128 -0.681746 -0.42568
  1.167805  0.461359  0.700975 -0.559433  0.205778 -0.076625  1.084329
  0.210706 -0.981985 -0.677114 -1.469178  0.371952 -1.802685] | [0.371708 0.372578 0.46024  1.01907  0.339705 0.077019 0.358765 0.14728
 0.106914 0.044423 0.200969 0.19711  1.18075  0.126051 1.617258 1.962924
 1.299457 0.231172 0.954752 0.149325 0.029625 0.267858 0.660701 0.146474
 0.075805 0.04987  0.287727 0.013251 0.698984 0.437721 1.29496  1.14467
 0.275765 0.200583 0.384187 0.017968 0.892845 0.100811 1.317199 0.06189
 0.36497  0.568731 0.799639 0.584684 1.69127  0.085444 0.190016 0.079158
 0.855744 0.190637 1.427023 0.354931 0.022456 0.516166 0.233434]
model built: True
num weights: 38
{'mae': [0.4581451117992401, 0.3120744526386261, 0.23489691317081451, 0.18962779641151428, 0.16033382713794708, 0.13985435664653778, 0.15751756727695465, 0.150870218873024, 0.1447836309671402, 0.140443354845047, 0.11375471204519272, 0.1048794686794281, 0.0981728807091713, 0.09263496100902557, 0.0871611014008522, 0.08419091254472733, 0.12220440804958344, 0.1241828203201294, 0.12773050367832184, 0.12724238634109497], 'loss': [0.5978633761405945, 0.21494586765766144, 0.10688644647598267, 0.06334108859300613, 0.04231929033994675, 0.030673332512378693, 0.04166046530008316, 0.03686167672276497, 0.03393688052892685, 0.03172653168439865, 0.019650330767035484, 0.015665248036384583, 0.013519461266696453, 0.011937235482037067, 0.010273612104356289, 0.03735572099685669, 0.37719810009002686, 0.32870447635650635, 0.3556772470474243, 0.33392244577407837], 'val_loss': [0.3332635462284088, 0.15560086071491241, 0.08876003324985504, 0.058036331087350845, 0.041552770882844925, 0.031624723225831985, 0.03999406099319458, 0.03677348420023918, 0.033885058015584946, 0.03186850622296333, 0.020883772522211075, 0.01775718666613102, 0.01556794997304678, 0.013866744935512543, 0.012280233204364777, 0.011516701430082321, 0.024496419355273247, 0.025312740355730057, 0.026652870699763298, 0.026449080556631088], 'val_fr_phase_loss_10': [nan, 0.2337527573108673, nan, 0.1279338002204895, nan, 0.10254554450511932], 'val_fr_target_loss_50': [nan, nan, nan, nan, nan, 0.9699424505233765, nan, nan, nan, 1.0848463773727417, nan, nan, nan, 0.8478860855102539, nan, 0.8002710342407227, nan, 0.4843295216560364, nan, 0.4225011169910431], 'val_fr_curve_loss_10': [nan, nan, nan, nan, nan, 0.10668947547674179, nan, nan, nan, 0.10545334964990616, nan, nan, nan, 0.08333226293325424, nan, 0.0812506228685379, nan, 0.07944419980049133, nan, 0.08745040744543076], 'val_fr_curve_loss_20': [nan, nan, nan, nan, nan, 0.28439798951148987, nan, nan, nan, 0.31205400824546814, nan, nan, nan, 0.2426220327615738, nan, 0.2357727289199829, nan, 0.19334493577480316, nan, 0.18260297179222107], 'val_fr_curve_loss_30': [nan, nan, nan, nan, nan, 0.5159367322921753, nan, nan, nan, 0.5719968676567078, nan, nan, nan, 0.44554799795150757, nan, 0.4279012680053711, nan, 0.307891845703125, nan, 0.2758849561214447], 'val_fr_phase_loss_15': [nan, 0.21517008543014526, nan, 0.19792424142360687], 'val_fr_phase_loss_20': [nan, 0.23220115900039673, nan, 0.2358216941356659], 'val_fr_phase_loss_25': [nan, 0.32289576530456543], 'val_fr_phase_loss_35': [nan, 0.36203309893608093], 'val_fr_phase_loss_45': [nan, 0.3875577747821808]}
Saved artifacts to: runs/tuning/step_wise_lstm_lvl1/trial_0017
