--- Number of Windows for Train = 9880
--- Number of Windows for Val = 3040
--- Number of Windows for Test = 2280
--- Curriculum = [10, 15, 20, 25, 35, 45]
--- fr_curve Outsteps = [10, 20, 30]

--- Training: prova1 [LSTM/FC/STEP_WISE]  ---

======================================================================
   PHASE 1/6: teacher_forcing
   Epochs: 6
   Learning Rate: 2.0058733363444943e-05
   Clipping Norm: 0.44079840381692426
   Horizon (train loss): 10
   Output timesteps (val_loss and fr_loss): 50
======================================================================

Epoch 1/20
309/309 ━━━━━━━━━━━━━━━━━━━━ 93s 283ms/step - mae: 0.7451 - loss: 0.9039 - val_loss: 0.8706
Epoch 2/20
309/309 ━━━━━━━━━━━━━━━━━━━━ 91s 294ms/step - mae: 0.7210 - loss: 0.8608 - val_loss: 0.8197 - val_fr_phase_loss_10: 0.8370
[Optuna] trial=4 epoch=2 val_fr_phase_loss_10=0.837049 | no history yet
Epoch 3/20
309/309 ━━━━━━━━━━━━━━━━━━━━ 86s 279ms/step - mae: 0.6921 - loss: 0.8006 - val_loss: 0.7605
Epoch 4/20
309/309 ━━━━━━━━━━━━━━━━━━━━ 89s 289ms/step - mae: 0.6690 - loss: 0.7441 - val_loss: 0.7141 - val_fr_phase_loss_10: 0.7418
[Optuna] trial=4 epoch=4 val_fr_phase_loss_10=0.741757 | no history yet
Epoch 5/20
309/309 ━━━━━━━━━━━━━━━━━━━━ 86s 279ms/step - mae: 0.6527 - loss: 0.7018 - val_loss: 0.6811
Epoch 6/20
309/309 ━━━━━━━━━━━━━━━━━━━━ 89s 288ms/step - mae: 0.6405 - loss: 0.6707 - val_loss: 0.6562 - val_fr_phase_loss_10: 0.6946 - val_fr_target_loss_50: 0.9919 - val_fr_curve_loss_10: 0.6993 - val_fr_curve_loss_20: 0.7581 - val_fr_curve_loss_30: 0.8290
[Optuna] trial=4 epoch=6 val_fr_phase_loss_10=0.694606 | no history yet

======================================================================
   PHASE 2/6: masked_modeling
   Mask Prob: 0.15
   Mask Scope: time
   Mask Mode: constant
   Mask Value: 0.2
   Noise Sigma: None
   Noise Replace: False
   Epochs: 4
   Learning Rate: 1.6046986690755954e-05
   Clipping Norm: 0.3967185634352318
   Horizon (train loss): 15
   Output timesteps (val_loss and fr_loss): 50
======================================================================

Epoch 7/20
309/309 ━━━━━━━━━━━━━━━━━━━━ 88s 286ms/step - mae: 0.6335 - loss: 0.6517 - val_loss: 0.6416
Epoch 8/20
309/309 ━━━━━━━━━━━━━━━━━━━━ 92s 298ms/step - mae: 0.6255 - loss: 0.6327 - val_loss: 0.6252 - val_fr_phase_loss_15: 0.7008
[Optuna] trial=4 epoch=8 val_fr_phase_loss_15=0.700829 | no history yet
Epoch 9/20
309/309 ━━━━━━━━━━━━━━━━━━━━ 88s 285ms/step - mae: 0.6174 - loss: 0.6142 - val_loss: 0.6090
Epoch 10/20
309/309 ━━━━━━━━━━━━━━━━━━━━ 91s 296ms/step - mae: 0.6093 - loss: 0.5959 - val_loss: 0.5928 - val_fr_phase_loss_15: 0.6808 - val_fr_target_loss_50: 0.9748 - val_fr_curve_loss_10: 0.6551 - val_fr_curve_loss_20: 0.7286 - val_fr_curve_loss_30: 0.8087
[Optuna] trial=4 epoch=10 val_fr_phase_loss_15=0.680789 | no history yet

======================================================================
   PHASE 3/6: masked_modeling
   Mask Prob: 0.2
   Mask Scope: time
   Mask Mode: noise
   Mask Value: None
   Noise Sigma: 0.1
   Noise Replace: False
   Epochs: 4
   Learning Rate: 1.2035240018066966e-05
   Clipping Norm: 0.35263872305353944
   Horizon (train loss): 20
   Output timesteps (val_loss and fr_loss): 50
======================================================================

Epoch 11/20
309/309 ━━━━━━━━━━━━━━━━━━━━ 88s 286ms/step - mae: 0.6054 - loss: 0.5838 - val_loss: 0.5849
Epoch 12/20
309/309 ━━━━━━━━━━━━━━━━━━━━ 92s 297ms/step - mae: 0.5997 - loss: 0.5707 - val_loss: 0.5736 - val_fr_phase_loss_20: 0.7018
[Optuna] trial=4 epoch=12 val_fr_phase_loss_20=0.701785 | no history yet
Epoch 13/20
309/309 ━━━━━━━━━━━━━━━━━━━━ 89s 287ms/step - mae: 0.5943 - loss: 0.5586 - val_loss: 0.5631
Epoch 14/20
309/309 ━━━━━━━━━━━━━━━━━━━━ 92s 298ms/step - mae: 0.5891 - loss: 0.5473 - val_loss: 0.5531 - val_fr_phase_loss_20: 0.6916 - val_fr_target_loss_50: 0.9454 - val_fr_curve_loss_10: 0.6234 - val_fr_curve_loss_20: 0.6986 - val_fr_curve_loss_30: 0.7820
[Optuna] trial=4 epoch=14 val_fr_phase_loss_20=0.691643 | no history yet

======================================================================
   PHASE 4/6: scheduled_sampling
   Tf Ratio Start: 1.0
   Tf Ratio End: 0.4
   Per Feature: True
   Stop Grad Pred: True
   Ratio Mode: sigmoid
   Mid Point: 0.6
   Sharpness: 10.0
   Power Value: 2.0
   Epochs: 3
   Learning Rate: 1.4041113354411459e-05
   Clipping Norm: 0.35263872305353944
   Horizon (train loss): 25
   Output timesteps (val_loss and fr_loss): 50
======================================================================

Epoch 15/20
309/309 ━━━━━━━━━━━━━━━━━━━━ 91s 294ms/step - mae: 0.5853 - loss: 0.5396 - val_loss: 0.5458
Epoch 16/20
309/309 ━━━━━━━━━━━━━━━━━━━━ 94s 305ms/step - mae: 0.5798 - loss: 0.5338 - val_loss: 0.5355 - val_fr_phase_loss_25: 0.7149
[Optuna] trial=4 epoch=16 val_fr_phase_loss_25=0.714926 | no history yet
Epoch 17/20
309/309 ━━━━━━━━━━━━━━━━━━━━ 94s 304ms/step - mae: 0.5769 - loss: 0.5570 - val_loss: 0.5299 - val_fr_target_loss_50: 0.8486 - val_fr_curve_loss_10: 0.5939 - val_fr_curve_loss_20: 0.6529 - val_fr_curve_loss_30: 0.7212

======================================================================
   PHASE 5/6: full_autoregressive
   Gradient Through Time: False
   Epochs: 2
   Learning Rate: 1.0029366681722471e-05
   Clipping Norm: 0.30855888267184695
   Horizon (train loss): 35
   Output timesteps (val_loss and fr_loss): 50
======================================================================

Epoch 18/20
309/309 ━━━━━━━━━━━━━━━━━━━━ 86s 280ms/step - mae: 0.5856 - loss: 0.6957 - val_loss: 0.5460
Epoch 19/20
309/309 ━━━━━━━━━━━━━━━━━━━━ 90s 292ms/step - mae: 0.5868 - loss: 0.6757 - val_loss: 0.5482 - val_fr_phase_loss_35: 0.6862 - val_fr_target_loss_50: 0.7411 - val_fr_curve_loss_10: 0.5875 - val_fr_curve_loss_20: 0.6302 - val_fr_curve_loss_30: 0.6730
[Optuna] trial=4 epoch=19 val_fr_phase_loss_35=0.686159 | no history yet

======================================================================
   PHASE 6/6: full_autoregressive
   Gradient Through Time: True
   Epochs: 1
   Learning Rate: 6.017620009033483e-06
   Clipping Norm: 0.26447904229015456
   Horizon (train loss): 45
   Output timesteps (val_loss and fr_loss): 50
======================================================================

Epoch 20/20
309/309 ━━━━━━━━━━━━━━━━━━━━ 90s 290ms/step - mae: 0.5904 - loss: 0.6938 - val_loss: 0.5551 - val_fr_target_loss_50: 0.7205 - val_fr_curve_loss_10: 0.5887 - val_fr_curve_loss_20: 0.6295 - val_fr_curve_loss_30: 0.6671
Final loss: 0.6938
Predicting all test samples in free_running mode...
  X shape: (2280, 200, 55)
  Y shape: (2280, 50, 55)
  Pred shape: (2280, 50, 55)

 step | target                | pred                  | abs_err
------|-----------------------|-----------------------|----------------------
   25 | [ 4.139746e-01  2.252291e+00  7.680922e-02 -1.082321e+00  1.330184e-01
 -2.749080e-01  6.398940e-01 -1.222357e+00  1.964076e+00  2.024013e-01
 -1.249584e+00  1.684962e-01  6.261574e-01  7.681609e-01 -1.833026e+00
  4.305243e-01 -6.649562e-01  3.213241e-02 -4.315943e-01 -9.406051e-01
 -3.335454e-01  8.885246e-01  1.287808e+00  7.899810e-01 -2.762157e-01
  1.005897e+00 -2.825402e-01 -5.396542e-01 -1.754732e-01  2.526159e-01
 -1.215466e+00 -7.651589e-01 -1.200358e-01  4.952903e-01 -4.308359e-01
 -7.325999e-01  1.170439e+00  1.235309e+00 -8.311886e-01 -7.979621e-01
 -9.821695e-01  2.076884e-01  3.238765e-01 -1.923588e-01 -4.145486e-01
 -3.828006e-01 -3.487313e-02  1.245124e-03  1.581712e-01  5.641804e-01
  2.155083e-01 -1.144052e-01 -1.354365e+00 -3.214316e-01 -1.550427e+00] | [ 0.671009  0.799528 -0.002995 -0.098479 -0.159423 -0.020393 -0.185612
 -0.609909  0.447301  0.45941  -0.658496  0.29485   0.254336  1.141618
  0.135616 -0.548509  0.631764 -0.196405  0.470082 -0.604996  0.617623
  0.980307  0.51094   0.370645 -0.001922  0.254774 -0.44316   0.084965
  0.736571  0.677042  0.197119  0.116864 -0.70573   0.570885  0.079662
  0.04083   0.74366   0.412443  0.140268 -0.486019 -0.012316  0.022846
  0.838944  0.354699  0.360341  0.288916  0.297246  0.616908  1.210352
  0.128611  0.578929  0.294322 -0.257009  0.142578 -0.637602] | [0.257035 1.452763 0.079804 0.983842 0.292441 0.254515 0.825506 0.612448
 1.516776 0.257009 0.591088 0.126354 0.371821 0.373457 1.968642 0.979034
 1.29672  0.228537 0.901676 0.335609 0.951168 0.091783 0.776868 0.419336
 0.274294 0.751123 0.160619 0.624619 0.912044 0.424426 1.412585 0.882023
 0.585695 0.075595 0.510498 0.77343  0.426779 0.822866 0.971457 0.311943
 0.969853 0.184842 0.515067 0.547058 0.77489  0.671716 0.332119 0.615663
 1.052181 0.43557  0.363421 0.408727 1.097357 0.464009 0.912825]
   26 | [ 0.433902  2.276946  0.062718 -1.073421  0.149295 -0.261739  0.66411
 -1.190588  1.970693  0.211786 -1.280325  0.091743  0.630177  0.811665
 -1.905444  0.590891 -0.648677  0.010101 -0.341095 -0.950394 -0.271225
  0.842781  1.340023  0.789891 -0.296955  0.983707 -0.332591 -0.535192
 -0.171397  0.217021 -1.236176 -0.75049  -0.169815  0.501318 -0.449502
 -0.772153  1.203705  1.218394 -0.873595 -0.731515 -1.003057  0.192291
  0.338178 -0.172599 -0.562203 -0.409968  0.071482 -0.035004  0.178969
  0.522649  0.281281 -0.172402 -1.38113  -0.280718 -1.561255] | [ 7.041262e-01  8.179818e-01  8.736435e-03 -7.478864e-02 -1.453517e-01
 -8.742171e-04 -1.635380e-01 -5.694349e-01  4.713094e-01  4.947985e-01
 -7.000991e-01  3.090019e-01  2.091795e-01  1.129695e+00  1.152315e-01
 -5.391278e-01  6.334621e-01 -2.234619e-01  5.078741e-01 -6.254886e-01
  5.947479e-01  9.423343e-01  4.748060e-01  3.809397e-01 -1.351202e-02
  2.600499e-01 -4.854005e-01  5.850242e-02  7.405828e-01  7.039576e-01
  2.277121e-01  1.407295e-01 -6.871616e-01  5.903088e-01  3.681714e-02
  3.570776e-02  7.622979e-01  4.171405e-01  1.472428e-01 -4.722998e-01
 -3.668527e-02  4.655490e-02  8.419340e-01  3.445523e-01  3.319526e-01
  2.545136e-01  3.124133e-01  5.995293e-01  1.184557e+00  9.049568e-02
  5.726348e-01  2.458376e-01 -2.920627e-01  1.756710e-01 -6.716934e-01] | [0.270224 1.458964 0.053982 0.998632 0.294646 0.260864 0.827648 0.621153
 1.499383 0.283012 0.580226 0.217259 0.420998 0.318029 2.020675 1.130019
 1.28214  0.233563 0.848969 0.324906 0.865972 0.099554 0.865217 0.408951
 0.283443 0.723657 0.15281  0.593695 0.91198  0.486936 1.463888 0.891219
 0.517346 0.088991 0.486319 0.807861 0.441407 0.801254 1.020837 0.259215
 0.966371 0.145736 0.503756 0.517151 0.894156 0.664481 0.240931 0.634533
 1.005588 0.432153 0.291354 0.418239 1.089067 0.456389 0.889562]
   27 | [ 0.45137   2.29779   0.046898 -1.065959  0.163722 -0.251176  0.686906
 -1.158318  1.973541  0.218812 -1.306769  0.020961  0.635355  0.846673
 -1.973424  0.752938 -0.63128  -0.009811 -0.250043 -0.95588  -0.208485
  0.794828  1.389242  0.786713 -0.314912  0.961981 -0.384025 -0.528408
 -0.166389  0.176889 -1.255981 -0.733755 -0.216556  0.503603 -0.465744
 -0.812322  1.237801  1.200935 -0.913572 -0.661274 -1.020813  0.176508
  0.350492 -0.15451  -0.707661 -0.434216  0.179125 -0.073381  0.197581
  0.481679  0.341621 -0.226467 -1.405437 -0.237464 -1.567991] | [ 0.738055  0.837033  0.023538 -0.049466 -0.12792   0.021491 -0.139312
 -0.529567  0.499379  0.529664 -0.744594  0.322641  0.166115  1.115633
  0.094589 -0.531427  0.636554 -0.252975  0.543994 -0.6471    0.567506
  0.901423  0.43366   0.387628 -0.028293  0.263682 -0.527013  0.02724
  0.742019  0.731139  0.257732  0.162276 -0.667979  0.608836 -0.008848
  0.029392  0.780309  0.420752  0.154065 -0.461002 -0.063021  0.071315
  0.842935  0.335224  0.305201  0.219811  0.325056  0.580205  1.155508
  0.052202  0.56523   0.197046 -0.328304  0.208124 -0.708731] | [0.286686 1.460757 0.023361 1.016492 0.291642 0.272667 0.826218 0.62875
 1.474163 0.310852 0.562175 0.30168  0.46924  0.26896  2.068013 1.284365
 1.267834 0.243164 0.794037 0.308779 0.775992 0.106595 0.955582 0.399085
 0.286619 0.698299 0.142988 0.555649 0.908408 0.55425  1.513714 0.89603
 0.451423 0.105233 0.456896 0.841715 0.457492 0.780182 1.067637 0.200272
 0.957792 0.105193 0.492442 0.489734 1.012861 0.654027 0.145931 0.653585
 0.957927 0.429476 0.223609 0.423513 1.077132 0.445588 0.859261]
   28 | [ 0.466327  2.314783  0.029422 -1.059933  0.176249 -0.243234  0.708319
 -1.125542  1.97265   0.223477 -1.328843 -0.043589  0.641445  0.873025
 -2.036825  0.915869 -0.612772 -0.027353 -0.158771 -0.957077 -0.145636
  0.744967  1.435167  0.780424 -0.32991   0.940997 -0.436465 -0.519352
 -0.160183  0.132539 -1.274543 -0.714768 -0.260126  0.501926 -0.479514
 -0.852827  1.272629  1.183048 -0.950983 -0.587688 -1.035382  0.160153
  0.360566 -0.138091 -0.850494 -0.455552  0.287429 -0.113708  0.214089
  0.44125   0.396277 -0.27644  -1.427296 -0.191884 -1.570648] | [ 0.768282  0.853505  0.041552 -0.022436 -0.105372  0.047616 -0.11709
 -0.491917  0.529076  0.56081  -0.789053  0.332468  0.127506  1.096225
  0.076142 -0.52117   0.64158  -0.283848  0.579447 -0.672625  0.539148
  0.856134  0.386439  0.388969 -0.041038  0.269107 -0.563322 -0.007536
  0.737971  0.754322  0.285713  0.184116 -0.65166   0.626686 -0.056252
  0.023453  0.798672  0.418653  0.159396 -0.453528 -0.091525  0.091936
  0.846778  0.32624   0.279422  0.186567  0.339235  0.561741  1.125757
  0.017319  0.560589  0.147861 -0.362259  0.237157 -0.74994 ] | [0.301955 1.461278 0.012129 1.037497 0.281621 0.29085  0.825409 0.633625
 1.443574 0.337334 0.53979  0.376057 0.513939 0.223199 2.112966 1.437039
 1.254352 0.256496 0.738219 0.284452 0.684784 0.111167 1.048728 0.391455
 0.288873 0.671891 0.126857 0.511816 0.898153 0.621783 1.560256 0.898883
 0.391533 0.12476  0.423262 0.87628  0.473957 0.764395 1.110379 0.13416
 0.943858 0.068217 0.486212 0.464332 1.129916 0.64212  0.051806 0.675449
 0.911667 0.42393  0.164312 0.424301 1.065037 0.429041 0.820708]
   29 | [ 0.478732  2.32789   0.010362 -1.055353  0.186818 -0.237931  0.728378
 -1.09227   1.968046  0.225786 -1.346491 -0.1017    0.648197  0.890628
 -2.095523  1.078877 -0.593175 -0.042284 -0.067607 -0.95402  -0.082985
  0.693516  1.47754   0.771024 -0.341791  0.921028 -0.489508 -0.508082
 -0.152506  0.084329 -1.291529 -0.693373 -0.30041   0.496102 -0.49077
 -0.893374  1.308082  1.164834 -0.985713 -0.511238 -1.046716  0.143051
  0.368166 -0.123325 -0.990295 -0.473989  0.395794 -0.155784  0.228586
  0.401343  0.445038 -0.322183 -1.446722 -0.144214 -1.56925 ] | [ 0.791268  0.868094  0.064793  0.004197 -0.085553  0.077479 -0.091325
 -0.450254  0.563034  0.588446 -0.835829  0.340579  0.085139  1.072168
  0.059652 -0.512868  0.64718  -0.312036  0.609275 -0.701299  0.511292
  0.808555  0.343093  0.389589 -0.056205  0.275298 -0.602457 -0.042372
  0.730878  0.773769  0.307771  0.209802 -0.641685  0.640869 -0.104337
  0.01476   0.814533  0.412548  0.168812 -0.448313 -0.123135  0.114734
  0.846341  0.312161  0.255969  0.146568  0.349702  0.538155  1.094044
 -0.02222   0.552647  0.093938 -0.398865  0.266366 -0.78727 ] | [0.312536 1.459796 0.054431 1.05955  0.272371 0.31541  0.819703 0.642016
 1.405012 0.362661 0.510662 0.442279 0.563057 0.18154  2.155175 1.591746
 1.240355 0.269751 0.676881 0.252721 0.594278 0.115039 1.134448 0.381436
 0.285586 0.64573  0.112949 0.46571  0.883383 0.68944  1.5993   0.903174
 0.341275 0.144767 0.386433 0.908134 0.493549 0.752286 1.154526 0.062925
 0.923581 0.028317 0.478175 0.435486 1.246264 0.620558 0.046092 0.693938
 0.865459 0.423563 0.107609 0.416121 1.047857 0.41058  0.781981]
model built: True
num weights: 38
{'mae': [0.7451373338699341, 0.7210026979446411, 0.6920889616012573, 0.6690396666526794, 0.6526774764060974, 0.640491783618927, 0.6335102915763855, 0.6254521608352661, 0.6173986196517944, 0.6093031764030457, 0.6054187417030334, 0.599676787853241, 0.5942657589912415, 0.5891247391700745, 0.5853458046913147, 0.5798261165618896, 0.5768871307373047, 0.5855708718299866, 0.5868387222290039, 0.590419352054596], 'loss': [0.9038732647895813, 0.8608380556106567, 0.800579309463501, 0.7440695762634277, 0.7017965912818909, 0.6706805229187012, 0.6516852974891663, 0.6326931715011597, 0.614217221736908, 0.5958951711654663, 0.5837627649307251, 0.5707070231437683, 0.5586445927619934, 0.5473354458808899, 0.5396055579185486, 0.5338265895843506, 0.5569745898246765, 0.6957288980484009, 0.6757247447967529, 0.693789541721344], 'val_loss': [0.8706066608428955, 0.81966632604599, 0.7604902386665344, 0.7141373753547668, 0.6811019778251648, 0.6561915874481201, 0.6416181325912476, 0.6252188682556152, 0.6089852452278137, 0.5928050875663757, 0.5848680734634399, 0.5735947489738464, 0.5630539655685425, 0.553134024143219, 0.5458344221115112, 0.5354801416397095, 0.5299294590950012, 0.5459733605384827, 0.5482479333877563, 0.5551199913024902], 'val_fr_phase_loss_10': [nan, 0.8370490670204163, nan, 0.7417570948600769, nan, 0.6946061849594116], 'val_fr_target_loss_50': [nan, nan, nan, nan, nan, 0.9919135570526123, nan, nan, nan, 0.9748120307922363, nan, nan, nan, 0.9454339742660522, nan, nan, 0.8486067056655884, nan, 0.7410992383956909, 0.7204993963241577], 'val_fr_curve_loss_10': [nan, nan, nan, nan, nan, 0.6992794871330261, nan, nan, nan, 0.6550585031509399, nan, nan, nan, 0.6234415769577026, nan, nan, 0.5938756465911865, nan, 0.5874876976013184, 0.5887452960014343], 'val_fr_curve_loss_20': [nan, nan, nan, nan, nan, 0.7580932378768921, nan, nan, nan, 0.7285948395729065, nan, nan, nan, 0.6985642313957214, nan, nan, 0.652921199798584, nan, 0.6301522850990295, 0.6295359134674072], 'val_fr_curve_loss_30': [nan, nan, nan, nan, nan, 0.8290350437164307, nan, nan, nan, 0.8087430596351624, nan, nan, nan, 0.7820490002632141, nan, nan, 0.7211962342262268, nan, 0.6729568243026733, 0.6670640110969543], 'val_fr_phase_loss_15': [nan, 0.7008289098739624, nan, 0.680788516998291], 'val_fr_phase_loss_20': [nan, 0.7017852067947388, nan, 0.691643476486206], 'val_fr_phase_loss_25': [nan, 0.7149261236190796, nan], 'val_fr_phase_loss_35': [nan, 0.6861593127250671], 'val_fr_phase_loss_45': [nan]}
Saved artifacts to: runs/tuning/step_wise_lstm_lvl1/trial_0004
