--- Number of Windows for Train = 9880
--- Number of Windows for Val = 3040
--- Number of Windows for Test = 2280
--- Curriculum = [10, 15, 20, 30, 40, 50]
--- fr_curve Outsteps = [1, 2, 3]

--- Training: prova1 [LSTM/FC/HYBRID]  ---

======================================================================
   PHASE 1/6: teacher_forcing
   Epochs: 6
   Learning Rate: 0.0004159173615632688
   Clipping Norm: 0.59425171859976
   Horizon (train loss): 10
   Output timesteps (val_loss and fr_loss): 50
======================================================================

Epoch 1/30
309/309 ━━━━━━━━━━━━━━━━━━━━ 21s 47ms/step - mae: 0.1562 - loss: 0.2060 - val_loss: 0.0396
Epoch 2/30
309/309 ━━━━━━━━━━━━━━━━━━━━ 20s 64ms/step - mae: 0.1025 - loss: 0.0229 - val_loss: 0.0171 - val_fr_phase_loss_10: 0.0848
[Optuna] trial=20 epoch=2 val_fr_phase_loss_10=0.0847639 | median=0.139772 (n=15, p25=0.0990252, p75=0.201646) | margin=-0.0550084 (-39.36%)
Epoch 3/30
309/309 ━━━━━━━━━━━━━━━━━━━━ 13s 43ms/step - mae: 0.0750 - loss: 0.0106 - val_loss: 0.0091
Epoch 4/30
309/309 ━━━━━━━━━━━━━━━━━━━━ 17s 56ms/step - mae: 0.0637 - loss: 0.0064 - val_loss: 0.0066 - val_fr_phase_loss_10: 0.0804
[Optuna] trial=20 epoch=4 val_fr_phase_loss_10=0.0804434 | median=0.110696 (n=15, p25=0.0845025, p75=0.119288) | margin=-0.0302527 (-27.33%)
Epoch 5/30
309/309 ━━━━━━━━━━━━━━━━━━━━ 13s 43ms/step - mae: 0.0560 - loss: 0.0046 - val_loss: 0.0051
Epoch 6/30
309/309 ━━━━━━━━━━━━━━━━━━━━ 17s 55ms/step - mae: 0.0498 - loss: 0.0035 - val_loss: 0.0040 - val_fr_phase_loss_10: 0.0802 - val_fr_target_loss_50: 1.0811 - val_fr_curve_loss_1: 0.0047 - val_fr_curve_loss_2: 0.0073 - val_fr_curve_loss_3: 0.0112
[Optuna] trial=20 epoch=6 val_fr_phase_loss_10=0.0801649 | median=0.110551 (n=15, p25=0.0679362, p75=0.134528) | margin=-0.0303862 (-27.49%)

======================================================================
   PHASE 2/6: masked_modeling
   Mask Prob: 0.15
   Mask Scope: time
   Mask Mode: constant
   Mask Value: 0.2
   Noise Sigma: None
   Noise Replace: False
   Epochs: 6
   Learning Rate: 0.0003327338892506151
   Clipping Norm: 0.534826546739784
   Horizon (train loss): 15
   Output timesteps (val_loss and fr_loss): 50
======================================================================

Epoch 7/30
309/309 ━━━━━━━━━━━━━━━━━━━━ 13s 43ms/step - mae: 0.1218 - loss: 0.0332 - val_loss: 0.0240
Epoch 8/30
309/309 ━━━━━━━━━━━━━━━━━━━━ 17s 56ms/step - mae: 0.1168 - loss: 0.0242 - val_loss: 0.0223 - val_fr_phase_loss_15: 0.1552
[Optuna] trial=20 epoch=8 val_fr_phase_loss_15=0.15516 | median=0.162625 (n=15, p25=0.148657, p75=0.220118) | margin=-0.00746444 (-4.59%)
Epoch 9/30
309/309 ━━━━━━━━━━━━━━━━━━━━ 13s 43ms/step - mae: 0.1109 - loss: 0.0206 - val_loss: 0.0202
Epoch 10/30
309/309 ━━━━━━━━━━━━━━━━━━━━ 17s 55ms/step - mae: 0.1070 - loss: 0.0177 - val_loss: 0.0191 - val_fr_phase_loss_15: 0.1259
[Optuna] trial=20 epoch=10 val_fr_phase_loss_15=0.125928 | median=0.13553 (n=15, p25=0.125569, p75=0.201954) | margin=-0.00960186 (-7.08%)
Epoch 11/30
309/309 ━━━━━━━━━━━━━━━━━━━━ 13s 43ms/step - mae: 0.1040 - loss: 0.0155 - val_loss: 0.0182
Epoch 12/30
309/309 ━━━━━━━━━━━━━━━━━━━━ 17s 55ms/step - mae: 0.0957 - loss: 0.0137 - val_loss: 0.0154 - val_fr_phase_loss_15: 0.1060 - val_fr_target_loss_50: 0.8178 - val_fr_curve_loss_1: 0.0092 - val_fr_curve_loss_2: 0.0103 - val_fr_curve_loss_3: 0.0126
[Optuna] trial=20 epoch=12 val_fr_phase_loss_15=0.106009 | median=0.13067 (n=15, p25=0.113459, p75=0.178119) | margin=-0.0246607 (-18.87%)

======================================================================
   PHASE 3/6: scheduled_sampling
   Tf Ratio Start: 1.0
   Tf Ratio End: 0.35
   Per Feature: True
   Stop Grad Pred: True
   Ratio Mode: sigmoid
   Mid Point: 0.6
   Sharpness: 10.0
   Power Value: 2.0
   Epochs: 8
   Learning Rate: 0.00029114215309428815
   Clipping Norm: 0.505113960809796
   Horizon (train loss): 20
   Output timesteps (val_loss and fr_loss): 50
======================================================================

Epoch 13/30
309/309 ━━━━━━━━━━━━━━━━━━━━ 173s 561ms/step - mae: 0.0510 - loss: 0.0055 - val_loss: 0.0043
Epoch 14/30
309/309 ━━━━━━━━━━━━━━━━━━━━ 173s 561ms/step - mae: 0.0410 - loss: 0.0025 - val_loss: 0.0028 - val_fr_phase_loss_20: 0.1535
[Optuna] trial=20 epoch=14 val_fr_phase_loss_20=0.153524 | median=0.216626 (n=15, p25=0.1404, p75=0.2338) | margin=-0.0631024 (-29.13%)
Epoch 15/30
309/309 ━━━━━━━━━━━━━━━━━━━━ 170s 551ms/step - mae: 0.0371 - loss: 0.0019 - val_loss: 0.0023
Epoch 16/30
309/309 ━━━━━━━━━━━━━━━━━━━━ 176s 570ms/step - mae: 0.0352 - loss: 0.0019 - val_loss: 0.0020 - val_fr_phase_loss_20: 0.1981
[Optuna] trial=20 epoch=16 val_fr_phase_loss_20=0.198065 | median=0.23019 (n=15, p25=0.161054, p75=0.290287) | margin=-0.0321246 (-13.96%)
Epoch 17/30
309/309 ━━━━━━━━━━━━━━━━━━━━ 172s 557ms/step - mae: 0.0338 - loss: 0.0031 - val_loss: 0.0019
Epoch 18/30
309/309 ━━━━━━━━━━━━━━━━━━━━ 176s 569ms/step - mae: 0.0395 - loss: 0.0078 - val_loss: 0.0026 - val_fr_phase_loss_20: 0.2075
[Optuna] trial=20 epoch=18 val_fr_phase_loss_20=0.207548 | median=0.233696 (n=15, p25=0.178365, p75=0.258861) | margin=-0.0261472 (-11.19%)
Epoch 19/30
309/309 ━━━━━━━━━━━━━━━━━━━━ 172s 558ms/step - mae: 0.0404 - loss: 0.0128 - val_loss: 0.0027
Epoch 20/30
309/309 ━━━━━━━━━━━━━━━━━━━━ 175s 565ms/step - mae: 0.0398 - loss: 0.0141 - val_loss: 0.0026 - val_fr_phase_loss_20: 0.1564 - val_fr_target_loss_50: 0.7728 - val_fr_curve_loss_1: 0.0028 - val_fr_curve_loss_2: 0.0037 - val_fr_curve_loss_3: 0.0052
[Optuna] trial=20 epoch=20 val_fr_phase_loss_20=0.156408 | median=0.200155 (n=15, p25=0.149059, p75=0.21486) | margin=-0.0437472 (-21.86%)

======================================================================
   PHASE 4/6: masked_modeling
   Mask Prob: 0.2
   Mask Scope: time
   Mask Mode: noise
   Mask Value: None
   Noise Sigma: 0.1
   Noise Replace: False
   Epochs: 4
   Learning Rate: 0.0002495504169379613
   Clipping Norm: 0.47540137487980805
   Horizon (train loss): 30
   Output timesteps (val_loss and fr_loss): 50
======================================================================

Epoch 21/30
309/309 ━━━━━━━━━━━━━━━━━━━━ 13s 43ms/step - mae: 0.0288 - loss: 0.0019 - val_loss: 0.0014
Epoch 22/30
309/309 ━━━━━━━━━━━━━━━━━━━━ 16s 51ms/step - mae: 0.0282 - loss: 0.0018 - val_loss: 0.0013 - val_fr_phase_loss_30: 0.2554
[Optuna] trial=20 epoch=22 val_fr_phase_loss_30=0.255398 | median=0.26325 (n=15, p25=0.254442, p75=0.417378) | margin=-0.00785187 (-2.98%)
Epoch 23/30
309/309 ━━━━━━━━━━━━━━━━━━━━ 13s 43ms/step - mae: 0.0279 - loss: 0.0017 - val_loss: 0.0013
Epoch 24/30
309/309 ━━━━━━━━━━━━━━━━━━━━ 16s 52ms/step - mae: 0.0279 - loss: 0.0017 - val_loss: 0.0013 - val_fr_phase_loss_30: 0.2631 - val_fr_target_loss_50: 0.6553 - val_fr_curve_loss_1: 0.0017 - val_fr_curve_loss_2: 0.0023 - val_fr_curve_loss_3: 0.0032
[Optuna] trial=20 epoch=24 val_fr_phase_loss_30=0.263071 | median=0.269515 (n=15, p25=0.265036, p75=0.42047) | margin=-0.00644362 (-2.39%)

======================================================================
   PHASE 5/6: full_autoregressive
   Gradient Through Time: False
   Epochs: 4
   Learning Rate: 0.0002079586807816344
   Clipping Norm: 0.44568878894982
   Horizon (train loss): 40
   Output timesteps (val_loss and fr_loss): 50
======================================================================

Epoch 25/30
309/309 ━━━━━━━━━━━━━━━━━━━━ 159s 513ms/step - mae: 0.2058 - loss: 0.3910 - val_loss: 0.0731
Epoch 26/30
309/309 ━━━━━━━━━━━━━━━━━━━━ 163s 527ms/step - mae: 0.1891 - loss: 0.2551 - val_loss: 0.0628 - val_fr_phase_loss_40: 0.2664
[Optuna] trial=20 epoch=26 val_fr_phase_loss_40=0.266373 | median=0.302057 (n=15, p25=0.220761, p75=0.423749) | margin=-0.0356835 (-11.81%)
Epoch 27/30
309/309 ━━━━━━━━━━━━━━━━━━━━ 159s 515ms/step - mae: 0.1882 - loss: 0.2141 - val_loss: 0.0632
Epoch 28/30
309/309 ━━━━━━━━━━━━━━━━━━━━ 164s 532ms/step - mae: 0.1861 - loss: 0.1869 - val_loss: 0.0626 - val_fr_phase_loss_40: 0.2246 - val_fr_target_loss_50: 0.2998 - val_fr_curve_loss_1: 0.0170 - val_fr_curve_loss_2: 0.0160 - val_fr_curve_loss_3: 0.0163
[Optuna] trial=20 epoch=28 val_fr_phase_loss_40=0.224555 | median=0.28707 (n=15, p25=0.175923, p75=0.380011) | margin=-0.0625147 (-21.78%)

======================================================================
   PHASE 6/6: full_autoregressive
   Gradient Through Time: True
   Epochs: 2
   Learning Rate: 0.00012477520846898064
   Clipping Norm: 0.356551031159856
   Horizon (train loss): 50
   Output timesteps (val_loss and fr_loss): 50
======================================================================

Epoch 29/30
309/309 ━━━━━━━━━━━━━━━━━━━━ 159s 513ms/step - mae: 0.1937 - loss: 0.2125 - val_loss: 0.0672
Epoch 30/30
309/309 ━━━━━━━━━━━━━━━━━━━━ 162s 526ms/step - mae: 0.1907 - loss: 0.1937 - val_loss: 0.0653 - val_fr_phase_loss_50: 0.2616 - val_fr_target_loss_50: 0.2694 - val_fr_curve_loss_1: 0.0267 - val_fr_curve_loss_2: 0.0238 - val_fr_curve_loss_3: 0.0228
[Optuna] trial=20 epoch=30 val_fr_phase_loss_50=0.261623 | median=0.334028 (n=15, p25=0.21175, p75=0.388624) | margin=-0.0724043 (-21.68%)
Final loss: 0.1937
Predicting all test samples in free_running mode...
  X shape: (2280, 200, 36)
  Y shape: (2280, 50, 36)
  Pred shape: (2280, 50, 36)

 step | target                | pred                  | abs_err
------|-----------------------|-----------------------|----------------------
   25 | [ 0.413975  2.252291  0.076809 -1.082321  0.133018 -0.274908  0.639894
 -1.222357 -1.249584  0.168496  0.626157  0.768161 -1.833026  0.430524
 -0.664956 -0.940605 -0.333545  0.888525  1.287808  0.789981 -0.276216
 -0.539654 -0.175473  0.252616 -1.215466 -0.765159 -0.430836 -0.7326
  1.170439  1.235309 -0.98217   0.207688  0.323877 -0.382801 -0.034873
  0.56418 ] | [ 0.32603   2.416247 -0.157277 -0.798615 -0.493879 -0.041769  0.956762
 -1.015616 -1.480276  0.46825   0.266397  0.550016 -1.065527 -1.118756
 -0.111444 -1.095326 -0.268863  0.583688  1.200329  0.70728   0.090985
 -0.410907  0.076379  0.200065  0.112737 -0.811789  0.174792 -0.320931
  1.027247  1.502873 -0.884265  0.537468  0.307155 -0.948887 -0.101336
  0.134496] | [0.087945 0.163956 0.234086 0.283707 0.626897 0.233139 0.316868 0.20674
 0.230692 0.299754 0.35976  0.218145 0.767499 1.54928  0.553512 0.154721
 0.064682 0.304836 0.087479 0.082701 0.367201 0.128747 0.251852 0.052551
 1.328203 0.046631 0.605628 0.411669 0.143192 0.267564 0.097905 0.32978
 0.016721 0.566087 0.066463 0.429685]
   26 | [ 0.433902  2.276946  0.062718 -1.073421  0.149295 -0.261739  0.66411
 -1.190588 -1.280325  0.091743  0.630177  0.811665 -1.905444  0.590891
 -0.648677 -0.950394 -0.271225  0.842781  1.340023  0.789891 -0.296955
 -0.535192 -0.171397  0.217021 -1.236176 -0.75049  -0.449502 -0.772153
  1.203705  1.218394 -1.003057  0.192291  0.338178 -0.409968  0.071482
  0.522649] | [ 0.340917  2.433106 -0.164682 -0.755934 -0.488302 -0.031827  0.988699
 -0.985897 -1.510167  0.430118  0.201172  0.591876 -1.105932 -1.066293
 -0.078315 -1.099706 -0.248054  0.536954  1.226297  0.676465  0.054023
 -0.423378  0.112398  0.199119  0.157475 -0.78576   0.145359 -0.318615
  1.029359  1.52939  -0.894041  0.529664  0.291723 -0.98847  -0.06346
  0.07962 ] | [0.092985 0.15616  0.2274   0.317487 0.637596 0.229911 0.324589 0.204691
 0.229842 0.338375 0.429005 0.21979  0.799512 1.657184 0.570362 0.149312
 0.02317  0.305827 0.113726 0.113426 0.350979 0.111814 0.283795 0.017903
 1.393651 0.035271 0.594861 0.453538 0.174346 0.310996 0.109016 0.337373
 0.046454 0.578503 0.134942 0.443029]
   27 | [ 0.45137   2.29779   0.046898 -1.065959  0.163722 -0.251176  0.686906
 -1.158318 -1.306769  0.020961  0.635355  0.846673 -1.973424  0.752938
 -0.63128  -0.95588  -0.208485  0.794828  1.389242  0.786713 -0.314912
 -0.528408 -0.166389  0.176889 -1.255981 -0.733755 -0.465744 -0.812322
  1.237801  1.200935 -1.020813  0.176508  0.350492 -0.434216  0.179125
  0.481679] | [ 0.353894  2.444808 -0.170671 -0.714513 -0.484374 -0.024634  1.01816
 -0.956942 -1.533624  0.396618  0.137704  0.628884 -1.143635 -1.012634
 -0.04648  -1.099115 -0.229829  0.489645  1.248303  0.642734  0.019053
 -0.434462  0.147089  0.194991  0.201577 -0.759031  0.117076 -0.315002
  1.030316  1.553495 -0.900594  0.52303   0.27325  -1.024408 -0.02676
  0.027369] | [0.097476 0.147019 0.217569 0.351446 0.648096 0.226542 0.331254 0.201376
 0.226855 0.375657 0.497651 0.217788 0.82979  1.765572 0.5848   0.143236
 0.021344 0.305183 0.140939 0.143979 0.333965 0.093946 0.313478 0.018102
 1.457558 0.025276 0.58282  0.49732  0.207485 0.35256  0.120219 0.346522
 0.077242 0.590192 0.205884 0.45431 ]
   28 | [ 0.466327  2.314783  0.029422 -1.059933  0.176249 -0.243234  0.708319
 -1.125542 -1.328843 -0.043589  0.641445  0.873025 -2.036825  0.915869
 -0.612772 -0.957077 -0.145636  0.744967  1.435167  0.780424 -0.32991
 -0.519352 -0.160183  0.132539 -1.274543 -0.714768 -0.479514 -0.852827
  1.272629  1.183048 -1.035382  0.160153  0.360566 -0.455552  0.287429
  0.44125 ] | [ 0.36499   2.451476 -0.175471 -0.674642 -0.482122 -0.020068  1.045202
 -0.928995 -1.550834  0.367763  0.076187  0.661032 -1.17857  -0.958246
 -0.016047 -1.093572 -0.213991  0.44178   1.266173  0.606305 -0.013763
 -0.444159  0.180311  0.187871  0.244711 -0.731442  0.090145 -0.310162
  1.030327  1.575412 -0.904075  0.517392  0.251925 -1.056704  0.008843
 -0.022042] | [0.101337 0.136693 0.204893 0.385291 0.658371 0.223166 0.336883 0.196547
 0.221991 0.411352 0.565258 0.211993 0.858254 1.874116 0.596725 0.136494
 0.068355 0.303187 0.168995 0.174119 0.316148 0.075194 0.340494 0.055332
 1.519254 0.016674 0.569659 0.542665 0.242302 0.392364 0.131308 0.357239
 0.108641 0.601151 0.278586 0.463291]
   29 | [ 0.478732  2.32789   0.010362 -1.055353  0.186818 -0.237931  0.728378
 -1.09227  -1.346491 -0.1017    0.648197  0.890628 -2.095523  1.078877
 -0.593175 -0.95402  -0.082985  0.693516  1.47754   0.771024 -0.341791
 -0.508082 -0.152506  0.084329 -1.291529 -0.693373 -0.49077  -0.893374
  1.308082  1.164834 -1.046716  0.143051  0.368166 -0.473989  0.395794
  0.401343] | [ 0.374088  2.453255 -0.179181 -0.636537 -0.481512 -0.018082  1.069836
 -0.902107 -1.561957  0.343709  0.016704  0.68833  -1.210582 -0.903291
  0.012769 -1.083176 -0.200544  0.393527  1.279824  0.567437 -0.044282
 -0.452432  0.212026  0.177793  0.286678 -0.702794  0.064724 -0.304015
  1.029501  1.595157 -0.904623  0.512842  0.227829 -1.085424  0.043341
 -0.068748] | [0.104644 0.125365 0.189543 0.418816 0.66833  0.219849 0.341458 0.190162
 0.215467 0.445409 0.631493 0.202299 0.884941 1.982168 0.605944 0.129156
 0.117559 0.299989 0.197717 0.203588 0.297509 0.055649 0.364532 0.093464
 1.578207 0.009421 0.555494 0.589359 0.278581 0.430324 0.142093 0.369791
 0.140337 0.611435 0.352453 0.470091]
model built: True
num weights: 38
{'mae': [0.1562122404575348, 0.10246433317661285, 0.07498250156641006, 0.06365308910608292, 0.05600666627287865, 0.04975095018744469, 0.12179239839315414, 0.11683452874422073, 0.11086924374103546, 0.10702355951070786, 0.1039784848690033, 0.09568116813898087, 0.05098609998822212, 0.04099833592772484, 0.0371222048997879, 0.03520100563764572, 0.03379565849900246, 0.039507508277893066, 0.04037150740623474, 0.03984139487147331, 0.028823774307966232, 0.028225569054484367, 0.027879828587174416, 0.02786356955766678, 0.2058427780866623, 0.1891358494758606, 0.18820209801197052, 0.1861247420310974, 0.19367019832134247, 0.19069398939609528], 'loss': [0.20597143471240997, 0.022929009050130844, 0.010625647380948067, 0.006430509500205517, 0.004583125934004784, 0.0035460535436868668, 0.03322037681937218, 0.024177350103855133, 0.020551249384880066, 0.017746485769748688, 0.01550254225730896, 0.013691346161067486, 0.005456197075545788, 0.002485379809513688, 0.0019005496287718415, 0.0018829465843737125, 0.00310194562189281, 0.007755547296255827, 0.012809625826776028, 0.014080630615353584, 0.0019487285753712058, 0.0017781824572011828, 0.0017454300541430712, 0.0017331835115328431, 0.3910161554813385, 0.25506532192230225, 0.21413737535476685, 0.18691624701023102, 0.2124735563993454, 0.19368430972099304], 'val_loss': [0.03964785113930702, 0.01706339605152607, 0.009135890752077103, 0.006574442610144615, 0.005083154886960983, 0.004038223065435886, 0.023968437686562538, 0.0222699586302042, 0.020188940688967705, 0.01913032867014408, 0.01819745823740959, 0.015393288806080818, 0.00429237587377429, 0.0027823157142847776, 0.0022779987193644047, 0.0020381512586027384, 0.0018954138504341245, 0.002550216857343912, 0.002689988585188985, 0.0026461246889084578, 0.001405803021043539, 0.0013476565945893526, 0.0013091821456328034, 0.0013032627757638693, 0.07313662767410278, 0.06279021501541138, 0.0631672739982605, 0.06257875263690948, 0.06715735048055649, 0.0652649998664856], 'val_fr_phase_loss_10': [nan, 0.08476389944553375, nan, 0.0804433524608612, nan, 0.08016488701105118], 'val_fr_target_loss_50': [nan, nan, nan, nan, nan, 1.0810970067977905, nan, nan, nan, nan, nan, 0.8177764415740967, nan, nan, nan, nan, nan, nan, nan, 0.7727869749069214, nan, nan, nan, 0.6553243398666382, nan, nan, nan, 0.2998006045818329, nan, 0.2694275975227356], 'val_fr_curve_loss_1': [nan, nan, nan, nan, nan, 0.004688928835093975, nan, nan, nan, nan, nan, 0.00921325571835041, nan, nan, nan, nan, nan, nan, nan, 0.0028176731429994106, nan, nan, nan, 0.0017347171669825912, nan, nan, nan, 0.01697653904557228, nan, 0.02673370949923992], 'val_fr_curve_loss_2': [nan, nan, nan, nan, nan, 0.007262920029461384, nan, nan, nan, nan, nan, 0.010345607064664364, nan, nan, nan, nan, nan, nan, nan, 0.003690411103889346, nan, nan, nan, 0.002293594414368272, nan, nan, nan, 0.016036298125982285, nan, 0.023812338709831238], 'val_fr_curve_loss_3': [nan, nan, nan, nan, nan, 0.011230506002902985, nan, nan, nan, nan, nan, 0.01255644392222166, nan, nan, nan, nan, nan, nan, nan, 0.005206405650824308, nan, nan, nan, 0.0032331328839063644, nan, nan, nan, 0.01626872457563877, nan, 0.022772738710045815], 'val_fr_phase_loss_15': [nan, 0.15516038239002228, nan, 0.1259280890226364, nan, 0.10600922256708145], 'val_fr_phase_loss_20': [nan, 0.1535235345363617, nan, 0.19806507229804993, nan, 0.2075483649969101, nan, 0.15640783309936523], 'val_fr_phase_loss_30': [nan, 0.2553981840610504, nan, 0.26307106018066406], 'val_fr_phase_loss_40': [nan, 0.26637348532676697, nan, 0.22455516457557678], 'val_fr_phase_loss_50': [nan, 0.26162323355674744]}
Saved artifacts to: runs/tuning/study_lstm_lvl1/trial_0020
