--- Number of Windows for Train = 9880
--- Number of Windows for Val = 3040
--- Number of Windows for Test = 2280
--- Curriculum = [10, 15, 20, 25, 35, 45]
--- fr_curve Outsteps = [10, 20, 30]

--- Training: prova1 [LSTM/FC/STEP_WISE]  ---

======================================================================
   PHASE 1/6: teacher_forcing
   Epochs: 6
   Learning Rate: 5.987786286703925e-05
   Clipping Norm: 1.7254716573280358
   Horizon (train loss): 10
   Output timesteps (val_loss and fr_loss): 50
======================================================================

Epoch 1/20
309/309 ━━━━━━━━━━━━━━━━━━━━ 101s 299ms/step - mae: 0.6459 - loss: 0.7974 - val_loss: 0.6653
Epoch 2/20
309/309 ━━━━━━━━━━━━━━━━━━━━ 92s 297ms/step - mae: 0.5417 - loss: 0.5646 - val_loss: 0.4672 - val_fr_phase_loss_10: 0.5348
[Optuna] trial=0 epoch=2 val_fr_phase_loss_10=0.534834 | no history yet
Epoch 3/20
309/309 ━━━━━━━━━━━━━━━━━━━━ 87s 280ms/step - mae: 0.4630 - loss: 0.3830 - val_loss: 0.3405
Epoch 4/20
309/309 ━━━━━━━━━━━━━━━━━━━━ 91s 293ms/step - mae: 0.4081 - loss: 0.2828 - val_loss: 0.2652 - val_fr_phase_loss_10: 0.3480
[Optuna] trial=0 epoch=4 val_fr_phase_loss_10=0.348011 | no history yet
Epoch 5/20
309/309 ━━━━━━━━━━━━━━━━━━━━ 86s 280ms/step - mae: 0.3652 - loss: 0.2199 - val_loss: 0.2131
Epoch 6/20
309/309 ━━━━━━━━━━━━━━━━━━━━ 91s 294ms/step - mae: 0.3292 - loss: 0.1754 - val_loss: 0.1738 - val_fr_phase_loss_10: 0.2577 - val_fr_target_loss_50: 0.9503 - val_fr_curve_loss_10: 0.2644 - val_fr_curve_loss_20: 0.4362 - val_fr_curve_loss_30: 0.6272
[Optuna] trial=0 epoch=6 val_fr_phase_loss_10=0.257657 | no history yet

======================================================================
   PHASE 2/6: masked_modeling
   Mask Prob: 0.15
   Mask Scope: time
   Mask Mode: constant
   Mask Value: 0.2
   Noise Sigma: None
   Noise Replace: False
   Epochs: 4
   Learning Rate: 4.79022902936314e-05
   Clipping Norm: 1.5529244915952323
   Horizon (train loss): 15
   Output timesteps (val_loss and fr_loss): 50
======================================================================

Epoch 7/20
309/309 ━━━━━━━━━━━━━━━━━━━━ 91s 291ms/step - mae: 0.3176 - loss: 0.1592 - val_loss: 0.1615
Epoch 8/20
309/309 ━━━━━━━━━━━━━━━━━━━━ 93s 302ms/step - mae: 0.2949 - loss: 0.1349 - val_loss: 0.1394 - val_fr_phase_loss_15: 0.3213
[Optuna] trial=0 epoch=8 val_fr_phase_loss_15=0.321304 | no history yet
Epoch 9/20
309/309 ━━━━━━━━━━━━━━━━━━━━ 90s 290ms/step - mae: 0.2749 - loss: 0.1160 - val_loss: 0.1212
Epoch 10/20
309/309 ━━━━━━━━━━━━━━━━━━━━ 94s 303ms/step - mae: 0.2568 - loss: 0.1007 - val_loss: 0.1058 - val_fr_phase_loss_15: 0.2929 - val_fr_target_loss_50: 1.0791 - val_fr_curve_loss_10: 0.2016 - val_fr_curve_loss_20: 0.4046 - val_fr_curve_loss_30: 0.6374
[Optuna] trial=0 epoch=10 val_fr_phase_loss_15=0.292897 | no history yet

======================================================================
   PHASE 3/6: masked_modeling
   Mask Prob: 0.2
   Mask Scope: time
   Mask Mode: noise
   Mask Value: None
   Noise Sigma: 0.1
   Noise Replace: False
   Epochs: 4
   Learning Rate: 3.5926717720223546e-05
   Clipping Norm: 1.3803773258624288
   Horizon (train loss): 20
   Output timesteps (val_loss and fr_loss): 50
======================================================================

Epoch 11/20
309/309 ━━━━━━━━━━━━━━━━━━━━ 92s 296ms/step - mae: 0.2412 - loss: 0.0883 - val_loss: 0.0936
Epoch 12/20
309/309 ━━━━━━━━━━━━━━━━━━━━ 93s 303ms/step - mae: 0.2255 - loss: 0.0760 - val_loss: 0.0819 - val_fr_phase_loss_20: 0.3326
[Optuna] trial=0 epoch=12 val_fr_phase_loss_20=0.332574 | no history yet
Epoch 13/20
309/309 ━━━━━━━━━━━━━━━━━━━━ 90s 291ms/step - mae: 0.2110 - loss: 0.0661 - val_loss: 0.0717
Epoch 14/20
309/309 ━━━━━━━━━━━━━━━━━━━━ 93s 302ms/step - mae: 0.1976 - loss: 0.0576 - val_loss: 0.0629 - val_fr_phase_loss_20: 0.3250 - val_fr_target_loss_50: 0.9164 - val_fr_curve_loss_10: 0.1545 - val_fr_curve_loss_20: 0.3257 - val_fr_curve_loss_30: 0.5305
[Optuna] trial=0 epoch=14 val_fr_phase_loss_20=0.324975 | no history yet

======================================================================
   PHASE 4/6: scheduled_sampling
   Tf Ratio Start: 1.0
   Tf Ratio End: 0.4
   Per Feature: True
   Stop Grad Pred: True
   Ratio Mode: sigmoid
   Mid Point: 0.6
   Sharpness: 10.0
   Power Value: 2.0
   Epochs: 3
   Learning Rate: 4.1914504006927473e-05
   Clipping Norm: 1.3803773258624288
   Horizon (train loss): 25
   Output timesteps (val_loss and fr_loss): 50
======================================================================

Epoch 15/20
309/309 ━━━━━━━━━━━━━━━━━━━━ 92s 297ms/step - mae: 0.1839 - loss: 0.0503 - val_loss: 0.0545
Epoch 16/20
309/309 ━━━━━━━━━━━━━━━━━━━━ 96s 311ms/step - mae: 0.1709 - loss: 0.0513 - val_loss: 0.0472 - val_fr_phase_loss_25: 0.4112
[Optuna] trial=0 epoch=16 val_fr_phase_loss_25=0.411238 | no history yet
Epoch 17/20
309/309 ━━━━━━━━━━━━━━━━━━━━ 95s 308ms/step - mae: 0.1630 - loss: 0.0902 - val_loss: 0.0431 - val_fr_target_loss_50: 0.7939 - val_fr_curve_loss_10: 0.1293 - val_fr_curve_loss_20: 0.2796 - val_fr_curve_loss_30: 0.4569

======================================================================
   PHASE 5/6: full_autoregressive
   Gradient Through Time: False
   Epochs: 2
   Learning Rate: 2.9938931433519625e-05
   Clipping Norm: 1.2078301601296249
   Horizon (train loss): 35
   Output timesteps (val_loss and fr_loss): 50
======================================================================

Epoch 18/20
309/309 ━━━━━━━━━━━━━━━━━━━━ 87s 281ms/step - mae: 0.1879 - loss: 0.3971 - val_loss: 0.0573
Epoch 19/20
309/309 ━━━━━━━━━━━━━━━━━━━━ 93s 299ms/step - mae: 0.1887 - loss: 0.3689 - val_loss: 0.0578 - val_fr_phase_loss_35: 0.4166 - val_fr_target_loss_50: 0.5367 - val_fr_curve_loss_10: 0.1287 - val_fr_curve_loss_20: 0.2472 - val_fr_curve_loss_30: 0.3615
[Optuna] trial=0 epoch=19 val_fr_phase_loss_35=0.41655 | no history yet

======================================================================
   PHASE 6/6: full_autoregressive
   Gradient Through Time: True
   Epochs: 1
   Learning Rate: 1.7963358860111773e-05
   Clipping Norm: 1.0352829943968214
   Horizon (train loss): 45
   Output timesteps (val_loss and fr_loss): 50
======================================================================

Epoch 20/20
309/309 ━━━━━━━━━━━━━━━━━━━━ 91s 294ms/step - mae: 0.1988 - loss: 0.4161 - val_loss: 0.0641 - val_fr_target_loss_50: 0.4859 - val_fr_curve_loss_10: 0.1321 - val_fr_curve_loss_20: 0.2420 - val_fr_curve_loss_30: 0.3424
Final loss: 0.4161
Predicting all test samples in free_running mode...
  X shape: (2280, 200, 55)
  Y shape: (2280, 50, 55)
  Pred shape: (2280, 50, 55)

 step | target                | pred                  | abs_err
------|-----------------------|-----------------------|----------------------
   25 | [ 4.139746e-01  2.252291e+00  7.680922e-02 -1.082321e+00  1.330184e-01
 -2.749080e-01  6.398940e-01 -1.222357e+00  1.964076e+00  2.024013e-01
 -1.249584e+00  1.684962e-01  6.261574e-01  7.681609e-01 -1.833026e+00
  4.305243e-01 -6.649562e-01  3.213241e-02 -4.315943e-01 -9.406051e-01
 -3.335454e-01  8.885246e-01  1.287808e+00  7.899810e-01 -2.762157e-01
  1.005897e+00 -2.825402e-01 -5.396542e-01 -1.754732e-01  2.526159e-01
 -1.215466e+00 -7.651589e-01 -1.200358e-01  4.952903e-01 -4.308359e-01
 -7.325999e-01  1.170439e+00  1.235309e+00 -8.311886e-01 -7.979621e-01
 -9.821695e-01  2.076884e-01  3.238765e-01 -1.923588e-01 -4.145486e-01
 -3.828006e-01 -3.487313e-02  1.245124e-03  1.581712e-01  5.641804e-01
  2.155083e-01 -1.144052e-01 -1.354365e+00 -3.214316e-01 -1.550427e+00] | [ 0.44183   1.391254 -0.119293 -0.67651   0.005721 -0.293175  0.887701
 -0.86823   2.100957  0.444259 -1.056691  0.653904 -0.053682  0.358899
  0.126606 -1.177651  0.356502 -0.382713  0.609003 -0.640485 -0.195137
  0.736262  0.480757  0.751372 -0.340555  1.46608  -0.167289 -0.275135
 -0.133361  0.772344 -0.139828 -0.490629 -0.037693  0.89845  -0.818311
 -0.179176  0.370089  0.144648  0.427597 -0.559095 -0.832272  0.003396
  0.480581  0.150353  0.930804 -0.253364 -0.277927  0.247549  0.575217
 -0.009213 -0.458708 -0.037973 -1.019883 -0.32688  -1.045662] | [0.027855 0.861037 0.196102 0.405811 0.127297 0.018267 0.247807 0.354127
 0.136881 0.241858 0.192893 0.485408 0.679839 0.409262 1.959631 1.608175
 1.021458 0.414846 1.040597 0.30012  0.138409 0.152262 0.80705  0.038609
 0.064339 0.460183 0.115251 0.264519 0.042112 0.519729 1.075638 0.27453
 0.082343 0.40316  0.387475 0.553423 0.80035  1.090661 1.258786 0.238868
 0.149898 0.204293 0.156704 0.342712 1.345353 0.129437 0.243054 0.246304
 0.417046 0.573394 0.674217 0.076432 0.334483 0.005449 0.504765]
   26 | [ 0.433902  2.276946  0.062718 -1.073421  0.149295 -0.261739  0.66411
 -1.190588  1.970693  0.211786 -1.280325  0.091743  0.630177  0.811665
 -1.905444  0.590891 -0.648677  0.010101 -0.341095 -0.950394 -0.271225
  0.842781  1.340023  0.789891 -0.296955  0.983707 -0.332591 -0.535192
 -0.171397  0.217021 -1.236176 -0.75049  -0.169815  0.501318 -0.449502
 -0.772153  1.203705  1.218394 -0.873595 -0.731515 -1.003057  0.192291
  0.338178 -0.172599 -0.562203 -0.409968  0.071482 -0.035004  0.178969
  0.522649  0.281281 -0.172402 -1.38113  -0.280718 -1.561255] | [ 4.667902e-01  1.430229e+00 -1.265959e-01 -6.502450e-01  1.810987e-02
 -2.738232e-01  9.190675e-01 -8.627692e-01  2.121928e+00  4.725550e-01
 -1.096942e+00  6.522872e-01 -1.231941e-01  4.099586e-01  7.998622e-02
 -1.130389e+00  3.838225e-01 -4.252568e-01  6.728607e-01 -6.736116e-01
 -1.707431e-01  6.895021e-01  5.164289e-01  7.508931e-01 -3.590086e-01
  1.477780e+00 -1.936134e-01 -2.971548e-01 -1.130481e-01  8.000163e-01
 -9.873504e-02 -4.480978e-01 -5.900021e-02  9.060042e-01 -8.479937e-01
 -1.587715e-01  4.119649e-01  1.664023e-01  4.165623e-01 -5.388385e-01
 -8.491741e-01  1.429675e-03  4.886512e-01  1.742677e-01  8.602895e-01
 -2.713645e-01 -2.449590e-01  2.003605e-01  6.120879e-01 -3.364819e-02
 -4.357397e-01 -1.078132e-01 -1.048777e+00 -3.090708e-01 -1.084132e+00] | [0.032888 0.846717 0.189314 0.423176 0.131185 0.012085 0.254957 0.327819
 0.151235 0.260769 0.183383 0.560544 0.753371 0.401707 1.98543  1.721281
 1.0325   0.435358 1.013956 0.276783 0.100481 0.153279 0.823594 0.038998
 0.062053 0.494073 0.138977 0.238037 0.058349 0.582995 1.137441 0.302392
 0.110815 0.404686 0.398492 0.613382 0.79174  1.051992 1.290157 0.192676
 0.153882 0.190861 0.150473 0.346867 1.422492 0.138603 0.316441 0.235365
 0.433119 0.556297 0.717021 0.064588 0.332352 0.028352 0.477123]
   27 | [ 0.45137   2.29779   0.046898 -1.065959  0.163722 -0.251176  0.686906
 -1.158318  1.973541  0.218812 -1.306769  0.020961  0.635355  0.846673
 -1.973424  0.752938 -0.63128  -0.009811 -0.250043 -0.95588  -0.208485
  0.794828  1.389242  0.786713 -0.314912  0.961981 -0.384025 -0.528408
 -0.166389  0.176889 -1.255981 -0.733755 -0.216556  0.503603 -0.465744
 -0.812322  1.237801  1.200935 -0.913572 -0.661274 -1.020813  0.176508
  0.350492 -0.15451  -0.707661 -0.434216  0.179125 -0.073381  0.197581
  0.481679  0.341621 -0.226467 -1.405437 -0.237464 -1.567991] | [ 4.900183e-01  1.467520e+00 -1.338376e-01 -6.232691e-01  2.909226e-02
 -2.552407e-01  9.480877e-01 -8.585972e-01  2.140244e+00  4.983166e-01
 -1.134525e+00  6.524732e-01 -1.925836e-01  4.564033e-01  3.180267e-02
 -1.081764e+00  4.091534e-01 -4.655298e-01  7.336952e-01 -7.056024e-01
 -1.494863e-01  6.402369e-01  5.506899e-01  7.481609e-01 -3.753586e-01
  1.488464e+00 -2.201723e-01 -3.189037e-01 -9.289035e-02  8.248205e-01
 -5.851788e-02 -4.046511e-01 -7.856516e-02  9.113295e-01 -8.767252e-01
 -1.391596e-01  4.545327e-01  1.910664e-01  4.037245e-01 -5.154819e-01
 -8.648911e-01 -7.241387e-04  4.955043e-01  1.957397e-01  7.882090e-01
 -2.882496e-01 -2.113042e-01  1.515958e-01  6.453853e-01 -5.759867e-02
 -4.162656e-01 -1.767694e-01 -1.075391e+00 -2.902431e-01 -1.119859e+00] | [0.038649 0.830269 0.180736 0.44269  0.13463  0.004065 0.261182 0.299721
 0.166702 0.279505 0.172244 0.631512 0.827939 0.390269 2.005227 1.834702
 1.040433 0.455718 0.983738 0.250277 0.058999 0.154591 0.838552 0.038552
 0.060446 0.526483 0.163852 0.209505 0.073499 0.647931 1.197463 0.329104
 0.137991 0.407727 0.410981 0.673163 0.783268 1.009868 1.317296 0.145792
 0.155922 0.177232 0.145012 0.35025  1.49587  0.145966 0.390429 0.224977
 0.447804 0.539277 0.757887 0.049698 0.330045 0.052779 0.448133]
   28 | [ 0.466327  2.314783  0.029422 -1.059933  0.176249 -0.243234  0.708319
 -1.125542  1.97265   0.223477 -1.328843 -0.043589  0.641445  0.873025
 -2.036825  0.915869 -0.612772 -0.027353 -0.158771 -0.957077 -0.145636
  0.744967  1.435167  0.780424 -0.32991   0.940997 -0.436465 -0.519352
 -0.160183  0.132539 -1.274543 -0.714768 -0.260126  0.501926 -0.479514
 -0.852827  1.272629  1.183048 -0.950983 -0.587688 -1.035382  0.160153
  0.360566 -0.138091 -0.850494 -0.455552  0.287429 -0.113708  0.214089
  0.44125   0.396277 -0.27644  -1.427296 -0.191884 -1.570648] | [ 0.511264  1.502787 -0.141066 -0.5956    0.038594 -0.237514  0.974851
 -0.855695  2.1557    0.521363 -1.169201  0.654245 -0.261509  0.498147
 -0.017815 -1.031894  0.432343 -0.503248  0.791348 -0.736241 -0.131514
  0.588634  0.583292  0.743248 -0.389564  1.498118 -0.246707 -0.340316
 -0.072963  0.846669 -0.019424 -0.360635 -0.096339  0.914418 -0.904483
 -0.120443  0.497495  0.21829   0.389177 -0.489029 -0.879354 -0.003145
  0.50097   0.21476   0.714748 -0.303965 -0.177209  0.101353  0.675029
 -0.081049 -0.400463 -0.244597 -1.099554 -0.270484 -1.152587] | [0.044937 0.811996 0.170489 0.464333 0.137655 0.00572  0.266532 0.269846
 0.183049 0.297886 0.159642 0.697834 0.902954 0.374878 2.019009 1.947763
 1.045115 0.475896 0.950119 0.220836 0.014122 0.156332 0.851876 0.037176
 0.059653 0.557121 0.189758 0.179036 0.087219 0.71413  1.255119 0.354133
 0.163787 0.412492 0.42497  0.732384 0.775134 0.964758 1.34016  0.09866
 0.156029 0.163298 0.140404 0.352851 1.565242 0.151588 0.464638 0.215061
 0.460939 0.522298 0.79674  0.031843 0.327742 0.0786   0.418061]
   29 | [ 0.478732  2.32789   0.010362 -1.055353  0.186818 -0.237931  0.728378
 -1.09227   1.968046  0.225786 -1.346491 -0.1017    0.648197  0.890628
 -2.095523  1.078877 -0.593175 -0.042284 -0.067607 -0.95402  -0.082985
  0.693516  1.47754   0.771024 -0.341791  0.921028 -0.489508 -0.508082
 -0.152506  0.084329 -1.291529 -0.693373 -0.30041   0.496102 -0.49077
 -0.893374  1.308082  1.164834 -0.985713 -0.511238 -1.046716  0.143051
  0.368166 -0.123325 -0.990295 -0.473989  0.395794 -0.155784  0.228586
  0.401343  0.445038 -0.322183 -1.446722 -0.144214 -1.56925 ] | [ 0.530272  1.535695 -0.148344 -0.567284  0.046532 -0.220733  0.999452
 -0.854053  2.168095  0.541519 -1.200732  0.657401 -0.329624  0.535148
 -0.068721 -0.980904  0.45326  -0.53815   0.845687 -0.765297 -0.116937
  0.534879  0.614002  0.736241 -0.40159   1.506732 -0.272955 -0.361308
 -0.053329  0.865484  0.018333 -0.316395 -0.112277  0.915285 -0.931227
 -0.10269   0.540549  0.247736  0.373034 -0.459514 -0.892481 -0.005884
  0.504883  0.231333  0.640094 -0.318443 -0.142915  0.049738  0.70097
 -0.103962 -0.38847  -0.311053 -1.121093 -0.249866 -1.182073] | [0.051541 0.792195 0.158706 0.48807  0.140286 0.017198 0.271074 0.238217
 0.20005  0.315733 0.145759 0.759101 0.977821 0.35548  2.026802 2.059782
 1.046435 0.495866 0.913293 0.188724 0.033952 0.158637 0.863538 0.034783
 0.059799 0.585704 0.216553 0.146774 0.099176 0.781154 1.309862 0.376978
 0.188133 0.419183 0.440458 0.790683 0.767533 0.917098 1.358747 0.051724
 0.154236 0.148935 0.136717 0.354658 1.630389 0.155546 0.538709 0.205521
 0.472384 0.505305 0.833508 0.011129 0.325628 0.105652 0.387177]
model built: True
num weights: 38
{'mae': [0.6458970308303833, 0.541696310043335, 0.4630167484283447, 0.4080536365509033, 0.3651560842990875, 0.329231858253479, 0.31760790944099426, 0.29491010308265686, 0.27486950159072876, 0.25679415464401245, 0.24121461808681488, 0.225494846701622, 0.21097464859485626, 0.1975531280040741, 0.18388909101486206, 0.17093807458877563, 0.16300052404403687, 0.18791192770004272, 0.18866661190986633, 0.19877445697784424], 'loss': [0.7974007725715637, 0.5645580887794495, 0.38299116492271423, 0.2828417420387268, 0.21985836327075958, 0.17539677023887634, 0.1591845154762268, 0.1348743438720703, 0.11604021489620209, 0.10074227303266525, 0.08826325833797455, 0.07602254301309586, 0.06614766269922256, 0.05764045938849449, 0.050258103758096695, 0.051343243569135666, 0.09022539854049683, 0.39714646339416504, 0.3689367175102234, 0.4160509407520294], 'val_loss': [0.6652584075927734, 0.4671887457370758, 0.3404789865016937, 0.26518428325653076, 0.21314582228660583, 0.17384794354438782, 0.1615326702594757, 0.1393987387418747, 0.12119065225124359, 0.10583402961492538, 0.09363219887018204, 0.08188603073358536, 0.07173364609479904, 0.06294729560613632, 0.054548364132642746, 0.04722874239087105, 0.04312217980623245, 0.05733949691057205, 0.05781552195549011, 0.06407232582569122], 'val_fr_phase_loss_10': [nan, 0.5348336696624756, nan, 0.34801098704338074, nan, 0.25765717029571533], 'val_fr_target_loss_50': [nan, nan, nan, nan, nan, 0.950348973274231, nan, nan, nan, 1.0791382789611816, nan, nan, nan, 0.9163661599159241, nan, nan, 0.7938796281814575, nan, 0.5367110371589661, 0.4858602285385132], 'val_fr_curve_loss_10': [nan, nan, nan, nan, nan, 0.26444491744041443, nan, nan, nan, 0.20161691308021545, nan, nan, nan, 0.15452949702739716, nan, nan, 0.12928153574466705, nan, 0.12868629395961761, 0.13209043443202972], 'val_fr_curve_loss_20': [nan, nan, nan, nan, nan, 0.4362395107746124, nan, nan, nan, 0.4045571982860565, nan, nan, nan, 0.32569077610969543, nan, nan, 0.2796134054660797, nan, 0.24724598228931427, 0.2420370876789093], 'val_fr_curve_loss_30': [nan, nan, nan, nan, nan, 0.627199649810791, nan, nan, nan, 0.6373798847198486, nan, nan, nan, 0.5305348038673401, nan, nan, 0.4569474160671234, nan, 0.3614961802959442, 0.34236037731170654], 'val_fr_phase_loss_15': [nan, 0.3213042616844177, nan, 0.29289719462394714], 'val_fr_phase_loss_20': [nan, 0.33257412910461426, nan, 0.3249748945236206], 'val_fr_phase_loss_25': [nan, 0.4112376272678375, nan], 'val_fr_phase_loss_35': [nan, 0.41655033826828003], 'val_fr_phase_loss_45': [nan]}
Saved artifacts to: runs/tuning/step_wise_lstm_lvl1/trial_0000
