--- Number of Windows for Train = 9880
--- Number of Windows for Val = 3040
--- Number of Windows for Test = 2280
--- Curriculum = [10, 15, 20, 30, 40, 50]
--- fr_curve Outsteps = [1, 2, 3]

--- Training: prova1 [LSTM/FC/HYBRID]  ---

======================================================================
   PHASE 1/6: teacher_forcing
   Epochs: 6
   Learning Rate: 7.951980208879155e-06
   Clipping Norm: 1.8276027831785728
   Horizon (train loss): 10
   Output timesteps (val_loss and fr_loss): 50
======================================================================

Epoch 1/30
309/309 ━━━━━━━━━━━━━━━━━━━━ 27s 67ms/step - mae: 0.7388 - loss: 0.8766 - val_loss: 0.8564
Epoch 2/30
309/309 ━━━━━━━━━━━━━━━━━━━━ 31s 102ms/step - mae: 0.7199 - loss: 0.8352 - val_loss: 0.8145 - val_fr_phase_loss_10: 0.8424
[Optuna] trial=1 epoch=2 val_fr_phase_loss_10=0.84239 | median=0.358982 (n=1, p25=0.358982, p75=0.358982) | margin=+0.483408 (+134.66%)
Epoch 3/30
309/309 ━━━━━━━━━━━━━━━━━━━━ 24s 78ms/step - mae: 0.6969 - loss: 0.7875 - val_loss: 0.7654
Epoch 4/30
309/309 ━━━━━━━━━━━━━━━━━━━━ 29s 96ms/step - mae: 0.6723 - loss: 0.7351 - val_loss: 0.7148 - val_fr_phase_loss_10: 0.7552
[Optuna] trial=1 epoch=4 val_fr_phase_loss_10=0.75522 | median=0.188802 (n=1, p25=0.188802, p75=0.188802) | margin=+0.566418 (+300.01%)
Epoch 5/30
309/309 ━━━━━━━━━━━━━━━━━━━━ 31s 102ms/step - mae: 0.6485 - loss: 0.6839 - val_loss: 0.6670
Epoch 6/30
309/309 ━━━━━━━━━━━━━━━━━━━━ 31s 100ms/step - mae: 0.6255 - loss: 0.6357 - val_loss: 0.6215 - val_fr_phase_loss_10: 0.6710 - val_fr_target_loss_50: 0.9455 - val_fr_curve_loss_1: 0.6755 - val_fr_curve_loss_2: 0.6697 - val_fr_curve_loss_3: 0.6668
[Optuna] trial=1 epoch=6 val_fr_phase_loss_10=0.67096 | median=0.132426 (n=1, p25=0.132426, p75=0.132426) | margin=+0.538534 (+406.67%)

======================================================================
   PHASE 2/6: masked_modeling
   Mask Prob: 0.15
   Mask Scope: time
   Mask Mode: constant
   Mask Value: 0.2
   Noise Sigma: None
   Noise Replace: False
   Epochs: 6
   Learning Rate: 6.361584167103324e-06
   Clipping Norm: 1.6448425048607156
   Horizon (train loss): 15
   Output timesteps (val_loss and fr_loss): 50
======================================================================

Epoch 7/30
309/309 ━━━━━━━━━━━━━━━━━━━━ 14s 46ms/step - mae: 0.6079 - loss: 0.6020 - val_loss: 0.5873
Epoch 8/30
309/309 ━━━━━━━━━━━━━━━━━━━━ 22s 71ms/step - mae: 0.5881 - loss: 0.5636 - val_loss: 0.5496 - val_fr_phase_loss_15: 0.6485
[Optuna] trial=1 epoch=8 val_fr_phase_loss_15=0.648545 | median=0.214251 (n=1, p25=0.214251, p75=0.214251) | margin=+0.434294 (+202.70%)
Epoch 9/30
309/309 ━━━━━━━━━━━━━━━━━━━━ 13s 41ms/step - mae: 0.5673 - loss: 0.5232 - val_loss: 0.5110
Epoch 10/30
309/309 ━━━━━━━━━━━━━━━━━━━━ 17s 55ms/step - mae: 0.5479 - loss: 0.4835 - val_loss: 0.4761 - val_fr_phase_loss_15: 0.5884
[Optuna] trial=1 epoch=10 val_fr_phase_loss_15=0.588407 | median=0.204694 (n=1, p25=0.204694, p75=0.204694) | margin=+0.383713 (+187.46%)
Epoch 11/30
309/309 ━━━━━━━━━━━━━━━━━━━━ 13s 41ms/step - mae: 0.5305 - loss: 0.4489 - val_loss: 0.4461
Epoch 12/30
309/309 ━━━━━━━━━━━━━━━━━━━━ 17s 55ms/step - mae: 0.5148 - loss: 0.4197 - val_loss: 0.4199 - val_fr_phase_loss_15: 0.5403 - val_fr_target_loss_50: 0.9415 - val_fr_curve_loss_1: 0.5185 - val_fr_curve_loss_2: 0.5024 - val_fr_curve_loss_3: 0.4927
[Optuna] trial=1 epoch=12 val_fr_phase_loss_15=0.540276 | median=0.196588 (n=1, p25=0.196588, p75=0.196588) | margin=+0.343688 (+174.83%)

======================================================================
   PHASE 3/6: scheduled_sampling
   Tf Ratio Start: 1.0
   Tf Ratio End: 0.35
   Per Feature: True
   Stop Grad Pred: True
   Ratio Mode: sigmoid
   Mid Point: 0.6
   Sharpness: 10.0
   Power Value: 2.0
   Epochs: 8
   Learning Rate: 5.566386146215408e-06
   Clipping Norm: 1.553462365701787
   Horizon (train loss): 20
   Output timesteps (val_loss and fr_loss): 50
======================================================================

Epoch 13/30
309/309 ━━━━━━━━━━━━━━━━━━━━ 165s 536ms/step - mae: 0.5059 - loss: 0.3984 - val_loss: 0.4056
Epoch 14/30
309/309 ━━━━━━━━━━━━━━━━━━━━ 210s 562ms/step - mae: 0.4942 - loss: 0.3782 - val_loss: 0.3870 - val_fr_phase_loss_20: 0.5603
[Optuna] trial=1 epoch=14 val_fr_phase_loss_20=0.560257 | median=0.220636 (n=1, p25=0.220636, p75=0.220636) | margin=+0.339621 (+153.93%)
Epoch 15/30
309/309 ━━━━━━━━━━━━━━━━━━━━ 166s 536ms/step - mae: 0.4834 - loss: 0.3615 - val_loss: 0.3703
Epoch 16/30
309/309 ━━━━━━━━━━━━━━━━━━━━ 169s 548ms/step - mae: 0.4733 - loss: 0.3501 - val_loss: 0.3551 - val_fr_phase_loss_20: 0.5335
[Optuna] trial=1 epoch=16 val_fr_phase_loss_20=0.533544 | median=0.218661 (n=1, p25=0.218661, p75=0.218661) | margin=+0.314883 (+144.00%)
Epoch 17/30
309/309 ━━━━━━━━━━━━━━━━━━━━ 165s 534ms/step - mae: 0.4643 - loss: 0.3498 - val_loss: 0.3418
Epoch 18/30
309/309 ━━━━━━━━━━━━━━━━━━━━ 168s 544ms/step - mae: 0.4567 - loss: 0.3600 - val_loss: 0.3310 - val_fr_phase_loss_20: 0.4989
[Optuna] trial=1 epoch=18 val_fr_phase_loss_20=0.498905 | median=0.20933 (n=1, p25=0.20933, p75=0.20933) | margin=+0.289575 (+138.33%)
Epoch 19/30
309/309 ━━━━━━━━━━━━━━━━━━━━ 164s 530ms/step - mae: 0.4500 - loss: 0.3632 - val_loss: 0.3216
Epoch 20/30
309/309 ━━━━━━━━━━━━━━━━━━━━ 168s 543ms/step - mae: 0.4437 - loss: 0.3578 - val_loss: 0.3127 - val_fr_phase_loss_20: 0.4721 - val_fr_target_loss_50: 0.7758 - val_fr_curve_loss_1: 0.4188 - val_fr_curve_loss_2: 0.4006 - val_fr_curve_loss_3: 0.3896
[Optuna] trial=1 epoch=20 val_fr_phase_loss_20=0.472134 | median=0.200155 (n=1, p25=0.200155, p75=0.200155) | margin=+0.271979 (+135.88%)

======================================================================
   PHASE 4/6: masked_modeling
   Mask Prob: 0.2
   Mask Scope: time
   Mask Mode: noise
   Mask Value: None
   Noise Sigma: 0.1
   Noise Replace: False
   Epochs: 4
   Learning Rate: 4.771188125327493e-06
   Clipping Norm: 1.4620822265428584
   Horizon (train loss): 30
   Output timesteps (val_loss and fr_loss): 50
======================================================================

Epoch 21/30
309/309 ━━━━━━━━━━━━━━━━━━━━ 13s 40ms/step - mae: 0.4434 - loss: 0.3000 - val_loss: 0.3118
Epoch 22/30
309/309 ━━━━━━━━━━━━━━━━━━━━ 17s 55ms/step - mae: 0.4353 - loss: 0.2875 - val_loss: 0.3006 - val_fr_phase_loss_30: 0.6039
[Optuna] trial=1 epoch=22 val_fr_phase_loss_30=0.603891 | median=0.404999 (n=1, p25=0.404999, p75=0.404999) | margin=+0.198892 (+49.11%)
Epoch 23/30
309/309 ━━━━━━━━━━━━━━━━━━━━ 13s 41ms/step - mae: 0.4278 - loss: 0.2770 - val_loss: 0.2904
Epoch 24/30
309/309 ━━━━━━━━━━━━━━━━━━━━ 17s 55ms/step - mae: 0.4206 - loss: 0.2673 - val_loss: 0.2807 - val_fr_phase_loss_30: 0.5989 - val_fr_target_loss_50: 0.8499 - val_fr_curve_loss_1: 0.3903 - val_fr_curve_loss_2: 0.3724 - val_fr_curve_loss_3: 0.3621
[Optuna] trial=1 epoch=24 val_fr_phase_loss_30=0.598865 | median=0.412592 (n=1, p25=0.412592, p75=0.412592) | margin=+0.186273 (+45.15%)

======================================================================
   PHASE 5/6: full_autoregressive
   Gradient Through Time: False
   Epochs: 4
   Learning Rate: 3.975990104439577e-06
   Clipping Norm: 1.3707020873839295
   Horizon (train loss): 40
   Output timesteps (val_loss and fr_loss): 50
======================================================================

Epoch 25/30
309/309 ━━━━━━━━━━━━━━━━━━━━ 160s 518ms/step - mae: 0.4500 - loss: 0.5956 - val_loss: 0.3228
Epoch 26/30
309/309 ━━━━━━━━━━━━━━━━━━━━ 167s 541ms/step - mae: 0.4529 - loss: 0.5574 - val_loss: 0.3275 - val_fr_phase_loss_40: 0.5809
[Optuna] trial=1 epoch=26 val_fr_phase_loss_40=0.580904 | median=0.396035 (n=1, p25=0.396035, p75=0.396035) | margin=+0.184869 (+46.68%)
Epoch 27/30
309/309 ━━━━━━━━━━━━━━━━━━━━ 153s 496ms/step - mae: 0.4532 - loss: 0.5475 - val_loss: 0.3280
Epoch 28/30
309/309 ━━━━━━━━━━━━━━━━━━━━ 162s 524ms/step - mae: 0.4524 - loss: 0.5410 - val_loss: 0.3271 - val_fr_phase_loss_40: 0.5683 - val_fr_target_loss_50: 0.6292 - val_fr_curve_loss_1: 0.3797 - val_fr_curve_loss_2: 0.3609 - val_fr_curve_loss_3: 0.3501
[Optuna] trial=1 epoch=28 val_fr_phase_loss_40=0.568309 | median=0.380907 (n=1, p25=0.380907, p75=0.380907) | margin=+0.187401 (+49.20%)

======================================================================
   PHASE 6/6: full_autoregressive
   Gradient Through Time: True
   Epochs: 2
   Learning Rate: 2.3855940626637464e-06
   Clipping Norm: 1.0965616699071437
   Horizon (train loss): 50
   Output timesteps (val_loss and fr_loss): 50
======================================================================

Epoch 29/30
309/309 ━━━━━━━━━━━━━━━━━━━━ 153s 495ms/step - mae: 0.4632 - loss: 0.5754 - val_loss: 0.3429
Epoch 30/30
309/309 ━━━━━━━━━━━━━━━━━━━━ 158s 511ms/step - mae: 0.4626 - loss: 0.5658 - val_loss: 0.3421 - val_fr_phase_loss_50: 0.5961 - val_fr_target_loss_50: 0.6096 - val_fr_curve_loss_1: 0.3820 - val_fr_curve_loss_2: 0.3637 - val_fr_curve_loss_3: 0.3532
[Optuna] trial=1 epoch=30 val_fr_phase_loss_50=0.596073 | median=0.411301 (n=1, p25=0.411301, p75=0.411301) | margin=+0.184772 (+44.92%)
Final loss: 0.5658
Predicting all test samples in free_running mode...
  X shape: (2280, 200, 36)
  Y shape: (2280, 50, 36)
  Pred shape: (2280, 50, 36)

 step | target                | pred                  | abs_err
------|-----------------------|-----------------------|----------------------
   25 | [ 0.413975  2.252291  0.076809 -1.082321  0.133018 -0.274908  0.639894
 -1.222357 -1.249584  0.168496  0.626157  0.768161 -1.833026  0.430524
 -0.664956 -0.940605 -0.333545  0.888525  1.287808  0.789981 -0.276216
 -0.539654 -0.175473  0.252616 -1.215466 -0.765159 -0.430836 -0.7326
  1.170439  1.235309 -0.98217   0.207688  0.323877 -0.382801 -0.034873
  0.56418 ] | [ 0.636564  0.98343   0.240244 -0.032878  0.168015 -0.51332   0.798963
 -0.006124 -0.68684   0.632844 -0.092906  0.354986  0.557155 -0.804771
 -0.206855 -0.50361  -0.394465  0.176511 -0.182017 -0.188578 -0.535401
 -0.1491   -0.114428  0.341414 -0.515885 -0.215674 -0.238637 -0.498558
  0.236903  0.525783 -0.004248  0.257395  0.370619 -0.444364  0.356396
 -0.324725] | [0.22259  1.268861 0.163434 1.049443 0.034997 0.238412 0.159069 1.216233
 0.562744 0.464348 0.719064 0.413175 2.390181 1.235296 0.458101 0.436995
 0.060919 0.712013 1.469825 0.978559 0.259185 0.390555 0.061045 0.088798
 0.699581 0.549485 0.192199 0.234041 0.933536 0.709525 0.977921 0.049706
 0.046743 0.061563 0.391269 0.888906]
   26 | [ 0.433902  2.276946  0.062718 -1.073421  0.149295 -0.261739  0.66411
 -1.190588 -1.280325  0.091743  0.630177  0.811665 -1.905444  0.590891
 -0.648677 -0.950394 -0.271225  0.842781  1.340023  0.789891 -0.296955
 -0.535192 -0.171397  0.217021 -1.236176 -0.75049  -0.449502 -0.772153
  1.203705  1.218394 -1.003057  0.192291  0.338178 -0.409968  0.071482
  0.522649] | [ 6.319765e-01  9.658510e-01  2.531129e-01 -1.514143e-04  1.822179e-01
 -4.636068e-01  7.972221e-01 -1.219396e-02 -7.044369e-01  6.449992e-01
 -1.422518e-01  3.455458e-01  5.322524e-01 -7.724820e-01 -2.074157e-01
 -5.045131e-01 -3.976132e-01  1.184685e-01 -1.840087e-01 -1.934327e-01
 -5.391861e-01 -1.734412e-01 -1.230254e-01  3.041834e-01 -4.915285e-01
 -1.879491e-01 -2.639825e-01 -4.690285e-01  2.327293e-01  5.247917e-01
 -3.217247e-02  2.877547e-01  3.369981e-01 -4.576731e-01  3.426626e-01
 -3.654199e-01] | [1.980741e-01 1.311095e+00 1.903947e-01 1.073270e+00 3.292315e-02
 2.018682e-01 1.331119e-01 1.178394e+00 5.758884e-01 5.532561e-01
 7.724289e-01 4.661193e-01 2.437696e+00 1.363373e+00 4.412617e-01
 4.458813e-01 1.263886e-01 7.243122e-01 1.524032e+00 9.833236e-01
 2.422306e-01 3.617510e-01 4.837157e-02 8.716200e-02 7.446478e-01
 5.625407e-01 1.855196e-01 3.031248e-01 9.709756e-01 6.936023e-01
 9.708841e-01 9.546383e-02 1.179665e-03 4.770559e-02 2.711804e-01
 8.880688e-01]
   27 | [ 0.45137   2.29779   0.046898 -1.065959  0.163722 -0.251176  0.686906
 -1.158318 -1.306769  0.020961  0.635355  0.846673 -1.973424  0.752938
 -0.63128  -0.95588  -0.208485  0.794828  1.389242  0.786713 -0.314912
 -0.528408 -0.166389  0.176889 -1.255981 -0.733755 -0.465744 -0.812322
  1.237801  1.200935 -1.020813  0.176508  0.350492 -0.434216  0.179125
  0.481679] | [ 0.626242  0.947759  0.26305   0.025069  0.197674 -0.421118  0.793203
 -0.017823 -0.722141  0.648042 -0.183123  0.331941  0.501919 -0.740196
 -0.209463 -0.500027 -0.406373  0.058292 -0.185721 -0.200233 -0.538702
 -0.198909 -0.129347  0.264778 -0.469185 -0.160746 -0.28689  -0.439483
  0.223135  0.519059 -0.059755  0.310151  0.302681 -0.466571  0.329008
 -0.397103] | [0.174872 1.350031 0.216152 1.091028 0.033952 0.169942 0.106297 1.140495
 0.584628 0.627081 0.818478 0.514732 2.475343 1.493134 0.421817 0.455852
 0.197888 0.736536 1.574963 0.986947 0.22379  0.329499 0.037043 0.087889
 0.786796 0.573008 0.178854 0.37284  1.014666 0.681876 0.961058 0.133643
 0.047812 0.032355 0.149884 0.878782]
   28 | [ 0.466327  2.314783  0.029422 -1.059933  0.176249 -0.243234  0.708319
 -1.125542 -1.328843 -0.043589  0.641445  0.873025 -2.036825  0.915869
 -0.612772 -0.957077 -0.145636  0.744967  1.435167  0.780424 -0.32991
 -0.519352 -0.160183  0.132539 -1.274543 -0.714768 -0.479514 -0.852827
  1.272629  1.183048 -1.035382  0.160153  0.360566 -0.455552  0.287429
  0.44125 ] | [ 0.621876  0.925077  0.27366   0.044887  0.215122 -0.381866  0.787671
 -0.021348 -0.734078  0.648613 -0.219655  0.31666   0.470371 -0.708008
 -0.208463 -0.493508 -0.415877  0.001218 -0.1856   -0.209676 -0.536982
 -0.222959 -0.1348    0.228468 -0.445291 -0.130391 -0.311169 -0.409934
  0.213592  0.512763 -0.086538  0.327214  0.26452  -0.471036  0.314166
 -0.424999] | [0.155548 1.389706 0.244238 1.10482  0.038873 0.138632 0.079352 1.104194
 0.594765 0.692202 0.8611   0.556366 2.507195 1.623877 0.40431  0.46357
 0.270241 0.743749 1.620767 0.990101 0.207071 0.296393 0.025383 0.095929
 0.829252 0.584376 0.168345 0.442893 1.059038 0.670285 0.948844 0.167061
 0.096046 0.015483 0.026737 0.866249]
   29 | [ 0.478732  2.32789   0.010362 -1.055353  0.186818 -0.237931  0.728378
 -1.09227  -1.346491 -0.1017    0.648197  0.890628 -2.095523  1.078877
 -0.593175 -0.95402  -0.082985  0.693516  1.47754   0.771024 -0.341791
 -0.508082 -0.152506  0.084329 -1.291529 -0.693373 -0.49077  -0.893374
  1.308082  1.164834 -1.046716  0.143051  0.368166 -0.473989  0.395794
  0.401343] | [ 0.615585  0.900879  0.284648  0.062334  0.232456 -0.343313  0.782418
 -0.025701 -0.742755  0.647886 -0.253907  0.300142  0.438255 -0.677591
 -0.208531 -0.485988 -0.429149 -0.054514 -0.185979 -0.220344 -0.532384
 -0.246909 -0.140234  0.191229 -0.421387 -0.097645 -0.335705 -0.381212
  0.203     0.507487 -0.114277  0.341141  0.223291 -0.474859  0.298502
 -0.450857] | [1.368532e-01 1.427011e+00 2.742864e-01 1.117688e+00 4.563798e-02
 1.053822e-01 5.403984e-02 1.066569e+00 6.037361e-01 7.495863e-01
 9.021034e-01 5.904860e-01 2.533778e+00 1.756468e+00 3.846434e-01
 4.680319e-01 3.461643e-01 7.480299e-01 1.663520e+00 9.913680e-01
 1.905928e-01 2.611731e-01 1.227137e-02 1.069000e-01 8.701423e-01
 5.957276e-01 1.550645e-01 5.121622e-01 1.105082e+00 6.573464e-01
 9.324398e-01 1.980898e-01 1.448753e-01 8.698404e-04 9.729192e-02
 8.522002e-01]
model built: True
num weights: 38
{'mae': [0.7387691140174866, 0.7198536992073059, 0.6968610286712646, 0.6722909808158875, 0.6485105156898499, 0.6254510283470154, 0.6078958511352539, 0.5880980491638184, 0.5673231482505798, 0.5478574633598328, 0.530514121055603, 0.5148056745529175, 0.5058898329734802, 0.49417635798454285, 0.48336362838745117, 0.47329676151275635, 0.4642525911331177, 0.45671001076698303, 0.4500439763069153, 0.4436618685722351, 0.44338756799697876, 0.43533268570899963, 0.4278189539909363, 0.4205901622772217, 0.44997555017471313, 0.4529450535774231, 0.453154057264328, 0.4523678421974182, 0.46316564083099365, 0.4625738561153412], 'loss': [0.8766037225723267, 0.8351868987083435, 0.7875427007675171, 0.7350594997406006, 0.6838932037353516, 0.6357473731040955, 0.6019924283027649, 0.563552975654602, 0.523158073425293, 0.48351413011550903, 0.44886845350265503, 0.41967684030532837, 0.3983948230743408, 0.3781707286834717, 0.36146312952041626, 0.3500514626502991, 0.3497951328754425, 0.3599516451358795, 0.3632233738899231, 0.35781151056289673, 0.29999688267707825, 0.2874668538570404, 0.27696532011032104, 0.2672591209411621, 0.595609188079834, 0.5574082136154175, 0.5475142002105713, 0.5410049557685852, 0.5753961205482483, 0.5658339858055115], 'val_loss': [0.8564258217811584, 0.8144618272781372, 0.765373945236206, 0.7148131728172302, 0.6670434474945068, 0.6215211749076843, 0.5873004794120789, 0.5495783686637878, 0.5109800696372986, 0.4760642647743225, 0.44606757164001465, 0.4199322760105133, 0.40555480122566223, 0.387001633644104, 0.3702787160873413, 0.35508668422698975, 0.3417911231517792, 0.3309735655784607, 0.3215695321559906, 0.31266358494758606, 0.31179699301719666, 0.30058377981185913, 0.2903628349304199, 0.28072381019592285, 0.3228280246257782, 0.32750627398490906, 0.32803580164909363, 0.32706552743911743, 0.3429100811481476, 0.34206023812294006], 'val_fr_phase_loss_10': [nan, 0.8423903584480286, nan, 0.7552199363708496, nan, 0.670960009098053], 'val_fr_target_loss_50': [nan, nan, nan, nan, nan, 0.9455192685127258, nan, nan, nan, nan, nan, 0.9415316581726074, nan, nan, nan, nan, nan, nan, nan, 0.7757542729377747, nan, nan, nan, 0.8499068021774292, nan, nan, nan, 0.6291903853416443, nan, 0.6096189022064209], 'val_fr_curve_loss_1': [nan, nan, nan, nan, nan, 0.6755229234695435, nan, nan, nan, nan, nan, 0.5185020565986633, nan, nan, nan, nan, nan, nan, nan, 0.41877037286758423, nan, nan, nan, 0.39034563302993774, nan, nan, nan, 0.3796902596950531, nan, 0.3819825053215027], 'val_fr_curve_loss_2': [nan, nan, nan, nan, nan, 0.6697484850883484, nan, nan, nan, nan, nan, 0.5024144649505615, nan, nan, nan, nan, nan, nan, nan, 0.40055906772613525, nan, nan, nan, 0.37243974208831787, nan, nan, nan, 0.3608842194080353, nan, 0.36368075013160706], 'val_fr_curve_loss_3': [nan, nan, nan, nan, nan, 0.6668083667755127, nan, nan, nan, nan, nan, 0.49265435338020325, nan, nan, nan, nan, nan, nan, nan, 0.3895924687385559, nan, nan, nan, 0.3621270954608917, nan, nan, nan, 0.35006198287010193, nan, 0.3531695604324341], 'val_fr_phase_loss_15': [nan, 0.6485450863838196, nan, 0.588407039642334, nan, 0.5402764678001404], 'val_fr_phase_loss_20': [nan, 0.5602571368217468, nan, 0.5335444211959839, nan, 0.49890515208244324, nan, 0.4721337556838989], 'val_fr_phase_loss_30': [nan, 0.6038907170295715, nan, 0.5988645553588867], 'val_fr_phase_loss_40': [nan, 0.5809040069580078, nan, 0.5683087110519409], 'val_fr_phase_loss_50': [nan, 0.5960730910301208]}
Saved artifacts to: runs/tuning/study_lstm_lvl1/trial_0001
