--- Number of Windows for Train = 9880
--- Number of Windows for Val = 3040
--- Number of Windows for Test = 2280
--- Curriculum = [10, 15, 20, 30, 40, 50]
--- fr_curve Outsteps = [1, 2, 3]

--- Training: prova1 [LSTM/FC/HYBRID]  ---

======================================================================
   PHASE 1/6: teacher_forcing
   Epochs: 6
   Learning Rate: 0.0008863333730633796
   Clipping Norm: 0.7240909531615061
   Horizon (train loss): 10
   Output timesteps (val_loss and fr_loss): 50
======================================================================

Epoch 1/30
309/309 ━━━━━━━━━━━━━━━━━━━━ 19s 40ms/step - mae: 0.1192 - loss: 0.1370 - val_loss: 0.0230
Epoch 2/30
309/309 ━━━━━━━━━━━━━━━━━━━━ 18s 58ms/step - mae: 0.0751 - loss: 0.0127 - val_loss: 0.0091 - val_fr_phase_loss_10: 0.1012
[Optuna] trial=17 epoch=2 val_fr_phase_loss_10=0.101168 | median=0.145408 (n=13, p25=0.100464, p75=0.203407) | margin=-0.044241 (-30.43%)
Epoch 3/30
309/309 ━━━━━━━━━━━━━━━━━━━━ 12s 37ms/step - mae: 0.0591 - loss: 0.0060 - val_loss: 0.0056
Epoch 4/30
309/309 ━━━━━━━━━━━━━━━━━━━━ 18s 59ms/step - mae: 0.0503 - loss: 0.0039 - val_loss: 0.0041 - val_fr_phase_loss_10: 0.1135
[Optuna] trial=17 epoch=4 val_fr_phase_loss_10=0.113547 | median=0.110696 (n=13, p25=0.0864305, p75=0.121161) | margin=+0.00285095 (+2.58%)
Epoch 5/30
309/309 ━━━━━━━━━━━━━━━━━━━━ 12s 38ms/step - mae: 0.0457 - loss: 0.0031 - val_loss: 0.0034
Epoch 6/30
309/309 ━━━━━━━━━━━━━━━━━━━━ 19s 60ms/step - mae: 0.0426 - loss: 0.0026 - val_loss: 0.0029 - val_fr_phase_loss_10: 0.1366 - val_fr_target_loss_50: 1.2033 - val_fr_curve_loss_1: 0.0036 - val_fr_curve_loss_2: 0.0072 - val_fr_curve_loss_3: 0.0132
[Optuna] trial=17 epoch=6 val_fr_phase_loss_10=0.136631 | median=0.110551 (n=13, p25=0.0641205, p75=0.132426) | margin=+0.0260797 (+23.59%)

======================================================================
   PHASE 2/6: masked_modeling
   Mask Prob: 0.15
   Mask Scope: time
   Mask Mode: constant
   Mask Value: 0.2
   Noise Sigma: None
   Noise Replace: False
   Epochs: 6
   Learning Rate: 0.0007090666984507037
   Clipping Norm: 0.6516818578453555
   Horizon (train loss): 15
   Output timesteps (val_loss and fr_loss): 50
======================================================================

Epoch 7/30
309/309 ━━━━━━━━━━━━━━━━━━━━ 12s 38ms/step - mae: 0.1227 - loss: 0.0339 - val_loss: 0.0243
Epoch 8/30
309/309 ━━━━━━━━━━━━━━━━━━━━ 19s 60ms/step - mae: 0.1093 - loss: 0.0221 - val_loss: 0.0195 - val_fr_phase_loss_15: 0.1655
[Optuna] trial=17 epoch=8 val_fr_phase_loss_15=0.16552 | median=0.162625 (n=13, p25=0.148594, p75=0.225985) | margin=+0.00289522 (+1.78%)
Epoch 9/30
309/309 ━━━━━━━━━━━━━━━━━━━━ 12s 39ms/step - mae: 0.0966 - loss: 0.0167 - val_loss: 0.0154
Epoch 10/30
309/309 ━━━━━━━━━━━━━━━━━━━━ 19s 60ms/step - mae: 0.0892 - loss: 0.0133 - val_loss: 0.0134 - val_fr_phase_loss_15: 0.1404
[Optuna] trial=17 epoch=10 val_fr_phase_loss_15=0.140385 | median=0.13553 (n=13, p25=0.12608, p75=0.202414) | margin=+0.00485523 (+3.58%)
Epoch 11/30
309/309 ━━━━━━━━━━━━━━━━━━━━ 12s 38ms/step - mae: 0.0828 - loss: 0.0111 - val_loss: 0.0116
Epoch 12/30
309/309 ━━━━━━━━━━━━━━━━━━━━ 18s 59ms/step - mae: 0.0769 - loss: 0.0094 - val_loss: 0.0102 - val_fr_phase_loss_15: 0.1380 - val_fr_target_loss_50: 0.9438 - val_fr_curve_loss_1: 0.0073 - val_fr_curve_loss_2: 0.0093 - val_fr_curve_loss_3: 0.0126
[Optuna] trial=17 epoch=12 val_fr_phase_loss_15=0.137978 | median=0.13067 (n=13, p25=0.114385, p75=0.178624) | margin=+0.00730799 (+5.59%)

======================================================================
   PHASE 3/6: scheduled_sampling
   Tf Ratio Start: 1.0
   Tf Ratio End: 0.35
   Per Feature: True
   Stop Grad Pred: True
   Ratio Mode: sigmoid
   Mid Point: 0.6
   Sharpness: 10.0
   Power Value: 2.0
   Epochs: 8
   Learning Rate: 0.0006204333611443657
   Clipping Norm: 0.6154773101872801
   Horizon (train loss): 20
   Output timesteps (val_loss and fr_loss): 50
======================================================================

Epoch 13/30
309/309 ━━━━━━━━━━━━━━━━━━━━ 167s 541ms/step - mae: 0.0427 - loss: 0.0035 - val_loss: 0.0030
Epoch 14/30
309/309 ━━━━━━━━━━━━━━━━━━━━ 177s 572ms/step - mae: 0.0347 - loss: 0.0017 - val_loss: 0.0020 - val_fr_phase_loss_20: 0.2383
[Optuna] trial=17 epoch=14 val_fr_phase_loss_20=0.238269 | median=0.216626 (n=13, p25=0.137085, p75=0.229331) | margin=+0.0216426 (+9.99%)
Epoch 15/30
309/309 ━━━━━━━━━━━━━━━━━━━━ 168s 545ms/step - mae: 0.0308 - loss: 0.0012 - val_loss: 0.0016
Epoch 16/30
309/309 ━━━━━━━━━━━━━━━━━━━━ 174s 562ms/step - mae: 0.0288 - loss: 0.0013 - val_loss: 0.0014 - val_fr_phase_loss_20: 0.2962
[Optuna] trial=17 epoch=16 val_fr_phase_loss_20=0.296176 | median=0.23019 (n=13, p25=0.152887, p75=0.284398) | margin=+0.0659866 (+28.67%)
Epoch 17/30
309/309 ━━━━━━━━━━━━━━━━━━━━ 169s 547ms/step - mae: 0.0377 - loss: 0.0032 - val_loss: 0.0023
Epoch 18/30
309/309 ━━━━━━━━━━━━━━━━━━━━ 173s 560ms/step - mae: 0.0437 - loss: 0.0128 - val_loss: 0.0032 - val_fr_phase_loss_20: 0.2675
[Optuna] trial=17 epoch=18 val_fr_phase_loss_20=0.2675 | median=0.233696 (n=13, p25=0.180509, p75=0.250221) | margin=+0.0338041 (+14.47%)
Epoch 19/30
309/309 ━━━━━━━━━━━━━━━━━━━━ 166s 537ms/step - mae: 0.0527 - loss: 0.0209 - val_loss: 0.0046
Epoch 20/30
309/309 ━━━━━━━━━━━━━━━━━━━━ 173s 559ms/step - mae: 0.0476 - loss: 0.0202 - val_loss: 0.0038 - val_fr_phase_loss_20: 0.2122 - val_fr_target_loss_50: 0.8967 - val_fr_curve_loss_1: 0.0041 - val_fr_curve_loss_2: 0.0054 - val_fr_curve_loss_3: 0.0076
[Optuna] trial=17 epoch=20 val_fr_phase_loss_20=0.212188 | median=0.200155 (n=13, p25=0.149844, p75=0.216077) | margin=+0.0120335 (+6.01%)

======================================================================
   PHASE 4/6: masked_modeling
   Mask Prob: 0.2
   Mask Scope: time
   Mask Mode: noise
   Mask Value: None
   Noise Sigma: 0.1
   Noise Replace: False
   Epochs: 4
   Learning Rate: 0.0005318000238380277
   Clipping Norm: 0.5792727625292049
   Horizon (train loss): 30
   Output timesteps (val_loss and fr_loss): 50
======================================================================

Epoch 21/30
309/309 ━━━━━━━━━━━━━━━━━━━━ 12s 38ms/step - mae: 0.0279 - loss: 0.0021 - val_loss: 0.0013
Epoch 22/30
309/309 ━━━━━━━━━━━━━━━━━━━━ 18s 57ms/step - mae: 0.0269 - loss: 0.0017 - val_loss: 0.0012 - val_fr_phase_loss_30: 0.2545
[Optuna] trial=17 epoch=22 val_fr_phase_loss_30=0.254547 | median=0.271931 (n=13, p25=0.254337, p75=0.429757) | margin=-0.0173841 (-6.39%)
Epoch 23/30
309/309 ━━━━━━━━━━━━━━━━━━━━ 11s 36ms/step - mae: 0.0264 - loss: 0.0017 - val_loss: 0.0012
Epoch 24/30
309/309 ━━━━━━━━━━━━━━━━━━━━ 17s 56ms/step - mae: 0.0261 - loss: 0.0016 - val_loss: 0.0012 - val_fr_phase_loss_30: 0.2625 - val_fr_target_loss_50: 0.6557 - val_fr_curve_loss_1: 0.0017 - val_fr_curve_loss_2: 0.0022 - val_fr_curve_loss_3: 0.0031
[Optuna] trial=17 epoch=24 val_fr_phase_loss_30=0.262483 | median=0.281508 (n=13, p25=0.267124, p75=0.428347) | margin=-0.0190243 (-6.76%)

======================================================================
   PHASE 5/6: full_autoregressive
   Gradient Through Time: False
   Epochs: 4
   Learning Rate: 0.0004431666865316898
   Clipping Norm: 0.5430682148711296
   Horizon (train loss): 40
   Output timesteps (val_loss and fr_loss): 50
======================================================================

Epoch 25/30
309/309 ━━━━━━━━━━━━━━━━━━━━ 156s 503ms/step - mae: 0.3376 - loss: 0.3653 - val_loss: 0.2085
Epoch 26/30
309/309 ━━━━━━━━━━━━━━━━━━━━ 160s 516ms/step - mae: 0.3021 - loss: 0.2077 - val_loss: 0.1751 - val_fr_phase_loss_40: 0.2142
[Optuna] trial=17 epoch=26 val_fr_phase_loss_40=0.214225 | median=0.302869 (n=13, p25=0.224018, p75=0.451463) | margin=-0.0886448 (-29.27%)
Epoch 27/30
309/309 ━━━━━━━━━━━━━━━━━━━━ 156s 505ms/step - mae: 0.2803 - loss: 0.1661 - val_loss: 0.1540
Epoch 28/30
309/309 ━━━━━━━━━━━━━━━━━━━━ 158s 512ms/step - mae: 0.2654 - loss: 0.1402 - val_loss: 0.1395 - val_fr_phase_loss_40: 0.1754 - val_fr_target_loss_50: 0.2468 - val_fr_curve_loss_1: 0.0351 - val_fr_curve_loss_2: 0.0329 - val_fr_curve_loss_3: 0.0315
[Optuna] trial=17 epoch=28 val_fr_phase_loss_40=0.175442 | median=0.28828 (n=13, p25=0.176405, p75=0.380907) | margin=-0.112838 (-39.14%)

======================================================================
   PHASE 6/6: full_autoregressive
   Gradient Through Time: True
   Epochs: 2
   Learning Rate: 0.00026590001191901386
   Clipping Norm: 0.4344545718969036
   Horizon (train loss): 50
   Output timesteps (val_loss and fr_loss): 50
======================================================================

Epoch 29/30
309/309 ━━━━━━━━━━━━━━━━━━━━ 152s 493ms/step - mae: 0.2883 - loss: 0.1650 - val_loss: 0.1632
Epoch 30/30
309/309 ━━━━━━━━━━━━━━━━━━━━ 159s 513ms/step - mae: 0.2788 - loss: 0.1467 - val_loss: 0.1532 - val_fr_phase_loss_50: 0.2090 - val_fr_target_loss_50: 0.2180 - val_fr_curve_loss_1: 0.0388 - val_fr_curve_loss_2: 0.0359 - val_fr_curve_loss_3: 0.0340
[Optuna] trial=17 epoch=30 val_fr_phase_loss_50=0.208965 | median=0.33444 (n=13, p25=0.212111, p75=0.389872) | margin=-0.125475 (-37.52%)
Final loss: 0.1467
Predicting all test samples in free_running mode...
  X shape: (2280, 200, 36)
  Y shape: (2280, 50, 36)
  Pred shape: (2280, 50, 36)

 step | target                | pred                  | abs_err
------|-----------------------|-----------------------|----------------------
   25 | [ 0.413975  2.252291  0.076809 -1.082321  0.133018 -0.274908  0.639894
 -1.222357 -1.249584  0.168496  0.626157  0.768161 -1.833026  0.430524
 -0.664956 -0.940605 -0.333545  0.888525  1.287808  0.789981 -0.276216
 -0.539654 -0.175473  0.252616 -1.215466 -0.765159 -0.430836 -0.7326
  1.170439  1.235309 -0.98217   0.207688  0.323877 -0.382801 -0.034873
  0.56418 ] | [ 0.897193  2.497567  0.394796 -0.504652 -0.176445 -0.184945  0.700725
 -1.145003 -1.552835 -0.096487  0.142016  1.262583 -1.346806 -1.259602
  0.199011 -1.160099 -0.235331  0.342326  1.048874  0.857668  0.436498
 -1.01182  -0.027858  0.706675 -0.775707  0.125551 -0.619011 -0.704203
  1.118719  1.518163 -1.065672  0.566462  0.732813 -0.283601 -0.023397
  0.600094] | [0.483218 0.245276 0.317987 0.57767  0.309464 0.089963 0.060831 0.077354
 0.303251 0.264983 0.484142 0.494422 0.48622  1.690126 0.863968 0.219494
 0.098215 0.546198 0.238934 0.067687 0.712714 0.472166 0.147615 0.454059
 0.439759 0.89071  0.188175 0.028397 0.05172  0.282854 0.083502 0.358773
 0.408936 0.099199 0.011476 0.035913]
   26 | [ 0.433902  2.276946  0.062718 -1.073421  0.149295 -0.261739  0.66411
 -1.190588 -1.280325  0.091743  0.630177  0.811665 -1.905444  0.590891
 -0.648677 -0.950394 -0.271225  0.842781  1.340023  0.789891 -0.296955
 -0.535192 -0.171397  0.217021 -1.236176 -0.75049  -0.449502 -0.772153
  1.203705  1.218394 -1.003057  0.192291  0.338178 -0.409968  0.071482
  0.522649] | [ 0.922819  2.519964  0.379971 -0.481032 -0.182157 -0.177041  0.737963
 -1.122929 -1.58268  -0.186383  0.109552  1.352056 -1.415596 -1.179405
  0.227977 -1.169449 -0.19854   0.320847  1.102242  0.84345   0.445579
 -1.013094  0.012024  0.704562 -0.749822  0.166224 -0.636571 -0.699898
  1.1356    1.529497 -1.084171  0.555007  0.7228   -0.312657  0.033536
  0.566496] | [0.488917 0.243018 0.317253 0.592389 0.331452 0.084698 0.073852 0.067659
 0.302355 0.278126 0.520625 0.540391 0.489848 1.770296 0.876655 0.219055
 0.072685 0.521933 0.237782 0.053559 0.742535 0.477902 0.183421 0.487541
 0.486354 0.916714 0.187069 0.072256 0.068105 0.311103 0.081115 0.362716
 0.384623 0.097311 0.037946 0.043847]
   27 | [ 0.45137   2.29779   0.046898 -1.065959  0.163722 -0.251176  0.686906
 -1.158318 -1.306769  0.020961  0.635355  0.846673 -1.973424  0.752938
 -0.63128  -0.95588  -0.208485  0.794828  1.389242  0.786713 -0.314912
 -0.528408 -0.166389  0.176889 -1.255981 -0.733755 -0.465744 -0.812322
  1.237801  1.200935 -1.020813  0.176508  0.350492 -0.434216  0.179125
  0.481679] | [ 0.944263  2.535644  0.36254  -0.458551 -0.189971 -0.170081  0.775151
 -1.100989 -1.608774 -0.270962  0.07872   1.434616 -1.481493 -1.098364
  0.25477  -1.172583 -0.161524  0.298105  1.152153  0.827031  0.45595
 -1.00998   0.051693  0.698954 -0.722721  0.207678 -0.651207 -0.694035
  1.150306  1.539437 -1.098547  0.544238  0.709161 -0.339944  0.090738
  0.532238] | [0.492894 0.237855 0.315642 0.607407 0.353693 0.081095 0.088245 0.057329
 0.302005 0.291923 0.556635 0.587944 0.491931 1.851301 0.88605  0.216704
 0.046961 0.496723 0.237089 0.040318 0.770862 0.481572 0.218083 0.522065
 0.53326  0.941433 0.185463 0.118287 0.087495 0.338503 0.077733 0.36773
 0.358669 0.094272 0.088386 0.050559]
   28 | [ 0.466327  2.314783  0.029422 -1.059933  0.176249 -0.243234  0.708319
 -1.125542 -1.328843 -0.043589  0.641445  0.873025 -2.036825  0.915869
 -0.612772 -0.957077 -0.145636  0.744967  1.435167  0.780424 -0.32991
 -0.519352 -0.160183  0.132539 -1.274543 -0.714768 -0.479514 -0.852827
  1.272629  1.183048 -1.035382  0.160153  0.360566 -0.455552  0.287429
  0.44125 ] | [ 0.960314  2.542995  0.342276 -0.435232 -0.198142 -0.164298  0.810466
 -1.078835 -1.629358 -0.349652  0.048715  1.508005 -1.542814 -1.018583
  0.277921 -1.168131 -0.123259  0.271491  1.197836  0.808023  0.466815
 -1.001978  0.09131   0.689836 -0.694452  0.249675 -0.665397 -0.686914
  1.159901  1.549008 -1.107158  0.533146  0.691879 -0.365357  0.149252
  0.498244] | [0.493987 0.228212 0.312854 0.624701 0.374391 0.078936 0.102147 0.046707
 0.300515 0.306063 0.59273  0.63498  0.49401  1.934452 0.890694 0.211053
 0.022377 0.473476 0.237331 0.027599 0.796725 0.482626 0.251493 0.557297
 0.580091 0.964442 0.185883 0.165914 0.112729 0.36596  0.071776 0.372993
 0.331313 0.090195 0.138177 0.056995]
   29 | [ 0.478732  2.32789   0.010362 -1.055353  0.186818 -0.237931  0.728378
 -1.09227  -1.346491 -0.1017    0.648197  0.890628 -2.095523  1.078877
 -0.593175 -0.95402  -0.082985  0.693516  1.47754   0.771024 -0.341791
 -0.508082 -0.152506  0.084329 -1.291529 -0.693373 -0.49077  -0.893374
  1.308082  1.164834 -1.046716  0.143051  0.368166 -0.473989  0.395794
  0.401343] | [ 0.968822  2.541477  0.317819 -0.409128 -0.204543 -0.163437  0.841593
 -1.057032 -1.641743 -0.423919  0.017715  1.568991 -1.596612 -0.94364
  0.296566 -1.154131 -0.085187  0.23966   1.23924   0.786771  0.478006
 -0.990734  0.132701  0.674957 -0.66568   0.290825 -0.681684 -0.679685
  1.159835  1.559174 -1.109529  0.52107   0.66873  -0.386673  0.210568
  0.466616] | [0.490091 0.213587 0.307457 0.646225 0.391361 0.074494 0.113215 0.035238
 0.295252 0.322219 0.630482 0.678363 0.498911 2.022517 0.889741 0.200111
 0.002202 0.453856 0.2383   0.015747 0.819797 0.482652 0.285206 0.590628
 0.62585  0.984198 0.190915 0.213689 0.148247 0.394341 0.062813 0.378019
 0.300564 0.087316 0.185226 0.065273]
model built: True
num weights: 38
{'mae': [0.1191999763250351, 0.07510492205619812, 0.05906687676906586, 0.050320614129304886, 0.04568124935030937, 0.042606648057699203, 0.12271920591592789, 0.10933410376310349, 0.09655524045228958, 0.08917516469955444, 0.08275396376848221, 0.07685063034296036, 0.04265042021870613, 0.0346914678812027, 0.030756855383515358, 0.02876482531428337, 0.03774099424481392, 0.04365945979952812, 0.052696023136377335, 0.0476403571665287, 0.027907058596611023, 0.026898739859461784, 0.026448432356119156, 0.026111653074622154, 0.33762380480766296, 0.30209144949913025, 0.28026047348976135, 0.2653875946998596, 0.2882803976535797, 0.27879688143730164], 'loss': [0.1370375007390976, 0.012684738263487816, 0.00600189296528697, 0.003925546072423458, 0.0031184193212538958, 0.002553891157731414, 0.03388446941971779, 0.02212706208229065, 0.016717426478862762, 0.013277086429297924, 0.011110399849712849, 0.009419532492756844, 0.003521691309288144, 0.0016800720477476716, 0.0012397469254210591, 0.0013393951812759042, 0.0031555132009088993, 0.012755771167576313, 0.02089315839111805, 0.0201621912419796, 0.002082203747704625, 0.001722770743072033, 0.0016661862609907985, 0.0016495782183483243, 0.3653390109539032, 0.20772717893123627, 0.16608023643493652, 0.14019104838371277, 0.16496078670024872, 0.14670391380786896], 'val_loss': [0.02301987260580063, 0.009074220433831215, 0.005646738689392805, 0.0040807779878377914, 0.0033702608197927475, 0.0029417735058814287, 0.024275094270706177, 0.019523700699210167, 0.015407046303153038, 0.013400677591562271, 0.011615586467087269, 0.010193155147135258, 0.0030203748028725386, 0.001992844045162201, 0.0015810455661267042, 0.0013870741240680218, 0.002321727806702256, 0.0031613099854439497, 0.004614393226802349, 0.0037538122851401567, 0.001320120645686984, 0.0012255425099283457, 0.0011819901410490274, 0.001151145319454372, 0.208487868309021, 0.17506864666938782, 0.15398705005645752, 0.13949856162071228, 0.16323699057102203, 0.1532188057899475], 'val_fr_phase_loss_10': [nan, 0.10116751492023468, nan, 0.11354699730873108, nan, 0.13663077354431152], 'val_fr_target_loss_50': [nan, nan, nan, nan, nan, 1.2032737731933594, nan, nan, nan, nan, nan, 0.9437875151634216, nan, nan, nan, nan, nan, nan, nan, 0.8967177271842957, nan, nan, nan, 0.655724287033081, nan, nan, nan, 0.2467951774597168, nan, 0.21804912388324738], 'val_fr_curve_loss_1': [nan, nan, nan, nan, nan, 0.003604005090892315, nan, nan, nan, nan, nan, 0.007296130992472172, nan, nan, nan, nan, nan, nan, nan, 0.004078181926161051, nan, nan, nan, 0.0016661804402247071, nan, nan, nan, 0.03514296934008598, nan, 0.038833633065223694], 'val_fr_curve_loss_2': [nan, nan, nan, nan, nan, 0.007235727738589048, nan, nan, nan, nan, nan, 0.009311973117291927, nan, nan, nan, nan, nan, nan, nan, 0.005369734019041061, nan, nan, nan, 0.002190244849771261, nan, nan, nan, 0.03285961225628853, nan, 0.03593485429883003], 'val_fr_curve_loss_3': [nan, nan, nan, nan, nan, 0.01316517498344183, nan, nan, nan, nan, nan, 0.012612097896635532, nan, nan, nan, nan, nan, nan, nan, 0.007647042628377676, nan, nan, nan, 0.003134805476292968, nan, nan, nan, 0.031507156789302826, nan, 0.03398813307285309], 'val_fr_phase_loss_15': [nan, 0.16552004218101501, nan, 0.14038518071174622, nan, 0.13797786831855774], 'val_fr_phase_loss_20': [nan, 0.23826853930950165, nan, 0.29617634415626526, nan, 0.2674996554851532, nan, 0.2121884971857071], 'val_fr_phase_loss_30': [nan, 0.2545473873615265, nan, 0.26248326897621155], 'val_fr_phase_loss_40': [nan, 0.21422451734542847, nan, 0.17544174194335938], 'val_fr_phase_loss_50': [nan, 0.20896470546722412]}
Saved artifacts to: runs/tuning/study_lstm_lvl1/trial_0017
