--- Number of Windows for Train = 9880
--- Number of Windows for Val = 3040
--- Number of Windows for Test = 2280
--- Curriculum = [5, 5, 12, 12, 18, 18, 25, 25, 38, 38, 50, 50]
--- fr_curve Outsteps = [10, 20, 30, 50]

--- Training: lstm_fullseq_30ep [LSTM/FC/FULL_SEQ]  ---

======================================================================
   PHASE 1/12: teacher_forcing
   Epochs: 2
   Learning Rate: 0.0009716208895380814
   Clipping Norm: 0.6470376604234769
   Horizon (train loss): 5
   Output timesteps (val_loss and fr_loss): 50
======================================================================

Epoch 1/30
309/309 ━━━━━━━━━━━━━━━━━━━━ 16s 33ms/step - mae: 0.1516 - mse: 0.0370 - loss: 0.1959 - val_loss: 0.0370
Epoch 2/30
309/309 ━━━━━━━━━━━━━━━━━━━━ 13s 42ms/step - mae: 0.1097 - mse: 0.0194 - loss: 0.0224 - val_loss: 0.0194 - val_fr_phase_loss_5: 0.0490 - val_fr_target_loss_50: 1.2071 - val_fr_curve_loss_10: 0.1300 - val_fr_curve_loss_20: 0.3845 - val_fr_curve_loss_30: 0.6823 - val_fr_curve_loss_50: 1.1877
[Optuna] trial=8 epoch=2 val_fr_phase_loss_5=0.0490467 | median=0.280396 (n=8, p25=0.174934, p75=0.574762) | margin=-0.231349 (-82.51%)

======================================================================
   PHASE 2/12: masked_modeling
   Mask Prob: 0.1
   Mask Scope: time
   Mask Mode: constant
   Mask Value: 0.2
   Noise Sigma: None
   Noise Replace: False
   Epochs: 3
   Learning Rate: 0.0007772967116304652
   Clipping Norm: 0.5823338943811293
   Horizon (train loss): 5
   Output timesteps (val_loss and fr_loss): 50
======================================================================

Epoch 3/30
309/309 ━━━━━━━━━━━━━━━━━━━━ 9s 29ms/step - mae: 0.1148 - mse: 0.0214 - loss: 0.0274 - val_loss: 0.0214
Epoch 4/30
309/309 ━━━━━━━━━━━━━━━━━━━━ 13s 41ms/step - mae: 0.1063 - mse: 0.0184 - loss: 0.0197 - val_loss: 0.0184 - val_fr_phase_loss_5: 0.0326
[Optuna] trial=8 epoch=4 val_fr_phase_loss_5=0.0326265 | median=0.140603 (n=8, p25=0.0840708, p75=0.417062) | margin=-0.107977 (-76.80%)
Epoch 5/30
309/309 ━━━━━━━━━━━━━━━━━━━━ 13s 41ms/step - mae: 0.1002 - mse: 0.0165 - loss: 0.0161 - val_loss: 0.0165 - val_fr_target_loss_50: 1.0495 - val_fr_curve_loss_10: 0.0793 - val_fr_curve_loss_20: 0.2715 - val_fr_curve_loss_30: 0.5315 - val_fr_curve_loss_50: 1.0353

======================================================================
   PHASE 3/12: teacher_forcing
   Epochs: 2
   Learning Rate: 0.0009716208895380814
   Clipping Norm: 0.6470376604234769
   Horizon (train loss): 12
   Output timesteps (val_loss and fr_loss): 50
======================================================================

Epoch 6/30
309/309 ━━━━━━━━━━━━━━━━━━━━ 9s 29ms/step - mae: 0.0899 - mse: 0.0131 - loss: 0.0201 - val_loss: 0.0131
Epoch 7/30
309/309 ━━━━━━━━━━━━━━━━━━━━ 13s 41ms/step - mae: 0.0689 - mse: 0.0077 - loss: 0.0077 - val_loss: 0.0077 - val_fr_phase_loss_12: 0.1972 - val_fr_target_loss_50: 1.4285 - val_fr_curve_loss_10: 0.1420 - val_fr_curve_loss_20: 0.4982 - val_fr_curve_loss_30: 0.8709 - val_fr_curve_loss_50: 1.4044
[Optuna] trial=8 epoch=7 val_fr_phase_loss_12=0.1972 | median=0.163144 (n=8, p25=0.154406, p75=0.376075) | margin=+0.0340557 (+20.87%)

======================================================================
   PHASE 4/12: masked_modeling
   Mask Prob: 0.15
   Mask Scope: time
   Mask Mode: constant
   Mask Value: 0.2
   Noise Sigma: None
   Noise Replace: False
   Epochs: 3
   Learning Rate: 0.000680134622676657
   Clipping Norm: 0.5499820113599553
   Horizon (train loss): 12
   Output timesteps (val_loss and fr_loss): 50
======================================================================

Epoch 8/30
309/309 ━━━━━━━━━━━━━━━━━━━━ 9s 29ms/step - mae: 0.1130 - mse: 0.0214 - loss: 0.0250 - val_loss: 0.0214
Epoch 9/30
309/309 ━━━━━━━━━━━━━━━━━━━━ 13s 41ms/step - mae: 0.1098 - mse: 0.0201 - loss: 0.0176 - val_loss: 0.0201 - val_fr_phase_loss_12: 0.1154
[Optuna] trial=8 epoch=9 val_fr_phase_loss_12=0.115365 | median=0.180246 (n=8, p25=0.131736, p75=0.358171) | margin=-0.0648811 (-36.00%)
Epoch 10/30
309/309 ━━━━━━━━━━━━━━━━━━━━ 13s 41ms/step - mae: 0.0973 - mse: 0.0160 - loss: 0.0146 - val_loss: 0.0160 - val_fr_target_loss_50: 1.0126 - val_fr_curve_loss_10: 0.0805 - val_fr_curve_loss_20: 0.2687 - val_fr_curve_loss_30: 0.5149 - val_fr_curve_loss_50: 0.9876

======================================================================
   PHASE 5/12: teacher_forcing
   Epochs: 2
   Learning Rate: 0.0009716208895380814
   Clipping Norm: 0.6470376604234769
   Horizon (train loss): 18
   Output timesteps (val_loss and fr_loss): 50
======================================================================

Epoch 11/30
309/309 ━━━━━━━━━━━━━━━━━━━━ 9s 29ms/step - mae: 0.0589 - mse: 0.0056 - loss: 0.0065 - val_loss: 0.0056
Epoch 12/30
309/309 ━━━━━━━━━━━━━━━━━━━━ 13s 41ms/step - mae: 0.0503 - mse: 0.0041 - loss: 0.0033 - val_loss: 0.0041 - val_fr_phase_loss_18: 0.4648 - val_fr_target_loss_50: 1.4271 - val_fr_curve_loss_10: 0.1535 - val_fr_curve_loss_20: 0.5633 - val_fr_curve_loss_30: 0.9338 - val_fr_curve_loss_50: 1.4112
[Optuna] trial=8 epoch=12 val_fr_phase_loss_18=0.464775 | median=0.296246 (n=8, p25=0.241911, p75=0.469501) | margin=+0.168529 (+56.89%)

======================================================================
   PHASE 6/12: masked_modeling
   Mask Prob: 0.2
   Mask Scope: time
   Mask Mode: constant
   Mask Value: 0.2
   Noise Sigma: None
   Noise Replace: False
   Epochs: 3
   Learning Rate: 0.0005829725337228489
   Clipping Norm: 0.5176301283387815
   Horizon (train loss): 18
   Output timesteps (val_loss and fr_loss): 50
======================================================================

Epoch 13/30
309/309 ━━━━━━━━━━━━━━━━━━━━ 9s 29ms/step - mae: 0.0922 - mse: 0.0144 - loss: 0.0168 - val_loss: 0.0144
Epoch 14/30
309/309 ━━━━━━━━━━━━━━━━━━━━ 13s 41ms/step - mae: 0.0839 - mse: 0.0123 - loss: 0.0112 - val_loss: 0.0123 - val_fr_phase_loss_18: 0.2291
[Optuna] trial=8 epoch=14 val_fr_phase_loss_18=0.229128 | median=0.348533 (n=8, p25=0.28796, p75=0.449362) | margin=-0.119405 (-34.26%)
Epoch 15/30
309/309 ━━━━━━━━━━━━━━━━━━━━ 13s 41ms/step - mae: 0.0789 - mse: 0.0108 - loss: 0.0094 - val_loss: 0.0108 - val_fr_target_loss_50: 1.1331 - val_fr_curve_loss_10: 0.0880 - val_fr_curve_loss_20: 0.3134 - val_fr_curve_loss_30: 0.5998 - val_fr_curve_loss_50: 1.1138

======================================================================
   PHASE 7/12: teacher_forcing
   Epochs: 2
   Learning Rate: 0.0009716208895380814
   Clipping Norm: 0.6470376604234769
   Horizon (train loss): 25
   Output timesteps (val_loss and fr_loss): 50
======================================================================

Epoch 16/30
309/309 ━━━━━━━━━━━━━━━━━━━━ 9s 30ms/step - mae: 0.0461 - mse: 0.0035 - loss: 0.0041 - val_loss: 0.0035
Epoch 17/30
309/309 ━━━━━━━━━━━━━━━━━━━━ 13s 41ms/step - mae: 0.0387 - mse: 0.0025 - loss: 0.0021 - val_loss: 0.0025 - val_fr_phase_loss_25: 0.6993 - val_fr_target_loss_50: 1.4040 - val_fr_curve_loss_10: 0.1321 - val_fr_curve_loss_20: 0.5157 - val_fr_curve_loss_30: 0.8862 - val_fr_curve_loss_50: 1.3874
[Optuna] trial=8 epoch=17 val_fr_phase_loss_25=0.699347 | median=0.476203 (n=8, p25=0.386151, p75=0.707306) | margin=+0.223144 (+46.86%)

======================================================================
   PHASE 8/12: masked_modeling
   Mask Prob: 0.2
   Mask Scope: time
   Mask Mode: noise
   Mask Value: None
   Noise Sigma: 0.1
   Noise Replace: False
   Epochs: 3
   Learning Rate: 0.0004858104447690407
   Clipping Norm: 0.48527824531760766
   Horizon (train loss): 25
   Output timesteps (val_loss and fr_loss): 50
======================================================================

Epoch 18/30
309/309 ━━━━━━━━━━━━━━━━━━━━ 9s 29ms/step - mae: 0.0382 - mse: 0.0024 - loss: 0.0030 - val_loss: 0.0024
Epoch 19/30
309/309 ━━━━━━━━━━━━━━━━━━━━ 13s 42ms/step - mae: 0.0378 - mse: 0.0023 - loss: 0.0027 - val_loss: 0.0023 - val_fr_phase_loss_25: 0.3145
[Optuna] trial=8 epoch=19 val_fr_phase_loss_25=0.314487 | median=0.346569 (n=8, p25=0.338985, p75=0.473012) | margin=-0.0320822 (-9.26%)
Epoch 20/30
309/309 ━━━━━━━━━━━━━━━━━━━━ 13s 42ms/step - mae: 0.0372 - mse: 0.0023 - loss: 0.0027 - val_loss: 0.0023 - val_fr_target_loss_50: 0.8546 - val_fr_curve_loss_10: 0.0476 - val_fr_curve_loss_20: 0.2037 - val_fr_curve_loss_30: 0.4306 - val_fr_curve_loss_50: 0.8501

======================================================================
   PHASE 9/12: teacher_forcing
   Epochs: 2
   Learning Rate: 0.0009716208895380814
   Clipping Norm: 0.6470376604234769
   Horizon (train loss): 38
   Output timesteps (val_loss and fr_loss): 50
======================================================================

Epoch 21/30
309/309 ━━━━━━━━━━━━━━━━━━━━ 9s 29ms/step - mae: 0.0375 - mse: 0.0023 - loss: 0.0025 - val_loss: 0.0023
Epoch 22/30
309/309 ━━━━━━━━━━━━━━━━━━━━ 13s 41ms/step - mae: 0.0325 - mse: 0.0017 - loss: 0.0017 - val_loss: 0.0017 - val_fr_phase_loss_38: 1.2143 - val_fr_target_loss_50: 1.4753 - val_fr_curve_loss_10: 0.1345 - val_fr_curve_loss_20: 0.5690 - val_fr_curve_loss_30: 0.9648 - val_fr_curve_loss_50: 1.4443
[Optuna] trial=8 epoch=22 val_fr_phase_loss_38=1.21427 | median=0.743066 (n=8, p25=0.688485, p75=0.896916) | margin=+0.4712 (+63.41%)

======================================================================
   PHASE 10/12: masked_modeling
   Mask Prob: 0.25
   Mask Scope: time
   Mask Mode: noise
   Mask Value: None
   Noise Sigma: 0.1
   Noise Replace: False
   Epochs: 3
   Learning Rate: 0.0003886483558152326
   Clipping Norm: 0.4529263622964338
   Horizon (train loss): 38
   Output timesteps (val_loss and fr_loss): 50
======================================================================

Epoch 23/30
309/309 ━━━━━━━━━━━━━━━━━━━━ 9s 29ms/step - mae: 0.0333 - mse: 0.0018 - loss: 0.0028 - val_loss: 0.0018
Epoch 24/30
309/309 ━━━━━━━━━━━━━━━━━━━━ 13s 41ms/step - mae: 0.0328 - mse: 0.0018 - loss: 0.0024 - val_loss: 0.0018 - val_fr_phase_loss_38: 0.5127
[Optuna] trial=8 epoch=24 val_fr_phase_loss_38=0.512663 | median=0.594138 (n=8, p25=0.56726, p75=0.7172) | margin=-0.0814746 (-13.71%)
Epoch 25/30
309/309 ━━━━━━━━━━━━━━━━━━━━ 13s 41ms/step - mae: 0.0323 - mse: 0.0017 - loss: 0.0023 - val_loss: 0.0017 - val_fr_target_loss_50: 0.7381 - val_fr_curve_loss_10: 0.0346 - val_fr_curve_loss_20: 0.1509 - val_fr_curve_loss_30: 0.3396 - val_fr_curve_loss_50: 0.7343

======================================================================
   PHASE 11/12: teacher_forcing
   Epochs: 2
   Learning Rate: 0.0009716208895380814
   Clipping Norm: 0.6470376604234769
   Horizon (train loss): 50
   Output timesteps (val_loss and fr_loss): 50
======================================================================

Epoch 26/30
309/309 ━━━━━━━━━━━━━━━━━━━━ 9s 29ms/step - mae: 0.0323 - mse: 0.0017 - loss: 0.0023 - val_loss: 0.0017
Epoch 27/30
309/309 ━━━━━━━━━━━━━━━━━━━━ 13s 41ms/step - mae: 0.0275 - mse: 0.0013 - loss: 0.0012 - val_loss: 0.0013 - val_fr_phase_loss_50: 1.6562 - val_fr_target_loss_50: 1.6666 - val_fr_curve_loss_10: 0.1420 - val_fr_curve_loss_20: 0.6562 - val_fr_curve_loss_30: 1.1059 - val_fr_curve_loss_50: 1.6245
[Optuna] trial=8 epoch=27 val_fr_phase_loss_50=1.6562 | median=1.02275 (n=8, p25=0.931458, p75=1.1747) | margin=+0.633455 (+61.94%)

======================================================================
   PHASE 12/12: masked_modeling
   Mask Prob: 0.25
   Mask Scope: time
   Mask Mode: noise
   Mask Value: None
   Noise Sigma: 0.1
   Noise Replace: True
   Epochs: 3
   Learning Rate: 0.0003497835202337093
   Clipping Norm: 0.42057447927526
   Horizon (train loss): 50
   Output timesteps (val_loss and fr_loss): 50
======================================================================

Epoch 28/30
309/309 ━━━━━━━━━━━━━━━━━━━━ 9s 29ms/step - mae: 0.0891 - mse: 0.0138 - loss: 0.0288 - val_loss: 0.0138
Epoch 29/30
309/309 ━━━━━━━━━━━━━━━━━━━━ 13s 41ms/step - mae: 0.0725 - mse: 0.0090 - loss: 0.0110 - val_loss: 0.0090 - val_fr_phase_loss_50: 0.8647
[Optuna] trial=8 epoch=29 val_fr_phase_loss_50=0.864653 | median=1.38537 (n=8, p25=1.15309, p75=1.70642) | margin=-0.520715 (-37.59%)
Epoch 30/30
309/309 ━━━━━━━━━━━━━━━━━━━━ 13s 41ms/step - mae: 0.0626 - mse: 0.0067 - loss: 0.0082 - val_loss: 0.0067 - val_fr_target_loss_50: 0.8879 - val_fr_curve_loss_10: 0.0471 - val_fr_curve_loss_20: 0.1870 - val_fr_curve_loss_30: 0.4038 - val_fr_curve_loss_50: 0.8710
Final loss: 0.0082
Predicting all test samples in free_running mode...
  X shape: (2280, 200, 55)
  Y shape: (2280, 50, 55)
  Pred shape: (2280, 50, 55)

 step | target                | pred                  | abs_err
------|-----------------------|-----------------------|----------------------
   25 | [ 4.139746e-01  2.252291e+00  7.680922e-02 -1.082321e+00  1.330184e-01
 -2.749080e-01  6.398940e-01 -1.222357e+00  1.964076e+00  2.024013e-01
 -1.249584e+00  1.684962e-01  6.261574e-01  7.681609e-01 -1.833026e+00
  4.305243e-01 -6.649562e-01  3.213241e-02 -4.315943e-01 -9.406051e-01
 -3.335454e-01  8.885246e-01  1.287808e+00  7.899810e-01 -2.762157e-01
  1.005897e+00 -2.825402e-01 -5.396542e-01 -1.754732e-01  2.526159e-01
 -1.215466e+00 -7.651589e-01 -1.200358e-01  4.952903e-01 -4.308359e-01
 -7.325999e-01  1.170439e+00  1.235309e+00 -8.311886e-01 -7.979621e-01
 -9.821695e-01  2.076884e-01  3.238765e-01 -1.923588e-01 -4.145486e-01
 -3.828006e-01 -3.487313e-02  1.245124e-03  1.581712e-01  5.641804e-01
  2.155083e-01 -1.144052e-01 -1.354365e+00 -3.214316e-01 -1.550427e+00] | [ 0.480792  1.657957 -0.021924 -1.246004  0.254095  0.528848  0.878289
 -1.775028  1.986573  0.711655 -0.985402  2.133588  0.720459 -0.281771
 -0.079835 -1.764103 -0.762564 -0.700209 -2.050685 -1.416021  0.761975
  1.472951 -0.271986  0.66939  -0.635282  0.386086  0.029624 -0.181618
  0.120305  0.076935  0.367145 -1.469712  0.92416   0.017115  0.110904
 -1.384914  2.025402  3.348593 -0.360335  2.042253 -1.323097 -0.880104
 -0.121095 -0.237548  1.463464 -1.133347 -2.249849  0.353285  0.355887
  0.291014 -1.535644  1.543017 -0.783108 -1.113331 -1.840929] | [0.066818 0.594334 0.098733 0.163682 0.121077 0.803756 0.238395 0.552671
 0.022496 0.509254 0.264182 1.965092 0.094302 1.049932 1.753191 2.194627
 0.097608 0.732341 1.619091 0.475416 1.09552  0.584426 1.559793 0.120591
 0.359067 0.619811 0.312164 0.358036 0.295778 0.175681 1.582611 0.704553
 1.044195 0.478175 0.54174  0.652314 0.854963 2.113284 0.470853 2.840216
 0.340927 1.087793 0.444971 0.04519  1.878013 0.750546 2.214976 0.35204
 0.197716 0.273166 1.751152 1.657423 0.571257 0.791899 0.290502]
   26 | [ 0.433902  2.276946  0.062718 -1.073421  0.149295 -0.261739  0.66411
 -1.190588  1.970693  0.211786 -1.280325  0.091743  0.630177  0.811665
 -1.905444  0.590891 -0.648677  0.010101 -0.341095 -0.950394 -0.271225
  0.842781  1.340023  0.789891 -0.296955  0.983707 -0.332591 -0.535192
 -0.171397  0.217021 -1.236176 -0.75049  -0.169815  0.501318 -0.449502
 -0.772153  1.203705  1.218394 -0.873595 -0.731515 -1.003057  0.192291
  0.338178 -0.172599 -0.562203 -0.409968  0.071482 -0.035004  0.178969
  0.522649  0.281281 -0.172402 -1.38113  -0.280718 -1.561255] | [ 0.507786  1.637347 -0.016673 -1.237595  0.275814  0.583407  0.87081
 -1.754268  1.957907  0.707159 -1.010177  2.04946   0.698651 -0.227004
 -0.121858 -1.732937 -0.727569 -0.785805 -1.997829 -1.433021  0.807669
  1.457741 -0.255123  0.70983  -0.684688  0.380968  0.028894 -0.193128
  0.13551   0.126726  0.427133 -1.426637  0.897469  0.042881  0.101964
 -1.400444  2.122686  3.373804 -0.367499  2.116988 -1.359542 -0.906188
 -0.160868 -0.199458  1.420079 -1.182383 -2.222644  0.349339  0.375346
  0.294361 -1.492943  1.511689 -0.769749 -1.127845 -1.831855] | [0.073884 0.639599 0.079391 0.164174 0.126519 0.845145 0.2067   0.56368
 0.012786 0.495372 0.270148 1.957717 0.068474 1.03867  1.783586 2.323828
 0.078892 0.795906 1.656734 0.482627 1.078894 0.614961 1.595147 0.080061
 0.387732 0.602739 0.361485 0.342064 0.306907 0.090296 1.663309 0.676147
 1.067284 0.458437 0.551466 0.628291 0.918981 2.15541  0.506096 2.848503
 0.356485 1.098479 0.499046 0.026859 1.982282 0.772415 2.294126 0.384343
 0.196376 0.228288 1.774224 1.68409  0.611381 0.847127 0.2706  ]
   27 | [ 0.45137   2.29779   0.046898 -1.065959  0.163722 -0.251176  0.686906
 -1.158318  1.973541  0.218812 -1.306769  0.020961  0.635355  0.846673
 -1.973424  0.752938 -0.63128  -0.009811 -0.250043 -0.95588  -0.208485
  0.794828  1.389242  0.786713 -0.314912  0.961981 -0.384025 -0.528408
 -0.166389  0.176889 -1.255981 -0.733755 -0.216556  0.503603 -0.465744
 -0.812322  1.237801  1.200935 -0.913572 -0.661274 -1.020813  0.176508
  0.350492 -0.15451  -0.707661 -0.434216  0.179125 -0.073381  0.197581
  0.481679  0.341621 -0.226467 -1.405437 -0.237464 -1.567991] | [ 0.532469  1.612537 -0.01229  -1.228672  0.29468   0.632794  0.859001
 -1.735179  1.926509  0.700971 -1.031698  1.969315  0.677171 -0.178702
 -0.165792 -1.703223 -0.691637 -0.865706 -1.948134 -1.445367  0.851667
  1.441505 -0.23614   0.752142 -0.733886  0.377185  0.03123  -0.203071
  0.150428  0.176634  0.486308 -1.379062  0.874212  0.069945  0.096715
 -1.410247  2.21943   3.394259 -0.375605  2.183687 -1.391991 -0.931298
 -0.204375 -0.161958  1.376068 -1.226911 -2.191778  0.347141  0.392288
  0.302622 -1.453321  1.479573 -0.750847 -1.144677 -1.81739 ] | [8.109975e-02 6.852523e-01 5.918859e-02 1.627133e-01 1.309573e-01
 8.839700e-01 1.720952e-01 5.768615e-01 4.703236e-02 4.821593e-01
 2.750714e-01 1.948354e+00 4.181582e-02 1.025374e+00 1.807632e+00
 2.456161e+00 6.035662e-02 8.558943e-01 1.698090e+00 4.894872e-01
 1.060152e+00 6.466766e-01 1.625382e+00 3.457141e-02 4.189742e-01
 5.847958e-01 4.152548e-01 3.253371e-01 3.168177e-01 2.548844e-04
 1.742289e+00 6.453071e-01 1.090768e+00 4.336580e-01 5.624591e-01
 5.979245e-01 9.816295e-01 2.193324e+00 5.379673e-01 2.844961e+00
 3.711776e-01 1.107806e+00 5.548670e-01 7.448241e-03 2.083728e+00
 7.926950e-01 2.370903e+00 4.205217e-01 1.947073e-01 1.790568e-01
 1.794942e+00 1.706040e+00 6.545895e-01 9.072133e-01 2.493981e-01]
   28 | [ 0.466327  2.314783  0.029422 -1.059933  0.176249 -0.243234  0.708319
 -1.125542  1.97265   0.223477 -1.328843 -0.043589  0.641445  0.873025
 -2.036825  0.915869 -0.612772 -0.027353 -0.158771 -0.957077 -0.145636
  0.744967  1.435167  0.780424 -0.32991   0.940997 -0.436465 -0.519352
 -0.160183  0.132539 -1.274543 -0.714768 -0.260126  0.501926 -0.479514
 -0.852827  1.272629  1.183048 -0.950983 -0.587688 -1.035382  0.160153
  0.360566 -0.138091 -0.850494 -0.455552  0.287429 -0.113708  0.214089
  0.44125   0.396277 -0.27644  -1.427296 -0.191884 -1.570648] | [ 0.554968  1.583771 -0.008865 -1.218985  0.310602  0.677208  0.843505
 -1.717695  1.892681  0.69323  -1.050224  1.89343   0.656121 -0.136772
 -0.21139  -1.674818 -0.654535 -0.93952  -1.901665 -1.453373  0.894081
  1.424696 -0.2152    0.796106 -0.782626  0.374458  0.036512 -0.211364
  0.164986  0.226722  0.544475 -1.327156  0.854542  0.098216  0.094962
 -1.414452  2.314872  3.410194 -0.384599  2.24258  -1.420349 -0.955328
 -0.251044 -0.125282  1.33135  -1.267171 -2.157413  0.346747  0.40674
  0.315357 -1.416734  1.446585 -0.726647 -1.163922 -1.79779 ] | [0.088641 0.731012 0.038287 0.159052 0.134353 0.920442 0.135186 0.592153
 0.07997  0.469753 0.278619 1.937019 0.014677 1.009797 1.825434 2.590687
 0.041763 0.912167 1.742894 0.496296 1.039717 0.67973  1.650368 0.015682
 0.452716 0.566539 0.472976 0.307988 0.325168 0.094182 1.819018 0.612388
 1.114668 0.40371  0.574475 0.561625 1.042242 2.227146 0.566384 2.830268
 0.384966 1.115482 0.61161  0.01281  2.181844 0.811618 2.444841 0.460455
 0.192651 0.125893 1.813011 1.723025 0.700649 0.972038 0.227142]
   29 | [ 0.478732  2.32789   0.010362 -1.055353  0.186818 -0.237931  0.728378
 -1.09227   1.968046  0.225786 -1.346491 -0.1017    0.648197  0.890628
 -2.095523  1.078877 -0.593175 -0.042284 -0.067607 -0.95402  -0.082985
  0.693516  1.47754   0.771024 -0.341791  0.921028 -0.489508 -0.508082
 -0.152506  0.084329 -1.291529 -0.693373 -0.30041   0.496102 -0.49077
 -0.893374  1.308082  1.164834 -0.985713 -0.511238 -1.046716  0.143051
  0.368166 -0.123325 -0.990295 -0.473989  0.395794 -0.155784  0.228586
  0.401343  0.445038 -0.322183 -1.446722 -0.144214 -1.56925 ] | [ 0.575435  1.551393 -0.006443 -1.208408  0.323589  0.716843  0.824971
 -1.701754  1.856788  0.684076 -1.066108  1.822026  0.635502 -0.101038
 -0.258378 -1.647613 -0.616061 -1.007021 -1.858483 -1.457433  0.935027
  1.407693 -0.192496  0.841494 -0.83068   0.37255   0.04456  -0.21796
  0.179005  0.276989  0.601433 -1.271159  0.838548  0.127567  0.096436
 -1.41332   2.408313  3.421977 -0.394404  2.29399  -1.444629 -0.978175
 -0.300292 -0.089634  1.28596  -1.303438 -2.119717  0.348149  0.418745
  0.332101 -1.383116  1.412714 -0.697511 -1.185618 -1.773393] | [0.096703 0.776497 0.016805 0.153055 0.136771 0.954774 0.096593 0.609484
 0.111257 0.45829  0.280383 1.923727 0.012695 0.991666 1.837145 2.72649
 0.022886 0.964736 1.790877 0.503412 1.018012 0.714177 1.670036 0.07047
 0.488889 0.548478 0.534068 0.290122 0.33151  0.192659 1.892962 0.577787
 1.138958 0.368535 0.587206 0.519947 1.100231 2.257143 0.59131  2.805228
 0.397913 1.121226 0.668459 0.033691 2.276255 0.829449 2.515511 0.503932
 0.19016  0.069242 1.828154 1.734897 0.74921  1.041403 0.204143]
model built: True
num weights: 38
{'mae': [0.15162678062915802, 0.10969442874193192, 0.11475401371717453, 0.10629919171333313, 0.10021281242370605, 0.08986765891313553, 0.06887491792440414, 0.11304113268852234, 0.10975498706102371, 0.09732608497142792, 0.05890634283423424, 0.050267163664102554, 0.09216231107711792, 0.08393334597349167, 0.07887028902769089, 0.04606550186872482, 0.03869481757283211, 0.03818325698375702, 0.0377805233001709, 0.03719266504049301, 0.037523310631513596, 0.032473430037498474, 0.033278319984674454, 0.03277483209967613, 0.03233906999230385, 0.03231362625956535, 0.027515390887856483, 0.0890737920999527, 0.07246748358011246, 0.06261491030454636], 'mse': [0.03697116672992706, 0.019373178482055664, 0.021404048427939415, 0.01842130534350872, 0.016477670520544052, 0.013116229325532913, 0.007702135946601629, 0.02135077491402626, 0.02005573734641075, 0.01597372256219387, 0.005636297632008791, 0.004103819839656353, 0.014405232854187489, 0.01225228700786829, 0.010823426768183708, 0.0034705139696598053, 0.0024640674237161875, 0.002398984506726265, 0.0023486462887376547, 0.0022723691072314978, 0.002302550245076418, 0.0017436918569728732, 0.0018267306732013822, 0.001771880080923438, 0.0017270608805119991, 0.0017365916864946485, 0.0012508176732808352, 0.013824488036334515, 0.009024389088153839, 0.006723570171743631], 'loss': [0.19592735171318054, 0.022354183718562126, 0.02740257792174816, 0.019670328125357628, 0.01612802967429161, 0.02014826238155365, 0.007698551286011934, 0.0249786339700222, 0.017559699714183807, 0.014618001878261566, 0.006541233044117689, 0.003339868038892746, 0.01677384041249752, 0.01123078167438507, 0.009352145716547966, 0.004124695435166359, 0.002085999120026827, 0.0029998912941664457, 0.002714436035603285, 0.0026525205466896296, 0.002511646831408143, 0.0016608907608315349, 0.002808616729453206, 0.0024301691446453333, 0.002343494677916169, 0.0023288147058337927, 0.001198449986986816, 0.028767669573426247, 0.011017456650733948, 0.008202975615859032], 'val_loss': [0.03697116672992706, 0.019373178482055664, 0.021404044702649117, 0.01842130534350872, 0.016477670520544052, 0.013116229325532913, 0.007702135480940342, 0.02135077863931656, 0.020055735483765602, 0.01597372256219387, 0.005636296700686216, 0.004103819373995066, 0.014405232854187489, 0.012252287939190865, 0.010823426768183708, 0.0034705139696598053, 0.0024640674237161875, 0.0023989847395569086, 0.002348646055907011, 0.0022723691072314978, 0.002302550245076418, 0.0017436918569728732, 0.0018267306732013822, 0.001771880080923438, 0.0017270608805119991, 0.0017365916864946485, 0.0012508176732808352, 0.013824490830302238, 0.009024389088153839, 0.006723569706082344], 'val_fr_phase_loss_5': [nan, 0.04904667288064957, nan, 0.03262646496295929, nan], 'val_fr_target_loss_50': [nan, 1.2071207761764526, nan, nan, 1.049507737159729, nan, 1.4285216331481934, nan, nan, 1.012555718421936, nan, 1.4271177053451538, nan, nan, 1.1330759525299072, nan, 1.4040364027023315, nan, nan, 0.8545843362808228, nan, 1.4753127098083496, nan, nan, 0.7381270527839661, nan, 1.666619896888733, nan, nan, 0.8879451155662537], 'val_fr_curve_loss_10': [nan, 0.13001574575901031, nan, nan, 0.07927727699279785, nan, 0.1419837772846222, nan, nan, 0.080507792532444, nan, 0.15352262556552887, nan, nan, 0.08802642673254013, nan, 0.13214781880378723, nan, nan, 0.047552768141031265, nan, 0.1345222294330597, nan, nan, 0.034576136618852615, nan, 0.14197492599487305, nan, nan, 0.047127604484558105], 'val_fr_curve_loss_20': [nan, 0.38449493050575256, nan, nan, 0.27148330211639404, nan, 0.49822404980659485, nan, nan, 0.2686814069747925, nan, 0.563273549079895, nan, nan, 0.3133866488933563, nan, 0.5156562924385071, nan, nan, 0.2037239670753479, nan, 0.568952202796936, nan, nan, 0.15091432631015778, nan, 0.6562488675117493, nan, nan, 0.18697144091129303], 'val_fr_curve_loss_30': [nan, 0.6822980046272278, nan, nan, 0.5315420627593994, nan, 0.8708726167678833, nan, nan, 0.5148985981941223, nan, 0.9338255524635315, nan, nan, 0.5997928380966187, nan, 0.8861904144287109, nan, nan, 0.43056485056877136, nan, 0.9648140072822571, nan, nan, 0.3396046459674835, nan, 1.1058857440948486, nan, nan, 0.40375152230262756], 'val_fr_curve_loss_50': [nan, 1.1876952648162842, nan, nan, 1.035258412361145, nan, 1.4044133424758911, nan, nan, 0.9876147508621216, nan, 1.4112417697906494, nan, nan, 1.113845944404602, nan, 1.3874491453170776, nan, nan, 0.8501326441764832, nan, 1.4442886114120483, nan, nan, 0.7343441843986511, nan, 1.6245406866073608, nan, nan, 0.8709983825683594], 'val_fr_phase_loss_12': [nan, 0.19719959795475006, nan, 0.11536460369825363, nan], 'val_fr_phase_loss_18': [nan, 0.4647747278213501, nan, 0.22912845015525818, nan], 'val_fr_phase_loss_25': [nan, 0.6993469595909119, nan, 0.3144872486591339, nan], 'val_fr_phase_loss_38': [nan, 1.2142657041549683, nan, 0.5126630067825317, nan], 'val_fr_phase_loss_50': [nan, 1.6562001705169678, nan, 0.8646528124809265, nan]}
Saved artifacts to: runs/tuning/full_seq_lstm_lvl1/trial_0008
