--- Number of Windows for Train = 9880
--- Number of Windows for Val = 3040
--- Number of Windows for Test = 2280
--- Curriculum = [5, 5, 12, 12, 18, 18, 25, 25, 38, 38, 50, 50]
--- fr_curve Outsteps = [10, 20, 30, 50]

--- Training: lstm_fullseq_30ep [LSTM/FC/FULL_SEQ]  ---

======================================================================
   PHASE 1/12: teacher_forcing
   Epochs: 2
   Learning Rate: 0.0008339866662020043
   Clipping Norm: 0.2801444283492551
   Horizon (train loss): 5
   Output timesteps (val_loss and fr_loss): 50
======================================================================

Epoch 1/30
309/309 ━━━━━━━━━━━━━━━━━━━━ 15s 28ms/step - mae: 0.2997 - mse: 0.1439 - loss: 0.3730 - val_loss: 0.1439
Epoch 2/30
309/309 ━━━━━━━━━━━━━━━━━━━━ 12s 38ms/step - mae: 0.1574 - mse: 0.0400 - loss: 0.0687 - val_loss: 0.0400 - val_fr_phase_loss_5: 0.0702 - val_fr_target_loss_50: 1.0979 - val_fr_curve_loss_10: 0.1531 - val_fr_curve_loss_20: 0.3966 - val_fr_curve_loss_30: 0.6591 - val_fr_curve_loss_50: 1.0767
[Optuna] trial=11 epoch=2 val_fr_phase_loss_5=0.070168 | median=0.24213 (n=10, p25=0.0775383, p75=0.43797) | margin=-0.171962 (-71.02%)

======================================================================
   PHASE 2/12: masked_modeling
   Mask Prob: 0.1
   Mask Scope: time
   Mask Mode: constant
   Mask Value: 0.2
   Noise Sigma: None
   Noise Replace: False
   Epochs: 3
   Learning Rate: 0.0006671893329616035
   Clipping Norm: 0.25212998551432964
   Horizon (train loss): 5
   Output timesteps (val_loss and fr_loss): 50
======================================================================

Epoch 3/30
309/309 ━━━━━━━━━━━━━━━━━━━━ 8s 25ms/step - mae: 0.1357 - mse: 0.0297 - loss: 0.0376 - val_loss: 0.0297
Epoch 4/30
309/309 ━━━━━━━━━━━━━━━━━━━━ 11s 37ms/step - mae: 0.1207 - mse: 0.0236 - loss: 0.0267 - val_loss: 0.0236 - val_fr_phase_loss_5: 0.0388
[Optuna] trial=11 epoch=4 val_fr_phase_loss_5=0.0388045 | median=0.118873 (n=10, p25=0.0371002, p75=0.266545) | margin=-0.0800683 (-67.36%)
Epoch 5/30
309/309 ━━━━━━━━━━━━━━━━━━━━ 11s 37ms/step - mae: 0.1122 - mse: 0.0206 - loss: 0.0214 - val_loss: 0.0206 - val_fr_target_loss_50: 1.1171 - val_fr_curve_loss_10: 0.0852 - val_fr_curve_loss_20: 0.2851 - val_fr_curve_loss_30: 0.5633 - val_fr_curve_loss_50: 1.1022

======================================================================
   PHASE 3/12: teacher_forcing
   Epochs: 2
   Learning Rate: 0.0008339866662020043
   Clipping Norm: 0.2801444283492551
   Horizon (train loss): 12
   Output timesteps (val_loss and fr_loss): 50
======================================================================

Epoch 6/30
309/309 ━━━━━━━━━━━━━━━━━━━━ 8s 25ms/step - mae: 0.1086 - mse: 0.0192 - loss: 0.0252 - val_loss: 0.0192
Epoch 7/30
309/309 ━━━━━━━━━━━━━━━━━━━━ 11s 36ms/step - mae: 0.0874 - mse: 0.0123 - loss: 0.0130 - val_loss: 0.0123 - val_fr_phase_loss_12: 0.1464 - val_fr_target_loss_50: 1.0926 - val_fr_curve_loss_10: 0.1087 - val_fr_curve_loss_20: 0.3404 - val_fr_curve_loss_30: 0.6151 - val_fr_curve_loss_50: 1.0843
[Optuna] trial=11 epoch=7 val_fr_phase_loss_12=0.146374 | median=0.183907 (n=10, p25=0.154741, p75=0.33945) | margin=-0.0375332 (-20.41%)

======================================================================
   PHASE 4/12: masked_modeling
   Mask Prob: 0.15
   Mask Scope: time
   Mask Mode: constant
   Mask Value: 0.2
   Noise Sigma: None
   Noise Replace: False
   Epochs: 3
   Learning Rate: 0.0005837906663414029
   Clipping Norm: 0.23812276409686686
   Horizon (train loss): 12
   Output timesteps (val_loss and fr_loss): 50
======================================================================

Epoch 8/30
309/309 ━━━━━━━━━━━━━━━━━━━━ 8s 24ms/step - mae: 0.1225 - mse: 0.0247 - loss: 0.0322 - val_loss: 0.0247
Epoch 9/30
309/309 ━━━━━━━━━━━━━━━━━━━━ 11s 36ms/step - mae: 0.1205 - mse: 0.0238 - loss: 0.0250 - val_loss: 0.0238 - val_fr_phase_loss_12: 0.1287
[Optuna] trial=11 epoch=9 val_fr_phase_loss_12=0.128688 | median=0.164487 (n=10, p25=0.12932, p75=0.232967) | margin=-0.0357994 (-21.76%)
Epoch 10/30
309/309 ━━━━━━━━━━━━━━━━━━━━ 11s 36ms/step - mae: 0.1134 - mse: 0.0211 - loss: 0.0220 - val_loss: 0.0211 - val_fr_target_loss_50: 1.1700 - val_fr_curve_loss_10: 0.0877 - val_fr_curve_loss_20: 0.2959 - val_fr_curve_loss_30: 0.5863 - val_fr_curve_loss_50: 1.1816

======================================================================
   PHASE 5/12: teacher_forcing
   Epochs: 2
   Learning Rate: 0.0008339866662020043
   Clipping Norm: 0.2801444283492551
   Horizon (train loss): 18
   Output timesteps (val_loss and fr_loss): 50
======================================================================

Epoch 11/30
309/309 ━━━━━━━━━━━━━━━━━━━━ 8s 25ms/step - mae: 0.0752 - mse: 0.0091 - loss: 0.0113 - val_loss: 0.0091
Epoch 12/30
309/309 ━━━━━━━━━━━━━━━━━━━━ 11s 36ms/step - mae: 0.0622 - mse: 0.0063 - loss: 0.0062 - val_loss: 0.0063 - val_fr_phase_loss_18: 0.2496 - val_fr_target_loss_50: 1.0845 - val_fr_curve_loss_10: 0.0888 - val_fr_curve_loss_20: 0.3099 - val_fr_curve_loss_30: 0.5888 - val_fr_curve_loss_50: 1.0813
[Optuna] trial=11 epoch=12 val_fr_phase_loss_18=0.249645 | median=0.351686 (n=10, p25=0.252941, p75=0.632008) | margin=-0.102041 (-29.01%)

======================================================================
   PHASE 6/12: masked_modeling
   Mask Prob: 0.2
   Mask Scope: time
   Mask Mode: constant
   Mask Value: 0.2
   Noise Sigma: None
   Noise Replace: False
   Epochs: 3
   Learning Rate: 0.0005003919997212025
   Clipping Norm: 0.22411554267940412
   Horizon (train loss): 18
   Output timesteps (val_loss and fr_loss): 50
======================================================================

Epoch 13/30
309/309 ━━━━━━━━━━━━━━━━━━━━ 8s 24ms/step - mae: 0.1090 - mse: 0.0199 - loss: 0.0262 - val_loss: 0.0199
Epoch 14/30
309/309 ━━━━━━━━━━━━━━━━━━━━ 11s 36ms/step - mae: 0.1046 - mse: 0.0187 - loss: 0.0192 - val_loss: 0.0187 - val_fr_phase_loss_18: 0.2346
[Optuna] trial=11 epoch=14 val_fr_phase_loss_18=0.234639 | median=0.348533 (n=10, p25=0.265444, p75=0.409192) | margin=-0.113894 (-32.68%)
Epoch 15/30
309/309 ━━━━━━━━━━━━━━━━━━━━ 11s 36ms/step - mae: 0.0993 - mse: 0.0170 - loss: 0.0170 - val_loss: 0.0170 - val_fr_target_loss_50: 1.0658 - val_fr_curve_loss_10: 0.0785 - val_fr_curve_loss_20: 0.2757 - val_fr_curve_loss_30: 0.5430 - val_fr_curve_loss_50: 1.0579

======================================================================
   PHASE 7/12: teacher_forcing
   Epochs: 2
   Learning Rate: 0.0008339866662020043
   Clipping Norm: 0.2801444283492551
   Horizon (train loss): 25
   Output timesteps (val_loss and fr_loss): 50
======================================================================

Epoch 16/30
309/309 ━━━━━━━━━━━━━━━━━━━━ 7s 24ms/step - mae: 0.0582 - mse: 0.0055 - loss: 0.0065 - val_loss: 0.0055
Epoch 17/30
309/309 ━━━━━━━━━━━━━━━━━━━━ 11s 36ms/step - mae: 0.0515 - mse: 0.0043 - loss: 0.0039 - val_loss: 0.0043 - val_fr_phase_loss_25: 0.5001 - val_fr_target_loss_50: 1.2524 - val_fr_curve_loss_10: 0.0863 - val_fr_curve_loss_20: 0.3423 - val_fr_curve_loss_30: 0.6749 - val_fr_curve_loss_50: 1.2500
[Optuna] trial=11 epoch=17 val_fr_phase_loss_25=0.500051 | median=0.626091 (n=10, p25=0.389631, p75=0.716857) | margin=-0.126041 (-20.13%)

======================================================================
   PHASE 8/12: masked_modeling
   Mask Prob: 0.2
   Mask Scope: time
   Mask Mode: noise
   Mask Value: None
   Noise Sigma: 0.1
   Noise Replace: False
   Epochs: 3
   Learning Rate: 0.00041699333310100213
   Clipping Norm: 0.21010832126194134
   Horizon (train loss): 25
   Output timesteps (val_loss and fr_loss): 50
======================================================================

Epoch 18/30
309/309 ━━━━━━━━━━━━━━━━━━━━ 7s 24ms/step - mae: 0.0458 - mse: 0.0034 - loss: 0.0039 - val_loss: 0.0034
Epoch 19/30
309/309 ━━━━━━━━━━━━━━━━━━━━ 11s 36ms/step - mae: 0.0451 - mse: 0.0033 - loss: 0.0037 - val_loss: 0.0033 - val_fr_phase_loss_25: 0.3407
[Optuna] trial=11 epoch=19 val_fr_phase_loss_25=0.340713 | median=0.346569 (n=10, p25=0.337016, p75=0.391205) | margin=-0.00585636 (-1.69%)
Epoch 20/30
309/309 ━━━━━━━━━━━━━━━━━━━━ 11s 36ms/step - mae: 0.0444 - mse: 0.0032 - loss: 0.0036 - val_loss: 0.0032 - val_fr_target_loss_50: 0.9621 - val_fr_curve_loss_10: 0.0590 - val_fr_curve_loss_20: 0.2353 - val_fr_curve_loss_30: 0.4920 - val_fr_curve_loss_50: 0.9704

======================================================================
   PHASE 9/12: teacher_forcing
   Epochs: 2
   Learning Rate: 0.0008339866662020043
   Clipping Norm: 0.2801444283492551
   Horizon (train loss): 38
   Output timesteps (val_loss and fr_loss): 50
======================================================================

Epoch 21/30
309/309 ━━━━━━━━━━━━━━━━━━━━ 7s 24ms/step - mae: 0.0455 - mse: 0.0033 - loss: 0.0029 - val_loss: 0.0033
Epoch 22/30
309/309 ━━━━━━━━━━━━━━━━━━━━ 11s 36ms/step - mae: 0.0430 - mse: 0.0030 - loss: 0.0023 - val_loss: 0.0030 - val_fr_phase_loss_38: 1.0708 - val_fr_target_loss_50: 1.3796 - val_fr_curve_loss_10: 0.0995 - val_fr_curve_loss_20: 0.4194 - val_fr_curve_loss_30: 0.8082 - val_fr_curve_loss_50: 1.3766
[Optuna] trial=11 epoch=22 val_fr_phase_loss_38=1.07079 | median=0.81731 (n=10, p25=0.688539, p75=1.17984) | margin=+0.253477 (+31.01%)

======================================================================
   PHASE 10/12: masked_modeling
   Mask Prob: 0.25
   Mask Scope: time
   Mask Mode: noise
   Mask Value: None
   Noise Sigma: 0.1
   Noise Replace: False
   Epochs: 3
   Learning Rate: 0.00033359466648080175
   Clipping Norm: 0.19610109984447857
   Horizon (train loss): 38
   Output timesteps (val_loss and fr_loss): 50
======================================================================

Epoch 23/30
309/309 ━━━━━━━━━━━━━━━━━━━━ 7s 24ms/step - mae: 0.0375 - mse: 0.0023 - loss: 0.0036 - val_loss: 0.0023
Epoch 24/30
309/309 ━━━━━━━━━━━━━━━━━━━━ 11s 36ms/step - mae: 0.0378 - mse: 0.0023 - loss: 0.0033 - val_loss: 0.0023 - val_fr_phase_loss_38: 0.5706
[Optuna] trial=11 epoch=24 val_fr_phase_loss_38=0.570628 | median=0.58501 (n=10, p25=0.561848, p75=0.667171) | margin=-0.0143821 (-2.46%)
Epoch 25/30
309/309 ━━━━━━━━━━━━━━━━━━━━ 11s 36ms/step - mae: 0.0379 - mse: 0.0023 - loss: 0.0032 - val_loss: 0.0023 - val_fr_target_loss_50: 0.8940 - val_fr_curve_loss_10: 0.0477 - val_fr_curve_loss_20: 0.1957 - val_fr_curve_loss_30: 0.4284 - val_fr_curve_loss_50: 0.9004

======================================================================
   PHASE 11/12: teacher_forcing
   Epochs: 2
   Learning Rate: 0.0008339866662020043
   Clipping Norm: 0.2801444283492551
   Horizon (train loss): 50
   Output timesteps (val_loss and fr_loss): 50
======================================================================

Epoch 26/30
309/309 ━━━━━━━━━━━━━━━━━━━━ 7s 24ms/step - mae: 0.0374 - mse: 0.0023 - loss: 0.0025 - val_loss: 0.0023
Epoch 27/30
309/309 ━━━━━━━━━━━━━━━━━━━━ 11s 36ms/step - mae: 0.0341 - mse: 0.0019 - loss: 0.0016 - val_loss: 0.0019 - val_fr_phase_loss_50: 1.2797 - val_fr_target_loss_50: 1.2844 - val_fr_curve_loss_10: 0.0861 - val_fr_curve_loss_20: 0.3719 - val_fr_curve_loss_30: 0.7338 - val_fr_curve_loss_50: 1.2815
[Optuna] trial=11 epoch=27 val_fr_phase_loss_50=1.2797 | median=1.10055 (n=10, p25=0.944896, p75=1.54487) | margin=+0.179145 (+16.28%)

======================================================================
   PHASE 12/12: masked_modeling
   Mask Prob: 0.25
   Mask Scope: time
   Mask Mode: noise
   Mask Value: None
   Noise Sigma: 0.1
   Noise Replace: True
   Epochs: 3
   Learning Rate: 0.00030023519983272154
   Clipping Norm: 0.18209387842701583
   Horizon (train loss): 50
   Output timesteps (val_loss and fr_loss): 50
======================================================================

Epoch 28/30
309/309 ━━━━━━━━━━━━━━━━━━━━ 7s 24ms/step - mae: 0.1673 - mse: 0.0481 - loss: 0.0520 - val_loss: 0.0481
Epoch 29/30
309/309 ━━━━━━━━━━━━━━━━━━━━ 11s 36ms/step - mae: 0.1358 - mse: 0.0322 - loss: 0.0320 - val_loss: 0.0322 - val_fr_phase_loss_50: 1.1341
[Optuna] trial=11 epoch=29 val_fr_phase_loss_50=1.13406 | median=1.2453 (n=10, p25=1.12833, p75=1.58992) | margin=-0.111236 (-8.93%)
Epoch 30/30
309/309 ━━━━━━━━━━━━━━━━━━━━ 11s 36ms/step - mae: 0.1166 - mse: 0.0237 - loss: 0.0246 - val_loss: 0.0237 - val_fr_target_loss_50: 0.9943 - val_fr_curve_loss_10: 0.0569 - val_fr_curve_loss_20: 0.2145 - val_fr_curve_loss_30: 0.4521 - val_fr_curve_loss_50: 0.9907
Final loss: 0.0246
Predicting all test samples in free_running mode...
  X shape: (2280, 200, 55)
  Y shape: (2280, 50, 55)
  Pred shape: (2280, 50, 55)

 step | target                | pred                  | abs_err
------|-----------------------|-----------------------|----------------------
   25 | [ 4.139746e-01  2.252291e+00  7.680922e-02 -1.082321e+00  1.330184e-01
 -2.749080e-01  6.398940e-01 -1.222357e+00  1.964076e+00  2.024013e-01
 -1.249584e+00  1.684962e-01  6.261574e-01  7.681609e-01 -1.833026e+00
  4.305243e-01 -6.649562e-01  3.213241e-02 -4.315943e-01 -9.406051e-01
 -3.335454e-01  8.885246e-01  1.287808e+00  7.899810e-01 -2.762157e-01
  1.005897e+00 -2.825402e-01 -5.396542e-01 -1.754732e-01  2.526159e-01
 -1.215466e+00 -7.651589e-01 -1.200358e-01  4.952903e-01 -4.308359e-01
 -7.325999e-01  1.170439e+00  1.235309e+00 -8.311886e-01 -7.979621e-01
 -9.821695e-01  2.076884e-01  3.238765e-01 -1.923588e-01 -4.145486e-01
 -3.828006e-01 -3.487313e-02  1.245124e-03  1.581712e-01  5.641804e-01
  2.155083e-01 -1.144052e-01 -1.354365e+00 -3.214316e-01 -1.550427e+00] | [-0.103039  2.069807  0.796912 -1.01512  -0.490053 -0.714627 -0.024352
 -2.062072  2.610955  0.176831 -1.415653  3.140491  1.032107 -1.040441
  1.446061 -2.971513 -0.862833 -0.523864 -1.643201 -0.8936   -1.141549
  1.828483  1.79251  -0.894014 -0.365112  0.934034 -1.246991 -0.978843
 -0.646746 -0.043837 -0.460655 -0.673997  1.295835  1.350417 -0.083584
 -0.452377  0.296253  1.792271 -0.195875 -0.024458 -0.044814  1.202019
  1.399619 -0.738325  3.858486  1.127973 -0.687204  0.855479  0.606144
  1.218975 -1.484658  1.928943 -1.335729  0.272365 -1.551569] | [5.170136e-01 1.824844e-01 7.201024e-01 6.720185e-02 6.230717e-01
 4.397191e-01 6.642462e-01 8.397151e-01 6.468787e-01 2.557053e-02
 1.660694e-01 2.971995e+00 4.059497e-01 1.808602e+00 3.279087e+00
 3.402037e+00 1.978765e-01 5.559967e-01 1.211607e+00 4.700494e-02
 8.080035e-01 9.399583e-01 5.047020e-01 1.683995e+00 8.889592e-02
 7.186288e-02 9.644506e-01 4.391888e-01 4.712724e-01 2.964534e-01
 7.548108e-01 9.116220e-02 1.415871e+00 8.551271e-01 3.472515e-01
 2.802231e-01 8.741861e-01 5.569628e-01 6.353139e-01 7.735038e-01
 9.373550e-01 9.943302e-01 1.075743e+00 5.459657e-01 4.273035e+00
 1.510773e+00 6.523313e-01 8.542340e-01 4.479727e-01 6.547943e-01
 1.700166e+00 2.043349e+00 1.863635e-02 5.937967e-01 1.141906e-03]
   26 | [ 0.433902  2.276946  0.062718 -1.073421  0.149295 -0.261739  0.66411
 -1.190588  1.970693  0.211786 -1.280325  0.091743  0.630177  0.811665
 -1.905444  0.590891 -0.648677  0.010101 -0.341095 -0.950394 -0.271225
  0.842781  1.340023  0.789891 -0.296955  0.983707 -0.332591 -0.535192
 -0.171397  0.217021 -1.236176 -0.75049  -0.169815  0.501318 -0.449502
 -0.772153  1.203705  1.218394 -0.873595 -0.731515 -1.003057  0.192291
  0.338178 -0.172599 -0.562203 -0.409968  0.071482 -0.035004  0.178969
  0.522649  0.281281 -0.172402 -1.38113  -0.280718 -1.561255] | [-1.323661e-01  2.100930e+00  8.015854e-01 -1.005218e+00 -4.804642e-01
 -7.261234e-01 -3.961526e-02 -2.088089e+00  2.648136e+00  1.889228e-01
 -1.447348e+00  3.178693e+00  1.014961e+00 -1.075329e+00  1.451958e+00
 -2.974486e+00 -8.898755e-01 -5.666746e-01 -1.677017e+00 -8.966548e-01
 -1.123099e+00  1.826758e+00  1.819279e+00 -9.434660e-01 -3.706992e-01
  9.140437e-01 -1.270289e+00 -9.999076e-01 -6.743962e-01 -5.514891e-02
 -4.200376e-01 -6.255240e-01  1.318601e+00  1.367327e+00 -9.106074e-02
 -4.452322e-01  2.599149e-01  1.824908e+00 -2.350819e-01  3.311755e-03
 -3.533424e-02  1.206724e+00  1.436652e+00 -7.494544e-01  3.880884e+00
  1.178082e+00 -6.572225e-01  8.688679e-01  6.239824e-01  1.228882e+00
 -1.447765e+00  1.917226e+00 -1.339452e+00  3.134711e-01 -1.548894e+00] | [0.566269 0.176016 0.738867 0.068203 0.629759 0.464385 0.703725 0.897501
 0.677444 0.022864 0.167022 3.08695  0.384784 1.886994 3.357402 3.565377
 0.241198 0.576776 1.335922 0.05374  0.851875 0.983978 0.479256 1.733357
 0.073744 0.069663 0.937698 0.464715 0.502999 0.27217  0.816139 0.124966
 1.488416 0.866009 0.358441 0.326921 0.94379  0.606514 0.638513 0.734827
 0.967722 1.014433 1.098474 0.576856 4.443087 1.58805  0.728705 0.903872
 0.445013 0.706233 1.729046 2.089627 0.041677 0.59419  0.012361]
   27 | [ 0.45137   2.29779   0.046898 -1.065959  0.163722 -0.251176  0.686906
 -1.158318  1.973541  0.218812 -1.306769  0.020961  0.635355  0.846673
 -1.973424  0.752938 -0.63128  -0.009811 -0.250043 -0.95588  -0.208485
  0.794828  1.389242  0.786713 -0.314912  0.961981 -0.384025 -0.528408
 -0.166389  0.176889 -1.255981 -0.733755 -0.216556  0.503603 -0.465744
 -0.812322  1.237801  1.200935 -0.913572 -0.661274 -1.020813  0.176508
  0.350492 -0.15451  -0.707661 -0.434216  0.179125 -0.073381  0.197581
  0.481679  0.341621 -0.226467 -1.405437 -0.237464 -1.567991] | [-0.16332   2.131516  0.804631 -0.995233 -0.472482 -0.739053 -0.056347
 -2.113718  2.683533  0.200153 -1.475922  3.216064  0.998499 -1.110886
  1.457406 -2.974364 -0.917533 -0.60815  -1.714595 -0.897264 -1.103822
  1.824556  1.845285 -0.990603 -0.37375   0.892086 -1.292292 -1.020277
 -0.701959 -0.066248 -0.379606 -0.579019  1.340586  1.381096 -0.096649
 -0.435478  0.219741  1.855556 -0.275642  0.029346 -0.024257  1.209649
  1.47289  -0.76133   3.904663  1.229453 -0.626885  0.882087  0.63901
  1.239952 -1.411047  1.904435 -1.341847  0.354172 -1.54395 ] | [0.61469  0.166273 0.757733 0.070726 0.636204 0.487877 0.743253 0.955401
 0.709992 0.018659 0.169153 3.195103 0.363145 1.957558 3.43083  3.727302
 0.286253 0.598339 1.464552 0.058616 0.895336 1.029728 0.456043 1.777317
 0.058837 0.069895 0.908268 0.491868 0.53557  0.243137 0.876375 0.154736
 1.557142 0.877493 0.369095 0.376844 1.01806  0.654621 0.63793  0.69062
 0.996557 1.03314  1.122398 0.60682  4.612324 1.663669 0.806009 0.955468
 0.441429 0.758273 1.752668 2.130902 0.063589 0.591636 0.024042]
   28 | [ 0.466327  2.314783  0.029422 -1.059933  0.176249 -0.243234  0.708319
 -1.125542  1.97265   0.223477 -1.328843 -0.043589  0.641445  0.873025
 -2.036825  0.915869 -0.612772 -0.027353 -0.158771 -0.957077 -0.145636
  0.744967  1.435167  0.780424 -0.32991   0.940997 -0.436465 -0.519352
 -0.160183  0.132539 -1.274543 -0.714768 -0.260126  0.501926 -0.479514
 -0.852827  1.272629  1.183048 -0.950983 -0.587688 -1.035382  0.160153
  0.360566 -0.138091 -0.850494 -0.455552  0.287429 -0.113708  0.214089
  0.44125   0.396277 -0.27644  -1.427296 -0.191884 -1.570648] | [-0.195818  2.1616    0.806172 -0.9851   -0.466143 -0.753349 -0.074441
 -2.138967  2.717123  0.210378 -1.50147   3.252492  0.982804 -1.146983
  1.462591 -2.971675 -0.945604 -0.648244 -1.755465 -0.895681 -1.084021
  1.821986  1.870691 -1.035527 -0.37448   0.868141 -1.31307  -1.039893
 -0.729308 -0.077239 -0.339565 -0.534504  1.361984  1.391897 -0.100546
 -0.4234    0.176064  1.884237 -0.317355  0.053927 -0.011523  1.210682
  1.508349 -0.773779  3.929924  1.281712 -0.596544  0.895304  0.651524
  1.252106 -1.374556  1.89078  -1.343108  0.394456 -1.536767] | [0.662145 0.153183 0.77675  0.074834 0.642392 0.510115 0.78276  1.013426
 0.744473 0.013099 0.172627 3.296082 0.341359 2.020008 3.499416 3.887545
 0.332832 0.620891 1.596694 0.061396 0.938385 1.07702  0.435524 1.815951
 0.04457  0.072856 0.876606 0.52054  0.569125 0.209779 0.934978 0.180264
 1.62211  0.889971 0.378967 0.429428 1.096565 0.701189 0.633627 0.641615
 1.02386  1.050529 1.147783 0.635687 4.780418 1.737264 0.883973 1.009012
 0.437435 0.810856 1.770833 2.16722  0.084188 0.58634  0.033881]
   29 | [ 0.478732  2.32789   0.010362 -1.055353  0.186818 -0.237931  0.728378
 -1.09227   1.968046  0.225786 -1.346491 -0.1017    0.648197  0.890628
 -2.095523  1.078877 -0.593175 -0.042284 -0.067607 -0.95402  -0.082985
  0.693516  1.47754   0.771024 -0.341791  0.921028 -0.489508 -0.508082
 -0.152506  0.084329 -1.291529 -0.693373 -0.30041   0.496102 -0.49077
 -0.893374  1.308082  1.164834 -0.985713 -0.511238 -1.046716  0.143051
  0.368166 -0.123325 -0.990295 -0.473989  0.395794 -0.155784  0.228586
  0.401343  0.445038 -0.322183 -1.446722 -0.144214 -1.56925 ] | [-2.297380e-01  2.191186e+00  8.063638e-01 -9.748110e-01 -4.614436e-01
 -7.689347e-01 -9.380692e-02 -2.163840e+00  2.748929e+00  2.195277e-01
 -1.524154e+00  3.287872e+00  9.680211e-01 -1.183502e+00  1.467729e+00
 -2.966789e+00 -9.738852e-01 -6.869663e-01 -1.799098e+00 -8.920646e-01
 -1.063871e+00  1.819162e+00  1.895699e+00 -1.078230e+00 -3.730264e-01
  8.422975e-01 -1.332682e+00 -1.058676e+00 -7.564194e-01 -8.819092e-02
 -3.001003e-01 -4.919902e-01  1.382984e+00  1.399871e+00 -1.029143e-01
 -4.091766e-01  1.290589e-01  1.910934e+00 -3.600543e-01  7.720965e-02
  2.858989e-03  1.209790e+00  1.543016e+00 -7.866286e-01  3.956853e+00
  1.334598e+00 -5.664697e-01  9.086125e-01  6.618721e-01  1.265219e+00
 -1.338264e+00  1.876460e+00 -1.343408e+00  4.343193e-01 -1.527417e+00] | [0.70847  0.136704 0.796002 0.080542 0.648261 0.531003 0.822185 1.07157
 0.780883 0.006258 0.177664 3.389573 0.319825 2.07413  3.563252 4.045667
 0.38071  0.644682 1.731492 0.061956 0.980886 1.125645 0.418159 1.849254
 0.031235 0.07873  0.843175 0.550594 0.603914 0.17252  0.991429 0.201382
 1.683393 0.903769 0.387855 0.484197 1.179023 0.746101 0.625659 0.588448
 1.049575 1.066739 1.17485  0.663303 4.947148 1.808587 0.962264 1.064396
 0.433287 0.863876 1.783301 2.198643 0.103313 0.578534 0.041833]
model built: True
num weights: 38
{'mae': [0.29970934987068176, 0.15738849341869354, 0.13566672801971436, 0.12065407633781433, 0.11223533004522324, 0.1085594967007637, 0.08737066388130188, 0.12252039462327957, 0.12046726793050766, 0.11336938291788101, 0.07522312551736832, 0.06221844628453255, 0.10896720737218857, 0.10459862649440765, 0.09932994097471237, 0.05824027955532074, 0.051545023918151855, 0.04578365385532379, 0.045120660215616226, 0.04444878548383713, 0.04548322781920433, 0.04303929582238197, 0.03754765912890434, 0.03775807470083237, 0.037930384278297424, 0.037357576191425323, 0.03408895805478096, 0.16728746891021729, 0.13579875230789185, 0.11662454903125763], 'mse': [0.14385080337524414, 0.040046315640211105, 0.029727336019277573, 0.023644225671887398, 0.020561644807457924, 0.019222300499677658, 0.0122612239792943, 0.024719739332795143, 0.023832321166992188, 0.021117737516760826, 0.009098420850932598, 0.006274629384279251, 0.019874991849064827, 0.0186526570469141, 0.01699192449450493, 0.005516462028026581, 0.004321685992181301, 0.003438173094764352, 0.003331247717142105, 0.0032244145404547453, 0.0033496946562081575, 0.0030260260682553053, 0.00232275715097785, 0.002336535369977355, 0.0023485026322305202, 0.00228070723824203, 0.001907204044982791, 0.04805082455277443, 0.032194990664720535, 0.02369655855000019], 'loss': [0.3729739189147949, 0.06868655979633331, 0.03762625902891159, 0.026697266846895218, 0.021418189629912376, 0.02515421248972416, 0.012967769987881184, 0.032239943742752075, 0.024968137964606285, 0.021968981251120567, 0.011263318359851837, 0.006213098298758268, 0.026173977181315422, 0.019186140969395638, 0.01698940247297287, 0.006491133943200111, 0.0038547241128981113, 0.003894833382219076, 0.0037248986773192883, 0.0036288099363446236, 0.0029001880902796984, 0.002309345407411456, 0.0035995205398648977, 0.0032941214740276337, 0.0032160491682589054, 0.002478930866345763, 0.0016361516900360584, 0.05196743458509445, 0.03198206052184105, 0.024619078263640404], 'val_loss': [0.14385080337524414, 0.040046315640211105, 0.029727334156632423, 0.023644225671887398, 0.020561644807457924, 0.019222300499677658, 0.012261224910616875, 0.024719739332795143, 0.023832323029637337, 0.021117737516760826, 0.009098418988287449, 0.006274629384279251, 0.019874991849064827, 0.0186526570469141, 0.01699192449450493, 0.005516462028026581, 0.004321685992181301, 0.003438173094764352, 0.003331247717142105, 0.0032244145404547453, 0.003349695121869445, 0.0030260260682553053, 0.00232275715097785, 0.002336535369977355, 0.0023485026322305202, 0.00228070723824203, 0.001907204044982791, 0.04805082455277443, 0.032194990664720535, 0.02369655855000019], 'val_fr_phase_loss_5': [nan, 0.07016800343990326, nan, 0.03880451247096062, nan], 'val_fr_target_loss_50': [nan, 1.0979413986206055, nan, nan, 1.1171470880508423, nan, 1.092596173286438, nan, nan, 1.1699740886688232, nan, 1.0844876766204834, nan, nan, 1.065826177597046, nan, 1.2523654699325562, nan, nan, 0.9620881080627441, nan, 1.3796186447143555, nan, nan, 0.8940375447273254, nan, 1.2843894958496094, nan, nan, 0.9942638278007507], 'val_fr_curve_loss_10': [nan, 0.1531294882297516, nan, nan, 0.0852227434515953, nan, 0.10866211354732513, nan, nan, 0.08768969029188156, nan, 0.08881883323192596, nan, nan, 0.07853303849697113, nan, 0.0863092690706253, nan, nan, 0.05903952196240425, nan, 0.09949178248643875, nan, nan, 0.04771140590310097, nan, 0.08607573062181473, nan, nan, 0.05693952739238739], 'val_fr_curve_loss_20': [nan, 0.39660805463790894, nan, nan, 0.28513166308403015, nan, 0.340402752161026, nan, nan, 0.2959214150905609, nan, 0.3098975419998169, nan, nan, 0.2757202088832855, nan, 0.34227073192596436, nan, nan, 0.23534463346004486, nan, 0.4193999767303467, nan, nan, 0.19565241038799286, nan, 0.3719118535518646, nan, nan, 0.21454471349716187], 'val_fr_curve_loss_30': [nan, 0.659051239490509, nan, nan, 0.5633121132850647, nan, 0.6151493191719055, nan, nan, 0.5862922668457031, nan, 0.5887942910194397, nan, nan, 0.5430276393890381, nan, 0.6749261021614075, nan, nan, 0.49203255772590637, nan, 0.8082097172737122, nan, nan, 0.42841580510139465, nan, 0.7337555289268494, nan, nan, 0.4520941972732544], 'val_fr_curve_loss_50': [nan, 1.0766857862472534, nan, nan, 1.1022217273712158, nan, 1.0842934846878052, nan, nan, 1.1815800666809082, nan, 1.081281304359436, nan, nan, 1.0579391717910767, nan, 1.2500030994415283, nan, nan, 0.9704190492630005, nan, 1.376581072807312, nan, nan, 0.9004300832748413, nan, 1.2815226316452026, nan, nan, 0.9907053112983704], 'val_fr_phase_loss_12': [nan, 0.14637379348278046, nan, 0.12868811190128326, nan], 'val_fr_phase_loss_18': [nan, 0.24964536726474762, nan, 0.23463894426822662, nan], 'val_fr_phase_loss_25': [nan, 0.5000505447387695, nan, 0.3407130837440491, nan], 'val_fr_phase_loss_38': [nan, 1.070786714553833, nan, 0.5706276297569275, nan], 'val_fr_phase_loss_50': [nan, 1.2796955108642578, nan, 1.134059190750122, nan]}
Saved artifacts to: runs/tuning/full_seq_lstm_lvl1/trial_0011
