--- Number of Windows for Train = 9880
--- Number of Windows for Val = 3040
--- Number of Windows for Test = 2280
--- Curriculum = [10, 15, 20, 25, 35, 45]
--- fr_curve Outsteps = [10, 20, 30]

--- Training: prova1 [LSTM/FC/STEP_WISE]  ---

======================================================================
   PHASE 1/6: teacher_forcing
   Epochs: 6
   Learning Rate: 0.0006712755239702848
   Clipping Norm: 0.5779685713065355
   Horizon (train loss): 10
   Output timesteps (val_loss and fr_loss): 50
======================================================================

Epoch 1/20
309/309 ━━━━━━━━━━━━━━━━━━━━ 95s 290ms/step - mae: 0.1723 - loss: 0.2357 - val_loss: 0.0476
Epoch 2/20
309/309 ━━━━━━━━━━━━━━━━━━━━ 93s 300ms/step - mae: 0.1030 - loss: 0.0243 - val_loss: 0.0170 - val_fr_phase_loss_10: 0.1498
[Optuna] trial=13 epoch=2 val_fr_phase_loss_10=0.149786 | median=0.224654 (n=6, p25=0.167962, p75=0.263411) | margin=-0.0748684 (-33.33%)
Epoch 3/20
309/309 ━━━━━━━━━━━━━━━━━━━━ 89s 287ms/step - mae: 0.0821 - loss: 0.0112 - val_loss: 0.0109
Epoch 4/20
309/309 ━━━━━━━━━━━━━━━━━━━━ 92s 298ms/step - mae: 0.0709 - loss: 0.0075 - val_loss: 0.0081 - val_fr_phase_loss_10: 0.1469
[Optuna] trial=13 epoch=4 val_fr_phase_loss_10=0.146894 | median=0.205781 (n=6, p25=0.161823, p75=0.245799) | margin=-0.0588865 (-28.62%)
Epoch 5/20
309/309 ━━━━━━━━━━━━━━━━━━━━ 88s 285ms/step - mae: 0.0633 - loss: 0.0057 - val_loss: 0.0065
Epoch 6/20
309/309 ━━━━━━━━━━━━━━━━━━━━ 92s 296ms/step - mae: 0.0584 - loss: 0.0047 - val_loss: 0.0056 - val_fr_phase_loss_10: 0.1654 - val_fr_target_loss_50: 1.3393 - val_fr_curve_loss_10: 0.1713 - val_fr_curve_loss_20: 0.5164 - val_fr_curve_loss_30: 0.8475
[Optuna] trial=13 epoch=6 val_fr_phase_loss_10=0.165368 | median=0.218815 (n=6, p25=0.177094, p75=0.275213) | margin=-0.0534468 (-24.43%)

======================================================================
   PHASE 2/6: masked_modeling
   Mask Prob: 0.15
   Mask Scope: time
   Mask Mode: constant
   Mask Value: 0.2
   Noise Sigma: None
   Noise Replace: False
   Epochs: 4
   Learning Rate: 0.0005370204191762279
   Clipping Norm: 0.5201717141758819
   Horizon (train loss): 15
   Output timesteps (val_loss and fr_loss): 50
======================================================================

Epoch 7/20
309/309 ━━━━━━━━━━━━━━━━━━━━ 91s 294ms/step - mae: 0.1310 - loss: 0.0370 - val_loss: 0.0278
Epoch 8/20
309/309 ━━━━━━━━━━━━━━━━━━━━ 94s 306ms/step - mae: 0.1207 - loss: 0.0259 - val_loss: 0.0237 - val_fr_phase_loss_15: 0.2047
[Optuna] trial=13 epoch=8 val_fr_phase_loss_15=0.204734 | median=0.232025 (n=6, p25=0.210605, p75=0.257902) | margin=-0.0272907 (-11.76%)
Epoch 9/20
309/309 ━━━━━━━━━━━━━━━━━━━━ 91s 293ms/step - mae: 0.1159 - loss: 0.0217 - val_loss: 0.0220
Epoch 10/20
309/309 ━━━━━━━━━━━━━━━━━━━━ 94s 305ms/step - mae: 0.1086 - loss: 0.0182 - val_loss: 0.0194 - val_fr_phase_loss_15: 0.1721 - val_fr_target_loss_50: 0.9458 - val_fr_curve_loss_10: 0.0913 - val_fr_curve_loss_20: 0.2735 - val_fr_curve_loss_30: 0.5010
[Optuna] trial=13 epoch=10 val_fr_phase_loss_15=0.17209 | median=0.202012 (n=6, p25=0.182133, p75=0.23043) | margin=-0.0299222 (-14.81%)

======================================================================
   PHASE 3/6: masked_modeling
   Mask Prob: 0.2
   Mask Scope: time
   Mask Mode: noise
   Mask Value: None
   Noise Sigma: 0.1
   Noise Replace: False
   Epochs: 4
   Learning Rate: 0.0004027653143821709
   Clipping Norm: 0.4623748570452284
   Horizon (train loss): 20
   Output timesteps (val_loss and fr_loss): 50
======================================================================

Epoch 11/20
309/309 ━━━━━━━━━━━━━━━━━━━━ 91s 294ms/step - mae: 0.0567 - loss: 0.0073 - val_loss: 0.0052
Epoch 12/20
309/309 ━━━━━━━━━━━━━━━━━━━━ 94s 304ms/step - mae: 0.0488 - loss: 0.0041 - val_loss: 0.0039 - val_fr_phase_loss_20: 0.2626
[Optuna] trial=13 epoch=12 val_fr_phase_loss_20=0.262574 | median=0.272893 (n=6, p25=0.263827, p75=0.300213) | margin=-0.0103195 (-3.78%)
Epoch 13/20
309/309 ━━━━━━━━━━━━━━━━━━━━ 91s 293ms/step - mae: 0.0460 - loss: 0.0036 - val_loss: 0.0035
Epoch 14/20
309/309 ━━━━━━━━━━━━━━━━━━━━ 94s 305ms/step - mae: 0.0442 - loss: 0.0034 - val_loss: 0.0032 - val_fr_phase_loss_20: 0.2675 - val_fr_target_loss_50: 0.9670 - val_fr_curve_loss_10: 0.0743 - val_fr_curve_loss_20: 0.2734 - val_fr_curve_loss_30: 0.5274
[Optuna] trial=13 epoch=14 val_fr_phase_loss_20=0.267506 | median=0.321759 (n=6, p25=0.281804, p75=0.350471) | margin=-0.054253 (-16.86%)

======================================================================
   PHASE 4/6: scheduled_sampling
   Tf Ratio Start: 1.0
   Tf Ratio End: 0.4
   Per Feature: True
   Stop Grad Pred: True
   Ratio Mode: sigmoid
   Mid Point: 0.6
   Sharpness: 10.0
   Power Value: 2.0
   Epochs: 2
   Learning Rate: 0.0004698928667791994
   Clipping Norm: 0.4623748570452284
   Horizon (train loss): 25
   Output timesteps (val_loss and fr_loss): 50
======================================================================

Epoch 15/20
309/309 ━━━━━━━━━━━━━━━━━━━━ 92s 299ms/step - mae: 0.0395 - loss: 0.0020 - val_loss: 0.0026
Epoch 16/20
309/309 ━━━━━━━━━━━━━━━━━━━━ 96s 311ms/step - mae: 0.0551 - loss: 0.0311 - val_loss: 0.0050 - val_fr_phase_loss_25: 0.4416 - val_fr_target_loss_50: 1.0174 - val_fr_curve_loss_10: 0.0901 - val_fr_curve_loss_20: 0.3138 - val_fr_curve_loss_30: 0.5797
[Optuna] trial=13 epoch=16 val_fr_phase_loss_25=0.441597 | median=0.463637 (n=6, p25=0.447628, p75=0.530258) | margin=-0.0220395 (-4.75%)

======================================================================
   PHASE 5/6: full_autoregressive
   Gradient Through Time: False
   Epochs: 2
   Learning Rate: 0.0003356377619851424
   Clipping Norm: 0.40457799991457477
   Horizon (train loss): 35
   Output timesteps (val_loss and fr_loss): 50
======================================================================

Epoch 17/20
309/309 ━━━━━━━━━━━━━━━━━━━━ 89s 287ms/step - mae: 0.2840 - loss: 0.3812 - val_loss: 0.1381
Epoch 18/20
309/309 ━━━━━━━━━━━━━━━━━━━━ 92s 299ms/step - mae: 0.2880 - loss: 0.2429 - val_loss: 0.1474 - val_fr_phase_loss_35: 0.2489 - val_fr_target_loss_50: 0.3496 - val_fr_curve_loss_10: 0.0587 - val_fr_curve_loss_20: 0.1281 - val_fr_curve_loss_30: 0.2085
[Optuna] trial=13 epoch=18 val_fr_phase_loss_35=0.248868 | median=0.321017 (n=6, p25=0.263067, p75=0.358898) | margin=-0.0721484 (-22.47%)

======================================================================
   PHASE 6/6: full_autoregressive
   Gradient Through Time: True
   Epochs: 2
   Learning Rate: 0.00020138265719108544
   Clipping Norm: 0.34678114278392125
   Horizon (train loss): 45
   Output timesteps (val_loss and fr_loss): 50
======================================================================

Epoch 19/20
309/309 ━━━━━━━━━━━━━━━━━━━━ 93s 300ms/step - mae: 0.2989 - loss: 0.2605 - val_loss: 0.1583
Epoch 20/20
309/309 ━━━━━━━━━━━━━━━━━━━━ 93s 300ms/step - mae: 0.2936 - loss: 0.2402 - val_loss: 0.1529 - val_fr_phase_loss_45: 0.2880 - val_fr_target_loss_50: 0.3153 - val_fr_curve_loss_10: 0.0510 - val_fr_curve_loss_20: 0.1104 - val_fr_curve_loss_30: 0.1841
[Optuna] trial=13 epoch=20 val_fr_phase_loss_45=0.287982 | median=0.364383 (n=6, p25=0.311762, p75=0.386747) | margin=-0.0764013 (-20.97%)
Final loss: 0.2402
Predicting all test samples in free_running mode...
  X shape: (2280, 200, 55)
  Y shape: (2280, 50, 55)
  Pred shape: (2280, 50, 55)

 step | target                | pred                  | abs_err
------|-----------------------|-----------------------|----------------------
   25 | [ 4.139746e-01  2.252291e+00  7.680922e-02 -1.082321e+00  1.330184e-01
 -2.749080e-01  6.398940e-01 -1.222357e+00  1.964076e+00  2.024013e-01
 -1.249584e+00  1.684962e-01  6.261574e-01  7.681609e-01 -1.833026e+00
  4.305243e-01 -6.649562e-01  3.213241e-02 -4.315943e-01 -9.406051e-01
 -3.335454e-01  8.885246e-01  1.287808e+00  7.899810e-01 -2.762157e-01
  1.005897e+00 -2.825402e-01 -5.396542e-01 -1.754732e-01  2.526159e-01
 -1.215466e+00 -7.651589e-01 -1.200358e-01  4.952903e-01 -4.308359e-01
 -7.325999e-01  1.170439e+00  1.235309e+00 -8.311886e-01 -7.979621e-01
 -9.821695e-01  2.076884e-01  3.238765e-01 -1.923588e-01 -4.145486e-01
 -3.828006e-01 -3.487313e-02  1.245124e-03  1.581712e-01  5.641804e-01
  2.155083e-01 -1.144052e-01 -1.354365e+00 -3.214316e-01 -1.550427e+00] | [ 0.670751  2.62753  -0.293953  0.190479  0.393157 -0.067822  1.241487
 -1.064688  2.470866  0.460852 -1.67369   0.620628 -0.407472  0.269389
 -0.494855 -1.068064  0.364481  0.110315 -0.229779 -1.082891  0.071343
  0.651456  0.718006  0.544425  0.051951  1.242833 -0.694432 -0.560095
 -0.290032  0.395037 -0.035049 -0.703355 -0.166299  0.652518 -0.85799
 -0.45701   0.528598  1.422317  0.111824 -0.780091 -1.089083  0.154304
  1.014277 -0.076802  0.80182  -0.661252 -0.098566 -0.02418   0.76064
  0.510375 -1.190433 -0.221976 -1.540189 -0.904098 -1.808246] | [0.256776 0.375239 0.370762 1.272801 0.260139 0.207086 0.601593 0.157669
 0.50679  0.25845  0.424106 0.452132 1.033629 0.498772 1.338171 1.498588
 1.029437 0.078183 0.201816 0.142286 0.404889 0.237068 0.569801 0.245556
 0.328167 0.236936 0.411892 0.020441 0.114559 0.142422 1.180418 0.061804
 0.046264 0.157228 0.427154 0.27559  0.641841 0.187008 0.943013 0.017871
 0.106913 0.053384 0.690401 0.115557 1.216368 0.278451 0.063693 0.025425
 0.602469 0.053806 1.405941 0.107571 0.185824 0.582667 0.257819]
   26 | [ 0.433902  2.276946  0.062718 -1.073421  0.149295 -0.261739  0.66411
 -1.190588  1.970693  0.211786 -1.280325  0.091743  0.630177  0.811665
 -1.905444  0.590891 -0.648677  0.010101 -0.341095 -0.950394 -0.271225
  0.842781  1.340023  0.789891 -0.296955  0.983707 -0.332591 -0.535192
 -0.171397  0.217021 -1.236176 -0.75049  -0.169815  0.501318 -0.449502
 -0.772153  1.203705  1.218394 -0.873595 -0.731515 -1.003057  0.192291
  0.338178 -0.172599 -0.562203 -0.409968  0.071482 -0.035004  0.178969
  0.522649  0.281281 -0.172402 -1.38113  -0.280718 -1.561255] | [ 0.695218  2.660077 -0.301387  0.252512  0.40825  -0.050722  1.260943
 -1.043808  2.496271  0.4668   -1.709983  0.587709 -0.470325  0.342328
 -0.558889 -1.013586  0.37528   0.073917 -0.133315 -1.103437  0.080373
  0.60281   0.757072  0.538685  0.037975  1.24984  -0.709551 -0.565143
 -0.266075  0.402903 -0.008169 -0.679365 -0.173886  0.672749 -0.89731
 -0.459894  0.527873  1.416055  0.102985 -0.740205 -1.091664  0.131043
  1.021686 -0.03652   0.70412  -0.698002 -0.067174 -0.062186  0.832625
  0.467467 -1.134433 -0.262125 -1.560932 -0.883682 -1.833997] | [0.261315 0.383131 0.364105 1.325933 0.258955 0.211017 0.596833 0.14678
 0.525578 0.255014 0.429658 0.495966 1.100502 0.469337 1.346555 1.604477
 1.023958 0.063816 0.20778  0.153042 0.351598 0.23997  0.582951 0.251206
 0.334931 0.266133 0.37696  0.02995  0.094678 0.185881 1.228008 0.071124
 0.004071 0.171432 0.447808 0.312259 0.675832 0.197661 0.97658  0.008691
 0.088608 0.061248 0.683508 0.136079 1.266322 0.288034 0.138657 0.027182
 0.653656 0.055182 1.415714 0.089724 0.179802 0.602964 0.272742]
   27 | [ 0.45137   2.29779   0.046898 -1.065959  0.163722 -0.251176  0.686906
 -1.158318  1.973541  0.218812 -1.306769  0.020961  0.635355  0.846673
 -1.973424  0.752938 -0.63128  -0.009811 -0.250043 -0.95588  -0.208485
  0.794828  1.389242  0.786713 -0.314912  0.961981 -0.384025 -0.528408
 -0.166389  0.176889 -1.255981 -0.733755 -0.216556  0.503603 -0.465744
 -0.812322  1.237801  1.200935 -0.913572 -0.661274 -1.020813  0.176508
  0.350492 -0.15451  -0.707661 -0.434216  0.179125 -0.073381  0.197581
  0.481679  0.341621 -0.226467 -1.405437 -0.237464 -1.567991] | [ 0.716624  2.690528 -0.309453  0.312074  0.421641 -0.035495  1.278334
 -1.022726  2.518797  0.471968 -1.742607  0.558011 -0.531657  0.413622
 -0.624038 -0.954274  0.382144  0.035558 -0.035713 -1.120701  0.085579
  0.552489  0.797668  0.530411  0.023681  1.259848 -0.724941 -0.569789
 -0.240648  0.409072  0.018107 -0.655619 -0.179045  0.69054  -0.935096
 -0.462503  0.526573  1.408841  0.09385  -0.695852 -1.091761  0.108235
  1.027893  0.005426  0.605728 -0.731988 -0.033735 -0.100288  0.903036
  0.426072 -1.081501 -0.301218 -1.578766 -0.86057  -1.857524] | [0.265254 0.392738 0.356351 1.378032 0.257919 0.215681 0.591428 0.135591
 0.545256 0.253156 0.435838 0.53705  1.167012 0.43305  1.349387 1.707212
 1.013424 0.045369 0.21433  0.164821 0.294065 0.242339 0.591574 0.256302
 0.338593 0.297867 0.340916 0.04138  0.074259 0.232183 1.274088 0.078135
 0.037511 0.186937 0.469352 0.349819 0.711227 0.207906 1.007422 0.034578
 0.070948 0.068273 0.677401 0.159936 1.313389 0.297772 0.21286  0.026907
 0.705455 0.055607 1.423123 0.074751 0.173329 0.623106 0.289533]
   28 | [ 0.466327  2.314783  0.029422 -1.059933  0.176249 -0.243234  0.708319
 -1.125542  1.97265   0.223477 -1.328843 -0.043589  0.641445  0.873025
 -2.036825  0.915869 -0.612772 -0.027353 -0.158771 -0.957077 -0.145636
  0.744967  1.435167  0.780424 -0.32991   0.940997 -0.436465 -0.519352
 -0.160183  0.132539 -1.274543 -0.714768 -0.260126  0.501926 -0.479514
 -0.852827  1.272629  1.183048 -0.950983 -0.587688 -1.035382  0.160153
  0.360566 -0.138091 -0.850494 -0.455552  0.287429 -0.113708  0.214089
  0.44125   0.396277 -0.27644  -1.427296 -0.191884 -1.570648] | [ 7.347906e-01  2.718338e+00 -3.180510e-01  3.689514e-01  4.333324e-01
 -2.201459e-02  1.293711e+00 -1.001388e+00  2.538024e+00  4.762719e-01
 -1.771178e+00  5.317862e-01 -5.911302e-01  4.829019e-01 -6.900269e-01
 -8.899800e-01  3.849424e-01 -4.622450e-03  6.255243e-02 -1.134475e+00
  8.681396e-02  5.005413e-01  8.392482e-01  5.193889e-01  9.117257e-03
  1.272627e+00 -7.406695e-01 -5.741607e-01 -2.136215e-01  4.132846e-01
  4.370972e-02 -6.323430e-01 -1.818587e-01  7.053750e-01 -9.711230e-01
 -4.648491e-01  5.248282e-01  1.400826e+00  8.400872e-02 -6.467910e-01
 -1.089512e+00  8.596495e-02  1.032728e+00  4.893576e-02  5.068652e-01
 -7.632314e-01  1.574663e-03 -1.384549e-01  9.713917e-01  3.861601e-01
 -1.032091e+00 -3.393047e-01 -1.593533e+00 -8.348588e-01 -1.878469e+00] | [0.268463 0.403554 0.347473 1.428885 0.257083 0.221219 0.585392 0.124154
 0.565373 0.252795 0.442335 0.575375 1.232575 0.390124 1.346798 1.805849
 0.997715 0.02273  0.221324 0.177398 0.23245  0.244425 0.595919 0.261035
 0.339028 0.33163  0.304205 0.054809 0.053439 0.280745 1.318253 0.082425
 0.078268 0.203449 0.491609 0.387978 0.747801 0.217778 1.034992 0.059103
 0.05413  0.074188 0.672162 0.187027 1.357359 0.307679 0.285854 0.024747
 0.757302 0.055089 1.428368 0.062865 0.166237 0.642975 0.307821]
   29 | [ 0.478732  2.32789   0.010362 -1.055353  0.186818 -0.237931  0.728378
 -1.09227   1.968046  0.225786 -1.346491 -0.1017    0.648197  0.890628
 -2.095523  1.078877 -0.593175 -0.042284 -0.067607 -0.95402  -0.082985
  0.693516  1.47754   0.771024 -0.341791  0.921028 -0.489508 -0.508082
 -0.152506  0.084329 -1.291529 -0.693373 -0.30041   0.496102 -0.49077
 -0.893374  1.308082  1.164834 -0.985713 -0.511238 -1.046716  0.143051
  0.368166 -0.123325 -0.990295 -0.473989  0.395794 -0.155784  0.228586
  0.401343  0.445038 -0.322183 -1.446722 -0.144214 -1.56925 ] | [ 0.749536  2.742867 -0.327076  0.422895  0.443289 -0.010169  1.307203
 -0.979807  2.553495  0.479582 -1.795247  0.509271 -0.648297  0.549761
 -0.75653  -0.820678  0.383637 -0.046356  0.16094  -1.144515  0.083967
  0.44709   0.881187  0.505468 -0.005599  1.287768 -0.756699 -0.578363
 -0.184908  0.415249  0.068509 -0.609783 -0.182406  0.71676  -1.005133
 -0.466991  0.522791  1.392149  0.073029 -0.592912 -1.085018  0.06433
  1.03594   0.09382   0.407847 -0.791732  0.038453 -0.176595  1.037154
  0.347684 -0.986675 -0.376393 -1.605014 -0.806649 -1.896372] | [0.270804 0.414976 0.337438 1.478248 0.256471 0.227763 0.578825 0.112463
 0.585449 0.253796 0.448756 0.610972 1.296494 0.340867 1.338993 1.899556
 0.976811 0.004072 0.228547 0.190495 0.166952 0.246426 0.596353 0.265556
 0.336192 0.366741 0.267192 0.070282 0.032403 0.33092  1.360038 0.083589
 0.118004 0.220658 0.514363 0.426383 0.785291 0.227316 1.058743 0.081674
 0.038301 0.078721 0.667774 0.217145 1.398141 0.317743 0.357341 0.020812
 0.808568 0.053659 1.431713 0.054211 0.158293 0.662434 0.327122]
model built: True
num weights: 38
{'mae': [0.17225214838981628, 0.10296479612588882, 0.08211494982242584, 0.07088152319192886, 0.06333622336387634, 0.05840107426047325, 0.13102327287197113, 0.12071193009614944, 0.11591292172670364, 0.10862910747528076, 0.0567270889878273, 0.04880235716700554, 0.04599751532077789, 0.044189248234033585, 0.03952381759881973, 0.055106911808252335, 0.2839844226837158, 0.28796282410621643, 0.29887712001800537, 0.293586790561676], 'loss': [0.2357041984796524, 0.02431635558605194, 0.011173679493367672, 0.007510852068662643, 0.005716034211218357, 0.0046731410548090935, 0.037046801298856735, 0.02588661015033722, 0.021697968244552612, 0.018200302496552467, 0.007259523030370474, 0.004098031669855118, 0.003622066928073764, 0.003429425647482276, 0.002025713911280036, 0.03105912357568741, 0.38121679425239563, 0.2429056465625763, 0.26046761870384216, 0.24024836719036102], 'val_loss': [0.04759525507688522, 0.017009830102324486, 0.010858271270990372, 0.008100075647234917, 0.006499835290014744, 0.005558195989578962, 0.027815748006105423, 0.02372852712869644, 0.02198905125260353, 0.01941312476992607, 0.005243433173745871, 0.003909830003976822, 0.0034649409353733063, 0.003198484890162945, 0.00258040358312428, 0.004992304835468531, 0.13805827498435974, 0.147373765707016, 0.15834175050258636, 0.1529066264629364], 'val_fr_phase_loss_10': [nan, 0.1497860848903656, nan, 0.14689446985721588, nan, 0.16536833345890045], 'val_fr_target_loss_50': [nan, nan, nan, nan, nan, 1.33930504322052, nan, nan, nan, 0.9458410143852234, nan, nan, nan, 0.9669613242149353, nan, 1.0173563957214355, nan, 0.3496072590351105, nan, 0.31529125571250916], 'val_fr_curve_loss_10': [nan, nan, nan, nan, nan, 0.17125864326953888, nan, nan, nan, 0.09132718294858932, nan, nan, nan, 0.07431139051914215, nan, 0.09008187055587769, nan, 0.05866324156522751, nan, 0.050960902124643326], 'val_fr_curve_loss_20': [nan, nan, nan, nan, nan, 0.5163995623588562, nan, nan, nan, 0.2735244631767273, nan, nan, nan, 0.2733791470527649, nan, 0.31379765272140503, nan, 0.12812252342700958, nan, 0.11036497354507446], 'val_fr_curve_loss_30': [nan, nan, nan, nan, nan, 0.8474692106246948, nan, nan, nan, 0.5009504556655884, nan, nan, nan, 0.5274060964584351, nan, 0.5797062516212463, nan, 0.20852750539779663, nan, 0.18412235379219055], 'val_fr_phase_loss_15': [nan, 0.20473381876945496, nan, 0.17209023237228394], 'val_fr_phase_loss_20': [nan, 0.26257357001304626, nan, 0.26750627160072327], 'val_fr_phase_loss_25': [nan, 0.44159719347953796], 'val_fr_phase_loss_35': [nan, 0.24886834621429443], 'val_fr_phase_loss_45': [nan, 0.28798210620880127]}
Saved artifacts to: runs/tuning/step_wise_lstm_lvl1/trial_0013
