--- Number of Windows for Train = 9880
--- Number of Windows for Val = 3040
--- Number of Windows for Test = 2280
--- Curriculum = [10, 15, 20, 25, 35, 45]
--- fr_curve Outsteps = [10, 20, 30]

--- Training: prova1 [LSTM/FC/STEP_WISE]  ---

======================================================================
   PHASE 1/6: teacher_forcing
   Epochs: 6
   Learning Rate: 7.951980208879155e-06
   Clipping Norm: 1.8276027831785728
   Horizon (train loss): 10
   Output timesteps (val_loss and fr_loss): 50
======================================================================

Epoch 1/20
309/309 ━━━━━━━━━━━━━━━━━━━━ 94s 287ms/step - mae: 0.7519 - loss: 0.9148 - val_loss: 0.8852
Epoch 2/20
309/309 ━━━━━━━━━━━━━━━━━━━━ 92s 297ms/step - mae: 0.7376 - loss: 0.8831 - val_loss: 0.8536 - val_fr_phase_loss_10: 0.8688
[Optuna] trial=1 epoch=2 val_fr_phase_loss_10=0.868794 | no history yet
Epoch 3/20
309/309 ━━━━━━━━━━━━━━━━━━━━ 87s 282ms/step - mae: 0.7184 - loss: 0.8450 - val_loss: 0.8131
Epoch 4/20
309/309 ━━━━━━━━━━━━━━━━━━━━ 90s 292ms/step - mae: 0.6972 - loss: 0.7995 - val_loss: 0.7695 - val_fr_phase_loss_10: 0.7935
[Optuna] trial=1 epoch=4 val_fr_phase_loss_10=0.793502 | no history yet
Epoch 5/20
309/309 ━━━━━━━━━━━━━━━━━━━━ 86s 277ms/step - mae: 0.6793 - loss: 0.7568 - val_loss: 0.7330
Epoch 6/20
309/309 ━━━━━━━━━━━━━━━━━━━━ 89s 289ms/step - mae: 0.6647 - loss: 0.7219 - val_loss: 0.7031 - val_fr_phase_loss_10: 0.7334 - val_fr_target_loss_50: 0.9227 - val_fr_curve_loss_10: 0.7374 - val_fr_curve_loss_20: 0.7727 - val_fr_curve_loss_30: 0.8165
[Optuna] trial=1 epoch=6 val_fr_phase_loss_10=0.733391 | no history yet

======================================================================
   PHASE 2/6: masked_modeling
   Mask Prob: 0.15
   Mask Scope: time
   Mask Mode: constant
   Mask Value: 0.2
   Noise Sigma: None
   Noise Replace: False
   Epochs: 4
   Learning Rate: 6.361584167103324e-06
   Clipping Norm: 1.6448425048607156
   Horizon (train loss): 15
   Output timesteps (val_loss and fr_loss): 50
======================================================================

Epoch 7/20
309/309 ━━━━━━━━━━━━━━━━━━━━ 88s 284ms/step - mae: 0.6550 - loss: 0.6998 - val_loss: 0.6833
Epoch 8/20
309/309 ━━━━━━━━━━━━━━━━━━━━ 94s 304ms/step - mae: 0.6455 - loss: 0.6780 - val_loss: 0.6640 - val_fr_phase_loss_15: 0.7205
[Optuna] trial=1 epoch=8 val_fr_phase_loss_15=0.720532 | no history yet
Epoch 9/20
309/309 ━━━━━━━━━━━━━━━━━━━━ 89s 289ms/step - mae: 0.6363 - loss: 0.6579 - val_loss: 0.6457
Epoch 10/20
309/309 ━━━━━━━━━━━━━━━━━━━━ 93s 301ms/step - mae: 0.6272 - loss: 0.6384 - val_loss: 0.6276 - val_fr_phase_loss_15: 0.6966 - val_fr_target_loss_50: 0.9266 - val_fr_curve_loss_10: 0.6792 - val_fr_curve_loss_20: 0.7295 - val_fr_curve_loss_30: 0.7908
[Optuna] trial=1 epoch=10 val_fr_phase_loss_15=0.696638 | no history yet

======================================================================
   PHASE 3/6: masked_modeling
   Mask Prob: 0.2
   Mask Scope: time
   Mask Mode: noise
   Mask Value: None
   Noise Sigma: 0.1
   Noise Replace: False
   Epochs: 4
   Learning Rate: 4.771188125327493e-06
   Clipping Norm: 1.4620822265428584
   Horizon (train loss): 20
   Output timesteps (val_loss and fr_loss): 50
======================================================================

Epoch 11/20
309/309 ━━━━━━━━━━━━━━━━━━━━ 90s 292ms/step - mae: 0.6210 - loss: 0.6203 - val_loss: 0.6151
Epoch 12/20
309/309 ━━━━━━━━━━━━━━━━━━━━ 94s 305ms/step - mae: 0.6138 - loss: 0.6050 - val_loss: 0.6009 - val_fr_phase_loss_20: 0.7079
[Optuna] trial=1 epoch=12 val_fr_phase_loss_20=0.707936 | no history yet
Epoch 13/20
309/309 ━━━━━━━━━━━━━━━━━━━━ 91s 293ms/step - mae: 0.6064 - loss: 0.5899 - val_loss: 0.5866
Epoch 14/20
309/309 ━━━━━━━━━━━━━━━━━━━━ 94s 305ms/step - mae: 0.5989 - loss: 0.5745 - val_loss: 0.5721 - val_fr_phase_loss_20: 0.6937 - val_fr_target_loss_50: 0.9106 - val_fr_curve_loss_10: 0.6417 - val_fr_curve_loss_20: 0.7004 - val_fr_curve_loss_30: 0.7697
[Optuna] trial=1 epoch=14 val_fr_phase_loss_20=0.693713 | no history yet

======================================================================
   PHASE 4/6: scheduled_sampling
   Tf Ratio Start: 1.0
   Tf Ratio End: 0.4
   Per Feature: True
   Stop Grad Pred: True
   Ratio Mode: sigmoid
   Mid Point: 0.6
   Sharpness: 10.0
   Power Value: 2.0
   Epochs: 3
   Learning Rate: 5.566386146215408e-06
   Clipping Norm: 1.4620822265428584
   Horizon (train loss): 25
   Output timesteps (val_loss and fr_loss): 50
======================================================================

Epoch 15/20
309/309 ━━━━━━━━━━━━━━━━━━━━ 92s 299ms/step - mae: 0.5909 - loss: 0.5595 - val_loss: 0.5568
Epoch 16/20
309/309 ━━━━━━━━━━━━━━━━━━━━ 96s 310ms/step - mae: 0.5824 - loss: 0.5491 - val_loss: 0.5410 - val_fr_phase_loss_25: 0.7057
[Optuna] trial=1 epoch=16 val_fr_phase_loss_25=0.705672 | no history yet
Epoch 17/20
309/309 ━━━━━━━━━━━━━━━━━━━━ 97s 313ms/step - mae: 0.5770 - loss: 0.5703 - val_loss: 0.5308 - val_fr_target_loss_50: 0.8298 - val_fr_curve_loss_10: 0.6029 - val_fr_curve_loss_20: 0.6532 - val_fr_curve_loss_30: 0.7134

======================================================================
   PHASE 5/6: full_autoregressive
   Gradient Through Time: False
   Epochs: 2
   Learning Rate: 3.975990104439577e-06
   Clipping Norm: 1.279321948225001
   Horizon (train loss): 35
   Output timesteps (val_loss and fr_loss): 50
======================================================================

Epoch 18/20
309/309 ━━━━━━━━━━━━━━━━━━━━ 88s 285ms/step - mae: 0.5830 - loss: 0.6979 - val_loss: 0.5418
Epoch 19/20
309/309 ━━━━━━━━━━━━━━━━━━━━ 92s 296ms/step - mae: 0.5832 - loss: 0.6806 - val_loss: 0.5420 - val_fr_phase_loss_35: 0.6881 - val_fr_target_loss_50: 0.7428 - val_fr_curve_loss_10: 0.5951 - val_fr_curve_loss_20: 0.6342 - val_fr_curve_loss_30: 0.6748
[Optuna] trial=1 epoch=19 val_fr_phase_loss_35=0.68809 | no history yet

======================================================================
   PHASE 6/6: full_autoregressive
   Gradient Through Time: True
   Epochs: 1
   Learning Rate: 2.3855940626637464e-06
   Clipping Norm: 1.0965616699071437
   Horizon (train loss): 45
   Output timesteps (val_loss and fr_loss): 50
======================================================================

Epoch 20/20
309/309 ━━━━━━━━━━━━━━━━━━━━ 91s 296ms/step - mae: 0.5866 - loss: 0.6954 - val_loss: 0.5484 - val_fr_target_loss_50: 0.7199 - val_fr_curve_loss_10: 0.5955 - val_fr_curve_loss_20: 0.6317 - val_fr_curve_loss_30: 0.6664
Final loss: 0.6954
Predicting all test samples in free_running mode...
  X shape: (2280, 200, 55)
  Y shape: (2280, 50, 55)
  Pred shape: (2280, 50, 55)

 step | target                | pred                  | abs_err
------|-----------------------|-----------------------|----------------------
   25 | [ 4.139746e-01  2.252291e+00  7.680922e-02 -1.082321e+00  1.330184e-01
 -2.749080e-01  6.398940e-01 -1.222357e+00  1.964076e+00  2.024013e-01
 -1.249584e+00  1.684962e-01  6.261574e-01  7.681609e-01 -1.833026e+00
  4.305243e-01 -6.649562e-01  3.213241e-02 -4.315943e-01 -9.406051e-01
 -3.335454e-01  8.885246e-01  1.287808e+00  7.899810e-01 -2.762157e-01
  1.005897e+00 -2.825402e-01 -5.396542e-01 -1.754732e-01  2.526159e-01
 -1.215466e+00 -7.651589e-01 -1.200358e-01  4.952903e-01 -4.308359e-01
 -7.325999e-01  1.170439e+00  1.235309e+00 -8.311886e-01 -7.979621e-01
 -9.821695e-01  2.076884e-01  3.238765e-01 -1.923588e-01 -4.145486e-01
 -3.828006e-01 -3.487313e-02  1.245124e-03  1.581712e-01  5.641804e-01
  2.155083e-01 -1.144052e-01 -1.354365e+00 -3.214316e-01 -1.550427e+00] | [ 0.349198  0.963128  0.21992   0.13153   0.286261  0.77654   0.579191
  0.021356  1.256402  0.682088 -0.832138 -0.168584 -0.554767 -0.313965
  0.019509 -0.774634  0.232844 -0.251739  0.183703 -1.154891  0.058051
 -0.156101  0.082921  0.571043 -0.601132  0.672006 -0.775369 -0.620775
 -0.098433  0.613909 -0.261727 -0.047944 -0.747395  0.358034 -0.602894
 -0.190133  0.351478  0.756497  0.474117 -0.487948 -0.601759 -0.155491
  0.726871 -0.318359  0.231733 -0.765401 -0.070523 -0.116942 -0.087747
 -0.60949  -0.237824 -0.341552 -0.81868   0.237403 -0.871417] | [0.064777 1.289163 0.14311  1.213852 0.153243 1.051448 0.060703 1.243713
 0.707674 0.479687 0.417446 0.33708  1.180924 1.082126 1.852535 1.205158
 0.897801 0.283872 0.615297 0.214285 0.391596 1.044626 1.204886 0.218938
 0.324916 0.333891 0.492829 0.08112  0.077041 0.361293 0.953739 0.717215
 0.62736  0.137256 0.172058 0.542467 0.818962 0.478812 1.305306 0.310014
 0.380411 0.363179 0.402995 0.126    0.646281 0.382601 0.03565  0.118187
 0.245918 1.173671 0.453332 0.227147 0.535686 0.558835 0.67901 ]
   26 | [ 0.433902  2.276946  0.062718 -1.073421  0.149295 -0.261739  0.66411
 -1.190588  1.970693  0.211786 -1.280325  0.091743  0.630177  0.811665
 -1.905444  0.590891 -0.648677  0.010101 -0.341095 -0.950394 -0.271225
  0.842781  1.340023  0.789891 -0.296955  0.983707 -0.332591 -0.535192
 -0.171397  0.217021 -1.236176 -0.75049  -0.169815  0.501318 -0.449502
 -0.772153  1.203705  1.218394 -0.873595 -0.731515 -1.003057  0.192291
  0.338178 -0.172599 -0.562203 -0.409968  0.071482 -0.035004  0.178969
  0.522649  0.281281 -0.172402 -1.38113  -0.280718 -1.561255] | [ 0.361491  0.950381  0.210193  0.130376  0.301282  0.807227  0.592605
  0.031391  1.232119  0.678759 -0.825997 -0.124936 -0.627161 -0.331447
 -0.011083 -0.761599  0.247681 -0.26103   0.201636 -1.156452  0.060542
 -0.206962  0.104974  0.572952 -0.612221  0.688365 -0.766334 -0.614714
 -0.059185  0.607846 -0.222    -0.023638 -0.747206  0.354942 -0.609329
 -0.157772  0.384685  0.793891  0.477358 -0.483779 -0.613267 -0.153213
  0.696947 -0.300718  0.191747 -0.785253 -0.062004 -0.167203 -0.105491
 -0.603459 -0.24392  -0.38461  -0.821976  0.249516 -0.871353] | [0.072411 1.326565 0.147475 1.203797 0.151987 1.068966 0.071505 1.221979
 0.738574 0.466973 0.454328 0.216679 1.257338 1.143112 1.894361 1.35249
 0.896359 0.271131 0.542731 0.206057 0.331767 1.049742 1.235049 0.216939
 0.315266 0.295342 0.433743 0.079522 0.112212 0.390825 1.014176 0.726851
 0.577391 0.146375 0.159827 0.614382 0.819019 0.424503 1.350952 0.247736
 0.38979  0.345504 0.35877  0.12812  0.75395  0.375285 0.133486 0.132199
 0.28446  1.126108 0.525201 0.212209 0.559154 0.530235 0.689902]
   27 | [ 0.45137   2.29779   0.046898 -1.065959  0.163722 -0.251176  0.686906
 -1.158318  1.973541  0.218812 -1.306769  0.020961  0.635355  0.846673
 -1.973424  0.752938 -0.63128  -0.009811 -0.250043 -0.95588  -0.208485
  0.794828  1.389242  0.786713 -0.314912  0.961981 -0.384025 -0.528408
 -0.166389  0.176889 -1.255981 -0.733755 -0.216556  0.503603 -0.465744
 -0.812322  1.237801  1.200935 -0.913572 -0.661274 -1.020813  0.176508
  0.350492 -0.15451  -0.707661 -0.434216  0.179125 -0.073381  0.197581
  0.481679  0.341621 -0.226467 -1.405437 -0.237464 -1.567991] | [ 3.722377e-01  9.346184e-01  2.007084e-01  1.274718e-01  3.152545e-01
  8.371426e-01  6.028835e-01  4.335064e-02  1.205444e+00  6.752905e-01
 -8.194469e-01 -8.080739e-02 -6.984742e-01 -3.504963e-01 -4.328271e-02
 -7.477901e-01  2.626800e-01 -2.687290e-01  2.200140e-01 -1.156128e+00
  6.190929e-02 -2.578009e-01  1.253814e-01  5.749269e-01 -6.209472e-01
  7.048620e-01 -7.547888e-01 -6.072961e-01 -1.967373e-02  5.999435e-01
 -1.823224e-01  7.040100e-04 -7.452770e-01  3.497342e-01 -6.150657e-01
 -1.237219e-01  4.198971e-01  8.322413e-01  4.831004e-01 -4.773510e-01
 -6.245771e-01 -1.497307e-01  6.653568e-01 -2.825600e-01  1.518739e-01
 -8.039563e-01 -5.412816e-02 -2.174189e-01 -1.238571e-01 -5.961708e-01
 -2.513699e-01 -4.257717e-01 -8.244824e-01  2.616763e-01 -8.692221e-01] | [0.079132 1.363171 0.15381  1.193431 0.151532 1.088319 0.084022 1.201668
 0.768097 0.456479 0.487322 0.101768 1.333829 1.197169 1.930141 1.500728
 0.89396  0.258918 0.470057 0.200248 0.270395 1.052629 1.263861 0.211786
 0.306035 0.257119 0.370764 0.078888 0.146716 0.423054 1.073659 0.734459
 0.528721 0.153869 0.149322 0.6886   0.817904 0.368693 1.396672 0.183923
 0.396236 0.326239 0.314864 0.12805  0.859535 0.36974  0.233253 0.144038
 0.321438 1.07785  0.592991 0.199304 0.580954 0.49914  0.698769]
   28 | [ 0.466327  2.314783  0.029422 -1.059933  0.176249 -0.243234  0.708319
 -1.125542  1.97265   0.223477 -1.328843 -0.043589  0.641445  0.873025
 -2.036825  0.915869 -0.612772 -0.027353 -0.158771 -0.957077 -0.145636
  0.744967  1.435167  0.780424 -0.32991   0.940997 -0.436465 -0.519352
 -0.160183  0.132539 -1.274543 -0.714768 -0.260126  0.501926 -0.479514
 -0.852827  1.272629  1.183048 -0.950983 -0.587688 -1.035382  0.160153
  0.360566 -0.138091 -0.850494 -0.455552  0.287429 -0.113708  0.214089
  0.44125   0.396277 -0.27644  -1.427296 -0.191884 -1.570648] | [ 0.38151   0.915741  0.191434  0.122587  0.328171  0.866195  0.609845
  0.057373  1.176538  0.671834 -0.812408 -0.036099 -0.768799 -0.37094
 -0.077068 -0.733282  0.277866 -0.2747    0.238633 -1.153863  0.062248
 -0.308802  0.144151  0.576934 -0.627444  0.721432 -0.740861 -0.598926
  0.020073  0.590107 -0.142655  0.025165 -0.741325  0.342381 -0.620148
 -0.087907  0.457061  0.871453  0.491011 -0.468527 -0.635631 -0.144784
  0.631927 -0.263873  0.112152 -0.82141  -0.046933 -0.267323 -0.142835
 -0.587618 -0.260166 -0.465111 -0.825977  0.273677 -0.865212] | [0.084817 1.399042 0.162012 1.18252  0.151921 1.109429 0.098475 1.182915
 0.796112 0.448357 0.516435 0.00749  1.410244 1.243965 1.959756 1.649151
 0.890638 0.247347 0.397405 0.196785 0.207884 1.053769 1.291016 0.20349
 0.297534 0.219565 0.304396 0.079574 0.180256 0.457568 1.131888 0.739932
 0.481199 0.159544 0.140635 0.764921 0.815569 0.311595 1.441994 0.119162
 0.399751 0.304938 0.271361 0.125781 0.962646 0.365857 0.334362 0.153615
 0.356924 1.028868 0.656443 0.188671 0.601319 0.465562 0.705436]
   29 | [ 0.478732  2.32789   0.010362 -1.055353  0.186818 -0.237931  0.728378
 -1.09227   1.968046  0.225786 -1.346491 -0.1017    0.648197  0.890628
 -2.095523  1.078877 -0.593175 -0.042284 -0.067607 -0.95402  -0.082985
  0.693516  1.47754   0.771024 -0.341791  0.921028 -0.489508 -0.508082
 -0.152506  0.084329 -1.291529 -0.693373 -0.30041   0.496102 -0.49077
 -0.893374  1.308082  1.164834 -0.985713 -0.511238 -1.046716  0.143051
  0.368166 -0.123325 -0.990295 -0.473989  0.395794 -0.155784  0.228586
  0.401343  0.445038 -0.322183 -1.446722 -0.144214 -1.56925 ] | [ 0.388105  0.890536  0.182704  0.112438  0.340905  0.892956  0.611843
  0.075514  1.145546  0.670363 -0.804057  0.011639 -0.840029 -0.38955
 -0.11417  -0.719908  0.289927 -0.276046  0.25479  -1.147571  0.062938
 -0.36357   0.16287   0.577311 -0.632647  0.738097 -0.723792 -0.592783
  0.061113  0.57688  -0.102486  0.052361 -0.731603  0.332302 -0.624118
 -0.046769  0.498059  0.909534  0.497684 -0.45399  -0.646253 -0.136691
  0.593813 -0.243516  0.071675 -0.836214 -0.03902  -0.313579 -0.164691
 -0.577088 -0.271112 -0.506238 -0.82355   0.28396  -0.860488] | [0.090627 1.437354 0.172342 1.167792 0.154087 1.130888 0.116535 1.167783
 0.8225   0.444577 0.542434 0.113339 1.488225 1.280178 1.981353 1.798785
 0.883102 0.233761 0.322397 0.193551 0.145923 1.057086 1.31467  0.193713
 0.290856 0.182931 0.234284 0.084701 0.213618 0.492551 1.189043 0.745734
 0.431193 0.1638   0.133348 0.846605 0.810023 0.255299 1.483398 0.057248
 0.400464 0.279742 0.225647 0.120191 1.06197  0.362225 0.434814 0.157796
 0.393277 0.978431 0.71615  0.184055 0.623172 0.428174 0.708762]
model built: True
num weights: 38
{'mae': [0.7518791556358337, 0.7375543713569641, 0.718437910079956, 0.6972332000732422, 0.6793265342712402, 0.664685845375061, 0.6549924612045288, 0.6454525589942932, 0.636326014995575, 0.627228856086731, 0.6209879517555237, 0.6137540340423584, 0.6063864231109619, 0.5988666415214539, 0.5908628106117249, 0.5824173092842102, 0.5769969820976257, 0.5830423831939697, 0.5831732749938965, 0.5865871906280518], 'loss': [0.9148155450820923, 0.8831209540367126, 0.8450217843055725, 0.7994508743286133, 0.7568295001983643, 0.7218954563140869, 0.6997676491737366, 0.6780140399932861, 0.6578942537307739, 0.6383945345878601, 0.6202574968338013, 0.6050378680229187, 0.5898749828338623, 0.5745416879653931, 0.5595191121101379, 0.54910808801651, 0.5702927112579346, 0.6978815197944641, 0.6805601716041565, 0.6954432725906372], 'val_loss': [0.8851620554924011, 0.8535516858100891, 0.8130638599395752, 0.7695090770721436, 0.7329856753349304, 0.7031134963035583, 0.6832823157310486, 0.6639906764030457, 0.6456870436668396, 0.6275736093521118, 0.6151032447814941, 0.6009349822998047, 0.5866281390190125, 0.5721395611763, 0.5568081140518188, 0.5409596562385559, 0.5308435559272766, 0.541784405708313, 0.5419834852218628, 0.5484133958816528], 'val_fr_phase_loss_10': [nan, 0.8687936663627625, nan, 0.7935023307800293, nan, 0.733390748500824], 'val_fr_target_loss_50': [nan, nan, nan, nan, nan, 0.9227166175842285, nan, nan, nan, 0.9265859723091125, nan, nan, nan, 0.9106335043907166, nan, nan, 0.829800546169281, nan, 0.7427672743797302, 0.719905436038971], 'val_fr_curve_loss_10': [nan, nan, nan, nan, nan, 0.7374199032783508, nan, nan, nan, 0.67920982837677, nan, nan, nan, 0.6416897177696228, nan, nan, 0.602909505367279, nan, 0.5950613021850586, 0.5955281853675842], 'val_fr_curve_loss_20': [nan, nan, nan, nan, nan, 0.772737979888916, nan, nan, nan, 0.7295256853103638, nan, nan, nan, 0.7003798484802246, nan, nan, 0.6532080173492432, nan, 0.634183943271637, 0.6316739916801453], 'val_fr_curve_loss_30': [nan, nan, nan, nan, nan, 0.8164538741111755, nan, nan, nan, 0.7908275723457336, nan, nan, nan, 0.7697051763534546, nan, nan, 0.7133635878562927, nan, 0.6748296618461609, 0.666430652141571], 'val_fr_phase_loss_15': [nan, 0.7205324172973633, nan, 0.696638286113739], 'val_fr_phase_loss_20': [nan, 0.7079359292984009, nan, 0.6937128901481628], 'val_fr_phase_loss_25': [nan, 0.7056717872619629, nan], 'val_fr_phase_loss_35': [nan, 0.6880902647972107], 'val_fr_phase_loss_45': [nan]}
Saved artifacts to: runs/tuning/step_wise_lstm_lvl1/trial_0001
