--- Number of Windows for Train = 9880
--- Number of Windows for Val = 3040
--- Number of Windows for Test = 2280
--- Curriculum = [10, 15, 20, 30, 40, 50]
--- fr_curve Outsteps = [1, 2, 3]

--- Training: prova1 [LSTM/FC/HYBRID]  ---

======================================================================
   PHASE 1/6: teacher_forcing
   Epochs: 6
   Learning Rate: 0.0003109366394252324
   Clipping Norm: 0.706624585101408
   Horizon (train loss): 10
   Output timesteps (val_loss and fr_loss): 50
======================================================================

Epoch 1/30
309/309 ━━━━━━━━━━━━━━━━━━━━ 18s 44ms/step - mae: 0.2490 - loss: 0.3467 - val_loss: 0.1002
Epoch 2/30
309/309 ━━━━━━━━━━━━━━━━━━━━ 17s 56ms/step - mae: 0.1521 - loss: 0.0546 - val_loss: 0.0376 - val_fr_phase_loss_10: 0.1083
[Optuna] trial=25 epoch=2 val_fr_phase_loss_10=0.108293 | median=0.10682 (n=18, p25=0.0943002, p75=0.188184) | margin=+0.00147318 (+1.38%)
Epoch 3/30
309/309 ━━━━━━━━━━━━━━━━━━━━ 13s 42ms/step - mae: 0.1126 - loss: 0.0245 - val_loss: 0.0206
Epoch 4/30
309/309 ━━━━━━━━━━━━━━━━━━━━ 17s 55ms/step - mae: 0.0897 - loss: 0.0144 - val_loss: 0.0131 - val_fr_phase_loss_10: 0.0814
[Optuna] trial=25 epoch=4 val_fr_phase_loss_10=0.0814242 | median=0.103643 (n=18, p25=0.0820049, p75=0.117385) | margin=-0.0222192 (-21.44%)
Epoch 5/30
309/309 ━━━━━━━━━━━━━━━━━━━━ 13s 42ms/step - mae: 0.0772 - loss: 0.0098 - val_loss: 0.0097
Epoch 6/30
309/309 ━━━━━━━━━━━━━━━━━━━━ 17s 55ms/step - mae: 0.0689 - loss: 0.0073 - val_loss: 0.0078 - val_fr_phase_loss_10: 0.0824 - val_fr_target_loss_50: 0.9950 - val_fr_curve_loss_1: 0.0089 - val_fr_curve_loss_2: 0.0121 - val_fr_curve_loss_3: 0.0169
[Optuna] trial=25 epoch=6 val_fr_phase_loss_10=0.0824092 | median=0.110259 (n=18, p25=0.0738551, p75=0.130827) | margin=-0.0278494 (-25.26%)

======================================================================
   PHASE 2/6: masked_modeling
   Mask Prob: 0.15
   Mask Scope: time
   Mask Mode: constant
   Mask Value: 0.2
   Noise Sigma: None
   Noise Replace: False
   Epochs: 6
   Learning Rate: 0.0002487493115401859
   Clipping Norm: 0.6359621265912673
   Horizon (train loss): 15
   Output timesteps (val_loss and fr_loss): 50
======================================================================

Epoch 7/30
309/309 ━━━━━━━━━━━━━━━━━━━━ 13s 42ms/step - mae: 0.1271 - loss: 0.0361 - val_loss: 0.0260
Epoch 8/30
309/309 ━━━━━━━━━━━━━━━━━━━━ 17s 54ms/step - mae: 0.1234 - loss: 0.0285 - val_loss: 0.0246 - val_fr_phase_loss_15: 0.1798
[Optuna] trial=25 epoch=8 val_fr_phase_loss_15=0.179782 | median=0.15963 (n=18, p25=0.15033, p75=0.202902) | margin=+0.0201521 (+12.62%)
Epoch 9/30
309/309 ━━━━━━━━━━━━━━━━━━━━ 17s 41ms/step - mae: 0.1203 - loss: 0.0259 - val_loss: 0.0235
Epoch 10/30
309/309 ━━━━━━━━━━━━━━━━━━━━ 16s 53ms/step - mae: 0.1173 - loss: 0.0239 - val_loss: 0.0225 - val_fr_phase_loss_15: 0.1542
[Optuna] trial=25 epoch=10 val_fr_phase_loss_15=0.154212 | median=0.130119 (n=18, p25=0.125482, p75=0.188153) | margin=+0.0240929 (+18.52%)
Epoch 11/30
309/309 ━━━━━━━━━━━━━━━━━━━━ 13s 42ms/step - mae: 0.1163 - loss: 0.0219 - val_loss: 0.0222
Epoch 12/30
309/309 ━━━━━━━━━━━━━━━━━━━━ 17s 54ms/step - mae: 0.1110 - loss: 0.0203 - val_loss: 0.0204 - val_fr_phase_loss_15: 0.1328 - val_fr_target_loss_50: 0.8926 - val_fr_curve_loss_1: 0.0129 - val_fr_curve_loss_2: 0.0145 - val_fr_curve_loss_3: 0.0176
[Optuna] trial=25 epoch=12 val_fr_phase_loss_15=0.132787 | median=0.121093 (n=18, p25=0.111295, p75=0.169584) | margin=+0.0116942 (+9.66%)

======================================================================
   PHASE 3/6: scheduled_sampling
   Tf Ratio Start: 1.0
   Tf Ratio End: 0.35
   Per Feature: True
   Stop Grad Pred: True
   Ratio Mode: sigmoid
   Mid Point: 0.6
   Sharpness: 10.0
   Power Value: 2.0
   Epochs: 8
   Learning Rate: 0.00021765564759766264
   Clipping Norm: 0.6006308973361968
   Horizon (train loss): 20
   Output timesteps (val_loss and fr_loss): 50
======================================================================

Epoch 13/30
309/309 ━━━━━━━━━━━━━━━━━━━━ 173s 561ms/step - mae: 0.0680 - loss: 0.0085 - val_loss: 0.0075
Epoch 14/30
309/309 ━━━━━━━━━━━━━━━━━━━━ 177s 573ms/step - mae: 0.0586 - loss: 0.0052 - val_loss: 0.0056 - val_fr_phase_loss_20: 0.1678
[Optuna] trial=25 epoch=14 val_fr_phase_loss_20=0.167841 | median=0.208523 (n=18, p25=0.146167, p75=0.227157) | margin=-0.0406819 (-19.51%)
Epoch 15/30
309/309 ━━━━━━━━━━━━━━━━━━━━ 171s 555ms/step - mae: 0.0530 - loss: 0.0041 - val_loss: 0.0046
Epoch 16/30
309/309 ━━━━━━━━━━━━━━━━━━━━ 176s 570ms/step - mae: 0.0485 - loss: 0.0040 - val_loss: 0.0039 - val_fr_phase_loss_20: 0.1769
[Optuna] trial=25 epoch=16 val_fr_phase_loss_20=0.17689 | median=0.227034 (n=18, p25=0.176431, p75=0.279868) | margin=-0.0501441 (-22.09%)
Epoch 17/30
309/309 ━━━━━━━━━━━━━━━━━━━━ 174s 562ms/step - mae: 0.0455 - loss: 0.0056 - val_loss: 0.0034
Epoch 18/30
309/309 ━━━━━━━━━━━━━━━━━━━━ 176s 571ms/step - mae: 0.0443 - loss: 0.0104 - val_loss: 0.0032 - val_fr_phase_loss_20: 0.1781
[Optuna] trial=25 epoch=18 val_fr_phase_loss_20=0.178079 | median=0.230662 (n=18, p25=0.186821, p75=0.247931) | margin=-0.0525832 (-22.80%)
Epoch 19/30
309/309 ━━━━━━━━━━━━━━━━━━━━ 172s 556ms/step - mae: 0.0428 - loss: 0.0151 - val_loss: 0.0031
Epoch 20/30
309/309 ━━━━━━━━━━━━━━━━━━━━ 177s 571ms/step - mae: 0.0418 - loss: 0.0160 - val_loss: 0.0029 - val_fr_phase_loss_20: 0.1650 - val_fr_target_loss_50: 0.7119 - val_fr_curve_loss_1: 0.0034 - val_fr_curve_loss_2: 0.0051 - val_fr_curve_loss_3: 0.0075
[Optuna] trial=25 epoch=20 val_fr_phase_loss_20=0.164971 | median=0.19904 (n=18, p25=0.151485, p75=0.213279) | margin=-0.0340687 (-17.12%)

======================================================================
   PHASE 4/6: masked_modeling
   Mask Prob: 0.2
   Mask Scope: time
   Mask Mode: noise
   Mask Value: None
   Noise Sigma: 0.1
   Noise Replace: False
   Epochs: 4
   Learning Rate: 0.00018656198365513943
   Clipping Norm: 0.5652996680811264
   Horizon (train loss): 30
   Output timesteps (val_loss and fr_loss): 50
======================================================================

Epoch 21/30
309/309 ━━━━━━━━━━━━━━━━━━━━ 13s 41ms/step - mae: 0.0367 - loss: 0.0026 - val_loss: 0.0022
Epoch 22/30
309/309 ━━━━━━━━━━━━━━━━━━━━ 16s 51ms/step - mae: 0.0360 - loss: 0.0025 - val_loss: 0.0022 - val_fr_phase_loss_30: 0.3230
[Optuna] trial=25 epoch=22 val_fr_phase_loss_30=0.32302 | median=0.262657 (n=18, p25=0.25439, p75=0.37272) | margin=+0.0603627 (+22.98%)
Epoch 23/30
309/309 ━━━━━━━━━━━━━━━━━━━━ 13s 42ms/step - mae: 0.0351 - loss: 0.0025 - val_loss: 0.0021
Epoch 24/30
309/309 ━━━━━━━━━━━━━━━━━━━━ 17s 54ms/step - mae: 0.0343 - loss: 0.0024 - val_loss: 0.0020 - val_fr_phase_loss_30: 0.3210 - val_fr_target_loss_50: 0.7230 - val_fr_curve_loss_1: 0.0028 - val_fr_curve_loss_2: 0.0041 - val_fr_curve_loss_3: 0.0060
[Optuna] trial=25 epoch=24 val_fr_phase_loss_30=0.321031 | median=0.26786 (n=18, p25=0.26263, p75=0.380433) | margin=+0.0531706 (+19.85%)

======================================================================
   PHASE 5/6: full_autoregressive
   Gradient Through Time: False
   Epochs: 4
   Learning Rate: 0.0001554683197126162
   Clipping Norm: 0.529968438826056
   Horizon (train loss): 40
   Output timesteps (val_loss and fr_loss): 50
======================================================================

Epoch 25/30
309/309 ━━━━━━━━━━━━━━━━━━━━ 161s 521ms/step - mae: 0.1507 - loss: 0.4339 - val_loss: 0.0394
Epoch 26/30
309/309 ━━━━━━━━━━━━━━━━━━━━ 166s 537ms/step - mae: 0.1380 - loss: 0.2983 - val_loss: 0.0329 - val_fr_phase_loss_40: 0.3189
[Optuna] trial=25 epoch=26 val_fr_phase_loss_40=0.318864 | median=0.290883 (n=18, p25=0.219133, p75=0.373144) | margin=+0.0279818 (+9.62%)
Epoch 27/30
309/309 ━━━━━━━━━━━━━━━━━━━━ 160s 517ms/step - mae: 0.1343 - loss: 0.2691 - val_loss: 0.0313
Epoch 28/30
309/309 ━━━━━━━━━━━━━━━━━━━━ 166s 539ms/step - mae: 0.1319 - loss: 0.2541 - val_loss: 0.0302 - val_fr_phase_loss_40: 0.2924 - val_fr_target_loss_50: 0.3708 - val_fr_curve_loss_1: 0.0135 - val_fr_curve_loss_2: 0.0138 - val_fr_curve_loss_3: 0.0156
[Optuna] trial=25 epoch=28 val_fr_phase_loss_40=0.292399 | median=0.262136 (n=18, p25=0.176484, p75=0.357299) | margin=+0.0302633 (+11.54%)

======================================================================
   PHASE 6/6: full_autoregressive
   Gradient Through Time: True
   Epochs: 2
   Learning Rate: 9.328099182756971e-05
   Clipping Norm: 0.4239747510608448
   Horizon (train loss): 50
   Output timesteps (val_loss and fr_loss): 50
======================================================================

Epoch 29/30
309/309 ━━━━━━━━━━━━━━━━━━━━ 161s 520ms/step - mae: 0.1390 - loss: 0.2900 - val_loss: 0.0331
Epoch 30/30
309/309 ━━━━━━━━━━━━━━━━━━━━ 164s 531ms/step - mae: 0.1372 - loss: 0.2736 - val_loss: 0.0322 - val_fr_phase_loss_50: 0.3313 - val_fr_target_loss_50: 0.3405 - val_fr_curve_loss_1: 0.0258 - val_fr_curve_loss_2: 0.0244 - val_fr_curve_loss_3: 0.0253
[Optuna] trial=25 epoch=30 val_fr_phase_loss_50=0.331316 | median=0.296392 (n=18, p25=0.211602, p75=0.375263) | margin=+0.0349245 (+11.78%)
Final loss: 0.2736
Predicting all test samples in free_running mode...
  X shape: (2280, 200, 36)
  Y shape: (2280, 50, 36)
  Pred shape: (2280, 50, 36)

 step | target                | pred                  | abs_err
------|-----------------------|-----------------------|----------------------
   25 | [ 0.413975  2.252291  0.076809 -1.082321  0.133018 -0.274908  0.639894
 -1.222357 -1.249584  0.168496  0.626157  0.768161 -1.833026  0.430524
 -0.664956 -0.940605 -0.333545  0.888525  1.287808  0.789981 -0.276216
 -0.539654 -0.175473  0.252616 -1.215466 -0.765159 -0.430836 -0.7326
  1.170439  1.235309 -0.98217   0.207688  0.323877 -0.382801 -0.034873
  0.56418 ] | [ 0.375035  2.250285 -0.028181 -0.371659  0.036794 -0.39107   1.200018
 -0.922692 -1.573185  0.914007 -0.406097  0.53767  -0.642085 -0.964512
  0.182479 -0.943931 -0.237218  0.11087   0.599669 -0.073819 -1.104455
 -0.614004 -0.232531 -0.075242 -0.258132 -0.865183 -0.649584 -0.12393
  0.969444  1.101969 -1.040416  0.252554  0.462921 -0.831373  0.043426
  0.095168] | [0.038939 0.002006 0.10499  0.710662 0.096225 0.116162 0.560124 0.299665
 0.323601 0.745511 1.032254 0.230491 1.190941 1.395036 0.847436 0.003326
 0.096328 0.777655 0.688138 0.8638   0.82824  0.07435  0.057058 0.327858
 0.957334 0.100024 0.218749 0.608669 0.200995 0.13334  0.058246 0.044866
 0.139044 0.448572 0.078299 0.469013]
   26 | [ 0.433902  2.276946  0.062718 -1.073421  0.149295 -0.261739  0.66411
 -1.190588 -1.280325  0.091743  0.630177  0.811665 -1.905444  0.590891
 -0.648677 -0.950394 -0.271225  0.842781  1.340023  0.789891 -0.296955
 -0.535192 -0.171397  0.217021 -1.236176 -0.75049  -0.449502 -0.772153
  1.203705  1.218394 -1.003057  0.192291  0.338178 -0.409968  0.071482
  0.522649] | [ 0.402928  2.267293 -0.029334 -0.331406  0.041486 -0.383534  1.221761
 -0.893784 -1.613968  0.902106 -0.4556    0.557871 -0.681893 -0.913367
  0.202167 -0.965906 -0.245989  0.066543  0.601514 -0.095761 -1.118549
 -0.632938 -0.214259 -0.051714 -0.220559 -0.818636 -0.684536 -0.113678
  1.002525  1.121679 -1.046735  0.240185  0.464511 -0.851774  0.064505
  0.058155] | [0.030974 0.009652 0.092052 0.742015 0.107808 0.121796 0.557651 0.296805
 0.333643 0.810363 1.085777 0.253794 1.223551 1.504258 0.850845 0.015512
 0.025235 0.776237 0.738509 0.885652 0.821593 0.097746 0.042862 0.268736
 1.015617 0.068146 0.235034 0.658475 0.20118  0.096715 0.043679 0.047894
 0.126333 0.441806 0.006978 0.464494]
   27 | [ 0.45137   2.29779   0.046898 -1.065959  0.163722 -0.251176  0.686906
 -1.158318 -1.306769  0.020961  0.635355  0.846673 -1.973424  0.752938
 -0.63128  -0.95588  -0.208485  0.794828  1.389242  0.786713 -0.314912
 -0.528408 -0.166389  0.176889 -1.255981 -0.733755 -0.465744 -0.812322
  1.237801  1.200935 -1.020813  0.176508  0.350492 -0.434216  0.179125
  0.481679] | [ 0.427015  2.27988  -0.032094 -0.292808  0.044209 -0.37754   1.241014
 -0.866813 -1.648766  0.892374 -0.501865  0.574832 -0.720215 -0.861872
  0.218791 -0.983798 -0.257331  0.022853  0.601956 -0.11854  -1.128378
 -0.649536 -0.195738 -0.030149 -0.184198 -0.772596 -0.71658  -0.104379
  1.03341   1.139326 -1.049609  0.227942  0.463439 -0.869022  0.084589
  0.024049] | [0.024355 0.017909 0.078992 0.773151 0.119513 0.126364 0.554108 0.291505
 0.341997 0.871413 1.137219 0.27184  1.253209 1.61481  0.85007  0.027919
 0.048846 0.771975 0.787286 0.905253 0.813466 0.121127 0.029349 0.207038
 1.071783 0.038841 0.250836 0.707943 0.204391 0.061609 0.028796 0.051434
 0.112947 0.434806 0.094536 0.45763 ]
   28 | [ 0.466327  2.314783  0.029422 -1.059933  0.176249 -0.243234  0.708319
 -1.125542 -1.328843 -0.043589  0.641445  0.873025 -2.036825  0.915869
 -0.612772 -0.957077 -0.145636  0.744967  1.435167  0.780424 -0.32991
 -0.519352 -0.160183  0.132539 -1.274543 -0.714768 -0.479514 -0.852827
  1.272629  1.183048 -1.035382  0.160153  0.360566 -0.455552  0.287429
  0.44125 ] | [ 0.447388  2.288229 -0.036457 -0.255954  0.045196 -0.372945  1.257927
 -0.841759 -1.677622  0.884423 -0.544933  0.588719 -0.757225 -0.810023
  0.232374 -0.997663 -0.270998 -0.019995  0.601022 -0.142145 -1.134274
 -0.663866 -0.176933 -0.010617 -0.14921  -0.727324 -0.745805 -0.096141
  1.061642  1.1548   -1.049313  0.215679  0.459725 -0.883263  0.103828
 -0.007218] | [0.01894  0.026554 0.06588  0.803979 0.131053 0.129711 0.549608 0.283783
 0.348779 0.928012 1.186378 0.284306 1.2796   1.725892 0.845146 0.040585
 0.125362 0.764962 0.834145 0.922569 0.804363 0.144514 0.01675  0.143156
 1.125333 0.012556 0.266291 0.756686 0.210987 0.028248 0.013931 0.055526
 0.099159 0.427711 0.183601 0.448468]
   29 | [ 0.478732  2.32789   0.010362 -1.055353  0.186818 -0.237931  0.728378
 -1.09227  -1.346491 -0.1017    0.648197  0.890628 -2.095523  1.078877
 -0.593175 -0.95402  -0.082985  0.693516  1.47754   0.771024 -0.341791
 -0.508082 -0.152506  0.084329 -1.291529 -0.693373 -0.49077  -0.893374
  1.308082  1.164834 -1.046716  0.143051  0.368166 -0.473989  0.395794
  0.401343] | [ 0.464018  2.292558 -0.042463 -0.221207  0.044337 -0.369658  1.272412
 -0.818683 -1.700609  0.877902 -0.584835  0.599774 -0.792887 -0.758104
  0.243169 -1.007524 -0.28658  -0.061998  0.59893  -0.166619 -1.136333
 -0.675872 -0.157859  0.006744 -0.11553  -0.682917 -0.77196  -0.088857
  1.087156  1.168009 -1.045879  0.203411  0.45339  -0.894557  0.122154
 -0.035598] | [1.471397e-02 3.533268e-02 5.282521e-02 8.341464e-01 1.424803e-01
 1.317265e-01 5.440340e-01 2.735866e-01 3.541187e-01 9.796021e-01
 1.233032e+00 2.908546e-01 1.302636e+00 1.836981e+00 8.363434e-01
 5.350375e-02 2.035947e-01 7.555141e-01 8.786099e-01 9.376434e-01
 7.945422e-01 1.677903e-01 5.353510e-03 7.758522e-02 1.176000e+00
 1.045614e-02 2.811902e-01 8.045169e-01 2.209258e-01 3.175497e-03
 8.374453e-04 6.035955e-02 8.522385e-02 4.205677e-01 2.736403e-01
 4.369404e-01]
model built: True
num weights: 38
{'mae': [0.24896100163459778, 0.15211085975170135, 0.11257622390985489, 0.08969506621360779, 0.07720813155174255, 0.06892582029104233, 0.12713636457920074, 0.12338829040527344, 0.12031944841146469, 0.11729927361011505, 0.11629240214824677, 0.11104878038167953, 0.06797707825899124, 0.058643192052841187, 0.05295364558696747, 0.048473112285137177, 0.04550473392009735, 0.04430204629898071, 0.0428147129714489, 0.041841913014650345, 0.03665958344936371, 0.03598439693450928, 0.03509005159139633, 0.03431510552763939, 0.15069466829299927, 0.13796964287757874, 0.13428744673728943, 0.13185803592205048, 0.13901537656784058, 0.1372213214635849], 'loss': [0.34667253494262695, 0.05459627881646156, 0.024531755596399307, 0.014435535296797752, 0.009777571074664593, 0.007287835702300072, 0.03609154000878334, 0.028496062383055687, 0.025861069560050964, 0.023867366835474968, 0.021936630830168724, 0.020271576941013336, 0.008458239026367664, 0.005165180657058954, 0.004149298183619976, 0.004014619160443544, 0.0055734640918672085, 0.010420363396406174, 0.015087473206222057, 0.016014741733670235, 0.0026266821660101414, 0.002511611208319664, 0.0024686052929610014, 0.0024191089905798435, 0.4338591694831848, 0.2983095049858093, 0.2691130042076111, 0.25405198335647583, 0.29004645347595215, 0.27355751395225525], 'val_loss': [0.10019712150096893, 0.0375751256942749, 0.02060827985405922, 0.013112193904817104, 0.009723895229399204, 0.007763656787574291, 0.026015207171440125, 0.024640554562211037, 0.023473428562283516, 0.022488495334982872, 0.02220763824880123, 0.02037259191274643, 0.00754894781857729, 0.005638183560222387, 0.004618678707629442, 0.0038785042706876993, 0.0034207708667963743, 0.003243650309741497, 0.003051272826269269, 0.0029179423581808805, 0.002241910435259342, 0.00216318154707551, 0.0020569656044244766, 0.0019669337198138237, 0.039372820407152176, 0.03294912725687027, 0.031257834285497665, 0.030158432200551033, 0.0331403873860836, 0.03224828094244003], 'val_fr_phase_loss_10': [nan, 0.10829278081655502, nan, 0.08142418414354324, nan, 0.08240922540426254], 'val_fr_target_loss_50': [nan, nan, nan, nan, nan, 0.9950396418571472, nan, nan, nan, nan, nan, 0.8925777077674866, nan, nan, nan, nan, nan, nan, nan, 0.7118789553642273, nan, nan, nan, 0.7230039834976196, nan, nan, nan, 0.3707650601863861, nan, 0.3405344486236572], 'val_fr_curve_loss_1': [nan, nan, nan, nan, nan, 0.008886204101145267, nan, nan, nan, nan, nan, 0.012910398654639721, nan, nan, nan, nan, nan, nan, nan, 0.003420793218538165, nan, nan, nan, 0.002792647574096918, nan, nan, nan, 0.013521657325327396, nan, 0.025838032364845276], 'val_fr_curve_loss_2': [nan, nan, nan, nan, nan, 0.012116813100874424, nan, nan, nan, nan, nan, 0.014487636275589466, nan, nan, nan, nan, nan, nan, nan, 0.005062601063400507, nan, nan, nan, 0.004089216236025095, nan, nan, nan, 0.013754718005657196, nan, 0.024418571963906288], 'val_fr_curve_loss_3': [nan, nan, nan, nan, nan, 0.01689639873802662, nan, nan, nan, nan, nan, 0.017605042085051537, nan, nan, nan, nan, nan, nan, nan, 0.007454094011336565, nan, nan, nan, 0.005983854178339243, nan, nan, nan, 0.015559538267552853, nan, 0.025331126525998116], 'val_fr_phase_loss_15': [nan, 0.17978236079216003, nan, 0.1542118638753891, nan, 0.1327868402004242], 'val_fr_phase_loss_20': [nan, 0.16784067451953888, nan, 0.17688992619514465, nan, 0.17807921767234802, nan, 0.16497096419334412], 'val_fr_phase_loss_30': [nan, 0.3230195939540863, nan, 0.3210305869579315], 'val_fr_phase_loss_40': [nan, 0.3188643455505371, nan, 0.2923988103866577], 'val_fr_phase_loss_50': [nan, 0.3313162326812744]}
Saved artifacts to: runs/tuning/study_lstm_lvl1/trial_0025
