--- Number of Windows for Train = 9880
--- Number of Windows for Val = 3040
--- Number of Windows for Test = 2280
--- Curriculum = [10, 15, 20, 30, 40, 50]
--- fr_curve Outsteps = [1, 2, 3]

--- Training: prova1 [LSTM/FC/HYBRID]  ---

======================================================================
   PHASE 1/6: teacher_forcing
   Epochs: 6
   Learning Rate: 2.0058733363444943e-05
   Clipping Norm: 0.44079840381692426
   Horizon (train loss): 10
   Output timesteps (val_loss and fr_loss): 50
======================================================================

Epoch 1/30
309/309 ━━━━━━━━━━━━━━━━━━━━ 20s 45ms/step - mae: 0.7351 - loss: 0.8720 - val_loss: 0.8481
Epoch 2/30
309/309 ━━━━━━━━━━━━━━━━━━━━ 20s 63ms/step - mae: 0.7062 - loss: 0.8158 - val_loss: 0.7863 - val_fr_phase_loss_10: 0.8158
[Optuna] trial=4 epoch=2 val_fr_phase_loss_10=0.815788 | median=0.281194 (n=4, p25=0.202526, p75=0.479834) | margin=+0.534594 (+190.12%)
Epoch 3/30
309/309 ━━━━━━━━━━━━━━━━━━━━ 14s 44ms/step - mae: 0.6757 - loss: 0.7490 - val_loss: 0.7236
Epoch 4/30
309/309 ━━━━━━━━━━━━━━━━━━━━ 19s 63ms/step - mae: 0.6513 - loss: 0.6905 - val_loss: 0.6744 - val_fr_phase_loss_10: 0.7157
[Optuna] trial=4 epoch=4 val_fr_phase_loss_10=0.715749 | median=0.153109 (n=4, p25=0.117385, p75=0.330406) | margin=+0.562641 (+367.48%)
Epoch 5/30
309/309 ━━━━━━━━━━━━━━━━━━━━ 14s 44ms/step - mae: 0.6327 - loss: 0.6457 - val_loss: 0.6370
Epoch 6/30
309/309 ━━━━━━━━━━━━━━━━━━━━ 19s 60ms/step - mae: 0.6158 - loss: 0.6083 - val_loss: 0.6032 - val_fr_phase_loss_10: 0.6585 - val_fr_target_loss_50: 1.0464 - val_fr_curve_loss_1: 0.6501 - val_fr_curve_loss_2: 0.6434 - val_fr_curve_loss_3: 0.6402
[Optuna] trial=4 epoch=6 val_fr_phase_loss_10=0.658459 | median=0.121489 (n=4, p25=0.110405, p75=0.26706) | margin=+0.53697 (+441.99%)

======================================================================
   PHASE 2/6: masked_modeling
   Mask Prob: 0.15
   Mask Scope: time
   Mask Mode: constant
   Mask Value: 0.2
   Noise Sigma: None
   Noise Replace: False
   Epochs: 6
   Learning Rate: 1.6046986690755954e-05
   Clipping Norm: 0.3967185634352318
   Horizon (train loss): 15
   Output timesteps (val_loss and fr_loss): 50
======================================================================

Epoch 7/30
309/309 ━━━━━━━━━━━━━━━━━━━━ 13s 43ms/step - mae: 0.6034 - loss: 0.5818 - val_loss: 0.5785
Epoch 8/30
309/309 ━━━━━━━━━━━━━━━━━━━━ 19s 60ms/step - mae: 0.5884 - loss: 0.5511 - val_loss: 0.5496 - val_fr_phase_loss_15: 0.6626
[Optuna] trial=4 epoch=8 val_fr_phase_loss_15=0.662564 | median=0.226365 (n=4, p25=0.223051, p75=0.332194) | margin=+0.436199 (+192.70%)
Epoch 9/30
309/309 ━━━━━━━━━━━━━━━━━━━━ 13s 43ms/step - mae: 0.5731 - loss: 0.5202 - val_loss: 0.5210
Epoch 10/30
309/309 ━━━━━━━━━━━━━━━━━━━━ 18s 59ms/step - mae: 0.5587 - loss: 0.4910 - val_loss: 0.4950 - val_fr_phase_loss_15: 0.6248
[Optuna] trial=4 epoch=10 val_fr_phase_loss_15=0.624823 | median=0.203554 (n=4, p25=0.202184, p75=0.300622) | margin=+0.421269 (+206.96%)
Epoch 11/30
309/309 ━━━━━━━━━━━━━━━━━━━━ 14s 44ms/step - mae: 0.5455 - loss: 0.4648 - val_loss: 0.4717
Epoch 12/30
309/309 ━━━━━━━━━━━━━━━━━━━━ 18s 59ms/step - mae: 0.5332 - loss: 0.4417 - val_loss: 0.4505 - val_fr_phase_loss_15: 0.5930 - val_fr_target_loss_50: 1.0365 - val_fr_curve_loss_1: 0.5259 - val_fr_curve_loss_2: 0.5121 - val_fr_curve_loss_3: 0.5051
[Optuna] trial=4 epoch=12 val_fr_phase_loss_15=0.593025 | median=0.187606 (n=4, p25=0.178371, p75=0.28251) | margin=+0.405419 (+216.10%)

======================================================================
   PHASE 3/6: scheduled_sampling
   Tf Ratio Start: 1.0
   Tf Ratio End: 0.35
   Per Feature: True
   Stop Grad Pred: True
   Ratio Mode: sigmoid
   Mid Point: 0.6
   Sharpness: 10.0
   Power Value: 2.0
   Epochs: 8
   Learning Rate: 1.4041113354411459e-05
   Clipping Norm: 0.3746786432443856
   Horizon (train loss): 20
   Output timesteps (val_loss and fr_loss): 50
======================================================================

Epoch 13/30
309/309 ━━━━━━━━━━━━━━━━━━━━ 171s 554ms/step - mae: 0.5263 - loss: 0.4258 - val_loss: 0.4388
Epoch 14/30
309/309 ━━━━━━━━━━━━━━━━━━━━ 175s 565ms/step - mae: 0.5163 - loss: 0.4080 - val_loss: 0.4222 - val_fr_phase_loss_20: 0.6215
[Optuna] trial=4 epoch=14 val_fr_phase_loss_20=0.621468 | median=0.219638 (n=4, p25=0.218136, p75=0.305542) | margin=+0.40183 (+182.95%)
Epoch 15/30
309/309 ━━━━━━━━━━━━━━━━━━━━ 171s 555ms/step - mae: 0.5069 - loss: 0.3929 - val_loss: 0.4069
Epoch 16/30
309/309 ━━━━━━━━━━━━━━━━━━━━ 176s 571ms/step - mae: 0.4980 - loss: 0.3820 - val_loss: 0.3927 - val_fr_phase_loss_20: 0.5974
[Optuna] trial=4 epoch=16 val_fr_phase_loss_20=0.597356 | median=0.227034 (n=4, p25=0.222574, p75=0.306028) | margin=+0.370322 (+163.11%)
Epoch 17/30
309/309 ━━━━━━━━━━━━━━━━━━━━ 172s 556ms/step - mae: 0.4900 - loss: 0.3814 - val_loss: 0.3803
Epoch 18/30
309/309 ━━━━━━━━━━━━━━━━━━━━ 176s 571ms/step - mae: 0.4836 - loss: 0.3909 - val_loss: 0.3706 - val_fr_phase_loss_20: 0.5545
[Optuna] trial=4 epoch=18 val_fr_phase_loss_20=0.554531 | median=0.230662 (n=4, p25=0.223054, p75=0.299998) | margin=+0.323869 (+140.41%)
Epoch 19/30
309/309 ━━━━━━━━━━━━━━━━━━━━ 172s 557ms/step - mae: 0.4780 - loss: 0.3946 - val_loss: 0.3622
Epoch 20/30
309/309 ━━━━━━━━━━━━━━━━━━━━ 177s 572ms/step - mae: 0.4724 - loss: 0.3895 - val_loss: 0.3538 - val_fr_phase_loss_20: 0.5252 - val_fr_target_loss_50: 0.8377 - val_fr_curve_loss_1: 0.4421 - val_fr_curve_loss_2: 0.4263 - val_fr_curve_loss_3: 0.4180
[Optuna] trial=4 epoch=20 val_fr_phase_loss_20=0.525191 | median=0.218999 (n=4, p25=0.212096, p75=0.284474) | margin=+0.306192 (+139.81%)

======================================================================
   PHASE 4/6: masked_modeling
   Mask Prob: 0.2
   Mask Scope: time
   Mask Mode: noise
   Mask Value: None
   Noise Sigma: 0.1
   Noise Replace: False
   Epochs: 4
   Learning Rate: 1.2035240018066966e-05
   Clipping Norm: 0.35263872305353944
   Horizon (train loss): 30
   Output timesteps (val_loss and fr_loss): 50
======================================================================

Epoch 21/30
309/309 ━━━━━━━━━━━━━━━━━━━━ 13s 41ms/step - mae: 0.4691 - loss: 0.3314 - val_loss: 0.3485
Epoch 22/30
309/309 ━━━━━━━━━━━━━━━━━━━━ 18s 59ms/step - mae: 0.4614 - loss: 0.3183 - val_loss: 0.3371 - val_fr_phase_loss_30: 0.6894
[Optuna] trial=4 epoch=22 val_fr_phase_loss_30=0.689415 | median=0.433628 (n=4, p25=0.423568, p75=0.479097) | margin=+0.255787 (+58.99%)
Epoch 23/30
309/309 ━━━━━━━━━━━━━━━━━━━━ 13s 42ms/step - mae: 0.4541 - loss: 0.3074 - val_loss: 0.3267
Epoch 24/30
309/309 ━━━━━━━━━━━━━━━━━━━━ 18s 58ms/step - mae: 0.4471 - loss: 0.2971 - val_loss: 0.3167 - val_fr_phase_loss_30: 0.6877 - val_fr_target_loss_50: 0.9487 - val_fr_curve_loss_1: 0.4128 - val_fr_curve_loss_2: 0.3975 - val_fr_curve_loss_3: 0.3902
[Optuna] trial=4 epoch=24 val_fr_phase_loss_30=0.687679 | median=0.434368 (n=4, p25=0.424408, p75=0.480007) | margin=+0.253311 (+58.32%)

======================================================================
   PHASE 5/6: full_autoregressive
   Gradient Through Time: False
   Epochs: 4
   Learning Rate: 1.0029366681722471e-05
   Clipping Norm: 0.33059880286269316
   Horizon (train loss): 40
   Output timesteps (val_loss and fr_loss): 50
======================================================================

Epoch 25/30
309/309 ━━━━━━━━━━━━━━━━━━━━ 159s 514ms/step - mae: 0.4699 - loss: 0.6514 - val_loss: 0.3506
Epoch 26/30
309/309 ━━━━━━━━━━━━━━━━━━━━ 164s 532ms/step - mae: 0.4748 - loss: 0.5936 - val_loss: 0.3581 - val_fr_phase_loss_40: 0.6179
[Optuna] trial=4 epoch=26 val_fr_phase_loss_40=0.617946 | median=0.453698 (n=4, p25=0.437606, p75=0.487175) | margin=+0.164248 (+36.20%)
Epoch 27/30
309/309 ━━━━━━━━━━━━━━━━━━━━ 159s 515ms/step - mae: 0.4757 - loss: 0.5820 - val_loss: 0.3596
Epoch 28/30
309/309 ━━━━━━━━━━━━━━━━━━━━ 163s 528ms/step - mae: 0.4754 - loss: 0.5753 - val_loss: 0.3591 - val_fr_phase_loss_40: 0.6051 - val_fr_target_loss_50: 0.6618 - val_fr_curve_loss_1: 0.4036 - val_fr_curve_loss_2: 0.3877 - val_fr_curve_loss_3: 0.3800
[Optuna] trial=4 epoch=28 val_fr_phase_loss_40=0.605091 | median=0.38215 (n=4, p25=0.380459, p75=0.429621) | margin=+0.222941 (+58.34%)

======================================================================
   PHASE 6/6: full_autoregressive
   Gradient Through Time: True
   Epochs: 2
   Learning Rate: 6.017620009033483e-06
   Clipping Norm: 0.26447904229015456
   Horizon (train loss): 50
   Output timesteps (val_loss and fr_loss): 50
======================================================================

Epoch 29/30
309/309 ━━━━━━━━━━━━━━━━━━━━ 159s 515ms/step - mae: 0.4819 - loss: 0.6088 - val_loss: 0.3690
Epoch 30/30
309/309 ━━━━━━━━━━━━━━━━━━━━ 163s 527ms/step - mae: 0.4829 - loss: 0.6004 - val_loss: 0.3707 - val_fr_phase_loss_50: 0.6313 - val_fr_target_loss_50: 0.6454 - val_fr_curve_loss_1: 0.4070 - val_fr_curve_loss_2: 0.3912 - val_fr_curve_loss_3: 0.3836
[Optuna] trial=4 epoch=30 val_fr_phase_loss_50=0.631286 | median=0.400586 (n=4, p25=0.389248, p75=0.457494) | margin=+0.2307 (+57.59%)
Final loss: 0.6004
Predicting all test samples in free_running mode...
  X shape: (2280, 200, 36)
  Y shape: (2280, 50, 36)
  Pred shape: (2280, 50, 36)

 step | target                | pred                  | abs_err
------|-----------------------|-----------------------|----------------------
   25 | [ 0.413975  2.252291  0.076809 -1.082321  0.133018 -0.274908  0.639894
 -1.222357 -1.249584  0.168496  0.626157  0.768161 -1.833026  0.430524
 -0.664956 -0.940605 -0.333545  0.888525  1.287808  0.789981 -0.276216
 -0.539654 -0.175473  0.252616 -1.215466 -0.765159 -0.430836 -0.7326
  1.170439  1.235309 -0.98217   0.207688  0.323877 -0.382801 -0.034873
  0.56418 ] | [-0.138183  0.921193 -0.315724  0.141149 -0.181727 -0.260704  0.329147
 -0.076544 -0.376163  0.494143  0.58146   0.339992  0.34257  -0.630549
  0.072742 -0.301331 -0.245206  0.617694  0.529583 -0.156829 -0.372947
 -0.027732 -0.513739  0.27257   0.104687 -0.21178  -0.303634  0.269941
  0.646852  0.755642  0.238348 -0.109254  0.261875 -0.097297  0.034929
  0.130408] | [0.552157 1.331098 0.392534 1.22347  0.314745 0.014204 0.310747 1.145813
 0.873421 0.325647 0.044698 0.428169 2.175596 1.061074 0.737698 0.639274
 0.08834  0.27083  0.758225 0.94681  0.096731 0.511922 0.338266 0.019954
 1.320153 0.553379 0.127202 1.00254  0.523587 0.479667 1.220518 0.316942
 0.062002 0.285504 0.069802 0.433772]
   26 | [ 0.433902  2.276946  0.062718 -1.073421  0.149295 -0.261739  0.66411
 -1.190588 -1.280325  0.091743  0.630177  0.811665 -1.905444  0.590891
 -0.648677 -0.950394 -0.271225  0.842781  1.340023  0.789891 -0.296955
 -0.535192 -0.171397  0.217021 -1.236176 -0.75049  -0.449502 -0.772153
  1.203705  1.218394 -1.003057  0.192291  0.338178 -0.409968  0.071482
  0.522649] | [-0.123914  0.931688 -0.306505  0.165877 -0.17417  -0.243344  0.360583
 -0.075657 -0.402978  0.487971  0.554698  0.333546  0.330844 -0.626981
  0.074119 -0.326558 -0.24828   0.590285  0.53043  -0.171915 -0.398081
 -0.048083 -0.495255  0.265232  0.111256 -0.187526 -0.322415  0.267954
  0.656559  0.754321  0.218237 -0.106693  0.271927 -0.115538  0.035492
  0.106532] | [0.557817 1.345258 0.369223 1.239298 0.323464 0.018394 0.303527 1.114931
 0.877347 0.396227 0.075479 0.478119 2.236288 1.217873 0.722797 0.623836
 0.022944 0.252495 0.809593 0.961806 0.101125 0.487109 0.323858 0.048211
 1.347432 0.562964 0.127087 1.040107 0.547146 0.464073 1.221294 0.298984
 0.066251 0.29443  0.03599  0.416117]
   27 | [ 0.45137   2.29779   0.046898 -1.065959  0.163722 -0.251176  0.686906
 -1.158318 -1.306769  0.020961  0.635355  0.846673 -1.973424  0.752938
 -0.63128  -0.95588  -0.208485  0.794828  1.389242  0.786713 -0.314912
 -0.528408 -0.166389  0.176889 -1.255981 -0.733755 -0.465744 -0.812322
  1.237801  1.200935 -1.020813  0.176508  0.350492 -0.434216  0.179125
  0.481679] | [-0.109462  0.941431 -0.298004  0.189877 -0.166735 -0.227554  0.391806
 -0.075843 -0.429174  0.482169  0.527301  0.326578  0.318656 -0.624198
  0.074686 -0.351135 -0.252254  0.561548  0.530732 -0.186498 -0.423515
 -0.06761  -0.475764  0.256571  0.116959 -0.164292 -0.341582  0.266232
  0.665568  0.753236  0.198142 -0.104104  0.281281 -0.133617  0.036363
  0.083504] | [0.560832 1.356359 0.344903 1.255836 0.330457 0.023622 0.295099 1.082475
 0.877596 0.461208 0.108054 0.520095 2.29208  1.377136 0.705966 0.604744
 0.043769 0.23328  0.85851  0.973212 0.108603 0.460799 0.309375 0.079682
 1.37294  0.569463 0.124162 1.078554 0.572233 0.447699 1.218955 0.280613
 0.069212 0.300599 0.142761 0.398175]
   28 | [ 0.466327  2.314783  0.029422 -1.059933  0.176249 -0.243234  0.708319
 -1.125542 -1.328843 -0.043589  0.641445  0.873025 -2.036825  0.915869
 -0.612772 -0.957077 -0.145636  0.744967  1.435167  0.780424 -0.32991
 -0.519352 -0.160183  0.132539 -1.274543 -0.714768 -0.479514 -0.852827
  1.272629  1.183048 -1.035382  0.160153  0.360566 -0.455552  0.287429
  0.44125 ] | [-0.094953  0.950376 -0.290218  0.213064 -0.159471 -0.213356  0.422853
 -0.077034 -0.454677  0.47677   0.499345  0.319279  0.306007 -0.622096
  0.07454  -0.375019 -0.257144  0.531554  0.530584 -0.200613 -0.449089
 -0.08633  -0.45527   0.246554  0.121883 -0.141978 -0.360938  0.264725
  0.673888  0.752313  0.178198 -0.101488  0.289846 -0.151415  0.03753
  0.06131 ] | [0.56128  1.364407 0.31964  1.272997 0.33572  0.029877 0.285466 1.048508
 0.874166 0.520359 0.1421   0.553746 2.342832 1.537966 0.687312 0.582059
 0.111508 0.213412 0.904584 0.981037 0.119179 0.433022 0.295087 0.114015
 1.396426 0.57279  0.118576 1.117552 0.598741 0.430735 1.21358  0.261642
 0.07072  0.304137 0.249899 0.379939]
   29 | [ 0.478732  2.32789   0.010362 -1.055353  0.186818 -0.237931  0.728378
 -1.09227  -1.346491 -0.1017    0.648197  0.890628 -2.095523  1.078877
 -0.593175 -0.95402  -0.082985  0.693516  1.47754   0.771024 -0.341791
 -0.508082 -0.152506  0.084329 -1.291529 -0.693373 -0.49077  -0.893374
  1.308082  1.164834 -1.046716  0.143051  0.368166 -0.473989  0.395794
  0.401343] | [-0.080494  0.958545 -0.283169  0.235362 -0.152459 -0.20075   0.453878
 -0.079106 -0.479534  0.471766  0.470773  0.311646  0.292826 -0.620533
  0.073673 -0.398285 -0.262968  0.500311  0.530111 -0.214373 -0.474842
 -0.104249 -0.433661  0.235263  0.126095 -0.120492 -0.380511  0.263503
  0.681544  0.751468  0.158358 -0.098898  0.297671 -0.168856  0.038949
  0.039854] | [0.559226 1.369345 0.293531 1.290715 0.339276 0.037182 0.2745   1.013164
 0.866957 0.573466 0.177424 0.578982 2.388349 1.69941  0.666848 0.555735
 0.179983 0.193205 0.947429 0.985398 0.133051 0.403832 0.281155 0.150934
 1.417624 0.57288  0.110259 1.156877 0.626538 0.413366 1.205075 0.241949
 0.070495 0.305133 0.356845 0.361488]
model built: True
num weights: 38
{'mae': [0.7350518703460693, 0.7062460780143738, 0.6757126450538635, 0.6512524485588074, 0.6326828598976135, 0.6157790422439575, 0.6033847332000732, 0.588394820690155, 0.5730774402618408, 0.5587088465690613, 0.5455276370048523, 0.5332455635070801, 0.5262736678123474, 0.516292154788971, 0.5069142580032349, 0.4980202913284302, 0.4900309443473816, 0.4835863709449768, 0.4780280590057373, 0.47240838408470154, 0.4690719544887543, 0.46136969327926636, 0.4541475474834442, 0.44714993238449097, 0.4698876142501831, 0.47479742765426636, 0.4756968319416046, 0.47535425424575806, 0.4818542003631592, 0.48288312554359436], 'loss': [0.8720120191574097, 0.8158138394355774, 0.7490435838699341, 0.6904693245887756, 0.6456517577171326, 0.6083230972290039, 0.5817856192588806, 0.5511192679405212, 0.5201840400695801, 0.4909783899784088, 0.464826762676239, 0.4417148232460022, 0.42581507563591003, 0.407987117767334, 0.3928622901439667, 0.38201212882995605, 0.3813510537147522, 0.3908630609512329, 0.3945901095867157, 0.38954973220825195, 0.33136260509490967, 0.31830230355262756, 0.30737361311912537, 0.297089546918869, 0.6514396071434021, 0.5935949683189392, 0.5820414423942566, 0.5752784013748169, 0.6088482737541199, 0.6003707051277161], 'val_loss': [0.848070502281189, 0.7862849235534668, 0.7235511541366577, 0.6743661761283875, 0.6370029449462891, 0.603183925151825, 0.5784870982170105, 0.5495877861976624, 0.5209680795669556, 0.4949537217617035, 0.4716983139514923, 0.45054441690444946, 0.4387727379798889, 0.4221777617931366, 0.4068997800350189, 0.39274466037750244, 0.3803316354751587, 0.3705521523952484, 0.36219730973243713, 0.3538060784339905, 0.3484554886817932, 0.3371066451072693, 0.32665106654167175, 0.3166755139827728, 0.350627064704895, 0.35814690589904785, 0.3595801591873169, 0.35911548137664795, 0.3690309226512909, 0.37065714597702026], 'val_fr_phase_loss_10': [nan, 0.8157883286476135, nan, 0.7157490849494934, nan, 0.6584587693214417], 'val_fr_target_loss_50': [nan, nan, nan, nan, nan, 1.0464000701904297, nan, nan, nan, nan, nan, 1.0364638566970825, nan, nan, nan, nan, nan, nan, nan, 0.8377424478530884, nan, nan, nan, 0.9486944079399109, nan, nan, nan, 0.6617870330810547, nan, 0.6454468965530396], 'val_fr_curve_loss_1': [nan, nan, nan, nan, nan, 0.6501328349113464, nan, nan, nan, nan, nan, 0.5259388089179993, nan, nan, nan, nan, nan, nan, nan, 0.4421122670173645, nan, nan, nan, 0.41280898451805115, nan, nan, nan, 0.4036484658718109, nan, 0.4069502055644989], 'val_fr_curve_loss_2': [nan, nan, nan, nan, nan, 0.6434446573257446, nan, nan, nan, nan, nan, 0.512132465839386, nan, nan, nan, nan, nan, nan, nan, 0.4262957274913788, nan, nan, nan, 0.3974784016609192, nan, nan, nan, 0.3877480626106262, nan, 0.39122065901756287], 'val_fr_curve_loss_3': [nan, nan, nan, nan, nan, 0.6401765942573547, nan, nan, nan, nan, nan, 0.5050698518753052, nan, nan, nan, nan, nan, nan, nan, 0.41796091198921204, nan, nan, nan, 0.39023613929748535, nan, nan, nan, 0.380026638507843, nan, 0.38357916474342346], 'val_fr_phase_loss_15': [nan, 0.6625640392303467, nan, 0.6248234510421753, nan, 0.5930249094963074], 'val_fr_phase_loss_20': [nan, 0.6214678883552551, nan, 0.597355842590332, nan, 0.5545313954353333, nan, 0.5251908898353577], 'val_fr_phase_loss_30': [nan, 0.6894152760505676, nan, 0.6876785159111023], 'val_fr_phase_loss_40': [nan, 0.6179461479187012, nan, 0.6050905585289001], 'val_fr_phase_loss_50': [nan, 0.631286084651947]}
Saved artifacts to: runs/tuning/study_lstm_lvl1/trial_0004
