--- Number of Windows for Train = 9880
--- Number of Windows for Val = 3040
--- Number of Windows for Test = 2280
--- Curriculum = [10, 15, 20, 25, 35, 45]
--- fr_curve Outsteps = [10, 20, 30]

--- Training: prova1 [LSTM/FC/STEP_WISE]  ---

======================================================================
   PHASE 1/6: teacher_forcing
   Epochs: 6
   Learning Rate: 0.0009716208895380814
   Clipping Norm: 0.6470376604234769
   Horizon (train loss): 10
   Output timesteps (val_loss and fr_loss): 50
======================================================================

Epoch 1/20
309/309 ━━━━━━━━━━━━━━━━━━━━ 95s 289ms/step - mae: 0.1472 - loss: 0.1979 - val_loss: 0.0348
Epoch 2/20
309/309 ━━━━━━━━━━━━━━━━━━━━ 93s 299ms/step - mae: 0.0906 - loss: 0.0179 - val_loss: 0.0132 - val_fr_phase_loss_10: 0.1595
[Optuna] trial=8 epoch=2 val_fr_phase_loss_10=0.159531 | median=0.256052 (n=3, p25=0.224654, p75=0.260958) | margin=-0.0965211 (-37.70%)
Epoch 3/20
309/309 ━━━━━━━━━━━━━━━━━━━━ 88s 285ms/step - mae: 0.0755 - loss: 0.0090 - val_loss: 0.0092
Epoch 4/20
309/309 ━━━━━━━━━━━━━━━━━━━━ 91s 296ms/step - mae: 0.0679 - loss: 0.0064 - val_loss: 0.0075 - val_fr_phase_loss_10: 0.2199
[Optuna] trial=8 epoch=4 val_fr_phase_loss_10=0.219854 | median=0.191708 (n=3, p25=0.165631, p75=0.223077) | margin=+0.0281465 (+14.68%)
Epoch 5/20
309/309 ━━━━━━━━━━━━━━━━━━━━ 88s 284ms/step - mae: 0.0632 - loss: 0.0051 - val_loss: 0.0065
Epoch 6/20
309/309 ━━━━━━━━━━━━━━━━━━━━ 92s 297ms/step - mae: 0.0583 - loss: 0.0042 - val_loss: 0.0055 - val_fr_phase_loss_10: 0.2804 - val_fr_target_loss_50: 1.6623 - val_fr_curve_loss_10: 0.2791 - val_fr_curve_loss_20: 0.7600 - val_fr_curve_loss_30: 1.1500
[Optuna] trial=8 epoch=6 val_fr_phase_loss_10=0.280436 | median=0.178088 (n=3, p25=0.139786, p75=0.218815) | margin=+0.102349 (+57.47%)

======================================================================
   PHASE 2/6: masked_modeling
   Mask Prob: 0.15
   Mask Scope: time
   Mask Mode: constant
   Mask Value: 0.2
   Noise Sigma: None
   Noise Replace: False
   Epochs: 4
   Learning Rate: 0.0007772967116304652
   Clipping Norm: 0.5823338943811293
   Horizon (train loss): 15
   Output timesteps (val_loss and fr_loss): 50
======================================================================

Epoch 7/20
309/309 ━━━━━━━━━━━━━━━━━━━━ 90s 292ms/step - mae: 0.1324 - loss: 0.0379 - val_loss: 0.0283
Epoch 8/20
309/309 ━━━━━━━━━━━━━━━━━━━━ 94s 306ms/step - mae: 0.1169 - loss: 0.0247 - val_loss: 0.0223 - val_fr_phase_loss_15: 0.2232
[Optuna] trial=8 epoch=8 val_fr_phase_loss_15=0.223232 | median=0.240817 (n=3, p25=0.209945, p75=0.252207) | margin=-0.0175841 (-7.30%)
Epoch 9/20
309/309 ━━━━━━━━━━━━━━━━━━━━ 91s 293ms/step - mae: 0.1081 - loss: 0.0191 - val_loss: 0.0193
Epoch 10/20
309/309 ━━━━━━━━━━━━━━━━━━━━ 95s 306ms/step - mae: 0.0970 - loss: 0.0154 - val_loss: 0.0156 - val_fr_phase_loss_15: 0.2013 - val_fr_target_loss_50: 1.0756 - val_fr_curve_loss_10: 0.1082 - val_fr_curve_loss_20: 0.3276 - val_fr_curve_loss_30: 0.5907
[Optuna] trial=8 epoch=10 val_fr_phase_loss_15=0.201296 | median=0.202729 (n=3, p25=0.185048, p75=0.221196) | margin=-0.00143327 (-0.71%)

======================================================================
   PHASE 3/6: masked_modeling
   Mask Prob: 0.2
   Mask Scope: time
   Mask Mode: noise
   Mask Value: None
   Noise Sigma: 0.1
   Noise Replace: False
   Epochs: 4
   Learning Rate: 0.0005829725337228489
   Clipping Norm: 0.5176301283387815
   Horizon (train loss): 20
   Output timesteps (val_loss and fr_loss): 50
======================================================================

Epoch 11/20
309/309 ━━━━━━━━━━━━━━━━━━━━ 92s 298ms/step - mae: 0.0544 - loss: 0.0064 - val_loss: 0.0048
Epoch 12/20
309/309 ━━━━━━━━━━━━━━━━━━━━ 97s 313ms/step - mae: 0.0463 - loss: 0.0039 - val_loss: 0.0035 - val_fr_phase_loss_20: 0.2671
[Optuna] trial=8 epoch=12 val_fr_phase_loss_20=0.267127 | median=0.27866 (n=3, p25=0.238828, p75=0.293028) | margin=-0.0115329 (-4.14%)
Epoch 13/20
309/309 ━━━━━━━━━━━━━━━━━━━━ 93s 301ms/step - mae: 0.0446 - loss: 0.0034 - val_loss: 0.0033
Epoch 14/20
309/309 ━━━━━━━━━━━━━━━━━━━━ 97s 313ms/step - mae: 0.0437 - loss: 0.0033 - val_loss: 0.0031 - val_fr_phase_loss_20: 0.3109 - val_fr_target_loss_50: 1.1291 - val_fr_curve_loss_10: 0.0833 - val_fr_curve_loss_20: 0.3217 - val_fr_curve_loss_30: 0.6245
[Optuna] trial=8 epoch=14 val_fr_phase_loss_20=0.310943 | median=0.332575 (n=3, p25=0.268561, p75=0.344506) | margin=-0.0216317 (-6.50%)

======================================================================
   PHASE 4/6: scheduled_sampling
   Tf Ratio Start: 1.0
   Tf Ratio End: 0.4
   Per Feature: True
   Stop Grad Pred: True
   Ratio Mode: sigmoid
   Mid Point: 0.6
   Sharpness: 10.0
   Power Value: 2.0
   Epochs: 2
   Learning Rate: 0.000680134622676657
   Clipping Norm: 0.5176301283387815
   Horizon (train loss): 25
   Output timesteps (val_loss and fr_loss): 50
======================================================================

Epoch 15/20
309/309 ━━━━━━━━━━━━━━━━━━━━ 93s 300ms/step - mae: 0.0385 - loss: 0.0019 - val_loss: 0.0024
Epoch 16/20
309/309 ━━━━━━━━━━━━━━━━━━━━ 96s 312ms/step - mae: 0.0631 - loss: 0.0424 - val_loss: 0.0065 - val_fr_phase_loss_25: 0.4687 - val_fr_target_loss_50: 1.0761 - val_fr_curve_loss_10: 0.1008 - val_fr_curve_loss_20: 0.3365 - val_fr_curve_loss_30: 0.6114
[Optuna] trial=8 epoch=16 val_fr_phase_loss_25=0.468748 | median=0.458525 (n=3, p25=0.370221, p75=0.52242) | margin=+0.0102226 (+2.23%)

======================================================================
   PHASE 5/6: full_autoregressive
   Gradient Through Time: False
   Epochs: 2
   Learning Rate: 0.0004858104447690407
   Clipping Norm: 0.4529263622964338
   Horizon (train loss): 35
   Output timesteps (val_loss and fr_loss): 50
======================================================================

Epoch 17/20
309/309 ━━━━━━━━━━━━━━━━━━━━ 89s 287ms/step - mae: 0.3409 - loss: 0.3704 - val_loss: 0.2062
Epoch 18/20
309/309 ━━━━━━━━━━━━━━━━━━━━ 92s 299ms/step - mae: 0.3284 - loss: 0.2352 - val_loss: 0.1970 - val_fr_phase_loss_35: 0.2471 - val_fr_target_loss_50: 0.3436 - val_fr_curve_loss_10: 0.0607 - val_fr_curve_loss_20: 0.1285 - val_fr_curve_loss_30: 0.2081
[Optuna] trial=8 epoch=18 val_fr_phase_loss_35=0.247122 | median=0.331133 (n=3, p25=0.321017, p75=0.349643) | margin=-0.0840105 (-25.37%)

======================================================================
   PHASE 6/6: full_autoregressive
   Gradient Through Time: True
   Epochs: 2
   Learning Rate: 0.00029148626686142443
   Clipping Norm: 0.3882225962540861
   Horizon (train loss): 45
   Output timesteps (val_loss and fr_loss): 50
======================================================================

Epoch 19/20
309/309 ━━━━━━━━━━━━━━━━━━━━ 89s 286ms/step - mae: 0.3477 - loss: 0.2615 - val_loss: 0.2183
Epoch 20/20
309/309 ━━━━━━━━━━━━━━━━━━━━ 92s 298ms/step - mae: 0.3436 - loss: 0.2421 - val_loss: 0.2129 - val_fr_phase_loss_45: 0.3006 - val_fr_target_loss_50: 0.3277 - val_fr_curve_loss_10: 0.0564 - val_fr_curve_loss_20: 0.1191 - val_fr_curve_loss_30: 0.1957
[Optuna] trial=8 epoch=20 val_fr_phase_loss_45=0.300647 | median=0.383659 (n=3, p25=0.364383, p75=0.385718) | margin=-0.083012 (-21.64%)
Final loss: 0.2421
Predicting all test samples in free_running mode...
  X shape: (2280, 200, 55)
  Y shape: (2280, 50, 55)
  Pred shape: (2280, 50, 55)

 step | target                | pred                  | abs_err
------|-----------------------|-----------------------|----------------------
   25 | [ 4.139746e-01  2.252291e+00  7.680922e-02 -1.082321e+00  1.330184e-01
 -2.749080e-01  6.398940e-01 -1.222357e+00  1.964076e+00  2.024013e-01
 -1.249584e+00  1.684962e-01  6.261574e-01  7.681609e-01 -1.833026e+00
  4.305243e-01 -6.649562e-01  3.213241e-02 -4.315943e-01 -9.406051e-01
 -3.335454e-01  8.885246e-01  1.287808e+00  7.899810e-01 -2.762157e-01
  1.005897e+00 -2.825402e-01 -5.396542e-01 -1.754732e-01  2.526159e-01
 -1.215466e+00 -7.651589e-01 -1.200358e-01  4.952903e-01 -4.308359e-01
 -7.325999e-01  1.170439e+00  1.235309e+00 -8.311886e-01 -7.979621e-01
 -9.821695e-01  2.076884e-01  3.238765e-01 -1.923588e-01 -4.145486e-01
 -3.828006e-01 -3.487313e-02  1.245124e-03  1.581712e-01  5.641804e-01
  2.155083e-01 -1.144052e-01 -1.354365e+00 -3.214316e-01 -1.550427e+00] | [ 0.615811  2.795019 -0.010887  0.04275   0.262085 -0.109091  1.376562
 -1.321392  2.364653  0.1519   -1.588724  0.491828 -0.108398  0.438066
 -0.236778 -1.021006  0.57512   0.270888 -0.684767 -1.139365 -0.360922
  0.482991  0.81889   0.386611 -0.089529  1.134702 -0.231588 -0.647292
 -0.070582  0.333468 -0.193942 -1.276996  0.155061  0.779465 -1.031513
 -0.684694 -0.037392  1.210377 -0.136541 -0.61944  -0.9257    0.040417
  0.771778  0.005924  0.720656 -0.657897 -0.277303  0.01953   1.105085
  0.231901 -1.312041 -0.110402 -1.351904 -0.820817 -1.776667] | [0.201836 0.542728 0.087697 1.125072 0.129067 0.165817 0.736668 0.099035
 0.400577 0.050501 0.33914  0.323332 0.734555 0.330095 1.596248 1.45153
 1.240076 0.238756 0.253173 0.19876  0.027376 0.405533 0.468917 0.40337
 0.186687 0.128805 0.050952 0.107637 0.104891 0.080852 1.021524 0.511837
 0.275097 0.284174 0.600677 0.047906 1.207831 0.024932 0.694648 0.178522
 0.05647  0.167272 0.447902 0.198283 1.135205 0.275096 0.24243  0.018285
 0.946914 0.332279 1.527549 0.004003 0.002461 0.499385 0.22624 ]
   26 | [ 0.433902  2.276946  0.062718 -1.073421  0.149295 -0.261739  0.66411
 -1.190588  1.970693  0.211786 -1.280325  0.091743  0.630177  0.811665
 -1.905444  0.590891 -0.648677  0.010101 -0.341095 -0.950394 -0.271225
  0.842781  1.340023  0.789891 -0.296955  0.983707 -0.332591 -0.535192
 -0.171397  0.217021 -1.236176 -0.75049  -0.169815  0.501318 -0.449502
 -0.772153  1.203705  1.218394 -0.873595 -0.731515 -1.003057  0.192291
  0.338178 -0.172599 -0.562203 -0.409968  0.071482 -0.035004  0.178969
  0.522649  0.281281 -0.172402 -1.38113  -0.280718 -1.561255] | [ 0.628724  2.818924 -0.021491  0.09892   0.283065 -0.094417  1.390884
 -1.292944  2.385221  0.160931 -1.612001  0.471416 -0.166843  0.49729
 -0.300478 -0.967289  0.577811  0.232723 -0.583734 -1.153725 -0.352822
  0.432049  0.848829  0.375342 -0.102236  1.134477 -0.248315 -0.652383
 -0.063232  0.335718 -0.170205 -1.245217  0.140901  0.793515 -1.064227
 -0.673017 -0.026141  1.20807  -0.148974 -0.560071 -0.939955  0.016187
  0.777873  0.051046  0.619481 -0.698932 -0.248003 -0.02808   1.152982
  0.182975 -1.250327 -0.144439 -1.373764 -0.795084 -1.791255] | [0.194822 0.541979 0.084209 1.172341 0.13377  0.167322 0.726774 0.102355
 0.414528 0.050855 0.331676 0.379673 0.79702  0.314375 1.604966 1.55818
 1.226488 0.222621 0.242639 0.203331 0.081597 0.410732 0.491195 0.414549
 0.194719 0.15077  0.084276 0.117191 0.108165 0.118697 1.065971 0.494727
 0.310716 0.292197 0.614725 0.099136 1.229846 0.010324 0.72462  0.171444
 0.063102 0.176104 0.439696 0.223645 1.181684 0.288964 0.319485 0.006924
 0.974013 0.339674 1.531608 0.027963 0.007366 0.514365 0.23    ]
   27 | [ 0.45137   2.29779   0.046898 -1.065959  0.163722 -0.251176  0.686906
 -1.158318  1.973541  0.218812 -1.306769  0.020961  0.635355  0.846673
 -1.973424  0.752938 -0.63128  -0.009811 -0.250043 -0.95588  -0.208485
  0.794828  1.389242  0.786713 -0.314912  0.961981 -0.384025 -0.528408
 -0.166389  0.176889 -1.255981 -0.733755 -0.216556  0.503603 -0.465744
 -0.812322  1.237801  1.200935 -0.913572 -0.661274 -1.020813  0.176508
  0.350492 -0.15451  -0.707661 -0.434216  0.179125 -0.073381  0.197581
  0.481679  0.341621 -0.226467 -1.405437 -0.237464 -1.567991] | [ 0.638838  2.839061 -0.032395  0.152295  0.302223 -0.082032  1.402744
 -1.265198  2.403366  0.169813 -1.630767  0.454072 -0.22306   0.55533
 -0.365927 -0.90986   0.57609   0.191954 -0.481175 -1.164618 -0.347288
  0.380376  0.880762  0.360543 -0.113572  1.1363   -0.26643  -0.656583
 -0.055135  0.334778 -0.14814  -1.213953  0.12957   0.806212 -1.094913
 -0.66001  -0.014011  1.205704 -0.162092 -0.498053 -0.952062 -0.007653
  0.782155  0.097135  0.518501 -0.736078 -0.217688 -0.075865  1.198139
  0.136263 -1.190451 -0.177597 -1.39238  -0.767465 -1.803402] | [0.187468 0.541272 0.079293 1.218254 0.1385   0.169144 0.715838 0.106881
 0.429825 0.048999 0.323997 0.433111 0.858415 0.291343 1.607497 1.662797
 1.207369 0.201766 0.231132 0.208739 0.138803 0.414452 0.50848  0.426171
 0.201341 0.174319 0.117595 0.128175 0.111254 0.157889 1.107841 0.480198
 0.346126 0.302609 0.629168 0.152312 1.251812 0.004769 0.75148  0.163221
 0.068751 0.184161 0.431663 0.251645 1.226162 0.301862 0.396813 0.002484
 1.000558 0.345416 1.532073 0.048871 0.013056 0.530001 0.235411]
   28 | [ 0.466327  2.314783  0.029422 -1.059933  0.176249 -0.243234  0.708319
 -1.125542  1.97265   0.223477 -1.328843 -0.043589  0.641445  0.873025
 -2.036825  0.915869 -0.612772 -0.027353 -0.158771 -0.957077 -0.145636
  0.744967  1.435167  0.780424 -0.32991   0.940997 -0.436465 -0.519352
 -0.160183  0.132539 -1.274543 -0.714768 -0.260126  0.501926 -0.479514
 -0.852827  1.272629  1.183048 -0.950983 -0.587688 -1.035382  0.160153
  0.360566 -0.138091 -0.850494 -0.455552  0.287429 -0.113708  0.214089
  0.44125   0.396277 -0.27644  -1.427296 -0.191884 -1.570648] | [ 6.460688e-01  2.854470e+00 -4.380391e-02  2.021722e-01  3.198538e-01
 -7.195239e-02  1.411682e+00 -1.238418e+00  2.418272e+00  1.788531e-01
 -1.644465e+00  4.407274e-01 -2.774936e-01  6.118270e-01 -4.328693e-01
 -8.488971e-01  5.706888e-01  1.489548e-01 -3.777301e-01 -1.171942e+00
 -3.437874e-01  3.287423e-01  9.135950e-01  3.414517e-01 -1.231844e-01
  1.139770e+00 -2.852706e-01 -6.601535e-01 -4.609727e-02  3.306319e-01
 -1.273983e-01 -1.183408e+00  1.209403e-01  8.178026e-01 -1.124028e+00
 -6.455816e-01 -1.297265e-03  1.203077e+00 -1.753766e-01 -4.333187e-01
 -9.615119e-01 -3.108446e-02  7.843181e-01  1.441015e-01  4.180190e-01
 -7.690306e-01 -1.865295e-01 -1.233011e-01  1.239839e+00  9.145635e-02
 -1.132121e+00 -2.110382e-01 -1.407916e+00 -7.384797e-01 -1.812661e+00] | [0.179742 0.539687 0.073226 1.262105 0.143605 0.171281 0.703363 0.112876
 0.445622 0.044623 0.315622 0.484317 0.918939 0.261199 1.603955 1.764766
 1.183461 0.176307 0.218959 0.214865 0.198151 0.416224 0.521572 0.438973
 0.206726 0.198773 0.151194 0.140801 0.114085 0.198093 1.147145 0.46864
 0.381067 0.315877 0.644515 0.207246 1.273926 0.020029 0.775606 0.15437
 0.07387  0.191238 0.423752 0.282193 1.268513 0.313478 0.473958 0.009593
 1.025749 0.349793 1.528397 0.065402 0.01938  0.546596 0.242013]
   29 | [ 0.478732  2.32789   0.010362 -1.055353  0.186818 -0.237931  0.728378
 -1.09227   1.968046  0.225786 -1.346491 -0.1017    0.648197  0.890628
 -2.095523  1.078877 -0.593175 -0.042284 -0.067607 -0.95402  -0.082985
  0.693516  1.47754   0.771024 -0.341791  0.921028 -0.489508 -0.508082
 -0.152506  0.084329 -1.291529 -0.693373 -0.30041   0.496102 -0.49077
 -0.893374  1.308082  1.164834 -0.985713 -0.511238 -1.046716  0.143051
  0.368166 -0.123325 -0.990295 -0.473989  0.395794 -0.155784  0.228586
  0.401343  0.445038 -0.322183 -1.446722 -0.144214 -1.56925 ] | [ 0.649864  2.862165 -0.056674  0.245744  0.337297 -0.065088  1.414765
 -1.213639  2.427151  0.189776 -1.651295  0.434946 -0.332653  0.666083
 -0.500935 -0.784945  0.564861  0.10469  -0.274788 -1.175572 -0.340214
  0.279963  0.943792  0.31507  -0.129213  1.144197 -0.302063 -0.663619
 -0.035913  0.32409  -0.10575  -1.153258  0.115025  0.8301   -1.153733
 -0.628522  0.010889  1.199364 -0.185993 -0.365069 -0.966192 -0.054676
  0.783469  0.191946  0.317718 -0.796447 -0.154258 -0.16844   1.275101
  0.047552 -1.072778 -0.248849 -1.421282 -0.710182 -1.817662] | [0.171132 0.534275 0.067036 1.301097 0.15048  0.172843 0.686387 0.12137
 0.459105 0.03601  0.304804 0.536646 0.980849 0.224545 1.594588 1.863823
 1.158035 0.146974 0.207182 0.221552 0.257229 0.413553 0.533749 0.455955
 0.212578 0.223169 0.187445 0.155537 0.116593 0.23976  1.18578  0.459886
 0.415435 0.333998 0.662964 0.264852 1.297193 0.03453  0.79972  0.146169
 0.080524 0.197728 0.415303 0.315272 1.308013 0.322458 0.550052 0.012657
 1.046515 0.353791 1.517815 0.073334 0.02544  0.565968 0.248411]
model built: True
num weights: 38
{'mae': [0.14723508059978485, 0.0906430259346962, 0.07549832761287689, 0.0679374486207962, 0.06318213045597076, 0.05827481672167778, 0.13239316642284393, 0.11691094189882278, 0.10814709961414337, 0.0970439687371254, 0.05440744012594223, 0.04629051685333252, 0.044557686895132065, 0.043670158833265305, 0.03850812837481499, 0.06313681602478027, 0.34085240960121155, 0.32835274934768677, 0.3476752042770386, 0.3435578942298889], 'loss': [0.19791831076145172, 0.017942093312740326, 0.008980285376310349, 0.006352630443871021, 0.0050565083511173725, 0.004214760847389698, 0.03788023069500923, 0.02469605766236782, 0.019126947969198227, 0.01539329718798399, 0.006417642347514629, 0.0038536759093403816, 0.0034480306785553694, 0.0033207314554601908, 0.0018850535852834582, 0.04237240552902222, 0.3704492151737213, 0.23517699539661407, 0.26145467162132263, 0.24214668571949005], 'val_loss': [0.03480237349867821, 0.013191531412303448, 0.009234575554728508, 0.007493465673178434, 0.006462567951530218, 0.0055270809680223465, 0.028320766985416412, 0.02230059541761875, 0.019290532916784286, 0.015637844800949097, 0.00483614020049572, 0.0035141613334417343, 0.003256030147895217, 0.003125283867120743, 0.002440848620608449, 0.006524848286062479, 0.2061700075864792, 0.19703792035579681, 0.21827739477157593, 0.21285873651504517], 'val_fr_phase_loss_10': [nan, 0.1595306545495987, nan, 0.21985428035259247, nan, 0.28043627738952637], 'val_fr_target_loss_50': [nan, nan, nan, nan, nan, 1.6622587442398071, nan, nan, nan, 1.0756381750106812, nan, nan, nan, 1.1291487216949463, nan, 1.076111078262329, nan, 0.3435842990875244, nan, 0.32768428325653076], 'val_fr_curve_loss_10': [nan, nan, nan, nan, nan, 0.27907487750053406, nan, nan, nan, 0.10817001760005951, nan, nan, nan, 0.0833277702331543, nan, 0.10080881416797638, nan, 0.06074673682451248, nan, 0.0564398318529129], 'val_fr_curve_loss_20': [nan, nan, nan, nan, nan, 0.7600477337837219, nan, nan, nan, 0.327638179063797, nan, nan, nan, 0.3216806650161743, nan, 0.33646008372306824, nan, 0.12852360308170319, nan, 0.1190546303987503], 'val_fr_curve_loss_30': [nan, nan, nan, nan, nan, 1.1499522924423218, nan, nan, nan, 0.5907069444656372, nan, nan, nan, 0.6244828701019287, nan, 0.6114283204078674, nan, 0.20811685919761658, nan, 0.1957072764635086], 'val_fr_phase_loss_15': [nan, 0.22323249280452728, nan, 0.20129576325416565], 'val_fr_phase_loss_20': [nan, 0.2671266198158264, nan, 0.3109434247016907], 'val_fr_phase_loss_25': [nan, 0.4687480032444], 'val_fr_phase_loss_35': [nan, 0.24712230265140533], 'val_fr_phase_loss_45': [nan, 0.3006468713283539]}
Saved artifacts to: runs/tuning/step_wise_lstm_lvl1/trial_0008
