--- Number of Windows for Train = 9880
--- Number of Windows for Val = 3040
--- Number of Windows for Test = 2280
--- Curriculum = [10, 15, 20, 25, 35, 45]
--- fr_curve Outsteps = [10, 20, 30]

--- Training: prova1 [LSTM/FC/STEP_WISE]  ---

======================================================================
   PHASE 1/6: teacher_forcing
   Epochs: 6
   Learning Rate: 0.0008183591298101358
   Clipping Norm: 0.181357308677834
   Horizon (train loss): 10
   Output timesteps (val_loss and fr_loss): 50
======================================================================

Epoch 1/20
309/309 ━━━━━━━━━━━━━━━━━━━━ 93s 285ms/step - mae: 0.3327 - loss: 0.3955 - val_loss: 0.1762
Epoch 2/20
309/309 ━━━━━━━━━━━━━━━━━━━━ 91s 296ms/step - mae: 0.1621 - loss: 0.0820 - val_loss: 0.0429 - val_fr_phase_loss_10: 0.1933
[Optuna] trial=7 epoch=2 val_fr_phase_loss_10=0.193257 | median=0.260958 (n=2, p25=0.258505, p75=0.263411) | margin=-0.0677005 (-25.94%)
Epoch 3/20
309/309 ━━━━━━━━━━━━━━━━━━━━ 87s 283ms/step - mae: 0.1086 - loss: 0.0236 - val_loss: 0.0191
Epoch 4/20
309/309 ━━━━━━━━━━━━━━━━━━━━ 91s 295ms/step - mae: 0.0894 - loss: 0.0129 - val_loss: 0.0130 - val_fr_phase_loss_10: 0.1917
[Optuna] trial=7 epoch=4 val_fr_phase_loss_10=0.191708 | median=0.197001 (n=2, p25=0.168278, p75=0.225724) | margin=-0.00529308 (-2.69%)
Epoch 5/20
309/309 ━━━━━━━━━━━━━━━━━━━━ 87s 283ms/step - mae: 0.0769 - loss: 0.0090 - val_loss: 0.0096
Epoch 6/20
309/309 ━━━━━━━━━━━━━━━━━━━━ 92s 296ms/step - mae: 0.0688 - loss: 0.0069 - val_loss: 0.0077 - val_fr_phase_loss_10: 0.1781 - val_fr_target_loss_50: 1.4731 - val_fr_curve_loss_10: 0.1823 - val_fr_curve_loss_20: 0.5383 - val_fr_curve_loss_30: 0.9069
[Optuna] trial=7 epoch=6 val_fr_phase_loss_10=0.178088 | median=0.180514 (n=2, p25=0.141, p75=0.220028) | margin=-0.00242646 (-1.34%)

======================================================================
   PHASE 2/6: masked_modeling
   Mask Prob: 0.15
   Mask Scope: time
   Mask Mode: constant
   Mask Value: 0.2
   Noise Sigma: None
   Noise Replace: False
   Epochs: 4
   Learning Rate: 0.0006546873038481087
   Clipping Norm: 0.16322157781005062
   Horizon (train loss): 15
   Output timesteps (val_loss and fr_loss): 50
======================================================================

Epoch 7/20
309/309 ━━━━━━━━━━━━━━━━━━━━ 90s 292ms/step - mae: 0.1355 - loss: 0.0426 - val_loss: 0.0297
Epoch 8/20
309/309 ━━━━━━━━━━━━━━━━━━━━ 94s 304ms/step - mae: 0.1277 - loss: 0.0289 - val_loss: 0.0265 - val_fr_phase_loss_15: 0.2408
[Optuna] trial=7 epoch=8 val_fr_phase_loss_15=0.240817 | median=0.221336 (n=2, p25=0.200205, p75=0.242467) | margin=+0.0194807 (+8.80%)
Epoch 9/20
309/309 ━━━━━━━━━━━━━━━━━━━━ 89s 289ms/step - mae: 0.1210 - loss: 0.0253 - val_loss: 0.0238
Epoch 10/20
309/309 ━━━━━━━━━━━━━━━━━━━━ 92s 299ms/step - mae: 0.1135 - loss: 0.0226 - val_loss: 0.0210 - val_fr_phase_loss_15: 0.2027 - val_fr_target_loss_50: 1.0733 - val_fr_curve_loss_10: 0.1061 - val_fr_curve_loss_20: 0.3246 - val_fr_curve_loss_30: 0.5911
[Optuna] trial=7 epoch=10 val_fr_phase_loss_15=0.202729 | median=0.203516 (n=2, p25=0.185442, p75=0.221589) | margin=-0.00078658 (-0.39%)

======================================================================
   PHASE 3/6: masked_modeling
   Mask Prob: 0.2
   Mask Scope: time
   Mask Mode: noise
   Mask Value: None
   Noise Sigma: 0.1
   Noise Replace: False
   Epochs: 4
   Learning Rate: 0.0004910154778860814
   Clipping Norm: 0.1450858469422672
   Horizon (train loss): 20
   Output timesteps (val_loss and fr_loss): 50
======================================================================

Epoch 11/20
309/309 ━━━━━━━━━━━━━━━━━━━━ 89s 288ms/step - mae: 0.0630 - loss: 0.0087 - val_loss: 0.0065
Epoch 12/20
309/309 ━━━━━━━━━━━━━━━━━━━━ 93s 300ms/step - mae: 0.0546 - loss: 0.0052 - val_loss: 0.0049 - val_fr_phase_loss_20: 0.2787
[Optuna] trial=7 epoch=12 val_fr_phase_loss_20=0.27866 | median=0.253197 (n=2, p25=0.226097, p75=0.280297) | margin=+0.0254623 (+10.06%)
Epoch 13/20
309/309 ━━━━━━━━━━━━━━━━━━━━ 89s 288ms/step - mae: 0.0518 - loss: 0.0046 - val_loss: 0.0044
Epoch 14/20
309/309 ━━━━━━━━━━━━━━━━━━━━ 93s 300ms/step - mae: 0.0503 - loss: 0.0043 - val_loss: 0.0041 - val_fr_phase_loss_20: 0.3326 - val_fr_target_loss_50: 1.1085 - val_fr_curve_loss_10: 0.0941 - val_fr_curve_loss_20: 0.3332 - val_fr_curve_loss_30: 0.6270
[Optuna] trial=7 epoch=14 val_fr_phase_loss_20=0.332575 | median=0.280492 (n=2, p25=0.24252, p75=0.318464) | margin=+0.0520832 (+18.57%)

======================================================================
   PHASE 4/6: scheduled_sampling
   Tf Ratio Start: 1.0
   Tf Ratio End: 0.4
   Per Feature: True
   Stop Grad Pred: True
   Ratio Mode: sigmoid
   Mid Point: 0.6
   Sharpness: 10.0
   Power Value: 2.0
   Epochs: 2
   Learning Rate: 0.000572851390867095
   Clipping Norm: 0.1450858469422672
   Horizon (train loss): 25
   Output timesteps (val_loss and fr_loss): 50
======================================================================

Epoch 15/20
309/309 ━━━━━━━━━━━━━━━━━━━━ 91s 294ms/step - mae: 0.0457 - loss: 0.0028 - val_loss: 0.0034
Epoch 16/20
309/309 ━━━━━━━━━━━━━━━━━━━━ 94s 305ms/step - mae: 0.0510 - loss: 0.0215 - val_loss: 0.0043 - val_fr_phase_loss_25: 0.4585 - val_fr_target_loss_50: 1.0896 - val_fr_curve_loss_10: 0.0987 - val_fr_curve_loss_20: 0.3344 - val_fr_curve_loss_30: 0.6142
[Optuna] trial=7 epoch=16 val_fr_phase_loss_25=0.458525 | median=0.434116 (n=2, p25=0.358017, p75=0.510216) | margin=+0.024409 (+5.62%)

======================================================================
   PHASE 5/6: full_autoregressive
   Gradient Through Time: False
   Epochs: 2
   Learning Rate: 0.0004091795649050679
   Clipping Norm: 0.1269501160744838
   Horizon (train loss): 35
   Output timesteps (val_loss and fr_loss): 50
======================================================================

Epoch 17/20
309/309 ━━━━━━━━━━━━━━━━━━━━ 88s 284ms/step - mae: 0.1858 - loss: 0.4861 - val_loss: 0.0582
Epoch 18/20
309/309 ━━━━━━━━━━━━━━━━━━━━ 91s 293ms/step - mae: 0.1842 - loss: 0.3713 - val_loss: 0.0573 - val_fr_phase_loss_35: 0.3682 - val_fr_target_loss_50: 0.4740 - val_fr_curve_loss_10: 0.0879 - val_fr_curve_loss_20: 0.2093 - val_fr_curve_loss_30: 0.3212
[Optuna] trial=7 epoch=18 val_fr_phase_loss_35=0.368153 | median=0.321017 (n=2, p25=0.315959, p75=0.326075) | margin=+0.0471363 (+14.68%)

======================================================================
   PHASE 6/6: full_autoregressive
   Gradient Through Time: True
   Epochs: 2
   Learning Rate: 0.0002455077389430407
   Clipping Norm: 0.1088143852067004
   Horizon (train loss): 45
   Output timesteps (val_loss and fr_loss): 50
======================================================================

Epoch 19/20
309/309 ━━━━━━━━━━━━━━━━━━━━ 87s 281ms/step - mae: 0.1857 - loss: 0.3747 - val_loss: 0.0570
Epoch 20/20
309/309 ━━━━━━━━━━━━━━━━━━━━ 91s 294ms/step - mae: 0.1858 - loss: 0.3447 - val_loss: 0.0570 - val_fr_phase_loss_45: 0.3837 - val_fr_target_loss_50: 0.4149 - val_fr_curve_loss_10: 0.0894 - val_fr_curve_loss_20: 0.1797 - val_fr_curve_loss_30: 0.2740
[Optuna] trial=7 epoch=20 val_fr_phase_loss_45=0.383659 | median=0.366442 (n=2, p25=0.355775, p75=0.377109) | margin=+0.0172165 (+4.70%)
Final loss: 0.3447
Predicting all test samples in free_running mode...
  X shape: (2280, 200, 55)
  Y shape: (2280, 50, 55)
  Pred shape: (2280, 50, 55)

 step | target                | pred                  | abs_err
------|-----------------------|-----------------------|----------------------
   25 | [ 4.139746e-01  2.252291e+00  7.680922e-02 -1.082321e+00  1.330184e-01
 -2.749080e-01  6.398940e-01 -1.222357e+00  1.964076e+00  2.024013e-01
 -1.249584e+00  1.684962e-01  6.261574e-01  7.681609e-01 -1.833026e+00
  4.305243e-01 -6.649562e-01  3.213241e-02 -4.315943e-01 -9.406051e-01
 -3.335454e-01  8.885246e-01  1.287808e+00  7.899810e-01 -2.762157e-01
  1.005897e+00 -2.825402e-01 -5.396542e-01 -1.754732e-01  2.526159e-01
 -1.215466e+00 -7.651589e-01 -1.200358e-01  4.952903e-01 -4.308359e-01
 -7.325999e-01  1.170439e+00  1.235309e+00 -8.311886e-01 -7.979621e-01
 -9.821695e-01  2.076884e-01  3.238765e-01 -1.923588e-01 -4.145486e-01
 -3.828006e-01 -3.487313e-02  1.245124e-03  1.581712e-01  5.641804e-01
  2.155083e-01 -1.144052e-01 -1.354365e+00 -3.214316e-01 -1.550427e+00] | [ 0.404753  2.074142 -0.352604  0.052526 -0.044895 -0.142778  0.836291
 -1.099403  1.762941  0.491034 -1.385847  0.537878 -0.252073  0.344244
  0.151535 -0.972987  0.496992 -0.070536  0.712617 -1.023211 -0.409342
  0.377567  0.725041  0.549302 -0.550516  0.760514 -0.419853 -0.285242
  0.054463  0.573603 -0.496004 -0.260209 -0.389928  0.660248 -0.876016
 -0.466006  0.311637  0.447175  0.388042 -1.009422 -0.796694 -0.148674
  0.871627 -0.146422  1.050719 -0.748613 -0.220052 -0.056009  0.740106
  0.365793 -1.13616  -0.133213 -1.691897  0.511134 -1.404372] | [0.009222 0.178149 0.429414 1.134848 0.177913 0.13213  0.196397 0.122954
 0.201135 0.288633 0.136263 0.369382 0.878231 0.423917 1.984561 1.403511
 1.161948 0.102668 1.144211 0.082606 0.075796 0.510958 0.562766 0.240679
 0.2743   0.245383 0.137313 0.254412 0.229936 0.320987 0.719462 0.50495
 0.269892 0.164957 0.44518  0.266594 0.858802 0.788134 1.21923  0.21146
 0.185476 0.356363 0.54775  0.045937 1.465268 0.365813 0.185179 0.057254
 0.581935 0.198387 1.351669 0.018808 0.337532 0.832565 0.146056]
   26 | [ 0.433902  2.276946  0.062718 -1.073421  0.149295 -0.261739  0.66411
 -1.190588  1.970693  0.211786 -1.280325  0.091743  0.630177  0.811665
 -1.905444  0.590891 -0.648677  0.010101 -0.341095 -0.950394 -0.271225
  0.842781  1.340023  0.789891 -0.296955  0.983707 -0.332591 -0.535192
 -0.171397  0.217021 -1.236176 -0.75049  -0.169815  0.501318 -0.449502
 -0.772153  1.203705  1.218394 -0.873595 -0.731515 -1.003057  0.192291
  0.338178 -0.172599 -0.562203 -0.409968  0.071482 -0.035004  0.178969
  0.522649  0.281281 -0.172402 -1.38113  -0.280718 -1.561255] | [ 0.422203  2.080466 -0.356344  0.087583 -0.035367 -0.124365  0.860311
 -1.07705   1.753926  0.511607 -1.413431  0.529938 -0.309039  0.388677
  0.092677 -0.916102  0.50573  -0.117551  0.783991 -1.021329 -0.385779
  0.313353  0.749602  0.545987 -0.56859   0.78033  -0.445296 -0.291126
  0.075891  0.572176 -0.449135 -0.215724 -0.410941  0.675377 -0.898025
 -0.448555  0.333519  0.449306  0.381979 -0.952342 -0.799191 -0.16157
  0.851996 -0.120508  0.943305 -0.75355  -0.16669  -0.104824  0.774337
  0.33882  -1.089756 -0.189468 -1.691901  0.541459 -1.413122] | [0.0117   0.19648  0.419062 1.161004 0.184662 0.137374 0.196201 0.113538
 0.216767 0.29982  0.133106 0.438195 0.939216 0.422988 1.998121 1.506994
 1.154407 0.127652 1.125086 0.070935 0.114554 0.529427 0.590421 0.243904
 0.271635 0.203377 0.112705 0.244067 0.247288 0.355155 0.787041 0.534766
 0.241126 0.174059 0.448523 0.323598 0.870186 0.769088 1.255574 0.220827
 0.203866 0.353861 0.513818 0.052091 1.505508 0.343582 0.238173 0.06982
 0.595368 0.183829 1.371037 0.017067 0.310771 0.822178 0.148133]
   27 | [ 0.45137   2.29779   0.046898 -1.065959  0.163722 -0.251176  0.686906
 -1.158318  1.973541  0.218812 -1.306769  0.020961  0.635355  0.846673
 -1.973424  0.752938 -0.63128  -0.009811 -0.250043 -0.95588  -0.208485
  0.794828  1.389242  0.786713 -0.314912  0.961981 -0.384025 -0.528408
 -0.166389  0.176889 -1.255981 -0.733755 -0.216556  0.503603 -0.465744
 -0.812322  1.237801  1.200935 -0.913572 -0.661274 -1.020813  0.176508
  0.350492 -0.15451  -0.707661 -0.434216  0.179125 -0.073381  0.197581
  0.481679  0.341621 -0.226467 -1.405437 -0.237464 -1.567991] | [ 0.438721  2.083715 -0.359538  0.120437 -0.025362 -0.107097  0.882278
 -1.055098  1.741051  0.529867 -1.437372  0.524545 -0.363442  0.429791
  0.033551 -0.856822  0.511987 -0.162947  0.852327 -1.016426 -0.363728
  0.24935   0.773775  0.539953 -0.584155  0.799462 -0.470937 -0.295044
  0.097137  0.567764 -0.402721 -0.171681 -0.430415  0.687671 -0.917554
 -0.430355  0.355695  0.453069  0.374243 -0.89227  -0.799617 -0.174175
  0.830035 -0.095725  0.83583  -0.756069 -0.113542 -0.153104  0.804476
  0.312681 -1.044071 -0.241977 -1.688507  0.570094 -1.41947 ] | [0.012649 0.214074 0.406437 1.186396 0.189085 0.144079 0.195373 0.103219
 0.23249  0.311055 0.130603 0.503584 0.998797 0.416882 2.006975 1.60976
 1.143267 0.153136 1.102371 0.060546 0.155242 0.545478 0.615467 0.24676
 0.269243 0.162519 0.086913 0.233364 0.263526 0.390875 0.85326  0.562073
 0.213859 0.184068 0.45181  0.381968 0.882106 0.747866 1.287815 0.230996
 0.221196 0.350683 0.479543 0.058785 1.543491 0.321853 0.292667 0.079723
 0.606895 0.168998 1.385692 0.01551  0.283071 0.807558 0.148522]
   28 | [ 0.466327  2.314783  0.029422 -1.059933  0.176249 -0.243234  0.708319
 -1.125542  1.97265   0.223477 -1.328843 -0.043589  0.641445  0.873025
 -2.036825  0.915869 -0.612772 -0.027353 -0.158771 -0.957077 -0.145636
  0.744967  1.435167  0.780424 -0.32991   0.940997 -0.436465 -0.519352
 -0.160183  0.132539 -1.274543 -0.714768 -0.260126  0.501926 -0.479514
 -0.852827  1.272629  1.183048 -0.950983 -0.587688 -1.035382  0.160153
  0.360566 -0.138091 -0.850494 -0.455552  0.287429 -0.113708  0.214089
  0.44125   0.396277 -0.27644  -1.427296 -0.191884 -1.570648] | [ 0.453761  2.08398  -0.362625  0.150694 -0.015581 -0.091032  0.902556
 -1.033811  1.725195  0.545761 -1.45754   0.520964 -0.414958  0.467501
 -0.025982 -0.795603  0.515849 -0.206216  0.917906 -1.008756 -0.343576
  0.186131  0.797152  0.531823 -0.597304  0.818098 -0.496416 -0.297524
  0.117915  0.560546 -0.356915 -0.128535 -0.447591  0.69711  -0.934749
 -0.411916  0.378417  0.458048  0.364369 -0.829615 -0.798279 -0.186503
  0.806176 -0.072214  0.728553 -0.756688 -0.060971 -0.200964  0.831133
  0.28786  -0.999869 -0.290937 -1.681786  0.597332 -1.423459] | [0.012566 0.230803 0.392048 1.210627 0.19183  0.152202 0.194237 0.09173
 0.247455 0.322285 0.128697 0.564553 1.056403 0.405525 2.010843 1.711472
 1.128621 0.178864 1.076677 0.051679 0.19794  0.558836 0.638015 0.248601
 0.267394 0.1229   0.059951 0.221828 0.278097 0.428007 0.917628 0.586233
 0.187465 0.195185 0.455236 0.440911 0.894212 0.725    1.315352 0.241927
 0.237104 0.346656 0.44561  0.065877 1.579047 0.301135 0.3484   0.087256
 0.617043 0.15339  1.396146 0.014497 0.254489 0.789216 0.147189]
   29 | [ 0.478732  2.32789   0.010362 -1.055353  0.186818 -0.237931  0.728378
 -1.09227   1.968046  0.225786 -1.346491 -0.1017    0.648197  0.890628
 -2.095523  1.078877 -0.593175 -0.042284 -0.067607 -0.95402  -0.082985
  0.693516  1.47754   0.771024 -0.341791  0.921028 -0.489508 -0.508082
 -0.152506  0.084329 -1.291529 -0.693373 -0.30041   0.496102 -0.49077
 -0.893374  1.308082  1.164834 -0.985713 -0.511238 -1.046716  0.143051
  0.368166 -0.123325 -0.990295 -0.473989  0.395794 -0.155784  0.228586
  0.401343  0.445038 -0.322183 -1.446722 -0.144214 -1.56925 ] | [ 0.467003  2.08136  -0.365875  0.17815  -0.006493 -0.076206  0.921383
 -1.01334   1.70695   0.559258 -1.47385   0.518634 -0.463428  0.501776
 -0.08594  -0.732825  0.517393 -0.247014  0.980818 -0.998518 -0.325603
  0.124075  0.819422  0.521985 -0.608117  0.836231 -0.521408 -0.298907
  0.138069  0.550721 -0.311849 -0.086578 -0.462041  0.703669 -0.949711
 -0.393598  0.401735  0.463998  0.352122 -0.764755 -0.79541  -0.198593
  0.780708 -0.050107  0.621759 -0.755779 -0.009248 -0.248413  0.854676
  0.264607 -0.957696 -0.336517 -1.671853  0.623342 -1.425145] | [0.011729 0.246531 0.376237 1.233504 0.19331  0.161726 0.193006 0.078929
 0.261096 0.333472 0.12736  0.620334 1.111624 0.388852 2.009583 1.811702
 1.110568 0.20473  1.048424 0.044498 0.242618 0.569441 0.658119 0.249039
 0.266326 0.084797 0.0319   0.209174 0.290574 0.466391 0.979681 0.606795
 0.161632 0.207567 0.458942 0.499776 0.906347 0.700836 1.337836 0.253517
 0.251306 0.341644 0.412541 0.073218 1.612054 0.281789 0.405042 0.092629
 0.62609  0.136736 1.402734 0.014335 0.225132 0.767557 0.144106]
model built: True
num weights: 38
{'mae': [0.33270567655563354, 0.16207043826580048, 0.10859908908605576, 0.08943857997655869, 0.07685259729623795, 0.06882666051387787, 0.13547812402248383, 0.12770162522792816, 0.12097321450710297, 0.11346878111362457, 0.0630253255367279, 0.0546429269015789, 0.05182264745235443, 0.050329189747571945, 0.04568914696574211, 0.05095361918210983, 0.185821071267128, 0.18424546718597412, 0.18574294447898865, 0.18575772643089294], 'loss': [0.3954971432685852, 0.08195365220308304, 0.023573391139507294, 0.012881378643214703, 0.008966381661593914, 0.006910459138453007, 0.04264421761035919, 0.02890031971037388, 0.025331858545541763, 0.022559532895684242, 0.008657574653625488, 0.005235239397734404, 0.0045857601799070835, 0.004295904655009508, 0.002802889561280608, 0.021504638716578484, 0.4861104488372803, 0.3713288903236389, 0.3746585249900818, 0.34466296434402466], 'val_loss': [0.1761614978313446, 0.04287249967455864, 0.019136108458042145, 0.012950603850185871, 0.009578953497111797, 0.007720020599663258, 0.029717611148953438, 0.02649345062673092, 0.023789606988430023, 0.0209654550999403, 0.006491672247648239, 0.004894120618700981, 0.004383291117846966, 0.004115360789000988, 0.0034178185742348433, 0.004272675607353449, 0.05816410109400749, 0.05730917677283287, 0.057048454880714417, 0.05696550011634827], 'val_fr_phase_loss_10': [nan, 0.193257138133049, nan, 0.19170774519443512, nan, 0.1780875325202942], 'val_fr_target_loss_50': [nan, nan, nan, nan, nan, 1.4730886220932007, nan, nan, nan, 1.073278546333313, nan, nan, nan, 1.1085472106933594, nan, 1.089644432067871, nan, 0.4740268290042877, nan, 0.4148916006088257], 'val_fr_curve_loss_10': [nan, nan, nan, nan, nan, 0.18225830793380737, nan, nan, nan, 0.10613714158535004, nan, nan, nan, 0.09409382194280624, nan, 0.09870843589305878, nan, 0.08791891485452652, nan, 0.08943455666303635], 'val_fr_curve_loss_20': [nan, nan, nan, nan, nan, 0.538265585899353, nan, nan, nan, 0.324556440114975, nan, nan, nan, 0.3332313001155853, nan, 0.33444222807884216, nan, 0.2093205749988556, nan, 0.17971378564834595], 'val_fr_curve_loss_30': [nan, nan, nan, nan, nan, 0.9069287776947021, nan, nan, nan, 0.5911020636558533, nan, nan, nan, 0.6269704699516296, nan, 0.6141812801361084, nan, 0.3212147057056427, nan, 0.27403292059898376], 'val_fr_phase_loss_15': [nan, 0.24081656336784363, nan, 0.2027290314435959], 'val_fr_phase_loss_20': [nan, 0.27865955233573914, nan, 0.3325751721858978], 'val_fr_phase_loss_25': [nan, 0.4585253596305847], 'val_fr_phase_loss_35': [nan, 0.36815300583839417], 'val_fr_phase_loss_45': [nan, 0.38365885615348816]}
Saved artifacts to: runs/tuning/step_wise_lstm_lvl1/trial_0007
