--- Number of Windows for Train = 9880
--- Number of Windows for Val = 3040
--- Number of Windows for Test = 2280
--- Curriculum = [5, 5, 12, 12, 18, 18, 25, 25, 38, 38, 50, 50]
--- fr_curve Outsteps = [10, 20, 30, 50]

--- Training: lstm_fullseq_30ep [LSTM/FC/FULL_SEQ]  ---

======================================================================
   PHASE 1/12: teacher_forcing
   Epochs: 2
   Learning Rate: 0.0004523527799911889
   Clipping Norm: 0.1666698328606642
   Horizon (train loss): 5
   Output timesteps (val_loss and fr_loss): 50
======================================================================

Epoch 1/30
309/309 ━━━━━━━━━━━━━━━━━━━━ 15s 29ms/step - mae: 0.5169 - mse: 0.4238 - loss: 0.6017 - val_loss: 0.4238
Epoch 2/30
309/309 ━━━━━━━━━━━━━━━━━━━━ 12s 38ms/step - mae: 0.3953 - mse: 0.2477 - loss: 0.3077 - val_loss: 0.2477 - val_fr_phase_loss_5: 0.2819 - val_fr_target_loss_50: 0.9404 - val_fr_curve_loss_10: 0.3525 - val_fr_curve_loss_20: 0.5331 - val_fr_curve_loss_30: 0.6976 - val_fr_curve_loss_50: 0.9304
[Optuna] trial=3 epoch=2 val_fr_phase_loss_5=0.281878 | median=0.490001 (n=3, p25=0.384458, p75=0.673531) | margin=-0.208123 (-42.47%)

======================================================================
   PHASE 2/12: masked_modeling
   Mask Prob: 0.1
   Mask Scope: time
   Mask Mode: constant
   Mask Value: 0.2
   Noise Sigma: None
   Noise Replace: False
   Epochs: 3
   Learning Rate: 0.00036188222399295114
   Clipping Norm: 0.15000284957459778
   Horizon (train loss): 5
   Output timesteps (val_loss and fr_loss): 50
======================================================================

Epoch 3/30
309/309 ━━━━━━━━━━━━━━━━━━━━ 8s 25ms/step - mae: 0.3199 - mse: 0.1651 - loss: 0.1853 - val_loss: 0.1651
Epoch 4/30
309/309 ━━━━━━━━━━━━━━━━━━━━ 11s 36ms/step - mae: 0.2672 - mse: 0.1170 - loss: 0.1256 - val_loss: 0.1170 - val_fr_phase_loss_5: 0.1419
[Optuna] trial=3 epoch=4 val_fr_phase_loss_5=0.141913 | median=0.308089 (n=3, p25=0.223691, p75=0.550613) | margin=-0.166176 (-53.94%)
Epoch 5/30
309/309 ━━━━━━━━━━━━━━━━━━━━ 11s 36ms/step - mae: 0.2246 - mse: 0.0832 - loss: 0.0893 - val_loss: 0.0832 - val_fr_target_loss_50: 1.1635 - val_fr_curve_loss_10: 0.1829 - val_fr_curve_loss_20: 0.4345 - val_fr_curve_loss_30: 0.7139 - val_fr_curve_loss_50: 1.1443

======================================================================
   PHASE 3/12: teacher_forcing
   Epochs: 2
   Learning Rate: 0.0004523527799911889
   Clipping Norm: 0.1666698328606642
   Horizon (train loss): 12
   Output timesteps (val_loss and fr_loss): 50
======================================================================

Epoch 6/30
309/309 ━━━━━━━━━━━━━━━━━━━━ 8s 24ms/step - mae: 0.2003 - mse: 0.0661 - loss: 0.0746 - val_loss: 0.0661
Epoch 7/30
309/309 ━━━━━━━━━━━━━━━━━━━━ 11s 36ms/step - mae: 0.1624 - mse: 0.0446 - loss: 0.0469 - val_loss: 0.0446 - val_fr_phase_loss_12: 0.1544 - val_fr_target_loss_50: 0.9962 - val_fr_curve_loss_10: 0.1283 - val_fr_curve_loss_20: 0.3111 - val_fr_curve_loss_30: 0.5435 - val_fr_curve_loss_50: 0.9906
[Optuna] trial=3 epoch=7 val_fr_phase_loss_12=0.15443 | median=0.268146 (n=3, p25=0.211239, p75=0.4997) | margin=-0.113716 (-42.41%)

======================================================================
   PHASE 4/12: masked_modeling
   Mask Prob: 0.15
   Mask Scope: time
   Mask Mode: constant
   Mask Value: 0.2
   Noise Sigma: None
   Noise Replace: False
   Epochs: 3
   Learning Rate: 0.00031664694599383217
   Clipping Norm: 0.14166935793156457
   Horizon (train loss): 12
   Output timesteps (val_loss and fr_loss): 50
======================================================================

Epoch 8/30
309/309 ━━━━━━━━━━━━━━━━━━━━ 8s 24ms/step - mae: 0.1715 - mse: 0.0486 - loss: 0.0554 - val_loss: 0.0486
Epoch 9/30
309/309 ━━━━━━━━━━━━━━━━━━━━ 11s 36ms/step - mae: 0.1662 - mse: 0.0455 - loss: 0.0473 - val_loss: 0.0455 - val_fr_phase_loss_12: 0.1807
[Optuna] trial=3 epoch=9 val_fr_phase_loss_12=0.180737 | median=0.250377 (n=3, p25=0.215065, p75=0.477567) | margin=-0.0696391 (-27.81%)
Epoch 10/30
309/309 ━━━━━━━━━━━━━━━━━━━━ 11s 36ms/step - mae: 0.1550 - mse: 0.0396 - loss: 0.0426 - val_loss: 0.0396 - val_fr_target_loss_50: 1.2366 - val_fr_curve_loss_10: 0.1237 - val_fr_curve_loss_20: 0.3507 - val_fr_curve_loss_30: 0.6434 - val_fr_curve_loss_50: 1.2218

======================================================================
   PHASE 5/12: teacher_forcing
   Epochs: 2
   Learning Rate: 0.0004523527799911889
   Clipping Norm: 0.1666698328606642
   Horizon (train loss): 18
   Output timesteps (val_loss and fr_loss): 50
======================================================================

Epoch 11/30
309/309 ━━━━━━━━━━━━━━━━━━━━ 8s 24ms/step - mae: 0.1232 - mse: 0.0254 - loss: 0.0268 - val_loss: 0.0254
Epoch 12/30
309/309 ━━━━━━━━━━━━━━━━━━━━ 11s 36ms/step - mae: 0.1059 - mse: 0.0192 - loss: 0.0186 - val_loss: 0.0192 - val_fr_phase_loss_18: 0.2418 - val_fr_target_loss_50: 1.0183 - val_fr_curve_loss_10: 0.1028 - val_fr_curve_loss_20: 0.2895 - val_fr_curve_loss_30: 0.5319 - val_fr_curve_loss_50: 1.0077
[Optuna] trial=3 epoch=12 val_fr_phase_loss_18=0.241753 | median=0.28587 (n=3, p25=0.263917, p75=0.490467) | margin=-0.0441174 (-15.43%)

======================================================================
   PHASE 6/12: masked_modeling
   Mask Prob: 0.2
   Mask Scope: time
   Mask Mode: constant
   Mask Value: 0.2
   Noise Sigma: None
   Noise Replace: False
   Epochs: 3
   Learning Rate: 0.0002714116679947133
   Clipping Norm: 0.13333586628853136
   Horizon (train loss): 18
   Output timesteps (val_loss and fr_loss): 50
======================================================================

Epoch 13/30
309/309 ━━━━━━━━━━━━━━━━━━━━ 8s 25ms/step - mae: 0.1562 - mse: 0.0398 - loss: 0.0475 - val_loss: 0.0398
Epoch 14/30
309/309 ━━━━━━━━━━━━━━━━━━━━ 11s 36ms/step - mae: 0.1534 - mse: 0.0384 - loss: 0.0393 - val_loss: 0.0384 - val_fr_phase_loss_18: 0.3493
[Optuna] trial=3 epoch=14 val_fr_phase_loss_18=0.349299 | median=0.370721 (n=3, p25=0.359244, p75=0.528002) | margin=-0.0214219 (-5.78%)
Epoch 15/30
309/309 ━━━━━━━━━━━━━━━━━━━━ 11s 36ms/step - mae: 0.1488 - mse: 0.0360 - loss: 0.0361 - val_loss: 0.0360 - val_fr_target_loss_50: 1.2829 - val_fr_curve_loss_10: 0.1275 - val_fr_curve_loss_20: 0.3708 - val_fr_curve_loss_30: 0.6744 - val_fr_curve_loss_50: 1.2613

======================================================================
   PHASE 7/12: teacher_forcing
   Epochs: 2
   Learning Rate: 0.0004523527799911889
   Clipping Norm: 0.1666698328606642
   Horizon (train loss): 25
   Output timesteps (val_loss and fr_loss): 50
======================================================================

Epoch 16/30
309/309 ━━━━━━━━━━━━━━━━━━━━ 7s 24ms/step - mae: 0.0954 - mse: 0.0147 - loss: 0.0165 - val_loss: 0.0147
Epoch 17/30
309/309 ━━━━━━━━━━━━━━━━━━━━ 11s 35ms/step - mae: 0.0821 - mse: 0.0109 - loss: 0.0105 - val_loss: 0.0109 - val_fr_phase_loss_25: 0.3857 - val_fr_target_loss_50: 1.0010 - val_fr_curve_loss_10: 0.0913 - val_fr_curve_loss_20: 0.2735 - val_fr_curve_loss_30: 0.5133 - val_fr_curve_loss_50: 0.9930
[Optuna] trial=3 epoch=17 val_fr_phase_loss_25=0.385651 | median=0.39957 (n=3, p25=0.392944, p75=0.55105) | margin=-0.0139192 (-3.48%)

======================================================================
   PHASE 8/12: masked_modeling
   Mask Prob: 0.2
   Mask Scope: time
   Mask Mode: noise
   Mask Value: None
   Noise Sigma: 0.1
   Noise Replace: False
   Epochs: 3
   Learning Rate: 0.00022617638999559444
   Clipping Norm: 0.12500237464549815
   Horizon (train loss): 25
   Output timesteps (val_loss and fr_loss): 50
======================================================================

Epoch 18/30
309/309 ━━━━━━━━━━━━━━━━━━━━ 7s 24ms/step - mae: 0.0746 - mse: 0.0090 - loss: 0.0085 - val_loss: 0.0090
Epoch 19/30
309/309 ━━━━━━━━━━━━━━━━━━━━ 11s 37ms/step - mae: 0.0707 - mse: 0.0081 - loss: 0.0076 - val_loss: 0.0081 - val_fr_phase_loss_25: 0.3360
[Optuna] trial=3 epoch=19 val_fr_phase_loss_25=0.336031 | median=0.399318 (n=3, p25=0.369644, p75=0.546707) | margin=-0.0632872 (-15.85%)
Epoch 20/30
309/309 ━━━━━━━━━━━━━━━━━━━━ 11s 36ms/step - mae: 0.0674 - mse: 0.0074 - loss: 0.0070 - val_loss: 0.0074 - val_fr_target_loss_50: 0.8821 - val_fr_curve_loss_10: 0.0776 - val_fr_curve_loss_20: 0.2338 - val_fr_curve_loss_30: 0.4431 - val_fr_curve_loss_50: 0.8689

======================================================================
   PHASE 9/12: teacher_forcing
   Epochs: 2
   Learning Rate: 0.0004523527799911889
   Clipping Norm: 0.1666698328606642
   Horizon (train loss): 38
   Output timesteps (val_loss and fr_loss): 50
======================================================================

Epoch 21/30
309/309 ━━━━━━━━━━━━━━━━━━━━ 7s 24ms/step - mae: 0.0629 - mse: 0.0065 - loss: 0.0059 - val_loss: 0.0065
Epoch 22/30
309/309 ━━━━━━━━━━━━━━━━━━━━ 11s 35ms/step - mae: 0.0588 - mse: 0.0057 - loss: 0.0050 - val_loss: 0.0057 - val_fr_phase_loss_38: 0.6885 - val_fr_target_loss_50: 0.9726 - val_fr_curve_loss_10: 0.0841 - val_fr_curve_loss_20: 0.2614 - val_fr_curve_loss_30: 0.4975 - val_fr_curve_loss_50: 0.9695
[Optuna] trial=3 epoch=22 val_fr_phase_loss_38=0.688546 | median=0.688537 (n=3, p25=0.688432, p75=0.743061) | margin=+9.59635e-06 (+0.00%)

======================================================================
   PHASE 10/12: masked_modeling
   Mask Prob: 0.25
   Mask Scope: time
   Mask Mode: noise
   Mask Value: None
   Noise Sigma: 0.1
   Noise Replace: False
   Epochs: 3
   Learning Rate: 0.00018094111199647557
   Clipping Norm: 0.11666888300246493
   Horizon (train loss): 38
   Output timesteps (val_loss and fr_loss): 50
======================================================================

Epoch 23/30
309/309 ━━━━━━━━━━━━━━━━━━━━ 7s 24ms/step - mae: 0.0548 - mse: 0.0049 - loss: 0.0053 - val_loss: 0.0049
Epoch 24/30
309/309 ━━━━━━━━━━━━━━━━━━━━ 11s 35ms/step - mae: 0.0539 - mse: 0.0048 - loss: 0.0052 - val_loss: 0.0048 - val_fr_phase_loss_38: 0.5925
[Optuna] trial=3 epoch=24 val_fr_phase_loss_38=0.592459 | median=0.690956 (n=3, p25=0.643387, p75=0.743443) | margin=-0.0984977 (-14.26%)
Epoch 25/30
309/309 ━━━━━━━━━━━━━━━━━━━━ 11s 36ms/step - mae: 0.0528 - mse: 0.0046 - loss: 0.0050 - val_loss: 0.0046 - val_fr_target_loss_50: 0.8355 - val_fr_curve_loss_10: 0.0700 - val_fr_curve_loss_20: 0.2167 - val_fr_curve_loss_30: 0.4146 - val_fr_curve_loss_50: 0.8191

======================================================================
   PHASE 11/12: teacher_forcing
   Epochs: 2
   Learning Rate: 0.0004523527799911889
   Clipping Norm: 0.1666698328606642
   Horizon (train loss): 50
   Output timesteps (val_loss and fr_loss): 50
======================================================================

Epoch 26/30
309/309 ━━━━━━━━━━━━━━━━━━━━ 8s 25ms/step - mae: 0.0523 - mse: 0.0045 - loss: 0.0038 - val_loss: 0.0045
Epoch 27/30
309/309 ━━━━━━━━━━━━━━━━━━━━ 13s 43ms/step - mae: 0.0494 - mse: 0.0040 - loss: 0.0033 - val_loss: 0.0040 - val_fr_phase_loss_50: 1.1046 - val_fr_target_loss_50: 1.1308 - val_fr_curve_loss_10: 0.0853 - val_fr_curve_loss_20: 0.2866 - val_fr_curve_loss_30: 0.5628 - val_fr_curve_loss_50: 1.1183
[Optuna] trial=3 epoch=27 val_fr_phase_loss_50=1.10456 | median=0.943545 (n=3, p25=0.919371, p75=1.02004) | margin=+0.161013 (+17.06%)

======================================================================
   PHASE 12/12: masked_modeling
   Mask Prob: 0.25
   Mask Scope: time
   Mask Mode: noise
   Mask Value: None
   Noise Sigma: 0.1
   Noise Replace: True
   Epochs: 3
   Learning Rate: 0.000162847000796828
   Clipping Norm: 0.10833539135943174
   Horizon (train loss): 50
   Output timesteps (val_loss and fr_loss): 50
======================================================================

Epoch 28/30
309/309 ━━━━━━━━━━━━━━━━━━━━ 7s 24ms/step - mae: 0.2096 - mse: 0.0704 - loss: 0.0822 - val_loss: 0.0704
Epoch 29/30
309/309 ━━━━━━━━━━━━━━━━━━━━ 11s 35ms/step - mae: 0.2027 - mse: 0.0663 - loss: 0.0535 - val_loss: 0.0663 - val_fr_phase_loss_50: 1.9439
[Optuna] trial=3 epoch=29 val_fr_phase_loss_50=1.94395 | median=1.62725 (n=3, p25=1.34535, p75=1.78918) | margin=+0.316701 (+19.46%)
Epoch 30/30
309/309 ━━━━━━━━━━━━━━━━━━━━ 11s 36ms/step - mae: 0.2013 - mse: 0.0656 - loss: 0.0495 - val_loss: 0.0656 - val_fr_target_loss_50: 1.7590 - val_fr_curve_loss_10: 0.1696 - val_fr_curve_loss_20: 0.5216 - val_fr_curve_loss_30: 0.9453 - val_fr_curve_loss_50: 1.7386
Final loss: 0.0495
Predicting all test samples in free_running mode...
  X shape: (2280, 200, 55)
  Y shape: (2280, 50, 55)
  Pred shape: (2280, 50, 55)

 step | target                | pred                  | abs_err
------|-----------------------|-----------------------|----------------------
   25 | [ 4.139746e-01  2.252291e+00  7.680922e-02 -1.082321e+00  1.330184e-01
 -2.749080e-01  6.398940e-01 -1.222357e+00  1.964076e+00  2.024013e-01
 -1.249584e+00  1.684962e-01  6.261574e-01  7.681609e-01 -1.833026e+00
  4.305243e-01 -6.649562e-01  3.213241e-02 -4.315943e-01 -9.406051e-01
 -3.335454e-01  8.885246e-01  1.287808e+00  7.899810e-01 -2.762157e-01
  1.005897e+00 -2.825402e-01 -5.396542e-01 -1.754732e-01  2.526159e-01
 -1.215466e+00 -7.651589e-01 -1.200358e-01  4.952903e-01 -4.308359e-01
 -7.325999e-01  1.170439e+00  1.235309e+00 -8.311886e-01 -7.979621e-01
 -9.821695e-01  2.076884e-01  3.238765e-01 -1.923588e-01 -4.145486e-01
 -3.828006e-01 -3.487313e-02  1.245124e-03  1.581712e-01  5.641804e-01
  2.155083e-01 -1.144052e-01 -1.354365e+00 -3.214316e-01 -1.550427e+00] | [-0.266729  2.82452   1.082972 -2.687603  0.74136  -0.440166 -0.814029
 -2.253634  2.302019  0.463967 -1.911114  3.097098  1.837142 -1.367725
  1.915709 -1.649472  0.998751  0.216401 -1.301251 -1.394742 -1.804774
  1.627019  1.402111  1.07241   0.791063  1.008834 -1.506075 -1.148462
 -0.66458   0.349391 -1.510824 -0.429248  2.283954 -0.087303 -0.035159
 -1.278973  0.860469  1.572727  3.200406 -2.590608 -1.555548 -0.045642
  2.227642 -0.423598  4.414876  0.672569 -1.381639  0.627968  0.028955
  1.375914 -1.172663  1.900356 -0.369131  0.303925 -1.615686] | [6.807031e-01 5.722287e-01 1.006163e+00 1.605281e+00 6.083419e-01
 1.652578e-01 1.453923e+00 1.031277e+00 3.379428e-01 2.615654e-01
 6.615297e-01 2.928602e+00 1.210985e+00 2.135886e+00 3.748734e+00
 2.079996e+00 1.663707e+00 1.842682e-01 8.696565e-01 4.541371e-01
 1.471229e+00 7.384948e-01 1.143031e-01 2.824295e-01 1.067279e+00
 2.936602e-03 1.223535e+00 6.088081e-01 4.891072e-01 9.677538e-02
 2.953583e-01 3.359105e-01 2.403990e+00 5.825937e-01 3.956768e-01
 5.463734e-01 3.099705e-01 3.374182e-01 4.031594e+00 1.792646e+00
 5.733781e-01 2.533308e-01 1.903766e+00 2.312391e-01 4.829424e+00
 1.055370e+00 1.346766e+00 6.267226e-01 1.292165e-01 8.117338e-01
 1.388172e+00 2.014761e+00 9.852346e-01 6.253566e-01 6.525826e-02]
   26 | [ 0.433902  2.276946  0.062718 -1.073421  0.149295 -0.261739  0.66411
 -1.190588  1.970693  0.211786 -1.280325  0.091743  0.630177  0.811665
 -1.905444  0.590891 -0.648677  0.010101 -0.341095 -0.950394 -0.271225
  0.842781  1.340023  0.789891 -0.296955  0.983707 -0.332591 -0.535192
 -0.171397  0.217021 -1.236176 -0.75049  -0.169815  0.501318 -0.449502
 -0.772153  1.203705  1.218394 -0.873595 -0.731515 -1.003057  0.192291
  0.338178 -0.172599 -0.562203 -0.409968  0.071482 -0.035004  0.178969
  0.522649  0.281281 -0.172402 -1.38113  -0.280718 -1.561255] | [-0.259493  2.874403  1.113765 -2.664701  0.744959 -0.397961 -0.831234
 -2.249913  2.340768  0.454207 -1.94719   3.119996  1.827465 -1.386305
  1.918035 -1.649652  1.02635   0.154083 -1.298564 -1.436546 -1.799654
  1.604556  1.453834  1.100581  0.784052  1.03787  -1.529629 -1.239886
 -0.623495  0.309303 -1.476553 -0.399453  2.290318 -0.102741 -0.049617
 -1.269984  0.824815  1.573632  3.270083 -2.621714 -1.573856 -0.068126
  2.234699 -0.414849  4.34939   0.645806 -1.39352   0.636847  0.046844
  1.354145 -1.154672  1.860218 -0.361811  0.329889 -1.663582] | [0.693396 0.597457 1.051046 1.59128  0.595664 0.136223 1.495344 1.059325
 0.370075 0.242421 0.666865 3.028252 1.197288 2.19797  3.823479 2.240543
 1.675027 0.143982 0.957469 0.486151 1.528429 0.761775 0.11381  0.31069
 1.081007 0.054163 1.197039 0.704693 0.452098 0.092282 0.240377 0.351036
 2.460133 0.604059 0.399885 0.497831 0.37889  0.355238 4.143678 1.890199
 0.570799 0.260417 1.896521 0.24225  4.911593 1.055774 1.465002 0.671851
 0.132125 0.831496 1.435953 2.03262  1.019319 0.610608 0.102327]
   27 | [ 0.45137   2.29779   0.046898 -1.065959  0.163722 -0.251176  0.686906
 -1.158318  1.973541  0.218812 -1.306769  0.020961  0.635355  0.846673
 -1.973424  0.752938 -0.63128  -0.009811 -0.250043 -0.95588  -0.208485
  0.794828  1.389242  0.786713 -0.314912  0.961981 -0.384025 -0.528408
 -0.166389  0.176889 -1.255981 -0.733755 -0.216556  0.503603 -0.465744
 -0.812322  1.237801  1.200935 -0.913572 -0.661274 -1.020813  0.176508
  0.350492 -0.15451  -0.707661 -0.434216  0.179125 -0.073381  0.197581
  0.481679  0.341621 -0.226467 -1.405437 -0.237464 -1.567991] | [-0.254019  2.922086  1.143904 -2.638478  0.746864 -0.356678 -0.848544
 -2.245095  2.379928  0.443723 -1.981447  3.14188   1.818333 -1.409073
  1.919433 -1.649901  1.051726  0.091296 -1.297503 -1.478002 -1.795058
  1.58065   1.504078  1.129712  0.776523  1.068244 -1.553344 -1.333135
 -0.58023   0.263121 -1.442544 -0.367368  2.296421 -0.113414 -0.064378
 -1.260809  0.788779  1.573565  3.335947 -2.651662 -1.591107 -0.088088
  2.240201 -0.40504   4.280231  0.619155 -1.4055    0.648068  0.063059
  1.331658 -1.138765  1.820452 -0.354484  0.353707 -1.711941] | [0.705388 0.624297 1.097006 1.57252  0.583142 0.105502 1.535449 1.086777
 0.406386 0.224911 0.674677 3.120919 1.182978 2.255745 3.892857 2.402839
 1.683006 0.101107 1.047459 0.522123 1.586572 0.785822 0.114836 0.342999
 1.091435 0.106263 1.169319 0.804727 0.41384  0.086232 0.186563 0.366387
 2.512977 0.617017 0.401366 0.448487 0.449022 0.372631 4.249518 1.990388
 0.570294 0.264596 1.889709 0.25053  4.987892 1.053371 1.584625 0.721449
 0.134522 0.849979 1.480386 2.046919 1.050952 0.591171 0.14395 ]
   28 | [ 0.466327  2.314783  0.029422 -1.059933  0.176249 -0.243234  0.708319
 -1.125542  1.97265   0.223477 -1.328843 -0.043589  0.641445  0.873025
 -2.036825  0.915869 -0.612772 -0.027353 -0.158771 -0.957077 -0.145636
  0.744967  1.435167  0.780424 -0.32991   0.940997 -0.436465 -0.519352
 -0.160183  0.132539 -1.274543 -0.714768 -0.260126  0.501926 -0.479514
 -0.852827  1.272629  1.183048 -0.950983 -0.587688 -1.035382  0.160153
  0.360566 -0.138091 -0.850494 -0.455552  0.287429 -0.113708  0.214089
  0.44125   0.396277 -0.27644  -1.427296 -0.191884 -1.570648] | [-0.250215  2.968455  1.173723 -2.608742  0.748623 -0.315282 -0.866927
 -2.239     2.418638  0.431716 -2.013997  3.161977  1.80967  -1.434573
  1.920317 -1.649769  1.075991  0.028074 -1.297794 -1.518922 -1.78962
  1.556785  1.553019  1.159919  0.767828  1.099557 -1.578203 -1.428091
 -0.534337  0.211676 -1.40902  -0.333395  2.301966 -0.119513 -0.079012
 -1.250718  0.753379  1.573537  3.398665 -2.680162 -1.608411 -0.105249
  2.245406 -0.392874  4.206176  0.591947 -1.418149  0.661551  0.077739
  1.309024 -1.124676  1.780605 -0.347765  0.37496  -1.760354] | [0.716542 0.653672 1.144301 1.548809 0.572374 0.072048 1.575246 1.113459
 0.445988 0.20824  0.685154 3.205566 1.168225 2.307598 3.957141 2.565639
 1.688763 0.055427 1.139023 0.561845 1.643984 0.811819 0.117852 0.379495
 1.097739 0.15856  1.141738 0.908739 0.374154 0.079137 0.134477 0.381373
 2.562092 0.621438 0.400501 0.397891 0.51925  0.390489 4.349648 2.092474
 0.573028 0.265402 1.88484  0.254783 5.05667  1.047499 1.705578 0.775259
 0.136351 0.867774 1.520952 2.057045 1.079531 0.566844 0.189706]
   29 | [ 0.478732  2.32789   0.010362 -1.055353  0.186818 -0.237931  0.728378
 -1.09227   1.968046  0.225786 -1.346491 -0.1017    0.648197  0.890628
 -2.095523  1.078877 -0.593175 -0.042284 -0.067607 -0.95402  -0.082985
  0.693516  1.47754   0.771024 -0.341791  0.921028 -0.489508 -0.508082
 -0.152506  0.084329 -1.291529 -0.693373 -0.30041   0.496102 -0.49077
 -0.893374  1.308082  1.164834 -0.985713 -0.511238 -1.046716  0.143051
  0.368166 -0.123325 -0.990295 -0.473989  0.395794 -0.155784  0.228586
  0.401343  0.445038 -0.322183 -1.446722 -0.144214 -1.56925 ] | [-0.248047  3.012904  1.203031 -2.576023  0.749819 -0.274622 -0.886002
 -2.231725  2.457385  0.41858  -2.045008  3.180639  1.801754 -1.463158
  1.9204   -1.649842  1.098737 -0.035018 -1.299263 -1.559571 -1.783758
  1.53272   1.600814  1.191471  0.758567  1.131803 -1.603553 -1.524285
 -0.486601  0.154776 -1.375946 -0.297687  2.307324 -0.121252 -0.093705
 -1.240126  0.717976  1.572829  3.458013 -2.707353 -1.625543 -0.120174
  2.250067 -0.378688  4.128298  0.564268 -1.431111  0.677819  0.090886
  1.286121 -1.111929  1.740989 -0.341429  0.393574 -1.808479] | [0.726778 0.685014 1.192669 1.520669 0.563002 0.036691 1.61438  1.139455
 0.489339 0.192794 0.698517 3.28234  1.153558 2.353786 4.015924 2.728719
 1.691912 0.007266 1.231656 0.605551 1.700773 0.839204 0.123273 0.420447
 1.100358 0.210775 1.114045 1.016204 0.334096 0.070447 0.084417 0.395686
 2.607734 0.617354 0.397064 0.346752 0.590106 0.407995 4.443726 2.196115
 0.578827 0.263225 1.881901 0.255363 5.118593 1.038257 1.826905 0.833603
 0.1377   0.884778 1.556967 2.063172 1.105292 0.537788 0.239229]
model built: True
num weights: 38
{'mae': [0.5168728232383728, 0.39531514048576355, 0.31994524598121643, 0.26716333627700806, 0.22462521493434906, 0.20030736923217773, 0.16241133213043213, 0.17150051891803741, 0.16615696251392365, 0.1550365388393402, 0.1231754869222641, 0.10592766851186752, 0.15615317225456238, 0.15336109697818756, 0.14877018332481384, 0.09537331759929657, 0.08206372708082199, 0.0745750218629837, 0.07071584463119507, 0.0674440935254097, 0.06291648745536804, 0.05884754657745361, 0.054826103150844574, 0.0538962297141552, 0.052833061665296555, 0.052257027477025986, 0.04941180348396301, 0.20957566797733307, 0.2027018964290619, 0.20128677785396576], 'mse': [0.4237658381462097, 0.24766117334365845, 0.16514186561107635, 0.11699097603559494, 0.08322271704673767, 0.06610580533742905, 0.044636745005846024, 0.04858477786183357, 0.0455157645046711, 0.03958040475845337, 0.02542758174240589, 0.019158923998475075, 0.03977999463677406, 0.038388822227716446, 0.035972584038972855, 0.014684322290122509, 0.010918712243437767, 0.00903297308832407, 0.008127924986183643, 0.007403388619422913, 0.006453333888202906, 0.005657194647938013, 0.004928833805024624, 0.004757999908179045, 0.004572628997266293, 0.004450284875929356, 0.003977365326136351, 0.07042571902275085, 0.06632496416568756, 0.06556244194507599], 'loss': [0.6016904711723328, 0.30765166878700256, 0.18528421223163605, 0.12561149895191193, 0.08933788537979126, 0.07460352778434753, 0.046897999942302704, 0.05535349249839783, 0.047337066382169724, 0.04264300316572189, 0.026814837008714676, 0.018622901290655136, 0.0474550686776638, 0.03928560018539429, 0.03607850521802902, 0.016520487144589424, 0.010499920696020126, 0.00845707394182682, 0.007631069514900446, 0.007024761289358139, 0.005881306249648333, 0.004999643191695213, 0.005327575374394655, 0.005170812830328941, 0.005047409329563379, 0.0038250209763646126, 0.003341550938785076, 0.08220238238573074, 0.05352386459708214, 0.049466557800769806], 'val_loss': [0.42376580834388733, 0.24766117334365845, 0.16514186561107635, 0.11699097603559494, 0.08322271704673767, 0.06610580533742905, 0.044636745005846024, 0.048584774136543274, 0.0455157645046711, 0.03958040475845337, 0.02542758546769619, 0.019158923998475075, 0.03977999836206436, 0.038388822227716446, 0.035972584038972855, 0.014684322290122509, 0.010918711312115192, 0.009032974019646645, 0.008127924986183643, 0.007403388619422913, 0.006453333888202906, 0.005657194647938013, 0.004928833805024624, 0.004758000373840332, 0.004572628997266293, 0.004450284875929356, 0.003977365326136351, 0.07042571902275085, 0.06632496416568756, 0.06556243449449539], 'val_fr_phase_loss_5': [nan, 0.28187793493270874, nan, 0.14191292226314545, nan], 'val_fr_target_loss_50': [nan, 0.9404332637786865, nan, nan, 1.1634708642959595, nan, 0.996170163154602, nan, nan, 1.2365604639053345, nan, 1.0183424949645996, nan, nan, 1.2829077243804932, nan, 1.0010262727737427, nan, nan, 0.8820834755897522, nan, 0.9726300239562988, nan, nan, 0.8355109095573425, nan, 1.1307584047317505, nan, nan, 1.7589967250823975], 'val_fr_curve_loss_10': [nan, 0.35247567296028137, nan, nan, 0.18294645845890045, nan, 0.1282978355884552, nan, nan, 0.12373143434524536, nan, 0.10280494391918182, nan, nan, 0.1275334358215332, nan, 0.09134490042924881, nan, nan, 0.07760787010192871, nan, 0.08407038450241089, nan, nan, 0.0699995681643486, nan, 0.08533015847206116, nan, nan, 0.1696264147758484], 'val_fr_curve_loss_20': [nan, 0.5331069231033325, nan, nan, 0.4345422089099884, nan, 0.3111327886581421, nan, nan, 0.3506833016872406, nan, 0.2895149886608124, nan, nan, 0.3708219528198242, nan, 0.2734511196613312, nan, nan, 0.23381979763507843, nan, 0.2613993287086487, nan, nan, 0.21669918298721313, nan, 0.28661999106407166, nan, nan, 0.5216121673583984], 'val_fr_curve_loss_30': [nan, 0.6975798010826111, nan, nan, 0.7138797044754028, nan, 0.5435009002685547, nan, nan, 0.6434087157249451, nan, 0.5319048762321472, nan, nan, 0.6744150519371033, nan, 0.5132662653923035, nan, nan, 0.44310635328292847, nan, 0.49754810333251953, nan, nan, 0.41460511088371277, nan, 0.5627557039260864, nan, nan, 0.9452773928642273], 'val_fr_curve_loss_50': [nan, 0.9304032325744629, nan, nan, 1.1442822217941284, nan, 0.9905741214752197, nan, nan, 1.2217708826065063, nan, 1.0076886415481567, nan, nan, 1.2613297700881958, nan, 0.9929714202880859, nan, nan, 0.868861734867096, nan, 0.9694928526878357, nan, nan, 0.8190873861312866, nan, 1.1183016300201416, nan, nan, 1.738608956336975], 'val_fr_phase_loss_12': [nan, 0.15443027019500732, nan, 0.18073740601539612, nan], 'val_fr_phase_loss_18': [nan, 0.24175311625003815, nan, 0.34929949045181274, nan], 'val_fr_phase_loss_25': [nan, 0.38565120100975037, nan, 0.33603110909461975, nan], 'val_fr_phase_loss_38': [nan, 0.6885462403297424, nan, 0.5924586653709412, nan], 'val_fr_phase_loss_50': [nan, 1.1045582294464111, nan, 1.9439464807510376, nan]}
Saved artifacts to: runs/tuning/full_seq_lstm_lvl1/trial_0003
