--- Number of Windows for Train = 9880
--- Number of Windows for Val = 3040
--- Number of Windows for Test = 2280
--- Curriculum = [5, 5, 12, 12, 18, 18, 25, 25, 38, 38, 50, 50]
--- fr_curve Outsteps = [10, 20, 30, 50]

--- Training: lstm_fullseq_30ep [LSTM/FC/FULL_SEQ]  ---

======================================================================
   PHASE 1/12: teacher_forcing
   Epochs: 2
   Learning Rate: 0.00047748507651989625
   Clipping Norm: 1.332650639487812
   Horizon (train loss): 5
   Output timesteps (val_loss and fr_loss): 50
======================================================================

Epoch 1/30
309/309 ━━━━━━━━━━━━━━━━━━━━ 18s 38ms/step - mae: 0.1657 - mse: 0.0440 - loss: 0.2139 - val_loss: 0.0440
Epoch 2/30
309/309 ━━━━━━━━━━━━━━━━━━━━ 14s 47ms/step - mae: 0.1149 - mse: 0.0213 - loss: 0.0258 - val_loss: 0.0213 - val_fr_phase_loss_5: 0.0400 - val_fr_target_loss_50: 1.2223 - val_fr_curve_loss_10: 0.1034 - val_fr_curve_loss_20: 0.3382 - val_fr_curve_loss_30: 0.6453 - val_fr_curve_loss_50: 1.2049
[Optuna] trial=18 epoch=2 val_fr_phase_loss_5=0.0400022 | median=0.0728265 (n=16, p25=0.0508854, p75=0.279655) | margin=-0.0328244 (-45.07%)

======================================================================
   PHASE 2/12: masked_modeling
   Mask Prob: 0.1
   Mask Scope: time
   Mask Mode: constant
   Mask Value: 0.2
   Noise Sigma: None
   Noise Replace: False
   Epochs: 3
   Learning Rate: 0.00038198806121591704
   Clipping Norm: 1.1993855755390308
   Horizon (train loss): 5
   Output timesteps (val_loss and fr_loss): 50
======================================================================

Epoch 3/30
309/309 ━━━━━━━━━━━━━━━━━━━━ 10s 34ms/step - mae: 0.1126 - mse: 0.0205 - loss: 0.0250 - val_loss: 0.0205
Epoch 4/30
309/309 ━━━━━━━━━━━━━━━━━━━━ 14s 46ms/step - mae: 0.1031 - mse: 0.0173 - loss: 0.0187 - val_loss: 0.0173 - val_fr_phase_loss_5: 0.0290
[Optuna] trial=18 epoch=4 val_fr_phase_loss_5=0.0290426 | median=0.038135 (n=16, p25=0.0336735, p75=0.139949) | margin=-0.00909234 (-23.84%)
Epoch 5/30
309/309 ━━━━━━━━━━━━━━━━━━━━ 14s 46ms/step - mae: 0.1010 - mse: 0.0165 - loss: 0.0149 - val_loss: 0.0165 - val_fr_target_loss_50: 0.9477 - val_fr_curve_loss_10: 0.0755 - val_fr_curve_loss_20: 0.2594 - val_fr_curve_loss_30: 0.4976 - val_fr_curve_loss_50: 0.9308

======================================================================
   PHASE 3/12: teacher_forcing
   Epochs: 2
   Learning Rate: 0.00047748507651989625
   Clipping Norm: 1.332650639487812
   Horizon (train loss): 12
   Output timesteps (val_loss and fr_loss): 50
======================================================================

Epoch 6/30
309/309 ━━━━━━━━━━━━━━━━━━━━ 10s 34ms/step - mae: 0.0971 - mse: 0.0154 - loss: 0.0207 - val_loss: 0.0154
Epoch 7/30
309/309 ━━━━━━━━━━━━━━━━━━━━ 14s 46ms/step - mae: 0.0767 - mse: 0.0095 - loss: 0.0093 - val_loss: 0.0095 - val_fr_phase_loss_12: 0.1063 - val_fr_target_loss_50: 1.0084 - val_fr_curve_loss_10: 0.0755 - val_fr_curve_loss_20: 0.2632 - val_fr_curve_loss_30: 0.5124 - val_fr_curve_loss_50: 0.9893
[Optuna] trial=18 epoch=7 val_fr_phase_loss_12=0.106338 | median=0.164856 (n=16, p25=0.152343, p75=0.215852) | margin=-0.0585183 (-35.50%)

======================================================================
   PHASE 4/12: masked_modeling
   Mask Prob: 0.15
   Mask Scope: time
   Mask Mode: constant
   Mask Value: 0.2
   Noise Sigma: None
   Noise Replace: False
   Epochs: 3
   Learning Rate: 0.00033423955356392735
   Clipping Norm: 1.13275304356464
   Horizon (train loss): 12
   Output timesteps (val_loss and fr_loss): 50
======================================================================

Epoch 8/30
309/309 ━━━━━━━━━━━━━━━━━━━━ 11s 34ms/step - mae: 0.1149 - mse: 0.0219 - loss: 0.0240 - val_loss: 0.0219
Epoch 9/30
309/309 ━━━━━━━━━━━━━━━━━━━━ 14s 46ms/step - mae: 0.1117 - mse: 0.0207 - loss: 0.0182 - val_loss: 0.0207 - val_fr_phase_loss_12: 0.0910
[Optuna] trial=18 epoch=9 val_fr_phase_loss_12=0.0910447 | median=0.1284 (n=16, p25=0.113962, p75=0.18) | margin=-0.0373551 (-29.09%)
Epoch 10/30
309/309 ━━━━━━━━━━━━━━━━━━━━ 14s 46ms/step - mae: 0.1068 - mse: 0.0189 - loss: 0.0159 - val_loss: 0.0189 - val_fr_target_loss_50: 0.8893 - val_fr_curve_loss_10: 0.0662 - val_fr_curve_loss_20: 0.2161 - val_fr_curve_loss_30: 0.4265 - val_fr_curve_loss_50: 0.8687

======================================================================
   PHASE 5/12: teacher_forcing
   Epochs: 2
   Learning Rate: 0.00047748507651989625
   Clipping Norm: 1.332650639487812
   Horizon (train loss): 18
   Output timesteps (val_loss and fr_loss): 50
======================================================================

Epoch 11/30
309/309 ━━━━━━━━━━━━━━━━━━━━ 11s 34ms/step - mae: 0.0675 - mse: 0.0073 - loss: 0.0083 - val_loss: 0.0073
Epoch 12/30
309/309 ━━━━━━━━━━━━━━━━━━━━ 14s 47ms/step - mae: 0.0550 - mse: 0.0049 - loss: 0.0040 - val_loss: 0.0049 - val_fr_phase_loss_18: 0.2306 - val_fr_target_loss_50: 1.0727 - val_fr_curve_loss_10: 0.0694 - val_fr_curve_loss_20: 0.2838 - val_fr_curve_loss_30: 0.5634 - val_fr_curve_loss_50: 1.0531
[Optuna] trial=18 epoch=12 val_fr_phase_loss_18=0.23056 | median=0.351686 (n=16, p25=0.241911, p75=0.467045) | margin=-0.121126 (-34.44%)

======================================================================
   PHASE 6/12: masked_modeling
   Mask Prob: 0.2
   Mask Scope: time
   Mask Mode: constant
   Mask Value: 0.2
   Noise Sigma: None
   Noise Replace: False
   Epochs: 3
   Learning Rate: 0.00028649104591193776
   Clipping Norm: 1.0661205115902497
   Horizon (train loss): 18
   Output timesteps (val_loss and fr_loss): 50
======================================================================

Epoch 13/30
309/309 ━━━━━━━━━━━━━━━━━━━━ 11s 34ms/step - mae: 0.1078 - mse: 0.0197 - loss: 0.0208 - val_loss: 0.0197
Epoch 14/30
309/309 ━━━━━━━━━━━━━━━━━━━━ 14s 46ms/step - mae: 0.1045 - mse: 0.0187 - loss: 0.0149 - val_loss: 0.0187 - val_fr_phase_loss_18: 0.1745
[Optuna] trial=18 epoch=14 val_fr_phase_loss_18=0.174454 | median=0.247142 (n=16, p25=0.228477, p75=0.354655) | margin=-0.0726888 (-29.41%)
Epoch 15/30
309/309 ━━━━━━━━━━━━━━━━━━━━ 14s 46ms/step - mae: 0.1001 - mse: 0.0174 - loss: 0.0128 - val_loss: 0.0174 - val_fr_target_loss_50: 0.8703 - val_fr_curve_loss_10: 0.0616 - val_fr_curve_loss_20: 0.2090 - val_fr_curve_loss_30: 0.4169 - val_fr_curve_loss_50: 0.8486

======================================================================
   PHASE 7/12: teacher_forcing
   Epochs: 2
   Learning Rate: 0.00047748507651989625
   Clipping Norm: 1.332650639487812
   Horizon (train loss): 25
   Output timesteps (val_loss and fr_loss): 50
======================================================================

Epoch 16/30
309/309 ━━━━━━━━━━━━━━━━━━━━ 11s 34ms/step - mae: 0.0522 - mse: 0.0044 - loss: 0.0055 - val_loss: 0.0044
Epoch 17/30
309/309 ━━━━━━━━━━━━━━━━━━━━ 14s 47ms/step - mae: 0.0436 - mse: 0.0031 - loss: 0.0025 - val_loss: 0.0031 - val_fr_phase_loss_25: 0.4145 - val_fr_target_loss_50: 1.0419 - val_fr_curve_loss_10: 0.0671 - val_fr_curve_loss_20: 0.2844 - val_fr_curve_loss_30: 0.5611 - val_fr_curve_loss_50: 1.0214
[Optuna] trial=18 epoch=17 val_fr_phase_loss_25=0.41449 | median=0.60026 (n=16, p25=0.396257, p75=0.707306) | margin=-0.18577 (-30.95%)

======================================================================
   PHASE 8/12: masked_modeling
   Mask Prob: 0.2
   Mask Scope: time
   Mask Mode: noise
   Mask Value: None
   Noise Sigma: 0.1
   Noise Replace: False
   Epochs: 3
   Learning Rate: 0.00023874253825994813
   Clipping Norm: 0.9994879796158589
   Horizon (train loss): 25
   Output timesteps (val_loss and fr_loss): 50
======================================================================

Epoch 18/30
309/309 ━━━━━━━━━━━━━━━━━━━━ 11s 35ms/step - mae: 0.0399 - mse: 0.0026 - loss: 0.0028 - val_loss: 0.0026
Epoch 19/30
309/309 ━━━━━━━━━━━━━━━━━━━━ 14s 46ms/step - mae: 0.0392 - mse: 0.0025 - loss: 0.0026 - val_loss: 0.0025 - val_fr_phase_loss_25: 0.2735
[Optuna] trial=18 epoch=19 val_fr_phase_loss_25=0.273544 | median=0.338 (n=16, p25=0.311279, p75=0.354715) | margin=-0.0644562 (-19.07%)
Epoch 20/30
309/309 ━━━━━━━━━━━━━━━━━━━━ 14s 46ms/step - mae: 0.0389 - mse: 0.0025 - loss: 0.0026 - val_loss: 0.0025 - val_fr_target_loss_50: 0.7744 - val_fr_curve_loss_10: 0.0431 - val_fr_curve_loss_20: 0.1801 - val_fr_curve_loss_30: 0.3808 - val_fr_curve_loss_50: 0.7702

======================================================================
   PHASE 9/12: teacher_forcing
   Epochs: 2
   Learning Rate: 0.00047748507651989625
   Clipping Norm: 1.332650639487812
   Horizon (train loss): 38
   Output timesteps (val_loss and fr_loss): 50
======================================================================

Epoch 21/30
309/309 ━━━━━━━━━━━━━━━━━━━━ 11s 34ms/step - mae: 0.0385 - mse: 0.0024 - loss: 0.0022 - val_loss: 0.0024
Epoch 22/30
309/309 ━━━━━━━━━━━━━━━━━━━━ 14s 46ms/step - mae: 0.0349 - mse: 0.0020 - loss: 0.0016 - val_loss: 0.0020 - val_fr_phase_loss_38: 0.8719 - val_fr_target_loss_50: 1.1463 - val_fr_curve_loss_10: 0.0721 - val_fr_curve_loss_20: 0.3303 - val_fr_curve_loss_30: 0.6490 - val_fr_curve_loss_50: 1.1358
[Optuna] trial=18 epoch=22 val_fr_phase_loss_38=0.871916 | median=0.959289 (n=16, p25=0.770326, p75=1.19052) | margin=-0.0873734 (-9.11%)

======================================================================
   PHASE 10/12: masked_modeling
   Mask Prob: 0.25
   Mask Scope: time
   Mask Mode: noise
   Mask Value: None
   Noise Sigma: 0.1
   Noise Replace: False
   Epochs: 3
   Learning Rate: 0.00019099403060795852
   Clipping Norm: 0.9328554476414683
   Horizon (train loss): 38
   Output timesteps (val_loss and fr_loss): 50
======================================================================

Epoch 23/30
309/309 ━━━━━━━━━━━━━━━━━━━━ 11s 35ms/step - mae: 0.0336 - mse: 0.0019 - loss: 0.0026 - val_loss: 0.0019
Epoch 24/30
309/309 ━━━━━━━━━━━━━━━━━━━━ 14s 46ms/step - mae: 0.0336 - mse: 0.0019 - loss: 0.0024 - val_loss: 0.0019 - val_fr_phase_loss_38: 0.4840
[Optuna] trial=18 epoch=24 val_fr_phase_loss_38=0.484001 | median=0.56603 (n=16, p25=0.512112, p75=0.593298) | margin=-0.0820285 (-14.49%)
Epoch 25/30
309/309 ━━━━━━━━━━━━━━━━━━━━ 14s 46ms/step - mae: 0.0334 - mse: 0.0018 - loss: 0.0023 - val_loss: 0.0018 - val_fr_target_loss_50: 0.7106 - val_fr_curve_loss_10: 0.0347 - val_fr_curve_loss_20: 0.1489 - val_fr_curve_loss_30: 0.3302 - val_fr_curve_loss_50: 0.7050

======================================================================
   PHASE 11/12: teacher_forcing
   Epochs: 2
   Learning Rate: 0.00047748507651989625
   Clipping Norm: 1.332650639487812
   Horizon (train loss): 50
   Output timesteps (val_loss and fr_loss): 50
======================================================================

Epoch 26/30
309/309 ━━━━━━━━━━━━━━━━━━━━ 11s 35ms/step - mae: 0.0339 - mse: 0.0019 - loss: 0.0018 - val_loss: 0.0019
Epoch 27/30
309/309 ━━━━━━━━━━━━━━━━━━━━ 14s 46ms/step - mae: 0.0291 - mse: 0.0014 - loss: 0.0012 - val_loss: 0.0014 - val_fr_phase_loss_50: 1.1823 - val_fr_target_loss_50: 1.1719 - val_fr_curve_loss_10: 0.0681 - val_fr_curve_loss_20: 0.3317 - val_fr_curve_loss_30: 0.6646 - val_fr_curve_loss_50: 1.1725
[Optuna] trial=18 epoch=27 val_fr_phase_loss_50=1.1823 | median=1.24205 (n=16, p25=1.01077, p75=1.61264) | margin=-0.0597509 (-4.81%)

======================================================================
   PHASE 12/12: masked_modeling
   Mask Prob: 0.25
   Mask Scope: time
   Mask Mode: noise
   Mask Value: None
   Noise Sigma: 0.1
   Noise Replace: True
   Epochs: 3
   Learning Rate: 0.00017189462754716264
   Clipping Norm: 0.8662229156670778
   Horizon (train loss): 50
   Output timesteps (val_loss and fr_loss): 50
======================================================================

Epoch 28/30
309/309 ━━━━━━━━━━━━━━━━━━━━ 11s 34ms/step - mae: 0.1222 - mse: 0.0250 - loss: 0.0337 - val_loss: 0.0250
Epoch 29/30
309/309 ━━━━━━━━━━━━━━━━━━━━ 14s 46ms/step - mae: 0.1099 - mse: 0.0201 - loss: 0.0186 - val_loss: 0.0201 - val_fr_phase_loss_50: 0.7469
[Optuna] trial=18 epoch=29 val_fr_phase_loss_50=0.746915 | median=1.125 (n=16, p25=0.863239, p75=1.33908) | margin=-0.378088 (-33.61%)
Epoch 30/30
309/309 ━━━━━━━━━━━━━━━━━━━━ 14s 46ms/step - mae: 0.1033 - mse: 0.0177 - loss: 0.0155 - val_loss: 0.0177 - val_fr_target_loss_50: 0.7252 - val_fr_curve_loss_10: 0.0486 - val_fr_curve_loss_20: 0.1631 - val_fr_curve_loss_30: 0.3360 - val_fr_curve_loss_50: 0.7214
Final loss: 0.0155
Predicting all test samples in free_running mode...
  X shape: (2280, 200, 55)
  Y shape: (2280, 50, 55)
  Pred shape: (2280, 50, 55)

 step | target                | pred                  | abs_err
------|-----------------------|-----------------------|----------------------
   25 | [ 4.139746e-01  2.252291e+00  7.680922e-02 -1.082321e+00  1.330184e-01
 -2.749080e-01  6.398940e-01 -1.222357e+00  1.964076e+00  2.024013e-01
 -1.249584e+00  1.684962e-01  6.261574e-01  7.681609e-01 -1.833026e+00
  4.305243e-01 -6.649562e-01  3.213241e-02 -4.315943e-01 -9.406051e-01
 -3.335454e-01  8.885246e-01  1.287808e+00  7.899810e-01 -2.762157e-01
  1.005897e+00 -2.825402e-01 -5.396542e-01 -1.754732e-01  2.526159e-01
 -1.215466e+00 -7.651589e-01 -1.200358e-01  4.952903e-01 -4.308359e-01
 -7.325999e-01  1.170439e+00  1.235309e+00 -8.311886e-01 -7.979621e-01
 -9.821695e-01  2.076884e-01  3.238765e-01 -1.923588e-01 -4.145486e-01
 -3.828006e-01 -3.487313e-02  1.245124e-03  1.581712e-01  5.641804e-01
  2.155083e-01 -1.144052e-01 -1.354365e+00 -3.214316e-01 -1.550427e+00] | [ 0.710308  2.171458 -0.273952 -1.123947 -0.285795 -0.521342  0.145019
 -1.298928  2.513268 -0.16324  -1.379444  2.712597  0.274361 -1.059987
  1.148756 -0.58939   0.490687 -0.360218 -1.691906 -0.76306  -0.938105
  1.264746  0.792151  0.184278  0.540481  1.117357 -0.728833 -0.559608
 -0.684416  0.272991 -0.467173 -0.074019  0.513428  0.010356 -0.292618
  0.210621  0.458322  0.728672  0.143169 -0.079413 -0.320053  1.186424
  1.09537  -0.988497  2.819493  0.368295  0.858     0.308936 -0.133185
  0.721279 -2.249542  1.380716 -0.992839  0.585729 -0.950621] | [0.296333 0.080833 0.350762 0.041626 0.418813 0.246434 0.494875 0.076571
 0.549192 0.365641 0.129861 2.544101 0.351797 1.828148 2.981781 1.019915
 1.155644 0.39235  1.260312 0.177545 0.60456  0.376222 0.495657 0.605703
 0.816696 0.11146  0.446292 0.019954 0.508943 0.020375 0.748293 0.69114
 0.633463 0.484935 0.138218 0.943221 0.712117 0.506637 0.974358 0.718549
 0.662116 0.978736 0.771493 0.796138 3.234042 0.751096 0.892873 0.30769
 0.291356 0.157098 2.46505  1.495121 0.361526 0.907161 0.599806]
   26 | [ 0.433902  2.276946  0.062718 -1.073421  0.149295 -0.261739  0.66411
 -1.190588  1.970693  0.211786 -1.280325  0.091743  0.630177  0.811665
 -1.905444  0.590891 -0.648677  0.010101 -0.341095 -0.950394 -0.271225
  0.842781  1.340023  0.789891 -0.296955  0.983707 -0.332591 -0.535192
 -0.171397  0.217021 -1.236176 -0.75049  -0.169815  0.501318 -0.449502
 -0.772153  1.203705  1.218394 -0.873595 -0.731515 -1.003057  0.192291
  0.338178 -0.172599 -0.562203 -0.409968  0.071482 -0.035004  0.178969
  0.522649  0.281281 -0.172402 -1.38113  -0.280718 -1.561255] | [ 0.724613  2.184463 -0.282362 -1.103719 -0.277937 -0.496635  0.164974
 -1.276168  2.536639 -0.160345 -1.405873  2.721905  0.223649 -1.056494
  1.163093 -0.507858  0.518651 -0.423954 -1.683999 -0.769639 -0.946579
  1.258517  0.797936  0.179021  0.518303  1.125441 -0.753989 -0.564855
 -0.709766  0.263037 -0.456748 -0.023603  0.490159 -0.010762 -0.324894
  0.221512  0.403864  0.727079  0.135114 -0.021157 -0.343187  1.219589
  1.124044 -1.007531  2.777186  0.322921  0.902268  0.285869 -0.157003
  0.670449 -2.266228  1.352324 -1.014526  0.617481 -0.963583] | [0.29071  0.092483 0.34508  0.030298 0.427232 0.234896 0.499136 0.08558
 0.565946 0.372131 0.125547 2.630162 0.406528 1.868159 3.068537 1.09875
 1.167329 0.434055 1.342904 0.180755 0.675354 0.415737 0.542087 0.61087
 0.815258 0.141734 0.421398 0.029663 0.538369 0.046016 0.779428 0.726887
 0.659975 0.512079 0.124608 0.993666 0.799841 0.491315 1.008709 0.710357
 0.65987  1.027299 0.785866 0.834932 3.339389 0.732889 0.830786 0.320873
 0.335973 0.1478   2.547509 1.524726 0.366604 0.898199 0.597672]
   27 | [ 0.45137   2.29779   0.046898 -1.065959  0.163722 -0.251176  0.686906
 -1.158318  1.973541  0.218812 -1.306769  0.020961  0.635355  0.846673
 -1.973424  0.752938 -0.63128  -0.009811 -0.250043 -0.95588  -0.208485
  0.794828  1.389242  0.786713 -0.314912  0.961981 -0.384025 -0.528408
 -0.166389  0.176889 -1.255981 -0.733755 -0.216556  0.503603 -0.465744
 -0.812322  1.237801  1.200935 -0.913572 -0.661274 -1.020813  0.176508
  0.350492 -0.15451  -0.707661 -0.434216  0.179125 -0.073381  0.197581
  0.481679  0.341621 -0.226467 -1.405437 -0.237464 -1.567991] | [ 0.737742  2.194919 -0.289591 -1.084026 -0.270885 -0.471688  0.185416
 -1.25244   2.556613 -0.158872 -1.42869   2.730398  0.17187  -1.054142
  1.176263 -0.425963  0.54366  -0.486995 -1.674396 -0.775332 -0.956877
  1.249666  0.802469  0.17462   0.495377  1.134557 -0.776723 -0.570757
 -0.736773  0.250797 -0.447628  0.026102  0.46723  -0.030948 -0.355714
  0.232208  0.348874  0.72504   0.12552   0.038887 -0.366529  1.254239
  1.150471 -1.026154  2.731905  0.276649  0.944747  0.260381 -0.184054
  0.619264 -2.2833    1.323289 -1.034268  0.64756  -0.974615] | [0.286372 0.10287  0.33649  0.018067 0.434608 0.220512 0.50149  0.094123
 0.583072 0.377684 0.12192  2.709437 0.463485 1.900815 3.149688 1.178901
 1.17494  0.477183 1.424353 0.180547 0.748391 0.454838 0.586773 0.612093
 0.810289 0.172576 0.392699 0.042349 0.570383 0.073908 0.808353 0.759856
 0.683786 0.53455  0.110031 1.04453  0.888927 0.475895 1.039092 0.700161
 0.654284 1.077731 0.799978 0.871644 3.439566 0.710865 0.765622 0.333762
 0.381635 0.137585 2.624921 1.549756 0.371169 0.885024 0.593376]
   28 | [ 0.466327  2.314783  0.029422 -1.059933  0.176249 -0.243234  0.708319
 -1.125542  1.97265   0.223477 -1.328843 -0.043589  0.641445  0.873025
 -2.036825  0.915869 -0.612772 -0.027353 -0.158771 -0.957077 -0.145636
  0.744967  1.435167  0.780424 -0.32991   0.940997 -0.436465 -0.519352
 -0.160183  0.132539 -1.274543 -0.714768 -0.260126  0.501926 -0.479514
 -0.852827  1.272629  1.183048 -0.950983 -0.587688 -1.035382  0.160153
  0.360566 -0.138091 -0.850494 -0.455552  0.287429 -0.113708  0.214089
  0.44125   0.396277 -0.27644  -1.427296 -0.191884 -1.570648] | [ 0.749794  2.202799 -0.295587 -1.064761 -0.264556 -0.446513  0.206201
 -1.22772   2.572971 -0.159027 -1.447744  2.737797  0.119256 -1.052695
  1.188093 -0.343958  0.565574 -0.548931 -1.662967 -0.780167 -0.968762
  1.238085  0.805819  0.171062  0.471896  1.144736 -0.796871 -0.57739
 -0.765366  0.236514 -0.439943  0.075095  0.444718 -0.049925 -0.385065
  0.242441  0.293759  0.722308  0.114426  0.100703 -0.389968  1.290025
  1.174456 -1.044018  2.683569  0.229639  0.985227  0.232396 -0.214165
  0.567848 -2.300433  1.293679 -1.052007  0.67589  -0.983541] | [0.283467 0.111984 0.32501  0.004828 0.440805 0.203279 0.502118 0.102179
 0.60032  0.382503 0.118901 2.781386 0.522189 1.925721 3.224917 1.259827
 1.178346 0.521578 1.504196 0.17691  0.823126 0.493118 0.629348 0.609362
 0.801806 0.203738 0.360406 0.058038 0.605183 0.103975 0.8346   0.789863
 0.704844 0.551851 0.094449 1.095268 0.97887  0.46074  1.065409 0.688391
 0.645414 1.129872 0.81389  0.905926 3.534063 0.685191 0.697798 0.346104
 0.428254 0.126599 2.69671  1.570119 0.375289 0.867774 0.587107]
   29 | [ 0.478732  2.32789   0.010362 -1.055353  0.186818 -0.237931  0.728378
 -1.09227   1.968046  0.225786 -1.346491 -0.1017    0.648197  0.890628
 -2.095523  1.078877 -0.593175 -0.042284 -0.067607 -0.95402  -0.082985
  0.693516  1.47754   0.771024 -0.341791  0.921028 -0.489508 -0.508082
 -0.152506  0.084329 -1.291529 -0.693373 -0.30041   0.496102 -0.49077
 -0.893374  1.308082  1.164834 -0.985713 -0.511238 -1.046716  0.143051
  0.368166 -0.123325 -0.990295 -0.473989  0.395794 -0.155784  0.228586
  0.401343  0.445038 -0.322183 -1.446722 -0.144214 -1.56925 ] | [ 0.760861  2.208104 -0.300315 -1.045815 -0.258872 -0.421134  0.227178
 -1.202018  2.585524 -0.161004 -1.462917  2.743835  0.066079 -1.051938
  1.198403 -0.262135  0.584283 -0.609348 -1.649601 -0.78417  -0.981996
  1.223708  0.808065  0.168319  0.44809   1.155983 -0.814297 -0.584806
 -0.79546   0.22047  -0.433818  0.123389  0.422709 -0.067437 -0.412958
  0.251942  0.23895   0.718676  0.101898  0.164232 -0.413375  1.326581
  1.195814 -1.060815  2.632148  0.182063  1.023476  0.201884 -0.247148
  0.516341 -2.317302  1.263601 -1.067704  0.702401 -0.990202] | [0.282129 0.119787 0.310677 0.009539 0.44569  0.183202 0.501199 0.109748
 0.617478 0.38679  0.116426 2.845536 0.582118 1.942566 3.293926 1.341012
 1.177458 0.567064 1.581994 0.16985  0.899011 0.530192 0.669475 0.602705
 0.789881 0.234955 0.324789 0.076724 0.642955 0.136141 0.857712 0.816762
 0.723119 0.563539 0.077812 1.145316 1.069132 0.446158 1.087611 0.67547
 0.633341 1.18353  0.827648 0.93749  3.622443 0.656052 0.627682 0.357667
 0.475733 0.114998 2.762341 1.585783 0.379017 0.846615 0.579049]
model built: True
num weights: 38
{'mae': [0.16566498577594757, 0.1148955225944519, 0.11262517422437668, 0.10311338305473328, 0.10095121711492538, 0.0971461832523346, 0.07666889578104019, 0.11488790065050125, 0.11173387616872787, 0.10678771883249283, 0.06745649874210358, 0.0549728199839592, 0.10781624168157578, 0.10449919104576111, 0.10009979456663132, 0.05223853513598442, 0.043604809790849686, 0.039854276925325394, 0.039174843579530716, 0.038943734019994736, 0.03846506401896477, 0.03486102074384689, 0.03360966220498085, 0.033572837710380554, 0.03338447958230972, 0.033899109810590744, 0.029082057997584343, 0.12218736112117767, 0.10990546643733978, 0.10328156501054764], 'mse': [0.04401608929038048, 0.021346064284443855, 0.020511774346232414, 0.017331089824438095, 0.016525112092494965, 0.015437071211636066, 0.009500033222138882, 0.021946676075458527, 0.020734768360853195, 0.018949463963508606, 0.007318647112697363, 0.004866818431764841, 0.019678911194205284, 0.018719198182225227, 0.017408227548003197, 0.004430328030139208, 0.0031043551862239838, 0.002615200588479638, 0.0025292816571891308, 0.002494204556569457, 0.0024096977431327105, 0.0019928005058318377, 0.001869751955382526, 0.0018665104871615767, 0.0018417434766888618, 0.0018783266423270106, 0.0013957986375316978, 0.025018570944666862, 0.020142776891589165, 0.017726285383105278], 'loss': [0.21391841769218445, 0.025813309475779533, 0.02498885802924633, 0.018659502267837524, 0.01492913905531168, 0.020743049681186676, 0.009325233288109303, 0.02396841160953045, 0.01820901222527027, 0.01586463674902916, 0.008301779627799988, 0.004034771118313074, 0.020817860960960388, 0.014883630909025669, 0.012812646105885506, 0.00552381994202733, 0.002508344827219844, 0.0027830239851027727, 0.0026417889166623354, 0.0025585440453141928, 0.0021618676837533712, 0.0016228987369686365, 0.002566521754488349, 0.002380786696448922, 0.002308364724740386, 0.0017887693829834461, 0.0011574430391192436, 0.03372499719262123, 0.01859905570745468, 0.015464728698134422], 'val_loss': [0.04401608929038048, 0.021346064284443855, 0.020511774346232414, 0.017331089824438095, 0.016525113955140114, 0.015437071211636066, 0.009500033222138882, 0.02194667048752308, 0.020734768360853195, 0.018949463963508606, 0.007318647112697363, 0.004866818431764841, 0.019678911194205284, 0.018719198182225227, 0.017408227548003197, 0.004430328030139208, 0.0031043547205626965, 0.002615200588479638, 0.0025292816571891308, 0.002494204556569457, 0.0024096977431327105, 0.0019928005058318377, 0.001869751955382526, 0.0018665107199922204, 0.0018417434766888618, 0.0018783266423270106, 0.0013957986375316978, 0.025018570944666862, 0.020142776891589165, 0.017726285383105278], 'val_fr_phase_loss_5': [nan, 0.04000216722488403, nan, 0.029042646288871765, nan], 'val_fr_target_loss_50': [nan, 1.222291111946106, nan, nan, 0.9477190375328064, nan, 1.008406400680542, nan, nan, 0.8893094658851624, nan, 1.0726909637451172, nan, nan, 0.8703060150146484, nan, 1.0418528318405151, nan, nan, 0.7744120955467224, nan, 1.146262288093567, nan, nan, 0.7105502486228943, nan, 1.1719281673431396, nan, nan, 0.7251759767532349], 'val_fr_curve_loss_10': [nan, 0.10344681888818741, nan, nan, 0.07547564059495926, nan, 0.07549984008073807, nan, nan, 0.06616879254579544, nan, 0.06944722682237625, nan, nan, 0.06163237616419792, nan, 0.06713523715734482, nan, nan, 0.04311561584472656, nan, 0.07207271456718445, nan, nan, 0.034703511744737625, nan, 0.06812936067581177, nan, nan, 0.048649322241544724], 'val_fr_curve_loss_20': [nan, 0.3381515145301819, nan, nan, 0.2593894898891449, nan, 0.2631685733795166, nan, nan, 0.2161220759153366, nan, 0.2837635576725006, nan, nan, 0.20904149115085602, nan, 0.28444984555244446, nan, nan, 0.18005037307739258, nan, 0.330304890871048, nan, nan, 0.14893142879009247, nan, 0.3316666781902313, nan, nan, 0.1630653291940689], 'val_fr_curve_loss_30': [nan, 0.6453344225883484, nan, nan, 0.4975593388080597, nan, 0.5123596787452698, nan, nan, 0.4265487790107727, nan, 0.5633713006973267, nan, nan, 0.41692376136779785, nan, 0.5610693693161011, nan, nan, 0.38082680106163025, nan, 0.6489828824996948, nan, nan, 0.3302147686481476, nan, 0.6645891666412354, nan, nan, 0.33598390221595764], 'val_fr_curve_loss_50': [nan, 1.2048722505569458, nan, nan, 0.9307762384414673, nan, 0.98929762840271, nan, nan, 0.868689239025116, nan, 1.0530908107757568, nan, nan, 0.8485982418060303, nan, 1.0214072465896606, nan, nan, 0.770246684551239, nan, 1.1357781887054443, nan, nan, 0.7049917578697205, nan, 1.1725242137908936, nan, nan, 0.7213659286499023], 'val_fr_phase_loss_12': [nan, 0.10633817315101624, nan, 0.09104467928409576, nan], 'val_fr_phase_loss_18': [nan, 0.23056021332740784, nan, 0.17445364594459534, nan], 'val_fr_phase_loss_25': [nan, 0.41449040174484253, nan, 0.27354416251182556, nan], 'val_fr_phase_loss_38': [nan, 0.8719155192375183, nan, 0.4840012788772583, nan], 'val_fr_phase_loss_50': [nan, 1.1823021173477173, nan, 0.7469145655632019, nan]}
Saved artifacts to: runs/tuning/full_seq_lstm_lvl1/trial_0018
