--- Number of Windows for Train = 9880
--- Number of Windows for Val = 3040
--- Number of Windows for Test = 2280
--- Curriculum = [10, 15, 20, 25, 35, 45]
--- fr_curve Outsteps = [10, 20, 30]

--- Training: prova1 [LSTM/FC/STEP_WISE]  ---

======================================================================
   PHASE 1/6: teacher_forcing
   Epochs: 6
   Learning Rate: 2.7974636135140014e-05
   Clipping Norm: 0.8471354625326557
   Horizon (train loss): 10
   Output timesteps (val_loss and fr_loss): 50
======================================================================

Epoch 1/20
309/309 ━━━━━━━━━━━━━━━━━━━━ 93s 283ms/step - mae: 0.7237 - loss: 0.8865 - val_loss: 0.8246
Epoch 2/20
309/309 ━━━━━━━━━━━━━━━━━━━━ 91s 295ms/step - mae: 0.6710 - loss: 0.7781 - val_loss: 0.7175 - val_fr_phase_loss_10: 0.7502
[Optuna] trial=9 epoch=2 val_fr_phase_loss_10=0.750181 | median=0.224654 (n=4, p25=0.184826, p75=0.258505) | margin=+0.525526 (+233.93%)
Epoch 3/20
309/309 ━━━━━━━━━━━━━━━━━━━━ 87s 282ms/step - mae: 0.6354 - loss: 0.6845 - val_loss: 0.6442
Epoch 4/20
309/309 ━━━━━━━━━━━━━━━━━━━━ 92s 299ms/step - mae: 0.6018 - loss: 0.6110 - val_loss: 0.5773 - val_fr_phase_loss_10: 0.6314
[Optuna] trial=9 epoch=4 val_fr_phase_loss_10=0.631389 | median=0.205781 (n=4, p25=0.178669, p75=0.228502) | margin=+0.425608 (+206.83%)
Epoch 5/20
309/309 ━━━━━━━━━━━━━━━━━━━━ 87s 282ms/step - mae: 0.5694 - loss: 0.5399 - val_loss: 0.5161
Epoch 6/20
309/309 ━━━━━━━━━━━━━━━━━━━━ 90s 293ms/step - mae: 0.5432 - loss: 0.4805 - val_loss: 0.4690 - val_fr_phase_loss_10: 0.5404 - val_fr_target_loss_50: 0.9590 - val_fr_curve_loss_10: 0.5521 - val_fr_curve_loss_20: 0.6619 - val_fr_curve_loss_30: 0.7708
[Optuna] trial=9 epoch=6 val_fr_phase_loss_10=0.540437 | median=0.218815 (n=4, p25=0.158937, p75=0.264766) | margin=+0.321622 (+146.98%)

======================================================================
   PHASE 2/6: masked_modeling
   Mask Prob: 0.15
   Mask Scope: time
   Mask Mode: constant
   Mask Value: 0.2
   Noise Sigma: None
   Noise Replace: False
   Epochs: 4
   Learning Rate: 2.2379708908112012e-05
   Clipping Norm: 0.7624219162793902
   Horizon (train loss): 15
   Output timesteps (val_loss and fr_loss): 50
======================================================================

Epoch 7/20
309/309 ━━━━━━━━━━━━━━━━━━━━ 89s 289ms/step - mae: 0.5322 - loss: 0.4497 - val_loss: 0.4498
Epoch 8/20
309/309 ━━━━━━━━━━━━━━━━━━━━ 93s 301ms/step - mae: 0.5171 - loss: 0.4196 - val_loss: 0.4244 - val_fr_phase_loss_15: 0.5624
[Optuna] trial=9 epoch=8 val_fr_phase_loss_15=0.562446 | median=0.232025 (n=4, p25=0.212193, p75=0.246512) | margin=+0.330421 (+142.41%)
Epoch 9/20
309/309 ━━━━━━━━━━━━━━━━━━━━ 89s 289ms/step - mae: 0.5034 - loss: 0.3938 - val_loss: 0.4020
Epoch 10/20
309/309 ━━━━━━━━━━━━━━━━━━━━ 93s 301ms/step - mae: 0.4905 - loss: 0.3707 - val_loss: 0.3814 - val_fr_phase_loss_15: 0.5336 - val_fr_target_loss_50: 1.0008 - val_fr_curve_loss_10: 0.4794 - val_fr_curve_loss_20: 0.6155 - val_fr_curve_loss_30: 0.7543
[Optuna] trial=9 epoch=10 val_fr_phase_loss_15=0.533584 | median=0.202012 (n=4, p25=0.192814, p75=0.211963) | margin=+0.331572 (+164.13%)

======================================================================
   PHASE 3/6: masked_modeling
   Mask Prob: 0.2
   Mask Scope: time
   Mask Mode: noise
   Mask Value: None
   Noise Sigma: 0.1
   Noise Replace: False
   Epochs: 4
   Learning Rate: 1.6784781681084008e-05
   Clipping Norm: 0.6777083700261246
   Horizon (train loss): 20
   Output timesteps (val_loss and fr_loss): 50
======================================================================

Epoch 11/20
309/309 ━━━━━━━━━━━━━━━━━━━━ 89s 288ms/step - mae: 0.4853 - loss: 0.3597 - val_loss: 0.3735
Epoch 12/20
309/309 ━━━━━━━━━━━━━━━━━━━━ 92s 299ms/step - mae: 0.4758 - loss: 0.3431 - val_loss: 0.3588 - val_fr_phase_loss_20: 0.5665
[Optuna] trial=9 epoch=12 val_fr_phase_loss_20=0.56654 | median=0.272893 (n=4, p25=0.250094, p75=0.285844) | margin=+0.293647 (+107.61%)
Epoch 13/20
309/309 ━━━━━━━━━━━━━━━━━━━━ 89s 287ms/step - mae: 0.4668 - loss: 0.3285 - val_loss: 0.3453
Epoch 14/20
309/309 ━━━━━━━━━━━━━━━━━━━━ 92s 299ms/step - mae: 0.4582 - loss: 0.3150 - val_loss: 0.3326 - val_fr_phase_loss_20: 0.5513 - val_fr_target_loss_50: 0.9405 - val_fr_curve_loss_10: 0.4328 - val_fr_curve_loss_20: 0.5587 - val_fr_curve_loss_30: 0.6972
[Optuna] trial=9 epoch=14 val_fr_phase_loss_20=0.551279 | median=0.321759 (n=4, p25=0.284344, p75=0.33854) | margin=+0.22952 (+71.33%)

======================================================================
   PHASE 4/6: scheduled_sampling
   Tf Ratio Start: 1.0
   Tf Ratio End: 0.4
   Per Feature: True
   Stop Grad Pred: True
   Ratio Mode: sigmoid
   Mid Point: 0.6
   Sharpness: 10.0
   Power Value: 2.0
   Epochs: 2
   Learning Rate: 1.958224529459801e-05
   Clipping Norm: 0.6777083700261246
   Horizon (train loss): 25
   Output timesteps (val_loss and fr_loss): 50
======================================================================

Epoch 15/20
309/309 ━━━━━━━━━━━━━━━━━━━━ 90s 292ms/step - mae: 0.4514 - loss: 0.3059 - val_loss: 0.3227
Epoch 16/20
309/309 ━━━━━━━━━━━━━━━━━━━━ 94s 304ms/step - mae: 0.4451 - loss: 0.3548 - val_loss: 0.3138 - val_fr_phase_loss_25: 0.5508 - val_fr_target_loss_50: 0.8047 - val_fr_curve_loss_10: 0.4024 - val_fr_curve_loss_20: 0.4992 - val_fr_curve_loss_30: 0.6098
[Optuna] trial=9 epoch=16 val_fr_phase_loss_25=0.550762 | median=0.463637 (n=4, p25=0.414373, p75=0.49814) | margin=+0.0871251 (+18.79%)

======================================================================
   PHASE 5/6: full_autoregressive
   Gradient Through Time: False
   Epochs: 2
   Learning Rate: 1.3987318067570007e-05
   Clipping Norm: 0.592994823772859
   Horizon (train loss): 35
   Output timesteps (val_loss and fr_loss): 50
======================================================================

Epoch 17/20
309/309 ━━━━━━━━━━━━━━━━━━━━ 86s 279ms/step - mae: 0.4695 - loss: 0.5591 - val_loss: 0.3500
Epoch 18/20
309/309 ━━━━━━━━━━━━━━━━━━━━ 90s 291ms/step - mae: 0.4689 - loss: 0.5376 - val_loss: 0.3491 - val_fr_phase_loss_35: 0.5644 - val_fr_target_loss_50: 0.6442 - val_fr_curve_loss_10: 0.3900 - val_fr_curve_loss_20: 0.4641 - val_fr_curve_loss_30: 0.5360
[Optuna] trial=9 epoch=18 val_fr_phase_loss_35=0.564353 | median=0.321017 (n=4, p25=0.294956, p75=0.340388) | margin=+0.243337 (+75.80%)

======================================================================
   PHASE 6/6: full_autoregressive
   Gradient Through Time: True
   Epochs: 2
   Learning Rate: 8.392390840542004e-06
   Clipping Norm: 0.5082812775195934
   Horizon (train loss): 45
   Output timesteps (val_loss and fr_loss): 50
======================================================================

Epoch 19/20
309/309 ━━━━━━━━━━━━━━━━━━━━ 86s 279ms/step - mae: 0.4791 - loss: 0.5717 - val_loss: 0.3648
Epoch 20/20
309/309 ━━━━━━━━━━━━━━━━━━━━ 90s 292ms/step - mae: 0.4784 - loss: 0.5579 - val_loss: 0.3637 - val_fr_phase_loss_45: 0.5865 - val_fr_target_loss_50: 0.6073 - val_fr_curve_loss_10: 0.3941 - val_fr_curve_loss_20: 0.4601 - val_fr_curve_loss_30: 0.5210
[Optuna] trial=9 epoch=20 val_fr_phase_loss_45=0.586466 | median=0.364383 (n=4, p25=0.333993, p75=0.384688) | margin=+0.222083 (+60.95%)
Final loss: 0.5579
Predicting all test samples in free_running mode...
  X shape: (2280, 200, 55)
  Y shape: (2280, 50, 55)
  Pred shape: (2280, 50, 55)

 step | target                | pred                  | abs_err
------|-----------------------|-----------------------|----------------------
   25 | [ 4.139746e-01  2.252291e+00  7.680922e-02 -1.082321e+00  1.330184e-01
 -2.749080e-01  6.398940e-01 -1.222357e+00  1.964076e+00  2.024013e-01
 -1.249584e+00  1.684962e-01  6.261574e-01  7.681609e-01 -1.833026e+00
  4.305243e-01 -6.649562e-01  3.213241e-02 -4.315943e-01 -9.406051e-01
 -3.335454e-01  8.885246e-01  1.287808e+00  7.899810e-01 -2.762157e-01
  1.005897e+00 -2.825402e-01 -5.396542e-01 -1.754732e-01  2.526159e-01
 -1.215466e+00 -7.651589e-01 -1.200358e-01  4.952903e-01 -4.308359e-01
 -7.325999e-01  1.170439e+00  1.235309e+00 -8.311886e-01 -7.979621e-01
 -9.821695e-01  2.076884e-01  3.238765e-01 -1.923588e-01 -4.145486e-01
 -3.828006e-01 -3.487313e-02  1.245124e-03  1.581712e-01  5.641804e-01
  2.155083e-01 -1.144052e-01 -1.354365e+00 -3.214316e-01 -1.550427e+00] | [ 0.520869  1.486186  0.029676 -0.665512 -0.174139  0.343445  0.173577
 -0.250896  1.555064  0.411954 -0.947283  0.775242  0.037821  0.402923
  0.369674 -0.929635  0.464027 -0.244527  0.402554 -0.720735 -0.296471
  0.139363 -0.100567 -0.237147  0.023954  0.939638 -0.169503 -0.156642
 -0.423178  0.717443 -0.715108  0.207305 -0.137696  0.614468 -1.048069
 -0.372414  0.294564  0.54312   0.085832 -0.052736  0.046526  0.15324
  0.973539  0.193152  0.878968 -0.479358 -0.468805  0.005074  0.770381
 -0.088556 -0.698242 -0.341599 -0.626636  0.147908 -1.064736] | [0.106894 0.766105 0.047134 0.416809 0.307157 0.618353 0.466317 0.971461
 0.409012 0.209553 0.3023   0.606746 0.588336 0.365238 2.202699 1.360159
 1.128983 0.27666  0.834148 0.21987  0.037075 0.749162 1.388375 1.027128
 0.30017  0.066259 0.113037 0.383012 0.247705 0.464827 0.500358 0.972463
 0.01766  0.119178 0.617233 0.360186 0.875875 0.692189 0.917021 0.745226
 1.028695 0.054448 0.649663 0.385511 1.293516 0.096558 0.433932 0.003829
 0.61221  0.652736 0.91375  0.227193 0.72773  0.46934  0.485691]
   26 | [ 0.433902  2.276946  0.062718 -1.073421  0.149295 -0.261739  0.66411
 -1.190588  1.970693  0.211786 -1.280325  0.091743  0.630177  0.811665
 -1.905444  0.590891 -0.648677  0.010101 -0.341095 -0.950394 -0.271225
  0.842781  1.340023  0.789891 -0.296955  0.983707 -0.332591 -0.535192
 -0.171397  0.217021 -1.236176 -0.75049  -0.169815  0.501318 -0.449502
 -0.772153  1.203705  1.218394 -0.873595 -0.731515 -1.003057  0.192291
  0.338178 -0.172599 -0.562203 -0.409968  0.071482 -0.035004  0.178969
  0.522649  0.281281 -0.172402 -1.38113  -0.280718 -1.561255] | [ 0.546868  1.501157  0.042649 -0.638788 -0.151789  0.356823  0.202603
 -0.225547  1.562766  0.431639 -0.970771  0.767893  0.00224   0.423577
  0.355599 -0.89814   0.482314 -0.263126  0.440722 -0.736644 -0.282112
  0.110568 -0.104036 -0.211311  0.02539   0.956733 -0.194325 -0.174322
 -0.416951  0.730768 -0.680385  0.236904 -0.16776   0.614407 -1.050503
 -0.372515  0.314534  0.55653   0.081951 -0.046608  0.020961  0.142357
  0.982716  0.176407  0.842092 -0.495698 -0.443422 -0.023251  0.779323
 -0.09732  -0.677593 -0.381963 -0.647556  0.151279 -1.080694] | [1.129660e-01 7.757890e-01 2.006888e-02 4.346329e-01 3.010833e-01
 6.185619e-01 4.615074e-01 9.650411e-01 4.079273e-01 2.198529e-01
 3.095543e-01 6.761498e-01 6.279367e-01 3.880880e-01 2.261043e+00
 1.489031e+00 1.130991e+00 2.732270e-01 7.818171e-01 2.137508e-01
 1.088744e-02 7.322124e-01 1.444059e+00 1.001202e+00 3.223451e-01
 2.697361e-02 1.382657e-01 3.608705e-01 2.455542e-01 5.137463e-01
 5.557917e-01 9.873943e-01 2.055392e-03 1.130888e-01 6.010009e-01
 3.996383e-01 8.891706e-01 6.618640e-01 9.555461e-01 6.849066e-01
 1.024017e+00 4.993361e-02 6.445380e-01 3.490058e-01 1.404295e+00
 8.573014e-02 5.149040e-01 1.175283e-02 6.003543e-01 6.199692e-01
 9.588736e-01 2.095617e-01 7.335740e-01 4.319972e-01 4.805607e-01]
   27 | [ 0.45137   2.29779   0.046898 -1.065959  0.163722 -0.251176  0.686906
 -1.158318  1.973541  0.218812 -1.306769  0.020961  0.635355  0.846673
 -1.973424  0.752938 -0.63128  -0.009811 -0.250043 -0.95588  -0.208485
  0.794828  1.389242  0.786713 -0.314912  0.961981 -0.384025 -0.528408
 -0.166389  0.176889 -1.255981 -0.733755 -0.216556  0.503603 -0.465744
 -0.812322  1.237801  1.200935 -0.913572 -0.661274 -1.020813  0.176508
  0.350492 -0.15451  -0.707661 -0.434216  0.179125 -0.073381  0.197581
  0.481679  0.341621 -0.226467 -1.405437 -0.237464 -1.567991] | [ 5.666306e-01  1.517627e+00  5.801232e-02 -6.120279e-01 -1.300103e-01
  3.683617e-01  2.275936e-01 -2.065953e-01  1.572586e+00  4.454926e-01
 -9.861475e-01  7.571120e-01 -3.086114e-02  4.419971e-01  3.452554e-01
 -8.692588e-01  4.982458e-01 -2.800675e-01  4.757015e-01 -7.487282e-01
 -2.728614e-01  8.118092e-02 -1.071540e-01 -1.862428e-01  2.741446e-02
  9.705239e-01 -2.226158e-01 -1.906211e-01 -4.052739e-01  7.443777e-01
 -6.464373e-01  2.614302e-01 -1.892692e-01  6.151658e-01 -1.056074e+00
 -3.746055e-01  3.298247e-01  5.661595e-01  8.228633e-02 -3.813225e-02
 -1.065291e-03  1.335386e-01  9.858012e-01  1.641749e-01  8.005712e-01
 -5.085929e-01 -4.147190e-01 -5.119700e-02  7.853659e-01 -9.926993e-02
 -6.517458e-01 -4.135099e-01 -6.687148e-01  1.580542e-01 -1.092332e+00] | [0.115261 0.780163 0.011114 0.453931 0.293733 0.619538 0.459312 0.951722
 0.400955 0.226681 0.320622 0.736151 0.666216 0.404675 2.31868  1.622197
 1.129526 0.270256 0.725745 0.207151 0.064376 0.713647 1.496396 0.972956
 0.342327 0.008543 0.161409 0.337787 0.238885 0.567488 0.609544 0.995185
 0.027287 0.111563 0.59033  0.437717 0.907976 0.634775 0.995858 0.623142
 1.019748 0.04297  0.635309 0.318685 1.508232 0.074377 0.593844 0.022184
 0.587785 0.580949 0.993367 0.187043 0.736722 0.395518 0.475659]
   28 | [ 0.466327  2.314783  0.029422 -1.059933  0.176249 -0.243234  0.708319
 -1.125542  1.97265   0.223477 -1.328843 -0.043589  0.641445  0.873025
 -2.036825  0.915869 -0.612772 -0.027353 -0.158771 -0.957077 -0.145636
  0.744967  1.435167  0.780424 -0.32991   0.940997 -0.436465 -0.519352
 -0.160183  0.132539 -1.274543 -0.714768 -0.260126  0.501926 -0.479514
 -0.852827  1.272629  1.183048 -0.950983 -0.587688 -1.035382  0.160153
  0.360566 -0.138091 -0.850494 -0.455552  0.287429 -0.113708  0.214089
  0.44125   0.396277 -0.27644  -1.427296 -0.191884 -1.570648] | [ 0.582972  1.529195  0.072795 -0.588365 -0.10916   0.37913   0.249886
 -0.187833  1.578723  0.460489 -0.998772  0.751194 -0.061998  0.458765
  0.336079 -0.837943  0.513116 -0.295431  0.506247 -0.76122  -0.26359
  0.050783 -0.107671 -0.157778  0.031297  0.983236 -0.247723 -0.208729
 -0.393539  0.750945 -0.612995  0.283427 -0.208426  0.612562 -1.057644
 -0.377289  0.344206  0.578736  0.084375 -0.028142 -0.021452  0.128843
  0.984229  0.150992  0.758968 -0.518574 -0.382272 -0.079685  0.790012
 -0.100816 -0.631036 -0.445274 -0.687996  0.168341 -1.103   ] | [0.116644 0.785588 0.043373 0.471568 0.285409 0.622364 0.458433 0.937708
 0.393927 0.237012 0.330071 0.794783 0.703443 0.414261 2.372903 1.753813
 1.125889 0.268079 0.665018 0.195858 0.117954 0.694183 1.542838 0.938202
 0.361207 0.042238 0.188742 0.310623 0.233356 0.618406 0.661548 0.998195
 0.0517   0.110636 0.578131 0.475538 0.928423 0.604312 1.035357 0.559546
 1.01393  0.03131  0.623663 0.289083 1.609462 0.063022 0.669701 0.034023
 0.575923 0.542065 1.027313 0.168833 0.7393   0.360225 0.467648]
   29 | [ 0.478732  2.32789   0.010362 -1.055353  0.186818 -0.237931  0.728378
 -1.09227   1.968046  0.225786 -1.346491 -0.1017    0.648197  0.890628
 -2.095523  1.078877 -0.593175 -0.042284 -0.067607 -0.95402  -0.082985
  0.693516  1.47754   0.771024 -0.341791  0.921028 -0.489508 -0.508082
 -0.152506  0.084329 -1.291529 -0.693373 -0.30041   0.496102 -0.49077
 -0.893374  1.308082  1.164834 -0.985713 -0.511238 -1.046716  0.143051
  0.368166 -0.123325 -0.990295 -0.473989  0.395794 -0.155784  0.228586
  0.401343  0.445038 -0.322183 -1.446722 -0.144214 -1.56925 ] | [ 0.596676  1.535557  0.08709  -0.566294 -0.088713  0.388027  0.270039
 -0.169811  1.581469  0.475543 -1.00884   0.749109 -0.093031  0.475663
  0.325917 -0.806567  0.523475 -0.306893  0.532374 -0.771256 -0.254559
  0.018676 -0.106985 -0.129343  0.035758  0.995368 -0.270282 -0.228369
 -0.380301  0.752617 -0.57895   0.304453 -0.222755  0.608464 -1.057136
 -0.377881  0.35837   0.59116   0.085261 -0.015469 -0.040511  0.127174
  0.978313  0.138624  0.716453 -0.52645  -0.347342 -0.107151  0.791303
 -0.101095 -0.61351  -0.477731 -0.703965  0.181175 -1.111621] | [0.117944 0.792334 0.076728 0.489059 0.275531 0.625958 0.458339 0.922459
 0.386577 0.249757 0.337651 0.85081  0.741228 0.414966 2.421439 1.885445
 1.11665  0.264609 0.59998  0.182764 0.171574 0.67484  1.584525 0.900367
 0.377549 0.07434  0.219226 0.279712 0.227796 0.668288 0.71258  0.997825
 0.077655 0.112362 0.566367 0.515492 0.949712 0.573674 1.070974 0.495769
 1.006205 0.015877 0.610147 0.261949 1.706748 0.05246  0.743136 0.048632
 0.562718 0.502438 1.058548 0.155549 0.742757 0.325389 0.457629]
model built: True
num weights: 38
{'mae': [0.7237292528152466, 0.6710188388824463, 0.6353564858436584, 0.6017657518386841, 0.5694294571876526, 0.5432203412055969, 0.5322277545928955, 0.5171485543251038, 0.5034425854682922, 0.49050578474998474, 0.48534420132637024, 0.47577208280563354, 0.46682390570640564, 0.4582115113735199, 0.45143482089042664, 0.44505587220191956, 0.4695166349411011, 0.46889519691467285, 0.479127436876297, 0.47843319177627563], 'loss': [0.8864715695381165, 0.7781002521514893, 0.6845157146453857, 0.6109832525253296, 0.5399029850959778, 0.48049700260162354, 0.4497191905975342, 0.4195892810821533, 0.3937740623950958, 0.3706744611263275, 0.35969772934913635, 0.3430941700935364, 0.3285209834575653, 0.3149530291557312, 0.30594363808631897, 0.35477539896965027, 0.5591122508049011, 0.5375851988792419, 0.5717338919639587, 0.5578699707984924], 'val_loss': [0.8246168494224548, 0.7174726128578186, 0.6441885232925415, 0.5772762894630432, 0.5161439776420593, 0.4689772427082062, 0.4497545063495636, 0.4243985116481781, 0.4019882082939148, 0.38142499327659607, 0.3735034465789795, 0.3588086664676666, 0.34533238410949707, 0.3326014578342438, 0.322712779045105, 0.31375089287757874, 0.3499559164047241, 0.34912410378456116, 0.364776611328125, 0.3636905550956726], 'val_fr_phase_loss_10': [nan, 0.7501805424690247, nan, 0.6313888430595398, nan, 0.540436863899231], 'val_fr_target_loss_50': [nan, nan, nan, nan, nan, 0.9589533805847168, nan, nan, nan, 1.0008147954940796, nan, nan, nan, 0.9405251741409302, nan, 0.8046796917915344, nan, 0.6442257165908813, nan, 0.6072866916656494], 'val_fr_curve_loss_10': [nan, nan, nan, nan, nan, 0.5520991086959839, nan, nan, nan, 0.479361355304718, nan, nan, nan, 0.4327709376811981, nan, 0.40236538648605347, nan, 0.3900320827960968, nan, 0.39414119720458984], 'val_fr_curve_loss_20': [nan, nan, nan, nan, nan, 0.6619203090667725, nan, nan, nan, 0.6155323386192322, nan, nan, nan, 0.5587498545646667, nan, 0.49915027618408203, nan, 0.46405351161956787, nan, 0.46012383699417114], 'val_fr_curve_loss_30': [nan, nan, nan, nan, nan, 0.770771324634552, nan, nan, nan, 0.754332959651947, nan, nan, nan, 0.6972232460975647, nan, 0.6098076105117798, nan, 0.5359682440757751, nan, 0.5209779143333435], 'val_fr_phase_loss_15': [nan, 0.5624457001686096, nan, 0.5335841178894043], 'val_fr_phase_loss_20': [nan, 0.5665401220321655, nan, 0.5512793064117432], 'val_fr_phase_loss_25': [nan, 0.5507618188858032], 'val_fr_phase_loss_35': [nan, 0.564353346824646], 'val_fr_phase_loss_45': [nan, 0.5864659547805786]}
Saved artifacts to: runs/tuning/step_wise_lstm_lvl1/trial_0009
